Command line invocation:
    /Applications/Xcode.app/Contents/Developer/usr/bin/xcodebuild -project /Users/chaalpritam/Blockbase/type/type.xcodeproj -scheme type build -destination platform=macOS

User defaults from command line:
    IDEPackageSupportUseBuiltinSCM = YES

Prepare packages

ComputeTargetDependencyGraph
note: Building targets in dependency order
note: Target dependency graph (1 target)
    Target 'type' in project 'type' (no dependencies)

GatherProvisioningInputs

CreateBuildDescription

ExecuteExternalTool /Applications/Xcode.app/Contents/Developer/Toolchains/XcodeDefault.xctoolchain/usr/bin/clang -v -E -dM -isysroot /Applications/Xcode.app/Contents/Developer/Platforms/MacOSX.platform/Developer/SDKs/MacOSX15.1.sdk -x c -c /dev/null

ExecuteExternalTool /Applications/Xcode.app/Contents/Developer/usr/bin/actool --version --output-format xml1

ExecuteExternalTool /Applications/Xcode.app/Contents/Developer/Toolchains/XcodeDefault.xctoolchain/usr/bin/swiftc --version

ExecuteExternalTool /Applications/Xcode.app/Contents/Developer/Toolchains/XcodeDefault.xctoolchain/usr/bin/ld -version_details

Build description signature: 0d06cefec07d884d221314d299f0a560
Build description path: /Users/chaalpritam/Library/Developer/Xcode/DerivedData/type-aackdwwuwxayolgleuusgbwkkpsp/Build/Intermediates.noindex/XCBuildData/0d06cefec07d884d221314d299f0a560.xcbuilddata
ClangStatCache /Applications/Xcode.app/Contents/Developer/Toolchains/XcodeDefault.xctoolchain/usr/bin/clang-stat-cache /Applications/Xcode.app/Contents/Developer/Platforms/MacOSX.platform/Developer/SDKs/MacOSX15.1.sdk /Users/chaalpritam/Library/Developer/Xcode/DerivedData/SDKStatCaches.noindex/macosx15.1-24B75-26c8390a7c93c703a57fb2538426748e.sdkstatcache
    cd /Users/chaalpritam/Blockbase/type/type.xcodeproj
    /Applications/Xcode.app/Contents/Developer/Toolchains/XcodeDefault.xctoolchain/usr/bin/clang-stat-cache /Applications/Xcode.app/Contents/Developer/Platforms/MacOSX.platform/Developer/SDKs/MacOSX15.1.sdk -o /Users/chaalpritam/Library/Developer/Xcode/DerivedData/SDKStatCaches.noindex/macosx15.1-24B75-26c8390a7c93c703a57fb2538426748e.sdkstatcache

ProcessProductPackaging /Users/chaalpritam/Blockbase/type/type/type.entitlements /Users/chaalpritam/Library/Developer/Xcode/DerivedData/type-aackdwwuwxayolgleuusgbwkkpsp/Build/Intermediates.noindex/type.build/Debug/type.build/type.app.xcent (in target 'type' from project 'type')
    cd /Users/chaalpritam/Blockbase/type
    
    Entitlements:
    
    {
    "com.apple.security.app-sandbox" = 1;
    "com.apple.security.files.user-selected.read-only" = 1;
    "com.apple.security.get-task-allow" = 1;
}
    
    builtin-productPackagingUtility /Users/chaalpritam/Blockbase/type/type/type.entitlements -entitlements -format xml -o /Users/chaalpritam/Library/Developer/Xcode/DerivedData/type-aackdwwuwxayolgleuusgbwkkpsp/Build/Intermediates.noindex/type.build/Debug/type.build/type.app.xcent

ProcessProductPackagingDER /Users/chaalpritam/Library/Developer/Xcode/DerivedData/type-aackdwwuwxayolgleuusgbwkkpsp/Build/Intermediates.noindex/type.build/Debug/type.build/type.app.xcent /Users/chaalpritam/Library/Developer/Xcode/DerivedData/type-aackdwwuwxayolgleuusgbwkkpsp/Build/Intermediates.noindex/type.build/Debug/type.build/type.app.xcent.der (in target 'type' from project 'type')
    cd /Users/chaalpritam/Blockbase/type
    /usr/bin/derq query -f xml -i /Users/chaalpritam/Library/Developer/Xcode/DerivedData/type-aackdwwuwxayolgleuusgbwkkpsp/Build/Intermediates.noindex/type.build/Debug/type.build/type.app.xcent -o /Users/chaalpritam/Library/Developer/Xcode/DerivedData/type-aackdwwuwxayolgleuusgbwkkpsp/Build/Intermediates.noindex/type.build/Debug/type.build/type.app.xcent.der --raw

ProcessInfoPlistFile /Users/chaalpritam/Library/Developer/Xcode/DerivedData/type-aackdwwuwxayolgleuusgbwkkpsp/Build/Products/Debug/type.app/Contents/Info.plist /Users/chaalpritam/Library/Developer/Xcode/DerivedData/type-aackdwwuwxayolgleuusgbwkkpsp/Build/Intermediates.noindex/type.build/Debug/type.build/empty-type.plist (in target 'type' from project 'type')
    cd /Users/chaalpritam/Blockbase/type
    builtin-infoPlistUtility /Users/chaalpritam/Library/Developer/Xcode/DerivedData/type-aackdwwuwxayolgleuusgbwkkpsp/Build/Intermediates.noindex/type.build/Debug/type.build/empty-type.plist -producttype com.apple.product-type.application -genpkginfo /Users/chaalpritam/Library/Developer/Xcode/DerivedData/type-aackdwwuwxayolgleuusgbwkkpsp/Build/Products/Debug/type.app/Contents/PkgInfo -expandbuildsettings -platform macosx -additionalcontentfile /Users/chaalpritam/Library/Developer/Xcode/DerivedData/type-aackdwwuwxayolgleuusgbwkkpsp/Build/Intermediates.noindex/type.build/Debug/type.build/assetcatalog_generated_info.plist -o /Users/chaalpritam/Library/Developer/Xcode/DerivedData/type-aackdwwuwxayolgleuusgbwkkpsp/Build/Products/Debug/type.app/Contents/Info.plist

SwiftDriver type normal x86_64 com.apple.xcode.tools.swift.compiler (in target 'type' from project 'type')
    cd /Users/chaalpritam/Blockbase/type
    builtin-SwiftDriver -- /Applications/Xcode.app/Contents/Developer/Toolchains/XcodeDefault.xctoolchain/usr/bin/swiftc -module-name type -Onone -enforce-exclusivity\=checked @/Users/chaalpritam/Library/Developer/Xcode/DerivedData/type-aackdwwuwxayolgleuusgbwkkpsp/Build/Intermediates.noindex/type.build/Debug/type.build/Objects-normal/x86_64/type.SwiftFileList -DDEBUG -enable-bare-slash-regex -enable-experimental-feature DebugDescriptionMacro -sdk /Applications/Xcode.app/Contents/Developer/Platforms/MacOSX.platform/Developer/SDKs/MacOSX15.1.sdk -target x86_64-apple-macos15.0 -g -module-cache-path /Users/chaalpritam/Library/Developer/Xcode/DerivedData/ModuleCache.noindex -Xfrontend -serialize-debugging-options -profile-coverage-mapping -profile-generate -enable-testing -index-store-path /Users/chaalpritam/Library/Developer/Xcode/DerivedData/type-aackdwwuwxayolgleuusgbwkkpsp/Index.noindex/DataStore -enable-experimental-feature OpaqueTypeErasure -Xcc -D_LIBCPP_HARDENING_MODE\=_LIBCPP_HARDENING_MODE_DEBUG -swift-version 5 -I /Users/chaalpritam/Library/Developer/Xcode/DerivedData/type-aackdwwuwxayolgleuusgbwkkpsp/Build/Products/Debug -F /Users/chaalpritam/Library/Developer/Xcode/DerivedData/type-aackdwwuwxayolgleuusgbwkkpsp/Build/Products/Debug -emit-localized-strings -emit-localized-strings-path /Users/chaalpritam/Library/Developer/Xcode/DerivedData/type-aackdwwuwxayolgleuusgbwkkpsp/Build/Intermediates.noindex/type.build/Debug/type.build/Objects-normal/x86_64 -c -j10 -enable-batch-mode -incremental -Xcc -ivfsstatcache -Xcc /Users/chaalpritam/Library/Developer/Xcode/DerivedData/SDKStatCaches.noindex/macosx15.1-24B75-26c8390a7c93c703a57fb2538426748e.sdkstatcache -output-file-map /Users/chaalpritam/Library/Developer/Xcode/DerivedData/type-aackdwwuwxayolgleuusgbwkkpsp/Build/Intermediates.noindex/type.build/Debug/type.build/Objects-normal/x86_64/type-OutputFileMap.json -use-frontend-parseable-output -save-temps -no-color-diagnostics -serialize-diagnostics -emit-dependencies -emit-module -emit-module-path /Users/chaalpritam/Library/Developer/Xcode/DerivedData/type-aackdwwuwxayolgleuusgbwkkpsp/Build/Intermediates.noindex/type.build/Debug/type.build/Objects-normal/x86_64/type.swiftmodule -validate-clang-modules-once -clang-build-session-file /Users/chaalpritam/Library/Developer/Xcode/DerivedData/ModuleCache.noindex/Session.modulevalidation -Xcc -I/Users/chaalpritam/Library/Developer/Xcode/DerivedData/type-aackdwwuwxayolgleuusgbwkkpsp/Build/Intermediates.noindex/type.build/Debug/type.build/swift-overrides.hmap -emit-const-values -Xfrontend -const-gather-protocols-file -Xfrontend /Users/chaalpritam/Library/Developer/Xcode/DerivedData/type-aackdwwuwxayolgleuusgbwkkpsp/Build/Intermediates.noindex/type.build/Debug/type.build/Objects-normal/x86_64/type_const_extract_protocols.json -Xcc -iquote -Xcc /Users/chaalpritam/Library/Developer/Xcode/DerivedData/type-aackdwwuwxayolgleuusgbwkkpsp/Build/Intermediates.noindex/type.build/Debug/type.build/type-generated-files.hmap -Xcc -I/Users/chaalpritam/Library/Developer/Xcode/DerivedData/type-aackdwwuwxayolgleuusgbwkkpsp/Build/Intermediates.noindex/type.build/Debug/type.build/type-own-target-headers.hmap -Xcc -I/Users/chaalpritam/Library/Developer/Xcode/DerivedData/type-aackdwwuwxayolgleuusgbwkkpsp/Build/Intermediates.noindex/type.build/Debug/type.build/type-all-target-headers.hmap -Xcc -iquote -Xcc /Users/chaalpritam/Library/Developer/Xcode/DerivedData/type-aackdwwuwxayolgleuusgbwkkpsp/Build/Intermediates.noindex/type.build/Debug/type.build/type-project-headers.hmap -Xcc -I/Users/chaalpritam/Library/Developer/Xcode/DerivedData/type-aackdwwuwxayolgleuusgbwkkpsp/Build/Products/Debug/include -Xcc -I/Users/chaalpritam/Library/Developer/Xcode/DerivedData/type-aackdwwuwxayolgleuusgbwkkpsp/Build/Intermediates.noindex/type.build/Debug/type.build/DerivedSources-normal/x86_64 -Xcc -I/Users/chaalpritam/Library/Developer/Xcode/DerivedData/type-aackdwwuwxayolgleuusgbwkkpsp/Build/Intermediates.noindex/type.build/Debug/type.build/DerivedSources/x86_64 -Xcc -I/Users/chaalpritam/Library/Developer/Xcode/DerivedData/type-aackdwwuwxayolgleuusgbwkkpsp/Build/Intermediates.noindex/type.build/Debug/type.build/DerivedSources -Xcc -DDEBUG\=1 -emit-objc-header -emit-objc-header-path /Users/chaalpritam/Library/Developer/Xcode/DerivedData/type-aackdwwuwxayolgleuusgbwkkpsp/Build/Intermediates.noindex/type.build/Debug/type.build/Objects-normal/x86_64/type-Swift.h -working-directory /Users/chaalpritam/Blockbase/type -experimental-emit-module-separately -disable-cmo

SwiftEmitModule normal x86_64 Emitting\ module\ for\ type (in target 'type' from project 'type')
    cd /Users/chaalpritam/Blockbase/type
    builtin-swiftTaskExecution -- /Applications/Xcode.app/Contents/Developer/Toolchains/XcodeDefault.xctoolchain/usr/bin/swift-frontend -frontend -emit-module -experimental-skip-non-inlinable-function-bodies-without-types /Users/chaalpritam/Blockbase/type/type/Core/AppCoordinator.swift /Users/chaalpritam/Blockbase/type/type/Core/ModuleCoordinator.swift /Users/chaalpritam/Blockbase/type/type/Data/CharacterModels.swift /Users/chaalpritam/Blockbase/type/type/Data/OutlineModels.swift /Users/chaalpritam/Blockbase/type/type/Data/SceneModels.swift /Users/chaalpritam/Blockbase/type/type/Data/ScreenplayDocument.swift /Users/chaalpritam/Blockbase/type/type/Data/TimelineModels.swift /Users/chaalpritam/Blockbase/type/type/Features/Characters/CharacterCoordinator.swift /Users/chaalpritam/Blockbase/type/type/Features/Characters/CharacterDatabase.swift /Users/chaalpritam/Blockbase/type/type/Features/Characters/CharacterDetailViews.swift /Users/chaalpritam/Blockbase/type/type/Features/Characters/CharacterDetailViews2.swift /Users/chaalpritam/Blockbase/type/type/Features/Characters/CharacterEditViews.swift /Users/chaalpritam/Blockbase/type/type/Features/Characters/CharacterViews.swift /Users/chaalpritam/Blockbase/type/type/Features/Collaboration/CollaborationCoordinator.swift /Users/chaalpritam/Blockbase/type/type/Features/Collaboration/CollaborationManager.swift /Users/chaalpritam/Blockbase/type/type/Features/Collaboration/CollaborationViews.swift /Users/chaalpritam/Blockbase/type/type/Features/Editor/AdvancedEditorFeatures.swift /Users/chaalpritam/Blockbase/type/type/Features/Editor/AutoCompletionManager.swift /Users/chaalpritam/Blockbase/type/type/Features/Editor/CodeFoldingManager.swift /Users/chaalpritam/Blockbase/type/type/Features/Editor/EditorCoordinator.swift /Users/chaalpritam/Blockbase/type/type/Features/Editor/EnhancedFountainTextEditor.swift /Users/chaalpritam/Blockbase/type/type/Features/Editor/FindReplaceView.swift /Users/chaalpritam/Blockbase/type/type/Features/Editor/FountainHelpView.swift /Users/chaalpritam/Blockbase/type/type/Features/Editor/FountainParser.swift /Users/chaalpritam/Blockbase/type/type/Features/Editor/FountainSyntaxHighlighter.swift /Users/chaalpritam/Blockbase/type/type/Features/Editor/FountainTemplate.swift /Users/chaalpritam/Blockbase/type/type/Features/Editor/FountainTextEditor.swift /Users/chaalpritam/Blockbase/type/type/Features/Editor/MinimapView.swift /Users/chaalpritam/Blockbase/type/type/Features/Editor/MultipleCursorsTextEditor.swift /Users/chaalpritam/Blockbase/type/type/Features/Editor/ScreenplayPreview.swift /Users/chaalpritam/Blockbase/type/type/Features/Editor/SmartFormattingManager.swift /Users/chaalpritam/Blockbase/type/type/Features/Editor/SpellCheckTextEditor.swift /Users/chaalpritam/Blockbase/type/type/Features/Editor/TextHistoryManager.swift /Users/chaalpritam/Blockbase/type/type/Features/File/FileCoordinator.swift /Users/chaalpritam/Blockbase/type/type/Features/Outline/OutlineCoordinator.swift /Users/chaalpritam/Blockbase/type/type/Features/Outline/OutlineDatabase.swift /Users/chaalpritam/Blockbase/type/type/Features/Outline/OutlineDetailViews.swift /Users/chaalpritam/Blockbase/type/type/Features/Outline/OutlineViews.swift /Users/chaalpritam/Blockbase/type/type/Features/Scenes/SceneDatabase.swift /Users/chaalpritam/Blockbase/type/type/Features/Scenes/SceneDetailViews.swift /Users/chaalpritam/Blockbase/type/type/Features/Scenes/SceneViews.swift /Users/chaalpritam/Blockbase/type/type/Features/StoryProtocol/StoryProtocolCoordinator.swift /Users/chaalpritam/Blockbase/type/type/Features/StoryProtocol/StoryProtocolViews.swift /Users/chaalpritam/Blockbase/type/type/Features/Timeline/TimelineDatabase.swift /Users/chaalpritam/Blockbase/type/type/Features/Timeline/TimelineViews.swift /Users/chaalpritam/Blockbase/type/type/Features/Welcome/WelcomeView.swift /Users/chaalpritam/Blockbase/type/type/Services/DocumentService.swift /Users/chaalpritam/Blockbase/type/type/Services/FileManagementService.swift /Users/chaalpritam/Blockbase/type/type/Services/FileManager.swift /Users/chaalpritam/Blockbase/type/type/Services/SettingsService.swift /Users/chaalpritam/Blockbase/type/type/Services/StatisticsService.swift /Users/chaalpritam/Blockbase/type/type/Services/StoryProtocolService.swift /Users/chaalpritam/Blockbase/type/type/Shared/ModalLayout.swift /Users/chaalpritam/Blockbase/type/type/UI/EnhancedAppleComponents.swift /Users/chaalpritam/Blockbase/type/type/UI/ModularAppView.swift /Users/chaalpritam/Blockbase/type/type/UI/TemplateSelectorView.swift /Users/chaalpritam/Blockbase/type/type/UI/TypeStyleAppView.swift /Users/chaalpritam/Blockbase/type/type/UI/TypeStyleComponents.swift /Users/chaalpritam/Blockbase/type/type/UI/TypeStyleTheme.swift /Users/chaalpritam/Blockbase/type/type/Utils/KeyboardShortcutsManager.swift /Users/chaalpritam/Blockbase/type/type/SceneEditViews.swift /Users/chaalpritam/Blockbase/type/type/typeApp.swift /Users/chaalpritam/Library/Developer/Xcode/DerivedData/type-aackdwwuwxayolgleuusgbwkkpsp/Build/Intermediates.noindex/type.build/Debug/type.build/DerivedSources/GeneratedAssetSymbols.swift -target x86_64-apple-macos15.0 -enable-objc-interop -stack-check -sdk /Applications/Xcode.app/Contents/Developer/Platforms/MacOSX.platform/Developer/SDKs/MacOSX15.1.sdk -I /Users/chaalpritam/Library/Developer/Xcode/DerivedData/type-aackdwwuwxayolgleuusgbwkkpsp/Build/Products/Debug -F /Users/chaalpritam/Library/Developer/Xcode/DerivedData/type-aackdwwuwxayolgleuusgbwkkpsp/Build/Products/Debug -no-color-diagnostics -enable-testing -g -debug-info-format\=dwarf -dwarf-version\=5 -module-cache-path /Users/chaalpritam/Library/Developer/Xcode/DerivedData/ModuleCache.noindex -profile-generate -profile-coverage-mapping -swift-version 5 -enforce-exclusivity\=checked -Onone -D DEBUG -serialize-debugging-options -const-gather-protocols-file /Users/chaalpritam/Library/Developer/Xcode/DerivedData/type-aackdwwuwxayolgleuusgbwkkpsp/Build/Intermediates.noindex/type.build/Debug/type.build/Objects-normal/x86_64/type_const_extract_protocols.json -enable-experimental-feature DebugDescriptionMacro -enable-experimental-feature OpaqueTypeErasure -enable-bare-slash-regex -empty-abi-descriptor -validate-clang-modules-once -clang-build-session-file /Users/chaalpritam/Library/Developer/Xcode/DerivedData/ModuleCache.noindex/Session.modulevalidation -Xcc -working-directory -Xcc /Users/chaalpritam/Blockbase/type -resource-dir /Applications/Xcode.app/Contents/Developer/Toolchains/XcodeDefault.xctoolchain/usr/lib/swift -enable-anonymous-context-mangled-names -file-compilation-dir /Users/chaalpritam/Blockbase/type -Xcc -D_LIBCPP_HARDENING_MODE\=_LIBCPP_HARDENING_MODE_DEBUG -Xcc -ivfsstatcache -Xcc /Users/chaalpritam/Library/Developer/Xcode/DerivedData/SDKStatCaches.noindex/macosx15.1-24B75-26c8390a7c93c703a57fb2538426748e.sdkstatcache -Xcc -I/Users/chaalpritam/Library/Developer/Xcode/DerivedData/type-aackdwwuwxayolgleuusgbwkkpsp/Build/Intermediates.noindex/type.build/Debug/type.build/swift-overrides.hmap -Xcc -iquote -Xcc /Users/chaalpritam/Library/Developer/Xcode/DerivedData/type-aackdwwuwxayolgleuusgbwkkpsp/Build/Intermediates.noindex/type.build/Debug/type.build/type-generated-files.hmap -Xcc -I/Users/chaalpritam/Library/Developer/Xcode/DerivedData/type-aackdwwuwxayolgleuusgbwkkpsp/Build/Intermediates.noindex/type.build/Debug/type.build/type-own-target-headers.hmap -Xcc -I/Users/chaalpritam/Library/Developer/Xcode/DerivedData/type-aackdwwuwxayolgleuusgbwkkpsp/Build/Intermediates.noindex/type.build/Debug/type.build/type-all-target-headers.hmap -Xcc -iquote -Xcc /Users/chaalpritam/Library/Developer/Xcode/DerivedData/type-aackdwwuwxayolgleuusgbwkkpsp/Build/Intermediates.noindex/type.build/Debug/type.build/type-project-headers.hmap -Xcc -I/Users/chaalpritam/Library/Developer/Xcode/DerivedData/type-aackdwwuwxayolgleuusgbwkkpsp/Build/Products/Debug/include -Xcc -I/Users/chaalpritam/Library/Developer/Xcode/DerivedData/type-aackdwwuwxayolgleuusgbwkkpsp/Build/Intermediates.noindex/type.build/Debug/type.build/DerivedSources-normal/x86_64 -Xcc -I/Users/chaalpritam/Library/Developer/Xcode/DerivedData/type-aackdwwuwxayolgleuusgbwkkpsp/Build/Intermediates.noindex/type.build/Debug/type.build/DerivedSources/x86_64 -Xcc -I/Users/chaalpritam/Library/Developer/Xcode/DerivedData/type-aackdwwuwxayolgleuusgbwkkpsp/Build/Intermediates.noindex/type.build/Debug/type.build/DerivedSources -Xcc -DDEBUG\=1 -module-name type -frontend-parseable-output -disable-clang-spi -target-sdk-version 15.1 -target-sdk-name macosx15.1 -external-plugin-path /Applications/Xcode.app/Contents/Developer/Platforms/MacOSX.platform/Developer/usr/lib/swift/host/plugins\#/Applications/Xcode.app/Contents/Developer/Platforms/MacOSX.platform/Developer/usr/bin/swift-plugin-server -external-plugin-path /Applications/Xcode.app/Contents/Developer/Platforms/MacOSX.platform/Developer/usr/local/lib/swift/host/plugins\#/Applications/Xcode.app/Contents/Developer/Platforms/MacOSX.platform/Developer/usr/bin/swift-plugin-server -plugin-path /Applications/Xcode.app/Contents/Developer/Toolchains/XcodeDefault.xctoolchain/usr/lib/swift/host/plugins -plugin-path /Applications/Xcode.app/Contents/Developer/Toolchains/XcodeDefault.xctoolchain/usr/local/lib/swift/host/plugins -emit-module-doc-path /Users/chaalpritam/Library/Developer/Xcode/DerivedData/type-aackdwwuwxayolgleuusgbwkkpsp/Build/Intermediates.noindex/type.build/Debug/type.build/Objects-normal/x86_64/type.swiftdoc -emit-module-source-info-path /Users/chaalpritam/Library/Developer/Xcode/DerivedData/type-aackdwwuwxayolgleuusgbwkkpsp/Build/Intermediates.noindex/type.build/Debug/type.build/Objects-normal/x86_64/type.swiftsourceinfo -emit-objc-header-path /Users/chaalpritam/Library/Developer/Xcode/DerivedData/type-aackdwwuwxayolgleuusgbwkkpsp/Build/Intermediates.noindex/type.build/Debug/type.build/Objects-normal/x86_64/type-Swift.h -serialize-diagnostics-path /Users/chaalpritam/Library/Developer/Xcode/DerivedData/type-aackdwwuwxayolgleuusgbwkkpsp/Build/Intermediates.noindex/type.build/Debug/type.build/Objects-normal/x86_64/type-master-emit-module.dia -emit-dependencies-path /Users/chaalpritam/Library/Developer/Xcode/DerivedData/type-aackdwwuwxayolgleuusgbwkkpsp/Build/Intermediates.noindex/type.build/Debug/type.build/Objects-normal/x86_64/type-master-emit-module.d -o /Users/chaalpritam/Library/Developer/Xcode/DerivedData/type-aackdwwuwxayolgleuusgbwkkpsp/Build/Intermediates.noindex/type.build/Debug/type.build/Objects-normal/x86_64/type.swiftmodule -emit-abi-descriptor-path /Users/chaalpritam/Library/Developer/Xcode/DerivedData/type-aackdwwuwxayolgleuusgbwkkpsp/Build/Intermediates.noindex/type.build/Debug/type.build/Objects-normal/x86_64/type.abi.json

EmitSwiftModule normal x86_64 (in target 'type' from project 'type')
    cd /Users/chaalpritam/Blockbase/type
    /Applications/Xcode.app/Contents/Developer/Toolchains/XcodeDefault.xctoolchain/usr/bin/swift-frontend -emit-module -experimental-skip-non-inlinable-function-bodies-without-types /Users/chaalpritam/Blockbase/type/type/Core/AppCoordinator.swift /Users/chaalpritam/Blockbase/type/type/Core/ModuleCoordinator.swift /Users/chaalpritam/Blockbase/type/type/Data/CharacterModels.swift /Users/chaalpritam/Blockbase/type/type/Data/OutlineModels.swift /Users/chaalpritam/Blockbase/type/type/Data/SceneModels.swift /Users/chaalpritam/Blockbase/type/type/Data/ScreenplayDocument.swift /Users/chaalpritam/Blockbase/type/type/Data/TimelineModels.swift /Users/chaalpritam/Blockbase/type/type/Features/Characters/CharacterCoordinator.swift /Users/chaalpritam/Blockbase/type/type/Features/Characters/CharacterDatabase.swift /Users/chaalpritam/Blockbase/type/type/Features/Characters/CharacterDetailViews.swift /Users/chaalpritam/Blockbase/type/type/Features/Characters/CharacterDetailViews2.swift /Users/chaalpritam/Blockbase/type/type/Features/Characters/CharacterEditViews.swift /Users/chaalpritam/Blockbase/type/type/Features/Characters/CharacterViews.swift /Users/chaalpritam/Blockbase/type/type/Features/Collaboration/CollaborationCoordinator.swift /Users/chaalpritam/Blockbase/type/type/Features/Collaboration/CollaborationManager.swift /Users/chaalpritam/Blockbase/type/type/Features/Collaboration/CollaborationViews.swift /Users/chaalpritam/Blockbase/type/type/Features/Editor/AdvancedEditorFeatures.swift /Users/chaalpritam/Blockbase/type/type/Features/Editor/AutoCompletionManager.swift /Users/chaalpritam/Blockbase/type/type/Features/Editor/CodeFoldingManager.swift /Users/chaalpritam/Blockbase/type/type/Features/Editor/EditorCoordinator.swift /Users/chaalpritam/Blockbase/type/type/Features/Editor/EnhancedFountainTextEditor.swift /Users/chaalpritam/Blockbase/type/type/Features/Editor/FindReplaceView.swift /Users/chaalpritam/Blockbase/type/type/Features/Editor/FountainHelpView.swift /Users/chaalpritam/Blockbase/type/type/Features/Editor/FountainParser.swift /Users/chaalpritam/Blockbase/type/type/Features/Editor/FountainSyntaxHighlighter.swift /Users/chaalpritam/Blockbase/type/type/Features/Editor/FountainTemplate.swift /Users/chaalpritam/Blockbase/type/type/Features/Editor/FountainTextEditor.swift /Users/chaalpritam/Blockbase/type/type/Features/Editor/MinimapView.swift /Users/chaalpritam/Blockbase/type/type/Features/Editor/MultipleCursorsTextEditor.swift /Users/chaalpritam/Blockbase/type/type/Features/Editor/ScreenplayPreview.swift /Users/chaalpritam/Blockbase/type/type/Features/Editor/SmartFormattingManager.swift /Users/chaalpritam/Blockbase/type/type/Features/Editor/SpellCheckTextEditor.swift /Users/chaalpritam/Blockbase/type/type/Features/Editor/TextHistoryManager.swift /Users/chaalpritam/Blockbase/type/type/Features/File/FileCoordinator.swift /Users/chaalpritam/Blockbase/type/type/Features/Outline/OutlineCoordinator.swift /Users/chaalpritam/Blockbase/type/type/Features/Outline/OutlineDatabase.swift /Users/chaalpritam/Blockbase/type/type/Features/Outline/OutlineDetailViews.swift /Users/chaalpritam/Blockbase/type/type/Features/Outline/OutlineViews.swift /Users/chaalpritam/Blockbase/type/type/Features/Scenes/SceneDatabase.swift /Users/chaalpritam/Blockbase/type/type/Features/Scenes/SceneDetailViews.swift /Users/chaalpritam/Blockbase/type/type/Features/Scenes/SceneViews.swift /Users/chaalpritam/Blockbase/type/type/Features/StoryProtocol/StoryProtocolCoordinator.swift /Users/chaalpritam/Blockbase/type/type/Features/StoryProtocol/StoryProtocolViews.swift /Users/chaalpritam/Blockbase/type/type/Features/Timeline/TimelineDatabase.swift /Users/chaalpritam/Blockbase/type/type/Features/Timeline/TimelineViews.swift /Users/chaalpritam/Blockbase/type/type/Features/Welcome/WelcomeView.swift /Users/chaalpritam/Blockbase/type/type/Services/DocumentService.swift /Users/chaalpritam/Blockbase/type/type/Services/FileManagementService.swift /Users/chaalpritam/Blockbase/type/type/Services/FileManager.swift /Users/chaalpritam/Blockbase/type/type/Services/SettingsService.swift /Users/chaalpritam/Blockbase/type/type/Services/StatisticsService.swift /Users/chaalpritam/Blockbase/type/type/Services/StoryProtocolService.swift /Users/chaalpritam/Blockbase/type/type/Shared/ModalLayout.swift /Users/chaalpritam/Blockbase/type/type/UI/EnhancedAppleComponents.swift /Users/chaalpritam/Blockbase/type/type/UI/ModularAppView.swift /Users/chaalpritam/Blockbase/type/type/UI/TemplateSelectorView.swift /Users/chaalpritam/Blockbase/type/type/UI/TypeStyleAppView.swift /Users/chaalpritam/Blockbase/type/type/UI/TypeStyleComponents.swift /Users/chaalpritam/Blockbase/type/type/UI/TypeStyleTheme.swift /Users/chaalpritam/Blockbase/type/type/Utils/KeyboardShortcutsManager.swift /Users/chaalpritam/Blockbase/type/type/SceneEditViews.swift /Users/chaalpritam/Blockbase/type/type/typeApp.swift /Users/chaalpritam/Library/Developer/Xcode/DerivedData/type-aackdwwuwxayolgleuusgbwkkpsp/Build/Intermediates.noindex/type.build/Debug/type.build/DerivedSources/GeneratedAssetSymbols.swift -target x86_64-apple-macos15.0 -enable-objc-interop -stack-check -sdk /Applications/Xcode.app/Contents/Developer/Platforms/MacOSX.platform/Developer/SDKs/MacOSX15.1.sdk -I /Users/chaalpritam/Library/Developer/Xcode/DerivedData/type-aackdwwuwxayolgleuusgbwkkpsp/Build/Products/Debug -F /Users/chaalpritam/Library/Developer/Xcode/DerivedData/type-aackdwwuwxayolgleuusgbwkkpsp/Build/Products/Debug -no-color-diagnostics -enable-testing -g -debug-info-format\=dwarf -dwarf-version\=5 -module-cache-path /Users/chaalpritam/Library/Developer/Xcode/DerivedData/ModuleCache.noindex -profile-generate -profile-coverage-mapping -swift-version 5 -enforce-exclusivity\=checked -Onone -D DEBUG -serialize-debugging-options -const-gather-protocols-file /Users/chaalpritam/Library/Developer/Xcode/DerivedData/type-aackdwwuwxayolgleuusgbwkkpsp/Build/Intermediates.noindex/type.build/Debug/type.build/Objects-normal/x86_64/type_const_extract_protocols.json -enable-experimental-feature DebugDescriptionMacro -enable-experimental-feature OpaqueTypeErasure -enable-bare-slash-regex -empty-abi-descriptor -validate-clang-modules-once -clang-build-session-file /Users/chaalpritam/Library/Developer/Xcode/DerivedData/ModuleCache.noindex/Session.modulevalidation -Xcc -working-directory -Xcc /Users/chaalpritam/Blockbase/type -resource-dir /Applications/Xcode.app/Contents/Developer/Toolchains/XcodeDefault.xctoolchain/usr/lib/swift -enable-anonymous-context-mangled-names -file-compilation-dir /Users/chaalpritam/Blockbase/type -Xcc -D_LIBCPP_HARDENING_MODE\=_LIBCPP_HARDENING_MODE_DEBUG -Xcc -ivfsstatcache -Xcc /Users/chaalpritam/Library/Developer/Xcode/DerivedData/SDKStatCaches.noindex/macosx15.1-24B75-26c8390a7c93c703a57fb2538426748e.sdkstatcache -Xcc -I/Users/chaalpritam/Library/Developer/Xcode/DerivedData/type-aackdwwuwxayolgleuusgbwkkpsp/Build/Intermediates.noindex/type.build/Debug/type.build/swift-overrides.hmap -Xcc -iquote -Xcc /Users/chaalpritam/Library/Developer/Xcode/DerivedData/type-aackdwwuwxayolgleuusgbwkkpsp/Build/Intermediates.noindex/type.build/Debug/type.build/type-generated-files.hmap -Xcc -I/Users/chaalpritam/Library/Developer/Xcode/DerivedData/type-aackdwwuwxayolgleuusgbwkkpsp/Build/Intermediates.noindex/type.build/Debug/type.build/type-own-target-headers.hmap -Xcc -I/Users/chaalpritam/Library/Developer/Xcode/DerivedData/type-aackdwwuwxayolgleuusgbwkkpsp/Build/Intermediates.noindex/type.build/Debug/type.build/type-all-target-headers.hmap -Xcc -iquote -Xcc /Users/chaalpritam/Library/Developer/Xcode/DerivedData/type-aackdwwuwxayolgleuusgbwkkpsp/Build/Intermediates.noindex/type.build/Debug/type.build/type-project-headers.hmap -Xcc -I/Users/chaalpritam/Library/Developer/Xcode/DerivedData/type-aackdwwuwxayolgleuusgbwkkpsp/Build/Products/Debug/include -Xcc -I/Users/chaalpritam/Library/Developer/Xcode/DerivedData/type-aackdwwuwxayolgleuusgbwkkpsp/Build/Intermediates.noindex/type.build/Debug/type.build/DerivedSources-normal/x86_64 -Xcc -I/Users/chaalpritam/Library/Developer/Xcode/DerivedData/type-aackdwwuwxayolgleuusgbwkkpsp/Build/Intermediates.noindex/type.build/Debug/type.build/DerivedSources/x86_64 -Xcc -I/Users/chaalpritam/Library/Developer/Xcode/DerivedData/type-aackdwwuwxayolgleuusgbwkkpsp/Build/Intermediates.noindex/type.build/Debug/type.build/DerivedSources -Xcc -DDEBUG\=1 -module-name type -frontend-parseable-output -disable-clang-spi -target-sdk-version 15.1 -target-sdk-name macosx15.1 -external-plugin-path /Applications/Xcode.app/Contents/Developer/Platforms/MacOSX.platform/Developer/usr/lib/swift/host/plugins\#/Applications/Xcode.app/Contents/Developer/Platforms/MacOSX.platform/Developer/usr/bin/swift-plugin-server -external-plugin-path /Applications/Xcode.app/Contents/Developer/Platforms/MacOSX.platform/Developer/usr/local/lib/swift/host/plugins\#/Applications/Xcode.app/Contents/Developer/Platforms/MacOSX.platform/Developer/usr/bin/swift-plugin-server -plugin-path /Applications/Xcode.app/Contents/Developer/Toolchains/XcodeDefault.xctoolchain/usr/lib/swift/host/plugins -plugin-path /Applications/Xcode.app/Contents/Developer/Toolchains/XcodeDefault.xctoolchain/usr/local/lib/swift/host/plugins -emit-module-doc-path /Users/chaalpritam/Library/Developer/Xcode/DerivedData/type-aackdwwuwxayolgleuusgbwkkpsp/Build/Intermediates.noindex/type.build/Debug/type.build/Objects-normal/x86_64/type.swiftdoc -emit-module-source-info-path /Users/chaalpritam/Library/Developer/Xcode/DerivedData/type-aackdwwuwxayolgleuusgbwkkpsp/Build/Intermediates.noindex/type.build/Debug/type.build/Objects-normal/x86_64/type.swiftsourceinfo -emit-objc-header-path /Users/chaalpritam/Library/Developer/Xcode/DerivedData/type-aackdwwuwxayolgleuusgbwkkpsp/Build/Intermediates.noindex/type.build/Debug/type.build/Objects-normal/x86_64/type-Swift.h -serialize-diagnostics-path /Users/chaalpritam/Library/Developer/Xcode/DerivedData/type-aackdwwuwxayolgleuusgbwkkpsp/Build/Intermediates.noindex/type.build/Debug/type.build/Objects-normal/x86_64/type-master-emit-module.dia -emit-dependencies-path /Users/chaalpritam/Library/Developer/Xcode/DerivedData/type-aackdwwuwxayolgleuusgbwkkpsp/Build/Intermediates.noindex/type.build/Debug/type.build/Objects-normal/x86_64/type-master-emit-module.d -o /Users/chaalpritam/Library/Developer/Xcode/DerivedData/type-aackdwwuwxayolgleuusgbwkkpsp/Build/Intermediates.noindex/type.build/Debug/type.build/Objects-normal/x86_64/type.swiftmodule -emit-abi-descriptor-path /Users/chaalpritam/Library/Developer/Xcode/DerivedData/type-aackdwwuwxayolgleuusgbwkkpsp/Build/Intermediates.noindex/type.build/Debug/type.build/Objects-normal/x86_64/type.abi.json

SwiftCompile normal x86_64 Compiling\ TypeStyleComponents.swift,\ TypeStyleTheme.swift,\ KeyboardShortcutsManager.swift,\ SceneEditViews.swift,\ typeApp.swift,\ GeneratedAssetSymbols.swift /Users/chaalpritam/Blockbase/type/type/UI/TypeStyleComponents.swift /Users/chaalpritam/Blockbase/type/type/UI/TypeStyleTheme.swift /Users/chaalpritam/Blockbase/type/type/Utils/KeyboardShortcutsManager.swift /Users/chaalpritam/Blockbase/type/type/SceneEditViews.swift /Users/chaalpritam/Blockbase/type/type/typeApp.swift /Users/chaalpritam/Library/Developer/Xcode/DerivedData/type-aackdwwuwxayolgleuusgbwkkpsp/Build/Intermediates.noindex/type.build/Debug/type.build/DerivedSources/GeneratedAssetSymbols.swift (in target 'type' from project 'type')
    cd /Users/chaalpritam/Blockbase/type
    builtin-swiftTaskExecution -- /Applications/Xcode.app/Contents/Developer/Toolchains/XcodeDefault.xctoolchain/usr/bin/swift-frontend -frontend -c /Users/chaalpritam/Blockbase/type/type/Core/AppCoordinator.swift /Users/chaalpritam/Blockbase/type/type/Core/ModuleCoordinator.swift /Users/chaalpritam/Blockbase/type/type/Data/CharacterModels.swift /Users/chaalpritam/Blockbase/type/type/Data/OutlineModels.swift /Users/chaalpritam/Blockbase/type/type/Data/SceneModels.swift /Users/chaalpritam/Blockbase/type/type/Data/ScreenplayDocument.swift /Users/chaalpritam/Blockbase/type/type/Data/TimelineModels.swift /Users/chaalpritam/Blockbase/type/type/Features/Characters/CharacterCoordinator.swift /Users/chaalpritam/Blockbase/type/type/Features/Characters/CharacterDatabase.swift /Users/chaalpritam/Blockbase/type/type/Features/Characters/CharacterDetailViews.swift /Users/chaalpritam/Blockbase/type/type/Features/Characters/CharacterDetailViews2.swift /Users/chaalpritam/Blockbase/type/type/Features/Characters/CharacterEditViews.swift /Users/chaalpritam/Blockbase/type/type/Features/Characters/CharacterViews.swift /Users/chaalpritam/Blockbase/type/type/Features/Collaboration/CollaborationCoordinator.swift /Users/chaalpritam/Blockbase/type/type/Features/Collaboration/CollaborationManager.swift /Users/chaalpritam/Blockbase/type/type/Features/Collaboration/CollaborationViews.swift /Users/chaalpritam/Blockbase/type/type/Features/Editor/AdvancedEditorFeatures.swift /Users/chaalpritam/Blockbase/type/type/Features/Editor/AutoCompletionManager.swift /Users/chaalpritam/Blockbase/type/type/Features/Editor/CodeFoldingManager.swift /Users/chaalpritam/Blockbase/type/type/Features/Editor/EditorCoordinator.swift /Users/chaalpritam/Blockbase/type/type/Features/Editor/EnhancedFountainTextEditor.swift /Users/chaalpritam/Blockbase/type/type/Features/Editor/FindReplaceView.swift /Users/chaalpritam/Blockbase/type/type/Features/Editor/FountainHelpView.swift /Users/chaalpritam/Blockbase/type/type/Features/Editor/FountainParser.swift /Users/chaalpritam/Blockbase/type/type/Features/Editor/FountainSyntaxHighlighter.swift /Users/chaalpritam/Blockbase/type/type/Features/Editor/FountainTemplate.swift /Users/chaalpritam/Blockbase/type/type/Features/Editor/FountainTextEditor.swift /Users/chaalpritam/Blockbase/type/type/Features/Editor/MinimapView.swift /Users/chaalpritam/Blockbase/type/type/Features/Editor/MultipleCursorsTextEditor.swift /Users/chaalpritam/Blockbase/type/type/Features/Editor/ScreenplayPreview.swift /Users/chaalpritam/Blockbase/type/type/Features/Editor/SmartFormattingManager.swift /Users/chaalpritam/Blockbase/type/type/Features/Editor/SpellCheckTextEditor.swift /Users/chaalpritam/Blockbase/type/type/Features/Editor/TextHistoryManager.swift /Users/chaalpritam/Blockbase/type/type/Features/File/FileCoordinator.swift /Users/chaalpritam/Blockbase/type/type/Features/Outline/OutlineCoordinator.swift /Users/chaalpritam/Blockbase/type/type/Features/Outline/OutlineDatabase.swift /Users/chaalpritam/Blockbase/type/type/Features/Outline/OutlineDetailViews.swift /Users/chaalpritam/Blockbase/type/type/Features/Outline/OutlineViews.swift /Users/chaalpritam/Blockbase/type/type/Features/Scenes/SceneDatabase.swift /Users/chaalpritam/Blockbase/type/type/Features/Scenes/SceneDetailViews.swift /Users/chaalpritam/Blockbase/type/type/Features/Scenes/SceneViews.swift /Users/chaalpritam/Blockbase/type/type/Features/StoryProtocol/StoryProtocolCoordinator.swift /Users/chaalpritam/Blockbase/type/type/Features/StoryProtocol/StoryProtocolViews.swift /Users/chaalpritam/Blockbase/type/type/Features/Timeline/TimelineDatabase.swift /Users/chaalpritam/Blockbase/type/type/Features/Timeline/TimelineViews.swift /Users/chaalpritam/Blockbase/type/type/Features/Welcome/WelcomeView.swift /Users/chaalpritam/Blockbase/type/type/Services/DocumentService.swift /Users/chaalpritam/Blockbase/type/type/Services/FileManagementService.swift /Users/chaalpritam/Blockbase/type/type/Services/FileManager.swift /Users/chaalpritam/Blockbase/type/type/Services/SettingsService.swift /Users/chaalpritam/Blockbase/type/type/Services/StatisticsService.swift /Users/chaalpritam/Blockbase/type/type/Services/StoryProtocolService.swift /Users/chaalpritam/Blockbase/type/type/Shared/ModalLayout.swift /Users/chaalpritam/Blockbase/type/type/UI/EnhancedAppleComponents.swift /Users/chaalpritam/Blockbase/type/type/UI/ModularAppView.swift /Users/chaalpritam/Blockbase/type/type/UI/TemplateSelectorView.swift /Users/chaalpritam/Blockbase/type/type/UI/TypeStyleAppView.swift -primary-file /Users/chaalpritam/Blockbase/type/type/UI/TypeStyleComponents.swift -primary-file /Users/chaalpritam/Blockbase/type/type/UI/TypeStyleTheme.swift -primary-file /Users/chaalpritam/Blockbase/type/type/Utils/KeyboardShortcutsManager.swift -primary-file /Users/chaalpritam/Blockbase/type/type/SceneEditViews.swift -primary-file /Users/chaalpritam/Blockbase/type/type/typeApp.swift -primary-file /Users/chaalpritam/Library/Developer/Xcode/DerivedData/type-aackdwwuwxayolgleuusgbwkkpsp/Build/Intermediates.noindex/type.build/Debug/type.build/DerivedSources/GeneratedAssetSymbols.swift -supplementary-output-file-map /Users/chaalpritam/Library/Developer/Xcode/DerivedData/type-aackdwwuwxayolgleuusgbwkkpsp/Build/Intermediates.noindex/type.build/Debug/type.build/Objects-normal/x86_64/supplementaryOutputs-10 -emit-localized-strings -emit-localized-strings-path /Users/chaalpritam/Library/Developer/Xcode/DerivedData/type-aackdwwuwxayolgleuusgbwkkpsp/Build/Intermediates.noindex/type.build/Debug/type.build/Objects-normal/x86_64 -target x86_64-apple-macos15.0 -enable-objc-interop -stack-check -sdk /Applications/Xcode.app/Contents/Developer/Platforms/MacOSX.platform/Developer/SDKs/MacOSX15.1.sdk -I /Users/chaalpritam/Library/Developer/Xcode/DerivedData/type-aackdwwuwxayolgleuusgbwkkpsp/Build/Products/Debug -F /Users/chaalpritam/Library/Developer/Xcode/DerivedData/type-aackdwwuwxayolgleuusgbwkkpsp/Build/Products/Debug -no-color-diagnostics -enable-testing -g -debug-info-format\=dwarf -dwarf-version\=5 -module-cache-path /Users/chaalpritam/Library/Developer/Xcode/DerivedData/ModuleCache.noindex -profile-generate -profile-coverage-mapping -swift-version 5 -enforce-exclusivity\=checked -Onone -D DEBUG -serialize-debugging-options -const-gather-protocols-file /Users/chaalpritam/Library/Developer/Xcode/DerivedData/type-aackdwwuwxayolgleuusgbwkkpsp/Build/Intermediates.noindex/type.build/Debug/type.build/Objects-normal/x86_64/type_const_extract_protocols.json -enable-experimental-feature DebugDescriptionMacro -enable-experimental-feature OpaqueTypeErasure -enable-bare-slash-regex -empty-abi-descriptor -validate-clang-modules-once -clang-build-session-file /Users/chaalpritam/Library/Developer/Xcode/DerivedData/ModuleCache.noindex/Session.modulevalidation -Xcc -working-directory -Xcc /Users/chaalpritam/Blockbase/type -resource-dir /Applications/Xcode.app/Contents/Developer/Toolchains/XcodeDefault.xctoolchain/usr/lib/swift -enable-anonymous-context-mangled-names -file-compilation-dir /Users/chaalpritam/Blockbase/type -Xcc -D_LIBCPP_HARDENING_MODE\=_LIBCPP_HARDENING_MODE_DEBUG -Xcc -ivfsstatcache -Xcc /Users/chaalpritam/Library/Developer/Xcode/DerivedData/SDKStatCaches.noindex/macosx15.1-24B75-26c8390a7c93c703a57fb2538426748e.sdkstatcache -Xcc -I/Users/chaalpritam/Library/Developer/Xcode/DerivedData/type-aackdwwuwxayolgleuusgbwkkpsp/Build/Intermediates.noindex/type.build/Debug/type.build/swift-overrides.hmap -Xcc -iquote -Xcc /Users/chaalpritam/Library/Developer/Xcode/DerivedData/type-aackdwwuwxayolgleuusgbwkkpsp/Build/Intermediates.noindex/type.build/Debug/type.build/type-generated-files.hmap -Xcc -I/Users/chaalpritam/Library/Developer/Xcode/DerivedData/type-aackdwwuwxayolgleuusgbwkkpsp/Build/Intermediates.noindex/type.build/Debug/type.build/type-own-target-headers.hmap -Xcc -I/Users/chaalpritam/Library/Developer/Xcode/DerivedData/type-aackdwwuwxayolgleuusgbwkkpsp/Build/Intermediates.noindex/type.build/Debug/type.build/type-all-target-headers.hmap -Xcc -iquote -Xcc /Users/chaalpritam/Library/Developer/Xcode/DerivedData/type-aackdwwuwxayolgleuusgbwkkpsp/Build/Intermediates.noindex/type.build/Debug/type.build/type-project-headers.hmap -Xcc -I/Users/chaalpritam/Library/Developer/Xcode/DerivedData/type-aackdwwuwxayolgleuusgbwkkpsp/Build/Products/Debug/include -Xcc -I/Users/chaalpritam/Library/Developer/Xcode/DerivedData/type-aackdwwuwxayolgleuusgbwkkpsp/Build/Intermediates.noindex/type.build/Debug/type.build/DerivedSources-normal/x86_64 -Xcc -I/Users/chaalpritam/Library/Developer/Xcode/DerivedData/type-aackdwwuwxayolgleuusgbwkkpsp/Build/Intermediates.noindex/type.build/Debug/type.build/DerivedSources/x86_64 -Xcc -I/Users/chaalpritam/Library/Developer/Xcode/DerivedData/type-aackdwwuwxayolgleuusgbwkkpsp/Build/Intermediates.noindex/type.build/Debug/type.build/DerivedSources -Xcc -DDEBUG\=1 -module-name type -frontend-parseable-output -disable-clang-spi -target-sdk-version 15.1 -target-sdk-name macosx15.1 -external-plugin-path /Applications/Xcode.app/Contents/Developer/Platforms/MacOSX.platform/Developer/usr/lib/swift/host/plugins\#/Applications/Xcode.app/Contents/Developer/Platforms/MacOSX.platform/Developer/usr/bin/swift-plugin-server -external-plugin-path /Applications/Xcode.app/Contents/Developer/Platforms/MacOSX.platform/Developer/usr/local/lib/swift/host/plugins\#/Applications/Xcode.app/Contents/Developer/Platforms/MacOSX.platform/Developer/usr/bin/swift-plugin-server -plugin-path /Applications/Xcode.app/Contents/Developer/Toolchains/XcodeDefault.xctoolchain/usr/lib/swift/host/plugins -plugin-path /Applications/Xcode.app/Contents/Developer/Toolchains/XcodeDefault.xctoolchain/usr/local/lib/swift/host/plugins -o /Users/chaalpritam/Library/Developer/Xcode/DerivedData/type-aackdwwuwxayolgleuusgbwkkpsp/Build/Intermediates.noindex/type.build/Debug/type.build/Objects-normal/x86_64/TypeStyleComponents.o -o /Users/chaalpritam/Library/Developer/Xcode/DerivedData/type-aackdwwuwxayolgleuusgbwkkpsp/Build/Intermediates.noindex/type.build/Debug/type.build/Objects-normal/x86_64/TypeStyleTheme.o -o /Users/chaalpritam/Library/Developer/Xcode/DerivedData/type-aackdwwuwxayolgleuusgbwkkpsp/Build/Intermediates.noindex/type.build/Debug/type.build/Objects-normal/x86_64/KeyboardShortcutsManager.o -o /Users/chaalpritam/Library/Developer/Xcode/DerivedData/type-aackdwwuwxayolgleuusgbwkkpsp/Build/Intermediates.noindex/type.build/Debug/type.build/Objects-normal/x86_64/SceneEditViews.o -o /Users/chaalpritam/Library/Developer/Xcode/DerivedData/type-aackdwwuwxayolgleuusgbwkkpsp/Build/Intermediates.noindex/type.build/Debug/type.build/Objects-normal/x86_64/typeApp.o -o /Users/chaalpritam/Library/Developer/Xcode/DerivedData/type-aackdwwuwxayolgleuusgbwkkpsp/Build/Intermediates.noindex/type.build/Debug/type.build/Objects-normal/x86_64/GeneratedAssetSymbols.o -index-unit-output-path /type.build/Debug/type.build/Objects-normal/x86_64/TypeStyleComponents.o -index-unit-output-path /type.build/Debug/type.build/Objects-normal/x86_64/TypeStyleTheme.o -index-unit-output-path /type.build/Debug/type.build/Objects-normal/x86_64/KeyboardShortcutsManager.o -index-unit-output-path /type.build/Debug/type.build/Objects-normal/x86_64/SceneEditViews.o -index-unit-output-path /type.build/Debug/type.build/Objects-normal/x86_64/typeApp.o -index-unit-output-path /type.build/Debug/type.build/Objects-normal/x86_64/GeneratedAssetSymbols.o -index-store-path /Users/chaalpritam/Library/Developer/Xcode/DerivedData/type-aackdwwuwxayolgleuusgbwkkpsp/Index.noindex/DataStore -index-system-modules
SwiftCompile normal x86_64 /Users/chaalpritam/Blockbase/type/type/UI/TypeStyleComponents.swift (in target 'type' from project 'type')
    cd /Users/chaalpritam/Blockbase/type
    /Applications/Xcode.app/Contents/Developer/Toolchains/XcodeDefault.xctoolchain/usr/bin/swift-frontend -c /Users/chaalpritam/Blockbase/type/type/Core/AppCoordinator.swift /Users/chaalpritam/Blockbase/type/type/Core/ModuleCoordinator.swift /Users/chaalpritam/Blockbase/type/type/Data/CharacterModels.swift /Users/chaalpritam/Blockbase/type/type/Data/OutlineModels.swift /Users/chaalpritam/Blockbase/type/type/Data/SceneModels.swift /Users/chaalpritam/Blockbase/type/type/Data/ScreenplayDocument.swift /Users/chaalpritam/Blockbase/type/type/Data/TimelineModels.swift /Users/chaalpritam/Blockbase/type/type/Features/Characters/CharacterCoordinator.swift /Users/chaalpritam/Blockbase/type/type/Features/Characters/CharacterDatabase.swift /Users/chaalpritam/Blockbase/type/type/Features/Characters/CharacterDetailViews.swift /Users/chaalpritam/Blockbase/type/type/Features/Characters/CharacterDetailViews2.swift /Users/chaalpritam/Blockbase/type/type/Features/Characters/CharacterEditViews.swift /Users/chaalpritam/Blockbase/type/type/Features/Characters/CharacterViews.swift /Users/chaalpritam/Blockbase/type/type/Features/Collaboration/CollaborationCoordinator.swift /Users/chaalpritam/Blockbase/type/type/Features/Collaboration/CollaborationManager.swift /Users/chaalpritam/Blockbase/type/type/Features/Collaboration/CollaborationViews.swift /Users/chaalpritam/Blockbase/type/type/Features/Editor/AdvancedEditorFeatures.swift /Users/chaalpritam/Blockbase/type/type/Features/Editor/AutoCompletionManager.swift /Users/chaalpritam/Blockbase/type/type/Features/Editor/CodeFoldingManager.swift /Users/chaalpritam/Blockbase/type/type/Features/Editor/EditorCoordinator.swift /Users/chaalpritam/Blockbase/type/type/Features/Editor/EnhancedFountainTextEditor.swift /Users/chaalpritam/Blockbase/type/type/Features/Editor/FindReplaceView.swift /Users/chaalpritam/Blockbase/type/type/Features/Editor/FountainHelpView.swift /Users/chaalpritam/Blockbase/type/type/Features/Editor/FountainParser.swift /Users/chaalpritam/Blockbase/type/type/Features/Editor/FountainSyntaxHighlighter.swift /Users/chaalpritam/Blockbase/type/type/Features/Editor/FountainTemplate.swift /Users/chaalpritam/Blockbase/type/type/Features/Editor/FountainTextEditor.swift /Users/chaalpritam/Blockbase/type/type/Features/Editor/MinimapView.swift /Users/chaalpritam/Blockbase/type/type/Features/Editor/MultipleCursorsTextEditor.swift /Users/chaalpritam/Blockbase/type/type/Features/Editor/ScreenplayPreview.swift /Users/chaalpritam/Blockbase/type/type/Features/Editor/SmartFormattingManager.swift /Users/chaalpritam/Blockbase/type/type/Features/Editor/SpellCheckTextEditor.swift /Users/chaalpritam/Blockbase/type/type/Features/Editor/TextHistoryManager.swift /Users/chaalpritam/Blockbase/type/type/Features/File/FileCoordinator.swift /Users/chaalpritam/Blockbase/type/type/Features/Outline/OutlineCoordinator.swift /Users/chaalpritam/Blockbase/type/type/Features/Outline/OutlineDatabase.swift /Users/chaalpritam/Blockbase/type/type/Features/Outline/OutlineDetailViews.swift /Users/chaalpritam/Blockbase/type/type/Features/Outline/OutlineViews.swift /Users/chaalpritam/Blockbase/type/type/Features/Scenes/SceneDatabase.swift /Users/chaalpritam/Blockbase/type/type/Features/Scenes/SceneDetailViews.swift /Users/chaalpritam/Blockbase/type/type/Features/Scenes/SceneViews.swift /Users/chaalpritam/Blockbase/type/type/Features/StoryProtocol/StoryProtocolCoordinator.swift /Users/chaalpritam/Blockbase/type/type/Features/StoryProtocol/StoryProtocolViews.swift /Users/chaalpritam/Blockbase/type/type/Features/Timeline/TimelineDatabase.swift /Users/chaalpritam/Blockbase/type/type/Features/Timeline/TimelineViews.swift /Users/chaalpritam/Blockbase/type/type/Features/Welcome/WelcomeView.swift /Users/chaalpritam/Blockbase/type/type/Services/DocumentService.swift /Users/chaalpritam/Blockbase/type/type/Services/FileManagementService.swift /Users/chaalpritam/Blockbase/type/type/Services/FileManager.swift /Users/chaalpritam/Blockbase/type/type/Services/SettingsService.swift /Users/chaalpritam/Blockbase/type/type/Services/StatisticsService.swift /Users/chaalpritam/Blockbase/type/type/Services/StoryProtocolService.swift /Users/chaalpritam/Blockbase/type/type/Shared/ModalLayout.swift /Users/chaalpritam/Blockbase/type/type/UI/EnhancedAppleComponents.swift /Users/chaalpritam/Blockbase/type/type/UI/ModularAppView.swift /Users/chaalpritam/Blockbase/type/type/UI/TemplateSelectorView.swift /Users/chaalpritam/Blockbase/type/type/UI/TypeStyleAppView.swift -primary-file /Users/chaalpritam/Blockbase/type/type/UI/TypeStyleComponents.swift -primary-file /Users/chaalpritam/Blockbase/type/type/UI/TypeStyleTheme.swift -primary-file /Users/chaalpritam/Blockbase/type/type/Utils/KeyboardShortcutsManager.swift -primary-file /Users/chaalpritam/Blockbase/type/type/SceneEditViews.swift -primary-file /Users/chaalpritam/Blockbase/type/type/typeApp.swift -primary-file /Users/chaalpritam/Library/Developer/Xcode/DerivedData/type-aackdwwuwxayolgleuusgbwkkpsp/Build/Intermediates.noindex/type.build/Debug/type.build/DerivedSources/GeneratedAssetSymbols.swift -supplementary-output-file-map /Users/chaalpritam/Library/Developer/Xcode/DerivedData/type-aackdwwuwxayolgleuusgbwkkpsp/Build/Intermediates.noindex/type.build/Debug/type.build/Objects-normal/x86_64/supplementaryOutputs-10 -emit-localized-strings -emit-localized-strings-path /Users/chaalpritam/Library/Developer/Xcode/DerivedData/type-aackdwwuwxayolgleuusgbwkkpsp/Build/Intermediates.noindex/type.build/Debug/type.build/Objects-normal/x86_64 -target x86_64-apple-macos15.0 -enable-objc-interop -stack-check -sdk /Applications/Xcode.app/Contents/Developer/Platforms/MacOSX.platform/Developer/SDKs/MacOSX15.1.sdk -I /Users/chaalpritam/Library/Developer/Xcode/DerivedData/type-aackdwwuwxayolgleuusgbwkkpsp/Build/Products/Debug -F /Users/chaalpritam/Library/Developer/Xcode/DerivedData/type-aackdwwuwxayolgleuusgbwkkpsp/Build/Products/Debug -no-color-diagnostics -enable-testing -g -debug-info-format\=dwarf -dwarf-version\=5 -module-cache-path /Users/chaalpritam/Library/Developer/Xcode/DerivedData/ModuleCache.noindex -profile-generate -profile-coverage-mapping -swift-version 5 -enforce-exclusivity\=checked -Onone -D DEBUG -serialize-debugging-options -const-gather-protocols-file /Users/chaalpritam/Library/Developer/Xcode/DerivedData/type-aackdwwuwxayolgleuusgbwkkpsp/Build/Intermediates.noindex/type.build/Debug/type.build/Objects-normal/x86_64/type_const_extract_protocols.json -enable-experimental-feature DebugDescriptionMacro -enable-experimental-feature OpaqueTypeErasure -enable-bare-slash-regex -empty-abi-descriptor -validate-clang-modules-once -clang-build-session-file /Users/chaalpritam/Library/Developer/Xcode/DerivedData/ModuleCache.noindex/Session.modulevalidation -Xcc -working-directory -Xcc /Users/chaalpritam/Blockbase/type -resource-dir /Applications/Xcode.app/Contents/Developer/Toolchains/XcodeDefault.xctoolchain/usr/lib/swift -enable-anonymous-context-mangled-names -file-compilation-dir /Users/chaalpritam/Blockbase/type -Xcc -D_LIBCPP_HARDENING_MODE\=_LIBCPP_HARDENING_MODE_DEBUG -Xcc -ivfsstatcache -Xcc /Users/chaalpritam/Library/Developer/Xcode/DerivedData/SDKStatCaches.noindex/macosx15.1-24B75-26c8390a7c93c703a57fb2538426748e.sdkstatcache -Xcc -I/Users/chaalpritam/Library/Developer/Xcode/DerivedData/type-aackdwwuwxayolgleuusgbwkkpsp/Build/Intermediates.noindex/type.build/Debug/type.build/swift-overrides.hmap -Xcc -iquote -Xcc /Users/chaalpritam/Library/Developer/Xcode/DerivedData/type-aackdwwuwxayolgleuusgbwkkpsp/Build/Intermediates.noindex/type.build/Debug/type.build/type-generated-files.hmap -Xcc -I/Users/chaalpritam/Library/Developer/Xcode/DerivedData/type-aackdwwuwxayolgleuusgbwkkpsp/Build/Intermediates.noindex/type.build/Debug/type.build/type-own-target-headers.hmap -Xcc -I/Users/chaalpritam/Library/Developer/Xcode/DerivedData/type-aackdwwuwxayolgleuusgbwkkpsp/Build/Intermediates.noindex/type.build/Debug/type.build/type-all-target-headers.hmap -Xcc -iquote -Xcc /Users/chaalpritam/Library/Developer/Xcode/DerivedData/type-aackdwwuwxayolgleuusgbwkkpsp/Build/Intermediates.noindex/type.build/Debug/type.build/type-project-headers.hmap -Xcc -I/Users/chaalpritam/Library/Developer/Xcode/DerivedData/type-aackdwwuwxayolgleuusgbwkkpsp/Build/Products/Debug/include -Xcc -I/Users/chaalpritam/Library/Developer/Xcode/DerivedData/type-aackdwwuwxayolgleuusgbwkkpsp/Build/Intermediates.noindex/type.build/Debug/type.build/DerivedSources-normal/x86_64 -Xcc -I/Users/chaalpritam/Library/Developer/Xcode/DerivedData/type-aackdwwuwxayolgleuusgbwkkpsp/Build/Intermediates.noindex/type.build/Debug/type.build/DerivedSources/x86_64 -Xcc -I/Users/chaalpritam/Library/Developer/Xcode/DerivedData/type-aackdwwuwxayolgleuusgbwkkpsp/Build/Intermediates.noindex/type.build/Debug/type.build/DerivedSources -Xcc -DDEBUG\=1 -module-name type -frontend-parseable-output -disable-clang-spi -target-sdk-version 15.1 -target-sdk-name macosx15.1 -external-plugin-path /Applications/Xcode.app/Contents/Developer/Platforms/MacOSX.platform/Developer/usr/lib/swift/host/plugins\#/Applications/Xcode.app/Contents/Developer/Platforms/MacOSX.platform/Developer/usr/bin/swift-plugin-server -external-plugin-path /Applications/Xcode.app/Contents/Developer/Platforms/MacOSX.platform/Developer/usr/local/lib/swift/host/plugins\#/Applications/Xcode.app/Contents/Developer/Platforms/MacOSX.platform/Developer/usr/bin/swift-plugin-server -plugin-path /Applications/Xcode.app/Contents/Developer/Toolchains/XcodeDefault.xctoolchain/usr/lib/swift/host/plugins -plugin-path /Applications/Xcode.app/Contents/Developer/Toolchains/XcodeDefault.xctoolchain/usr/local/lib/swift/host/plugins -o /Users/chaalpritam/Library/Developer/Xcode/DerivedData/type-aackdwwuwxayolgleuusgbwkkpsp/Build/Intermediates.noindex/type.build/Debug/type.build/Objects-normal/x86_64/TypeStyleComponents.o -o /Users/chaalpritam/Library/Developer/Xcode/DerivedData/type-aackdwwuwxayolgleuusgbwkkpsp/Build/Intermediates.noindex/type.build/Debug/type.build/Objects-normal/x86_64/TypeStyleTheme.o -o /Users/chaalpritam/Library/Developer/Xcode/DerivedData/type-aackdwwuwxayolgleuusgbwkkpsp/Build/Intermediates.noindex/type.build/Debug/type.build/Objects-normal/x86_64/KeyboardShortcutsManager.o -o /Users/chaalpritam/Library/Developer/Xcode/DerivedData/type-aackdwwuwxayolgleuusgbwkkpsp/Build/Intermediates.noindex/type.build/Debug/type.build/Objects-normal/x86_64/SceneEditViews.o -o /Users/chaalpritam/Library/Developer/Xcode/DerivedData/type-aackdwwuwxayolgleuusgbwkkpsp/Build/Intermediates.noindex/type.build/Debug/type.build/Objects-normal/x86_64/typeApp.o -o /Users/chaalpritam/Library/Developer/Xcode/DerivedData/type-aackdwwuwxayolgleuusgbwkkpsp/Build/Intermediates.noindex/type.build/Debug/type.build/Objects-normal/x86_64/GeneratedAssetSymbols.o -index-unit-output-path /type.build/Debug/type.build/Objects-normal/x86_64/TypeStyleComponents.o -index-unit-output-path /type.build/Debug/type.build/Objects-normal/x86_64/TypeStyleTheme.o -index-unit-output-path /type.build/Debug/type.build/Objects-normal/x86_64/KeyboardShortcutsManager.o -index-unit-output-path /type.build/Debug/type.build/Objects-normal/x86_64/SceneEditViews.o -index-unit-output-path /type.build/Debug/type.build/Objects-normal/x86_64/typeApp.o -index-unit-output-path /type.build/Debug/type.build/Objects-normal/x86_64/GeneratedAssetSymbols.o -index-store-path /Users/chaalpritam/Library/Developer/Xcode/DerivedData/type-aackdwwuwxayolgleuusgbwkkpsp/Index.noindex/DataStore -index-system-modules

SwiftCompile normal x86_64 /Users/chaalpritam/Blockbase/type/type/UI/TypeStyleTheme.swift (in target 'type' from project 'type')
    cd /Users/chaalpritam/Blockbase/type
    /Applications/Xcode.app/Contents/Developer/Toolchains/XcodeDefault.xctoolchain/usr/bin/swift-frontend -c /Users/chaalpritam/Blockbase/type/type/Core/AppCoordinator.swift /Users/chaalpritam/Blockbase/type/type/Core/ModuleCoordinator.swift /Users/chaalpritam/Blockbase/type/type/Data/CharacterModels.swift /Users/chaalpritam/Blockbase/type/type/Data/OutlineModels.swift /Users/chaalpritam/Blockbase/type/type/Data/SceneModels.swift /Users/chaalpritam/Blockbase/type/type/Data/ScreenplayDocument.swift /Users/chaalpritam/Blockbase/type/type/Data/TimelineModels.swift /Users/chaalpritam/Blockbase/type/type/Features/Characters/CharacterCoordinator.swift /Users/chaalpritam/Blockbase/type/type/Features/Characters/CharacterDatabase.swift /Users/chaalpritam/Blockbase/type/type/Features/Characters/CharacterDetailViews.swift /Users/chaalpritam/Blockbase/type/type/Features/Characters/CharacterDetailViews2.swift /Users/chaalpritam/Blockbase/type/type/Features/Characters/CharacterEditViews.swift /Users/chaalpritam/Blockbase/type/type/Features/Characters/CharacterViews.swift /Users/chaalpritam/Blockbase/type/type/Features/Collaboration/CollaborationCoordinator.swift /Users/chaalpritam/Blockbase/type/type/Features/Collaboration/CollaborationManager.swift /Users/chaalpritam/Blockbase/type/type/Features/Collaboration/CollaborationViews.swift /Users/chaalpritam/Blockbase/type/type/Features/Editor/AdvancedEditorFeatures.swift /Users/chaalpritam/Blockbase/type/type/Features/Editor/AutoCompletionManager.swift /Users/chaalpritam/Blockbase/type/type/Features/Editor/CodeFoldingManager.swift /Users/chaalpritam/Blockbase/type/type/Features/Editor/EditorCoordinator.swift /Users/chaalpritam/Blockbase/type/type/Features/Editor/EnhancedFountainTextEditor.swift /Users/chaalpritam/Blockbase/type/type/Features/Editor/FindReplaceView.swift /Users/chaalpritam/Blockbase/type/type/Features/Editor/FountainHelpView.swift /Users/chaalpritam/Blockbase/type/type/Features/Editor/FountainParser.swift /Users/chaalpritam/Blockbase/type/type/Features/Editor/FountainSyntaxHighlighter.swift /Users/chaalpritam/Blockbase/type/type/Features/Editor/FountainTemplate.swift /Users/chaalpritam/Blockbase/type/type/Features/Editor/FountainTextEditor.swift /Users/chaalpritam/Blockbase/type/type/Features/Editor/MinimapView.swift /Users/chaalpritam/Blockbase/type/type/Features/Editor/MultipleCursorsTextEditor.swift /Users/chaalpritam/Blockbase/type/type/Features/Editor/ScreenplayPreview.swift /Users/chaalpritam/Blockbase/type/type/Features/Editor/SmartFormattingManager.swift /Users/chaalpritam/Blockbase/type/type/Features/Editor/SpellCheckTextEditor.swift /Users/chaalpritam/Blockbase/type/type/Features/Editor/TextHistoryManager.swift /Users/chaalpritam/Blockbase/type/type/Features/File/FileCoordinator.swift /Users/chaalpritam/Blockbase/type/type/Features/Outline/OutlineCoordinator.swift /Users/chaalpritam/Blockbase/type/type/Features/Outline/OutlineDatabase.swift /Users/chaalpritam/Blockbase/type/type/Features/Outline/OutlineDetailViews.swift /Users/chaalpritam/Blockbase/type/type/Features/Outline/OutlineViews.swift /Users/chaalpritam/Blockbase/type/type/Features/Scenes/SceneDatabase.swift /Users/chaalpritam/Blockbase/type/type/Features/Scenes/SceneDetailViews.swift /Users/chaalpritam/Blockbase/type/type/Features/Scenes/SceneViews.swift /Users/chaalpritam/Blockbase/type/type/Features/StoryProtocol/StoryProtocolCoordinator.swift /Users/chaalpritam/Blockbase/type/type/Features/StoryProtocol/StoryProtocolViews.swift /Users/chaalpritam/Blockbase/type/type/Features/Timeline/TimelineDatabase.swift /Users/chaalpritam/Blockbase/type/type/Features/Timeline/TimelineViews.swift /Users/chaalpritam/Blockbase/type/type/Features/Welcome/WelcomeView.swift /Users/chaalpritam/Blockbase/type/type/Services/DocumentService.swift /Users/chaalpritam/Blockbase/type/type/Services/FileManagementService.swift /Users/chaalpritam/Blockbase/type/type/Services/FileManager.swift /Users/chaalpritam/Blockbase/type/type/Services/SettingsService.swift /Users/chaalpritam/Blockbase/type/type/Services/StatisticsService.swift /Users/chaalpritam/Blockbase/type/type/Services/StoryProtocolService.swift /Users/chaalpritam/Blockbase/type/type/Shared/ModalLayout.swift /Users/chaalpritam/Blockbase/type/type/UI/EnhancedAppleComponents.swift /Users/chaalpritam/Blockbase/type/type/UI/ModularAppView.swift /Users/chaalpritam/Blockbase/type/type/UI/TemplateSelectorView.swift /Users/chaalpritam/Blockbase/type/type/UI/TypeStyleAppView.swift -primary-file /Users/chaalpritam/Blockbase/type/type/UI/TypeStyleComponents.swift -primary-file /Users/chaalpritam/Blockbase/type/type/UI/TypeStyleTheme.swift -primary-file /Users/chaalpritam/Blockbase/type/type/Utils/KeyboardShortcutsManager.swift -primary-file /Users/chaalpritam/Blockbase/type/type/SceneEditViews.swift -primary-file /Users/chaalpritam/Blockbase/type/type/typeApp.swift -primary-file /Users/chaalpritam/Library/Developer/Xcode/DerivedData/type-aackdwwuwxayolgleuusgbwkkpsp/Build/Intermediates.noindex/type.build/Debug/type.build/DerivedSources/GeneratedAssetSymbols.swift -supplementary-output-file-map /Users/chaalpritam/Library/Developer/Xcode/DerivedData/type-aackdwwuwxayolgleuusgbwkkpsp/Build/Intermediates.noindex/type.build/Debug/type.build/Objects-normal/x86_64/supplementaryOutputs-10 -emit-localized-strings -emit-localized-strings-path /Users/chaalpritam/Library/Developer/Xcode/DerivedData/type-aackdwwuwxayolgleuusgbwkkpsp/Build/Intermediates.noindex/type.build/Debug/type.build/Objects-normal/x86_64 -target x86_64-apple-macos15.0 -enable-objc-interop -stack-check -sdk /Applications/Xcode.app/Contents/Developer/Platforms/MacOSX.platform/Developer/SDKs/MacOSX15.1.sdk -I /Users/chaalpritam/Library/Developer/Xcode/DerivedData/type-aackdwwuwxayolgleuusgbwkkpsp/Build/Products/Debug -F /Users/chaalpritam/Library/Developer/Xcode/DerivedData/type-aackdwwuwxayolgleuusgbwkkpsp/Build/Products/Debug -no-color-diagnostics -enable-testing -g -debug-info-format\=dwarf -dwarf-version\=5 -module-cache-path /Users/chaalpritam/Library/Developer/Xcode/DerivedData/ModuleCache.noindex -profile-generate -profile-coverage-mapping -swift-version 5 -enforce-exclusivity\=checked -Onone -D DEBUG -serialize-debugging-options -const-gather-protocols-file /Users/chaalpritam/Library/Developer/Xcode/DerivedData/type-aackdwwuwxayolgleuusgbwkkpsp/Build/Intermediates.noindex/type.build/Debug/type.build/Objects-normal/x86_64/type_const_extract_protocols.json -enable-experimental-feature DebugDescriptionMacro -enable-experimental-feature OpaqueTypeErasure -enable-bare-slash-regex -empty-abi-descriptor -validate-clang-modules-once -clang-build-session-file /Users/chaalpritam/Library/Developer/Xcode/DerivedData/ModuleCache.noindex/Session.modulevalidation -Xcc -working-directory -Xcc /Users/chaalpritam/Blockbase/type -resource-dir /Applications/Xcode.app/Contents/Developer/Toolchains/XcodeDefault.xctoolchain/usr/lib/swift -enable-anonymous-context-mangled-names -file-compilation-dir /Users/chaalpritam/Blockbase/type -Xcc -D_LIBCPP_HARDENING_MODE\=_LIBCPP_HARDENING_MODE_DEBUG -Xcc -ivfsstatcache -Xcc /Users/chaalpritam/Library/Developer/Xcode/DerivedData/SDKStatCaches.noindex/macosx15.1-24B75-26c8390a7c93c703a57fb2538426748e.sdkstatcache -Xcc -I/Users/chaalpritam/Library/Developer/Xcode/DerivedData/type-aackdwwuwxayolgleuusgbwkkpsp/Build/Intermediates.noindex/type.build/Debug/type.build/swift-overrides.hmap -Xcc -iquote -Xcc /Users/chaalpritam/Library/Developer/Xcode/DerivedData/type-aackdwwuwxayolgleuusgbwkkpsp/Build/Intermediates.noindex/type.build/Debug/type.build/type-generated-files.hmap -Xcc -I/Users/chaalpritam/Library/Developer/Xcode/DerivedData/type-aackdwwuwxayolgleuusgbwkkpsp/Build/Intermediates.noindex/type.build/Debug/type.build/type-own-target-headers.hmap -Xcc -I/Users/chaalpritam/Library/Developer/Xcode/DerivedData/type-aackdwwuwxayolgleuusgbwkkpsp/Build/Intermediates.noindex/type.build/Debug/type.build/type-all-target-headers.hmap -Xcc -iquote -Xcc /Users/chaalpritam/Library/Developer/Xcode/DerivedData/type-aackdwwuwxayolgleuusgbwkkpsp/Build/Intermediates.noindex/type.build/Debug/type.build/type-project-headers.hmap -Xcc -I/Users/chaalpritam/Library/Developer/Xcode/DerivedData/type-aackdwwuwxayolgleuusgbwkkpsp/Build/Products/Debug/include -Xcc -I/Users/chaalpritam/Library/Developer/Xcode/DerivedData/type-aackdwwuwxayolgleuusgbwkkpsp/Build/Intermediates.noindex/type.build/Debug/type.build/DerivedSources-normal/x86_64 -Xcc -I/Users/chaalpritam/Library/Developer/Xcode/DerivedData/type-aackdwwuwxayolgleuusgbwkkpsp/Build/Intermediates.noindex/type.build/Debug/type.build/DerivedSources/x86_64 -Xcc -I/Users/chaalpritam/Library/Developer/Xcode/DerivedData/type-aackdwwuwxayolgleuusgbwkkpsp/Build/Intermediates.noindex/type.build/Debug/type.build/DerivedSources -Xcc -DDEBUG\=1 -module-name type -frontend-parseable-output -disable-clang-spi -target-sdk-version 15.1 -target-sdk-name macosx15.1 -external-plugin-path /Applications/Xcode.app/Contents/Developer/Platforms/MacOSX.platform/Developer/usr/lib/swift/host/plugins\#/Applications/Xcode.app/Contents/Developer/Platforms/MacOSX.platform/Developer/usr/bin/swift-plugin-server -external-plugin-path /Applications/Xcode.app/Contents/Developer/Platforms/MacOSX.platform/Developer/usr/local/lib/swift/host/plugins\#/Applications/Xcode.app/Contents/Developer/Platforms/MacOSX.platform/Developer/usr/bin/swift-plugin-server -plugin-path /Applications/Xcode.app/Contents/Developer/Toolchains/XcodeDefault.xctoolchain/usr/lib/swift/host/plugins -plugin-path /Applications/Xcode.app/Contents/Developer/Toolchains/XcodeDefault.xctoolchain/usr/local/lib/swift/host/plugins -o /Users/chaalpritam/Library/Developer/Xcode/DerivedData/type-aackdwwuwxayolgleuusgbwkkpsp/Build/Intermediates.noindex/type.build/Debug/type.build/Objects-normal/x86_64/TypeStyleComponents.o -o /Users/chaalpritam/Library/Developer/Xcode/DerivedData/type-aackdwwuwxayolgleuusgbwkkpsp/Build/Intermediates.noindex/type.build/Debug/type.build/Objects-normal/x86_64/TypeStyleTheme.o -o /Users/chaalpritam/Library/Developer/Xcode/DerivedData/type-aackdwwuwxayolgleuusgbwkkpsp/Build/Intermediates.noindex/type.build/Debug/type.build/Objects-normal/x86_64/KeyboardShortcutsManager.o -o /Users/chaalpritam/Library/Developer/Xcode/DerivedData/type-aackdwwuwxayolgleuusgbwkkpsp/Build/Intermediates.noindex/type.build/Debug/type.build/Objects-normal/x86_64/SceneEditViews.o -o /Users/chaalpritam/Library/Developer/Xcode/DerivedData/type-aackdwwuwxayolgleuusgbwkkpsp/Build/Intermediates.noindex/type.build/Debug/type.build/Objects-normal/x86_64/typeApp.o -o /Users/chaalpritam/Library/Developer/Xcode/DerivedData/type-aackdwwuwxayolgleuusgbwkkpsp/Build/Intermediates.noindex/type.build/Debug/type.build/Objects-normal/x86_64/GeneratedAssetSymbols.o -index-unit-output-path /type.build/Debug/type.build/Objects-normal/x86_64/TypeStyleComponents.o -index-unit-output-path /type.build/Debug/type.build/Objects-normal/x86_64/TypeStyleTheme.o -index-unit-output-path /type.build/Debug/type.build/Objects-normal/x86_64/KeyboardShortcutsManager.o -index-unit-output-path /type.build/Debug/type.build/Objects-normal/x86_64/SceneEditViews.o -index-unit-output-path /type.build/Debug/type.build/Objects-normal/x86_64/typeApp.o -index-unit-output-path /type.build/Debug/type.build/Objects-normal/x86_64/GeneratedAssetSymbols.o -index-store-path /Users/chaalpritam/Library/Developer/Xcode/DerivedData/type-aackdwwuwxayolgleuusgbwkkpsp/Index.noindex/DataStore -index-system-modules

SwiftCompile normal x86_64 /Users/chaalpritam/Blockbase/type/type/Utils/KeyboardShortcutsManager.swift (in target 'type' from project 'type')
    cd /Users/chaalpritam/Blockbase/type
    /Applications/Xcode.app/Contents/Developer/Toolchains/XcodeDefault.xctoolchain/usr/bin/swift-frontend -c /Users/chaalpritam/Blockbase/type/type/Core/AppCoordinator.swift /Users/chaalpritam/Blockbase/type/type/Core/ModuleCoordinator.swift /Users/chaalpritam/Blockbase/type/type/Data/CharacterModels.swift /Users/chaalpritam/Blockbase/type/type/Data/OutlineModels.swift /Users/chaalpritam/Blockbase/type/type/Data/SceneModels.swift /Users/chaalpritam/Blockbase/type/type/Data/ScreenplayDocument.swift /Users/chaalpritam/Blockbase/type/type/Data/TimelineModels.swift /Users/chaalpritam/Blockbase/type/type/Features/Characters/CharacterCoordinator.swift /Users/chaalpritam/Blockbase/type/type/Features/Characters/CharacterDatabase.swift /Users/chaalpritam/Blockbase/type/type/Features/Characters/CharacterDetailViews.swift /Users/chaalpritam/Blockbase/type/type/Features/Characters/CharacterDetailViews2.swift /Users/chaalpritam/Blockbase/type/type/Features/Characters/CharacterEditViews.swift /Users/chaalpritam/Blockbase/type/type/Features/Characters/CharacterViews.swift /Users/chaalpritam/Blockbase/type/type/Features/Collaboration/CollaborationCoordinator.swift /Users/chaalpritam/Blockbase/type/type/Features/Collaboration/CollaborationManager.swift /Users/chaalpritam/Blockbase/type/type/Features/Collaboration/CollaborationViews.swift /Users/chaalpritam/Blockbase/type/type/Features/Editor/AdvancedEditorFeatures.swift /Users/chaalpritam/Blockbase/type/type/Features/Editor/AutoCompletionManager.swift /Users/chaalpritam/Blockbase/type/type/Features/Editor/CodeFoldingManager.swift /Users/chaalpritam/Blockbase/type/type/Features/Editor/EditorCoordinator.swift /Users/chaalpritam/Blockbase/type/type/Features/Editor/EnhancedFountainTextEditor.swift /Users/chaalpritam/Blockbase/type/type/Features/Editor/FindReplaceView.swift /Users/chaalpritam/Blockbase/type/type/Features/Editor/FountainHelpView.swift /Users/chaalpritam/Blockbase/type/type/Features/Editor/FountainParser.swift /Users/chaalpritam/Blockbase/type/type/Features/Editor/FountainSyntaxHighlighter.swift /Users/chaalpritam/Blockbase/type/type/Features/Editor/FountainTemplate.swift /Users/chaalpritam/Blockbase/type/type/Features/Editor/FountainTextEditor.swift /Users/chaalpritam/Blockbase/type/type/Features/Editor/MinimapView.swift /Users/chaalpritam/Blockbase/type/type/Features/Editor/MultipleCursorsTextEditor.swift /Users/chaalpritam/Blockbase/type/type/Features/Editor/ScreenplayPreview.swift /Users/chaalpritam/Blockbase/type/type/Features/Editor/SmartFormattingManager.swift /Users/chaalpritam/Blockbase/type/type/Features/Editor/SpellCheckTextEditor.swift /Users/chaalpritam/Blockbase/type/type/Features/Editor/TextHistoryManager.swift /Users/chaalpritam/Blockbase/type/type/Features/File/FileCoordinator.swift /Users/chaalpritam/Blockbase/type/type/Features/Outline/OutlineCoordinator.swift /Users/chaalpritam/Blockbase/type/type/Features/Outline/OutlineDatabase.swift /Users/chaalpritam/Blockbase/type/type/Features/Outline/OutlineDetailViews.swift /Users/chaalpritam/Blockbase/type/type/Features/Outline/OutlineViews.swift /Users/chaalpritam/Blockbase/type/type/Features/Scenes/SceneDatabase.swift /Users/chaalpritam/Blockbase/type/type/Features/Scenes/SceneDetailViews.swift /Users/chaalpritam/Blockbase/type/type/Features/Scenes/SceneViews.swift /Users/chaalpritam/Blockbase/type/type/Features/StoryProtocol/StoryProtocolCoordinator.swift /Users/chaalpritam/Blockbase/type/type/Features/StoryProtocol/StoryProtocolViews.swift /Users/chaalpritam/Blockbase/type/type/Features/Timeline/TimelineDatabase.swift /Users/chaalpritam/Blockbase/type/type/Features/Timeline/TimelineViews.swift /Users/chaalpritam/Blockbase/type/type/Features/Welcome/WelcomeView.swift /Users/chaalpritam/Blockbase/type/type/Services/DocumentService.swift /Users/chaalpritam/Blockbase/type/type/Services/FileManagementService.swift /Users/chaalpritam/Blockbase/type/type/Services/FileManager.swift /Users/chaalpritam/Blockbase/type/type/Services/SettingsService.swift /Users/chaalpritam/Blockbase/type/type/Services/StatisticsService.swift /Users/chaalpritam/Blockbase/type/type/Services/StoryProtocolService.swift /Users/chaalpritam/Blockbase/type/type/Shared/ModalLayout.swift /Users/chaalpritam/Blockbase/type/type/UI/EnhancedAppleComponents.swift /Users/chaalpritam/Blockbase/type/type/UI/ModularAppView.swift /Users/chaalpritam/Blockbase/type/type/UI/TemplateSelectorView.swift /Users/chaalpritam/Blockbase/type/type/UI/TypeStyleAppView.swift -primary-file /Users/chaalpritam/Blockbase/type/type/UI/TypeStyleComponents.swift -primary-file /Users/chaalpritam/Blockbase/type/type/UI/TypeStyleTheme.swift -primary-file /Users/chaalpritam/Blockbase/type/type/Utils/KeyboardShortcutsManager.swift -primary-file /Users/chaalpritam/Blockbase/type/type/SceneEditViews.swift -primary-file /Users/chaalpritam/Blockbase/type/type/typeApp.swift -primary-file /Users/chaalpritam/Library/Developer/Xcode/DerivedData/type-aackdwwuwxayolgleuusgbwkkpsp/Build/Intermediates.noindex/type.build/Debug/type.build/DerivedSources/GeneratedAssetSymbols.swift -supplementary-output-file-map /Users/chaalpritam/Library/Developer/Xcode/DerivedData/type-aackdwwuwxayolgleuusgbwkkpsp/Build/Intermediates.noindex/type.build/Debug/type.build/Objects-normal/x86_64/supplementaryOutputs-10 -emit-localized-strings -emit-localized-strings-path /Users/chaalpritam/Library/Developer/Xcode/DerivedData/type-aackdwwuwxayolgleuusgbwkkpsp/Build/Intermediates.noindex/type.build/Debug/type.build/Objects-normal/x86_64 -target x86_64-apple-macos15.0 -enable-objc-interop -stack-check -sdk /Applications/Xcode.app/Contents/Developer/Platforms/MacOSX.platform/Developer/SDKs/MacOSX15.1.sdk -I /Users/chaalpritam/Library/Developer/Xcode/DerivedData/type-aackdwwuwxayolgleuusgbwkkpsp/Build/Products/Debug -F /Users/chaalpritam/Library/Developer/Xcode/DerivedData/type-aackdwwuwxayolgleuusgbwkkpsp/Build/Products/Debug -no-color-diagnostics -enable-testing -g -debug-info-format\=dwarf -dwarf-version\=5 -module-cache-path /Users/chaalpritam/Library/Developer/Xcode/DerivedData/ModuleCache.noindex -profile-generate -profile-coverage-mapping -swift-version 5 -enforce-exclusivity\=checked -Onone -D DEBUG -serialize-debugging-options -const-gather-protocols-file /Users/chaalpritam/Library/Developer/Xcode/DerivedData/type-aackdwwuwxayolgleuusgbwkkpsp/Build/Intermediates.noindex/type.build/Debug/type.build/Objects-normal/x86_64/type_const_extract_protocols.json -enable-experimental-feature DebugDescriptionMacro -enable-experimental-feature OpaqueTypeErasure -enable-bare-slash-regex -empty-abi-descriptor -validate-clang-modules-once -clang-build-session-file /Users/chaalpritam/Library/Developer/Xcode/DerivedData/ModuleCache.noindex/Session.modulevalidation -Xcc -working-directory -Xcc /Users/chaalpritam/Blockbase/type -resource-dir /Applications/Xcode.app/Contents/Developer/Toolchains/XcodeDefault.xctoolchain/usr/lib/swift -enable-anonymous-context-mangled-names -file-compilation-dir /Users/chaalpritam/Blockbase/type -Xcc -D_LIBCPP_HARDENING_MODE\=_LIBCPP_HARDENING_MODE_DEBUG -Xcc -ivfsstatcache -Xcc /Users/chaalpritam/Library/Developer/Xcode/DerivedData/SDKStatCaches.noindex/macosx15.1-24B75-26c8390a7c93c703a57fb2538426748e.sdkstatcache -Xcc -I/Users/chaalpritam/Library/Developer/Xcode/DerivedData/type-aackdwwuwxayolgleuusgbwkkpsp/Build/Intermediates.noindex/type.build/Debug/type.build/swift-overrides.hmap -Xcc -iquote -Xcc /Users/chaalpritam/Library/Developer/Xcode/DerivedData/type-aackdwwuwxayolgleuusgbwkkpsp/Build/Intermediates.noindex/type.build/Debug/type.build/type-generated-files.hmap -Xcc -I/Users/chaalpritam/Library/Developer/Xcode/DerivedData/type-aackdwwuwxayolgleuusgbwkkpsp/Build/Intermediates.noindex/type.build/Debug/type.build/type-own-target-headers.hmap -Xcc -I/Users/chaalpritam/Library/Developer/Xcode/DerivedData/type-aackdwwuwxayolgleuusgbwkkpsp/Build/Intermediates.noindex/type.build/Debug/type.build/type-all-target-headers.hmap -Xcc -iquote -Xcc /Users/chaalpritam/Library/Developer/Xcode/DerivedData/type-aackdwwuwxayolgleuusgbwkkpsp/Build/Intermediates.noindex/type.build/Debug/type.build/type-project-headers.hmap -Xcc -I/Users/chaalpritam/Library/Developer/Xcode/DerivedData/type-aackdwwuwxayolgleuusgbwkkpsp/Build/Products/Debug/include -Xcc -I/Users/chaalpritam/Library/Developer/Xcode/DerivedData/type-aackdwwuwxayolgleuusgbwkkpsp/Build/Intermediates.noindex/type.build/Debug/type.build/DerivedSources-normal/x86_64 -Xcc -I/Users/chaalpritam/Library/Developer/Xcode/DerivedData/type-aackdwwuwxayolgleuusgbwkkpsp/Build/Intermediates.noindex/type.build/Debug/type.build/DerivedSources/x86_64 -Xcc -I/Users/chaalpritam/Library/Developer/Xcode/DerivedData/type-aackdwwuwxayolgleuusgbwkkpsp/Build/Intermediates.noindex/type.build/Debug/type.build/DerivedSources -Xcc -DDEBUG\=1 -module-name type -frontend-parseable-output -disable-clang-spi -target-sdk-version 15.1 -target-sdk-name macosx15.1 -external-plugin-path /Applications/Xcode.app/Contents/Developer/Platforms/MacOSX.platform/Developer/usr/lib/swift/host/plugins\#/Applications/Xcode.app/Contents/Developer/Platforms/MacOSX.platform/Developer/usr/bin/swift-plugin-server -external-plugin-path /Applications/Xcode.app/Contents/Developer/Platforms/MacOSX.platform/Developer/usr/local/lib/swift/host/plugins\#/Applications/Xcode.app/Contents/Developer/Platforms/MacOSX.platform/Developer/usr/bin/swift-plugin-server -plugin-path /Applications/Xcode.app/Contents/Developer/Toolchains/XcodeDefault.xctoolchain/usr/lib/swift/host/plugins -plugin-path /Applications/Xcode.app/Contents/Developer/Toolchains/XcodeDefault.xctoolchain/usr/local/lib/swift/host/plugins -o /Users/chaalpritam/Library/Developer/Xcode/DerivedData/type-aackdwwuwxayolgleuusgbwkkpsp/Build/Intermediates.noindex/type.build/Debug/type.build/Objects-normal/x86_64/TypeStyleComponents.o -o /Users/chaalpritam/Library/Developer/Xcode/DerivedData/type-aackdwwuwxayolgleuusgbwkkpsp/Build/Intermediates.noindex/type.build/Debug/type.build/Objects-normal/x86_64/TypeStyleTheme.o -o /Users/chaalpritam/Library/Developer/Xcode/DerivedData/type-aackdwwuwxayolgleuusgbwkkpsp/Build/Intermediates.noindex/type.build/Debug/type.build/Objects-normal/x86_64/KeyboardShortcutsManager.o -o /Users/chaalpritam/Library/Developer/Xcode/DerivedData/type-aackdwwuwxayolgleuusgbwkkpsp/Build/Intermediates.noindex/type.build/Debug/type.build/Objects-normal/x86_64/SceneEditViews.o -o /Users/chaalpritam/Library/Developer/Xcode/DerivedData/type-aackdwwuwxayolgleuusgbwkkpsp/Build/Intermediates.noindex/type.build/Debug/type.build/Objects-normal/x86_64/typeApp.o -o /Users/chaalpritam/Library/Developer/Xcode/DerivedData/type-aackdwwuwxayolgleuusgbwkkpsp/Build/Intermediates.noindex/type.build/Debug/type.build/Objects-normal/x86_64/GeneratedAssetSymbols.o -index-unit-output-path /type.build/Debug/type.build/Objects-normal/x86_64/TypeStyleComponents.o -index-unit-output-path /type.build/Debug/type.build/Objects-normal/x86_64/TypeStyleTheme.o -index-unit-output-path /type.build/Debug/type.build/Objects-normal/x86_64/KeyboardShortcutsManager.o -index-unit-output-path /type.build/Debug/type.build/Objects-normal/x86_64/SceneEditViews.o -index-unit-output-path /type.build/Debug/type.build/Objects-normal/x86_64/typeApp.o -index-unit-output-path /type.build/Debug/type.build/Objects-normal/x86_64/GeneratedAssetSymbols.o -index-store-path /Users/chaalpritam/Library/Developer/Xcode/DerivedData/type-aackdwwuwxayolgleuusgbwkkpsp/Index.noindex/DataStore -index-system-modules

SwiftCompile normal x86_64 /Users/chaalpritam/Blockbase/type/type/SceneEditViews.swift (in target 'type' from project 'type')
    cd /Users/chaalpritam/Blockbase/type
    /Applications/Xcode.app/Contents/Developer/Toolchains/XcodeDefault.xctoolchain/usr/bin/swift-frontend -c /Users/chaalpritam/Blockbase/type/type/Core/AppCoordinator.swift /Users/chaalpritam/Blockbase/type/type/Core/ModuleCoordinator.swift /Users/chaalpritam/Blockbase/type/type/Data/CharacterModels.swift /Users/chaalpritam/Blockbase/type/type/Data/OutlineModels.swift /Users/chaalpritam/Blockbase/type/type/Data/SceneModels.swift /Users/chaalpritam/Blockbase/type/type/Data/ScreenplayDocument.swift /Users/chaalpritam/Blockbase/type/type/Data/TimelineModels.swift /Users/chaalpritam/Blockbase/type/type/Features/Characters/CharacterCoordinator.swift /Users/chaalpritam/Blockbase/type/type/Features/Characters/CharacterDatabase.swift /Users/chaalpritam/Blockbase/type/type/Features/Characters/CharacterDetailViews.swift /Users/chaalpritam/Blockbase/type/type/Features/Characters/CharacterDetailViews2.swift /Users/chaalpritam/Blockbase/type/type/Features/Characters/CharacterEditViews.swift /Users/chaalpritam/Blockbase/type/type/Features/Characters/CharacterViews.swift /Users/chaalpritam/Blockbase/type/type/Features/Collaboration/CollaborationCoordinator.swift /Users/chaalpritam/Blockbase/type/type/Features/Collaboration/CollaborationManager.swift /Users/chaalpritam/Blockbase/type/type/Features/Collaboration/CollaborationViews.swift /Users/chaalpritam/Blockbase/type/type/Features/Editor/AdvancedEditorFeatures.swift /Users/chaalpritam/Blockbase/type/type/Features/Editor/AutoCompletionManager.swift /Users/chaalpritam/Blockbase/type/type/Features/Editor/CodeFoldingManager.swift /Users/chaalpritam/Blockbase/type/type/Features/Editor/EditorCoordinator.swift /Users/chaalpritam/Blockbase/type/type/Features/Editor/EnhancedFountainTextEditor.swift /Users/chaalpritam/Blockbase/type/type/Features/Editor/FindReplaceView.swift /Users/chaalpritam/Blockbase/type/type/Features/Editor/FountainHelpView.swift /Users/chaalpritam/Blockbase/type/type/Features/Editor/FountainParser.swift /Users/chaalpritam/Blockbase/type/type/Features/Editor/FountainSyntaxHighlighter.swift /Users/chaalpritam/Blockbase/type/type/Features/Editor/FountainTemplate.swift /Users/chaalpritam/Blockbase/type/type/Features/Editor/FountainTextEditor.swift /Users/chaalpritam/Blockbase/type/type/Features/Editor/MinimapView.swift /Users/chaalpritam/Blockbase/type/type/Features/Editor/MultipleCursorsTextEditor.swift /Users/chaalpritam/Blockbase/type/type/Features/Editor/ScreenplayPreview.swift /Users/chaalpritam/Blockbase/type/type/Features/Editor/SmartFormattingManager.swift /Users/chaalpritam/Blockbase/type/type/Features/Editor/SpellCheckTextEditor.swift /Users/chaalpritam/Blockbase/type/type/Features/Editor/TextHistoryManager.swift /Users/chaalpritam/Blockbase/type/type/Features/File/FileCoordinator.swift /Users/chaalpritam/Blockbase/type/type/Features/Outline/OutlineCoordinator.swift /Users/chaalpritam/Blockbase/type/type/Features/Outline/OutlineDatabase.swift /Users/chaalpritam/Blockbase/type/type/Features/Outline/OutlineDetailViews.swift /Users/chaalpritam/Blockbase/type/type/Features/Outline/OutlineViews.swift /Users/chaalpritam/Blockbase/type/type/Features/Scenes/SceneDatabase.swift /Users/chaalpritam/Blockbase/type/type/Features/Scenes/SceneDetailViews.swift /Users/chaalpritam/Blockbase/type/type/Features/Scenes/SceneViews.swift /Users/chaalpritam/Blockbase/type/type/Features/StoryProtocol/StoryProtocolCoordinator.swift /Users/chaalpritam/Blockbase/type/type/Features/StoryProtocol/StoryProtocolViews.swift /Users/chaalpritam/Blockbase/type/type/Features/Timeline/TimelineDatabase.swift /Users/chaalpritam/Blockbase/type/type/Features/Timeline/TimelineViews.swift /Users/chaalpritam/Blockbase/type/type/Features/Welcome/WelcomeView.swift /Users/chaalpritam/Blockbase/type/type/Services/DocumentService.swift /Users/chaalpritam/Blockbase/type/type/Services/FileManagementService.swift /Users/chaalpritam/Blockbase/type/type/Services/FileManager.swift /Users/chaalpritam/Blockbase/type/type/Services/SettingsService.swift /Users/chaalpritam/Blockbase/type/type/Services/StatisticsService.swift /Users/chaalpritam/Blockbase/type/type/Services/StoryProtocolService.swift /Users/chaalpritam/Blockbase/type/type/Shared/ModalLayout.swift /Users/chaalpritam/Blockbase/type/type/UI/EnhancedAppleComponents.swift /Users/chaalpritam/Blockbase/type/type/UI/ModularAppView.swift /Users/chaalpritam/Blockbase/type/type/UI/TemplateSelectorView.swift /Users/chaalpritam/Blockbase/type/type/UI/TypeStyleAppView.swift -primary-file /Users/chaalpritam/Blockbase/type/type/UI/TypeStyleComponents.swift -primary-file /Users/chaalpritam/Blockbase/type/type/UI/TypeStyleTheme.swift -primary-file /Users/chaalpritam/Blockbase/type/type/Utils/KeyboardShortcutsManager.swift -primary-file /Users/chaalpritam/Blockbase/type/type/SceneEditViews.swift -primary-file /Users/chaalpritam/Blockbase/type/type/typeApp.swift -primary-file /Users/chaalpritam/Library/Developer/Xcode/DerivedData/type-aackdwwuwxayolgleuusgbwkkpsp/Build/Intermediates.noindex/type.build/Debug/type.build/DerivedSources/GeneratedAssetSymbols.swift -supplementary-output-file-map /Users/chaalpritam/Library/Developer/Xcode/DerivedData/type-aackdwwuwxayolgleuusgbwkkpsp/Build/Intermediates.noindex/type.build/Debug/type.build/Objects-normal/x86_64/supplementaryOutputs-10 -emit-localized-strings -emit-localized-strings-path /Users/chaalpritam/Library/Developer/Xcode/DerivedData/type-aackdwwuwxayolgleuusgbwkkpsp/Build/Intermediates.noindex/type.build/Debug/type.build/Objects-normal/x86_64 -target x86_64-apple-macos15.0 -enable-objc-interop -stack-check -sdk /Applications/Xcode.app/Contents/Developer/Platforms/MacOSX.platform/Developer/SDKs/MacOSX15.1.sdk -I /Users/chaalpritam/Library/Developer/Xcode/DerivedData/type-aackdwwuwxayolgleuusgbwkkpsp/Build/Products/Debug -F /Users/chaalpritam/Library/Developer/Xcode/DerivedData/type-aackdwwuwxayolgleuusgbwkkpsp/Build/Products/Debug -no-color-diagnostics -enable-testing -g -debug-info-format\=dwarf -dwarf-version\=5 -module-cache-path /Users/chaalpritam/Library/Developer/Xcode/DerivedData/ModuleCache.noindex -profile-generate -profile-coverage-mapping -swift-version 5 -enforce-exclusivity\=checked -Onone -D DEBUG -serialize-debugging-options -const-gather-protocols-file /Users/chaalpritam/Library/Developer/Xcode/DerivedData/type-aackdwwuwxayolgleuusgbwkkpsp/Build/Intermediates.noindex/type.build/Debug/type.build/Objects-normal/x86_64/type_const_extract_protocols.json -enable-experimental-feature DebugDescriptionMacro -enable-experimental-feature OpaqueTypeErasure -enable-bare-slash-regex -empty-abi-descriptor -validate-clang-modules-once -clang-build-session-file /Users/chaalpritam/Library/Developer/Xcode/DerivedData/ModuleCache.noindex/Session.modulevalidation -Xcc -working-directory -Xcc /Users/chaalpritam/Blockbase/type -resource-dir /Applications/Xcode.app/Contents/Developer/Toolchains/XcodeDefault.xctoolchain/usr/lib/swift -enable-anonymous-context-mangled-names -file-compilation-dir /Users/chaalpritam/Blockbase/type -Xcc -D_LIBCPP_HARDENING_MODE\=_LIBCPP_HARDENING_MODE_DEBUG -Xcc -ivfsstatcache -Xcc /Users/chaalpritam/Library/Developer/Xcode/DerivedData/SDKStatCaches.noindex/macosx15.1-24B75-26c8390a7c93c703a57fb2538426748e.sdkstatcache -Xcc -I/Users/chaalpritam/Library/Developer/Xcode/DerivedData/type-aackdwwuwxayolgleuusgbwkkpsp/Build/Intermediates.noindex/type.build/Debug/type.build/swift-overrides.hmap -Xcc -iquote -Xcc /Users/chaalpritam/Library/Developer/Xcode/DerivedData/type-aackdwwuwxayolgleuusgbwkkpsp/Build/Intermediates.noindex/type.build/Debug/type.build/type-generated-files.hmap -Xcc -I/Users/chaalpritam/Library/Developer/Xcode/DerivedData/type-aackdwwuwxayolgleuusgbwkkpsp/Build/Intermediates.noindex/type.build/Debug/type.build/type-own-target-headers.hmap -Xcc -I/Users/chaalpritam/Library/Developer/Xcode/DerivedData/type-aackdwwuwxayolgleuusgbwkkpsp/Build/Intermediates.noindex/type.build/Debug/type.build/type-all-target-headers.hmap -Xcc -iquote -Xcc /Users/chaalpritam/Library/Developer/Xcode/DerivedData/type-aackdwwuwxayolgleuusgbwkkpsp/Build/Intermediates.noindex/type.build/Debug/type.build/type-project-headers.hmap -Xcc -I/Users/chaalpritam/Library/Developer/Xcode/DerivedData/type-aackdwwuwxayolgleuusgbwkkpsp/Build/Products/Debug/include -Xcc -I/Users/chaalpritam/Library/Developer/Xcode/DerivedData/type-aackdwwuwxayolgleuusgbwkkpsp/Build/Intermediates.noindex/type.build/Debug/type.build/DerivedSources-normal/x86_64 -Xcc -I/Users/chaalpritam/Library/Developer/Xcode/DerivedData/type-aackdwwuwxayolgleuusgbwkkpsp/Build/Intermediates.noindex/type.build/Debug/type.build/DerivedSources/x86_64 -Xcc -I/Users/chaalpritam/Library/Developer/Xcode/DerivedData/type-aackdwwuwxayolgleuusgbwkkpsp/Build/Intermediates.noindex/type.build/Debug/type.build/DerivedSources -Xcc -DDEBUG\=1 -module-name type -frontend-parseable-output -disable-clang-spi -target-sdk-version 15.1 -target-sdk-name macosx15.1 -external-plugin-path /Applications/Xcode.app/Contents/Developer/Platforms/MacOSX.platform/Developer/usr/lib/swift/host/plugins\#/Applications/Xcode.app/Contents/Developer/Platforms/MacOSX.platform/Developer/usr/bin/swift-plugin-server -external-plugin-path /Applications/Xcode.app/Contents/Developer/Platforms/MacOSX.platform/Developer/usr/local/lib/swift/host/plugins\#/Applications/Xcode.app/Contents/Developer/Platforms/MacOSX.platform/Developer/usr/bin/swift-plugin-server -plugin-path /Applications/Xcode.app/Contents/Developer/Toolchains/XcodeDefault.xctoolchain/usr/lib/swift/host/plugins -plugin-path /Applications/Xcode.app/Contents/Developer/Toolchains/XcodeDefault.xctoolchain/usr/local/lib/swift/host/plugins -o /Users/chaalpritam/Library/Developer/Xcode/DerivedData/type-aackdwwuwxayolgleuusgbwkkpsp/Build/Intermediates.noindex/type.build/Debug/type.build/Objects-normal/x86_64/TypeStyleComponents.o -o /Users/chaalpritam/Library/Developer/Xcode/DerivedData/type-aackdwwuwxayolgleuusgbwkkpsp/Build/Intermediates.noindex/type.build/Debug/type.build/Objects-normal/x86_64/TypeStyleTheme.o -o /Users/chaalpritam/Library/Developer/Xcode/DerivedData/type-aackdwwuwxayolgleuusgbwkkpsp/Build/Intermediates.noindex/type.build/Debug/type.build/Objects-normal/x86_64/KeyboardShortcutsManager.o -o /Users/chaalpritam/Library/Developer/Xcode/DerivedData/type-aackdwwuwxayolgleuusgbwkkpsp/Build/Intermediates.noindex/type.build/Debug/type.build/Objects-normal/x86_64/SceneEditViews.o -o /Users/chaalpritam/Library/Developer/Xcode/DerivedData/type-aackdwwuwxayolgleuusgbwkkpsp/Build/Intermediates.noindex/type.build/Debug/type.build/Objects-normal/x86_64/typeApp.o -o /Users/chaalpritam/Library/Developer/Xcode/DerivedData/type-aackdwwuwxayolgleuusgbwkkpsp/Build/Intermediates.noindex/type.build/Debug/type.build/Objects-normal/x86_64/GeneratedAssetSymbols.o -index-unit-output-path /type.build/Debug/type.build/Objects-normal/x86_64/TypeStyleComponents.o -index-unit-output-path /type.build/Debug/type.build/Objects-normal/x86_64/TypeStyleTheme.o -index-unit-output-path /type.build/Debug/type.build/Objects-normal/x86_64/KeyboardShortcutsManager.o -index-unit-output-path /type.build/Debug/type.build/Objects-normal/x86_64/SceneEditViews.o -index-unit-output-path /type.build/Debug/type.build/Objects-normal/x86_64/typeApp.o -index-unit-output-path /type.build/Debug/type.build/Objects-normal/x86_64/GeneratedAssetSymbols.o -index-store-path /Users/chaalpritam/Library/Developer/Xcode/DerivedData/type-aackdwwuwxayolgleuusgbwkkpsp/Index.noindex/DataStore -index-system-modules

SwiftCompile normal x86_64 /Users/chaalpritam/Blockbase/type/type/typeApp.swift (in target 'type' from project 'type')
    cd /Users/chaalpritam/Blockbase/type
    /Applications/Xcode.app/Contents/Developer/Toolchains/XcodeDefault.xctoolchain/usr/bin/swift-frontend -c /Users/chaalpritam/Blockbase/type/type/Core/AppCoordinator.swift /Users/chaalpritam/Blockbase/type/type/Core/ModuleCoordinator.swift /Users/chaalpritam/Blockbase/type/type/Data/CharacterModels.swift /Users/chaalpritam/Blockbase/type/type/Data/OutlineModels.swift /Users/chaalpritam/Blockbase/type/type/Data/SceneModels.swift /Users/chaalpritam/Blockbase/type/type/Data/ScreenplayDocument.swift /Users/chaalpritam/Blockbase/type/type/Data/TimelineModels.swift /Users/chaalpritam/Blockbase/type/type/Features/Characters/CharacterCoordinator.swift /Users/chaalpritam/Blockbase/type/type/Features/Characters/CharacterDatabase.swift /Users/chaalpritam/Blockbase/type/type/Features/Characters/CharacterDetailViews.swift /Users/chaalpritam/Blockbase/type/type/Features/Characters/CharacterDetailViews2.swift /Users/chaalpritam/Blockbase/type/type/Features/Characters/CharacterEditViews.swift /Users/chaalpritam/Blockbase/type/type/Features/Characters/CharacterViews.swift /Users/chaalpritam/Blockbase/type/type/Features/Collaboration/CollaborationCoordinator.swift /Users/chaalpritam/Blockbase/type/type/Features/Collaboration/CollaborationManager.swift /Users/chaalpritam/Blockbase/type/type/Features/Collaboration/CollaborationViews.swift /Users/chaalpritam/Blockbase/type/type/Features/Editor/AdvancedEditorFeatures.swift /Users/chaalpritam/Blockbase/type/type/Features/Editor/AutoCompletionManager.swift /Users/chaalpritam/Blockbase/type/type/Features/Editor/CodeFoldingManager.swift /Users/chaalpritam/Blockbase/type/type/Features/Editor/EditorCoordinator.swift /Users/chaalpritam/Blockbase/type/type/Features/Editor/EnhancedFountainTextEditor.swift /Users/chaalpritam/Blockbase/type/type/Features/Editor/FindReplaceView.swift /Users/chaalpritam/Blockbase/type/type/Features/Editor/FountainHelpView.swift /Users/chaalpritam/Blockbase/type/type/Features/Editor/FountainParser.swift /Users/chaalpritam/Blockbase/type/type/Features/Editor/FountainSyntaxHighlighter.swift /Users/chaalpritam/Blockbase/type/type/Features/Editor/FountainTemplate.swift /Users/chaalpritam/Blockbase/type/type/Features/Editor/FountainTextEditor.swift /Users/chaalpritam/Blockbase/type/type/Features/Editor/MinimapView.swift /Users/chaalpritam/Blockbase/type/type/Features/Editor/MultipleCursorsTextEditor.swift /Users/chaalpritam/Blockbase/type/type/Features/Editor/ScreenplayPreview.swift /Users/chaalpritam/Blockbase/type/type/Features/Editor/SmartFormattingManager.swift /Users/chaalpritam/Blockbase/type/type/Features/Editor/SpellCheckTextEditor.swift /Users/chaalpritam/Blockbase/type/type/Features/Editor/TextHistoryManager.swift /Users/chaalpritam/Blockbase/type/type/Features/File/FileCoordinator.swift /Users/chaalpritam/Blockbase/type/type/Features/Outline/OutlineCoordinator.swift /Users/chaalpritam/Blockbase/type/type/Features/Outline/OutlineDatabase.swift /Users/chaalpritam/Blockbase/type/type/Features/Outline/OutlineDetailViews.swift /Users/chaalpritam/Blockbase/type/type/Features/Outline/OutlineViews.swift /Users/chaalpritam/Blockbase/type/type/Features/Scenes/SceneDatabase.swift /Users/chaalpritam/Blockbase/type/type/Features/Scenes/SceneDetailViews.swift /Users/chaalpritam/Blockbase/type/type/Features/Scenes/SceneViews.swift /Users/chaalpritam/Blockbase/type/type/Features/StoryProtocol/StoryProtocolCoordinator.swift /Users/chaalpritam/Blockbase/type/type/Features/StoryProtocol/StoryProtocolViews.swift /Users/chaalpritam/Blockbase/type/type/Features/Timeline/TimelineDatabase.swift /Users/chaalpritam/Blockbase/type/type/Features/Timeline/TimelineViews.swift /Users/chaalpritam/Blockbase/type/type/Features/Welcome/WelcomeView.swift /Users/chaalpritam/Blockbase/type/type/Services/DocumentService.swift /Users/chaalpritam/Blockbase/type/type/Services/FileManagementService.swift /Users/chaalpritam/Blockbase/type/type/Services/FileManager.swift /Users/chaalpritam/Blockbase/type/type/Services/SettingsService.swift /Users/chaalpritam/Blockbase/type/type/Services/StatisticsService.swift /Users/chaalpritam/Blockbase/type/type/Services/StoryProtocolService.swift /Users/chaalpritam/Blockbase/type/type/Shared/ModalLayout.swift /Users/chaalpritam/Blockbase/type/type/UI/EnhancedAppleComponents.swift /Users/chaalpritam/Blockbase/type/type/UI/ModularAppView.swift /Users/chaalpritam/Blockbase/type/type/UI/TemplateSelectorView.swift /Users/chaalpritam/Blockbase/type/type/UI/TypeStyleAppView.swift -primary-file /Users/chaalpritam/Blockbase/type/type/UI/TypeStyleComponents.swift -primary-file /Users/chaalpritam/Blockbase/type/type/UI/TypeStyleTheme.swift -primary-file /Users/chaalpritam/Blockbase/type/type/Utils/KeyboardShortcutsManager.swift -primary-file /Users/chaalpritam/Blockbase/type/type/SceneEditViews.swift -primary-file /Users/chaalpritam/Blockbase/type/type/typeApp.swift -primary-file /Users/chaalpritam/Library/Developer/Xcode/DerivedData/type-aackdwwuwxayolgleuusgbwkkpsp/Build/Intermediates.noindex/type.build/Debug/type.build/DerivedSources/GeneratedAssetSymbols.swift -supplementary-output-file-map /Users/chaalpritam/Library/Developer/Xcode/DerivedData/type-aackdwwuwxayolgleuusgbwkkpsp/Build/Intermediates.noindex/type.build/Debug/type.build/Objects-normal/x86_64/supplementaryOutputs-10 -emit-localized-strings -emit-localized-strings-path /Users/chaalpritam/Library/Developer/Xcode/DerivedData/type-aackdwwuwxayolgleuusgbwkkpsp/Build/Intermediates.noindex/type.build/Debug/type.build/Objects-normal/x86_64 -target x86_64-apple-macos15.0 -enable-objc-interop -stack-check -sdk /Applications/Xcode.app/Contents/Developer/Platforms/MacOSX.platform/Developer/SDKs/MacOSX15.1.sdk -I /Users/chaalpritam/Library/Developer/Xcode/DerivedData/type-aackdwwuwxayolgleuusgbwkkpsp/Build/Products/Debug -F /Users/chaalpritam/Library/Developer/Xcode/DerivedData/type-aackdwwuwxayolgleuusgbwkkpsp/Build/Products/Debug -no-color-diagnostics -enable-testing -g -debug-info-format\=dwarf -dwarf-version\=5 -module-cache-path /Users/chaalpritam/Library/Developer/Xcode/DerivedData/ModuleCache.noindex -profile-generate -profile-coverage-mapping -swift-version 5 -enforce-exclusivity\=checked -Onone -D DEBUG -serialize-debugging-options -const-gather-protocols-file /Users/chaalpritam/Library/Developer/Xcode/DerivedData/type-aackdwwuwxayolgleuusgbwkkpsp/Build/Intermediates.noindex/type.build/Debug/type.build/Objects-normal/x86_64/type_const_extract_protocols.json -enable-experimental-feature DebugDescriptionMacro -enable-experimental-feature OpaqueTypeErasure -enable-bare-slash-regex -empty-abi-descriptor -validate-clang-modules-once -clang-build-session-file /Users/chaalpritam/Library/Developer/Xcode/DerivedData/ModuleCache.noindex/Session.modulevalidation -Xcc -working-directory -Xcc /Users/chaalpritam/Blockbase/type -resource-dir /Applications/Xcode.app/Contents/Developer/Toolchains/XcodeDefault.xctoolchain/usr/lib/swift -enable-anonymous-context-mangled-names -file-compilation-dir /Users/chaalpritam/Blockbase/type -Xcc -D_LIBCPP_HARDENING_MODE\=_LIBCPP_HARDENING_MODE_DEBUG -Xcc -ivfsstatcache -Xcc /Users/chaalpritam/Library/Developer/Xcode/DerivedData/SDKStatCaches.noindex/macosx15.1-24B75-26c8390a7c93c703a57fb2538426748e.sdkstatcache -Xcc -I/Users/chaalpritam/Library/Developer/Xcode/DerivedData/type-aackdwwuwxayolgleuusgbwkkpsp/Build/Intermediates.noindex/type.build/Debug/type.build/swift-overrides.hmap -Xcc -iquote -Xcc /Users/chaalpritam/Library/Developer/Xcode/DerivedData/type-aackdwwuwxayolgleuusgbwkkpsp/Build/Intermediates.noindex/type.build/Debug/type.build/type-generated-files.hmap -Xcc -I/Users/chaalpritam/Library/Developer/Xcode/DerivedData/type-aackdwwuwxayolgleuusgbwkkpsp/Build/Intermediates.noindex/type.build/Debug/type.build/type-own-target-headers.hmap -Xcc -I/Users/chaalpritam/Library/Developer/Xcode/DerivedData/type-aackdwwuwxayolgleuusgbwkkpsp/Build/Intermediates.noindex/type.build/Debug/type.build/type-all-target-headers.hmap -Xcc -iquote -Xcc /Users/chaalpritam/Library/Developer/Xcode/DerivedData/type-aackdwwuwxayolgleuusgbwkkpsp/Build/Intermediates.noindex/type.build/Debug/type.build/type-project-headers.hmap -Xcc -I/Users/chaalpritam/Library/Developer/Xcode/DerivedData/type-aackdwwuwxayolgleuusgbwkkpsp/Build/Products/Debug/include -Xcc -I/Users/chaalpritam/Library/Developer/Xcode/DerivedData/type-aackdwwuwxayolgleuusgbwkkpsp/Build/Intermediates.noindex/type.build/Debug/type.build/DerivedSources-normal/x86_64 -Xcc -I/Users/chaalpritam/Library/Developer/Xcode/DerivedData/type-aackdwwuwxayolgleuusgbwkkpsp/Build/Intermediates.noindex/type.build/Debug/type.build/DerivedSources/x86_64 -Xcc -I/Users/chaalpritam/Library/Developer/Xcode/DerivedData/type-aackdwwuwxayolgleuusgbwkkpsp/Build/Intermediates.noindex/type.build/Debug/type.build/DerivedSources -Xcc -DDEBUG\=1 -module-name type -frontend-parseable-output -disable-clang-spi -target-sdk-version 15.1 -target-sdk-name macosx15.1 -external-plugin-path /Applications/Xcode.app/Contents/Developer/Platforms/MacOSX.platform/Developer/usr/lib/swift/host/plugins\#/Applications/Xcode.app/Contents/Developer/Platforms/MacOSX.platform/Developer/usr/bin/swift-plugin-server -external-plugin-path /Applications/Xcode.app/Contents/Developer/Platforms/MacOSX.platform/Developer/usr/local/lib/swift/host/plugins\#/Applications/Xcode.app/Contents/Developer/Platforms/MacOSX.platform/Developer/usr/bin/swift-plugin-server -plugin-path /Applications/Xcode.app/Contents/Developer/Toolchains/XcodeDefault.xctoolchain/usr/lib/swift/host/plugins -plugin-path /Applications/Xcode.app/Contents/Developer/Toolchains/XcodeDefault.xctoolchain/usr/local/lib/swift/host/plugins -o /Users/chaalpritam/Library/Developer/Xcode/DerivedData/type-aackdwwuwxayolgleuusgbwkkpsp/Build/Intermediates.noindex/type.build/Debug/type.build/Objects-normal/x86_64/TypeStyleComponents.o -o /Users/chaalpritam/Library/Developer/Xcode/DerivedData/type-aackdwwuwxayolgleuusgbwkkpsp/Build/Intermediates.noindex/type.build/Debug/type.build/Objects-normal/x86_64/TypeStyleTheme.o -o /Users/chaalpritam/Library/Developer/Xcode/DerivedData/type-aackdwwuwxayolgleuusgbwkkpsp/Build/Intermediates.noindex/type.build/Debug/type.build/Objects-normal/x86_64/KeyboardShortcutsManager.o -o /Users/chaalpritam/Library/Developer/Xcode/DerivedData/type-aackdwwuwxayolgleuusgbwkkpsp/Build/Intermediates.noindex/type.build/Debug/type.build/Objects-normal/x86_64/SceneEditViews.o -o /Users/chaalpritam/Library/Developer/Xcode/DerivedData/type-aackdwwuwxayolgleuusgbwkkpsp/Build/Intermediates.noindex/type.build/Debug/type.build/Objects-normal/x86_64/typeApp.o -o /Users/chaalpritam/Library/Developer/Xcode/DerivedData/type-aackdwwuwxayolgleuusgbwkkpsp/Build/Intermediates.noindex/type.build/Debug/type.build/Objects-normal/x86_64/GeneratedAssetSymbols.o -index-unit-output-path /type.build/Debug/type.build/Objects-normal/x86_64/TypeStyleComponents.o -index-unit-output-path /type.build/Debug/type.build/Objects-normal/x86_64/TypeStyleTheme.o -index-unit-output-path /type.build/Debug/type.build/Objects-normal/x86_64/KeyboardShortcutsManager.o -index-unit-output-path /type.build/Debug/type.build/Objects-normal/x86_64/SceneEditViews.o -index-unit-output-path /type.build/Debug/type.build/Objects-normal/x86_64/typeApp.o -index-unit-output-path /type.build/Debug/type.build/Objects-normal/x86_64/GeneratedAssetSymbols.o -index-store-path /Users/chaalpritam/Library/Developer/Xcode/DerivedData/type-aackdwwuwxayolgleuusgbwkkpsp/Index.noindex/DataStore -index-system-modules

SwiftCompile normal x86_64 /Users/chaalpritam/Library/Developer/Xcode/DerivedData/type-aackdwwuwxayolgleuusgbwkkpsp/Build/Intermediates.noindex/type.build/Debug/type.build/DerivedSources/GeneratedAssetSymbols.swift (in target 'type' from project 'type')
    cd /Users/chaalpritam/Blockbase/type
    /Applications/Xcode.app/Contents/Developer/Toolchains/XcodeDefault.xctoolchain/usr/bin/swift-frontend -c /Users/chaalpritam/Blockbase/type/type/Core/AppCoordinator.swift /Users/chaalpritam/Blockbase/type/type/Core/ModuleCoordinator.swift /Users/chaalpritam/Blockbase/type/type/Data/CharacterModels.swift /Users/chaalpritam/Blockbase/type/type/Data/OutlineModels.swift /Users/chaalpritam/Blockbase/type/type/Data/SceneModels.swift /Users/chaalpritam/Blockbase/type/type/Data/ScreenplayDocument.swift /Users/chaalpritam/Blockbase/type/type/Data/TimelineModels.swift /Users/chaalpritam/Blockbase/type/type/Features/Characters/CharacterCoordinator.swift /Users/chaalpritam/Blockbase/type/type/Features/Characters/CharacterDatabase.swift /Users/chaalpritam/Blockbase/type/type/Features/Characters/CharacterDetailViews.swift /Users/chaalpritam/Blockbase/type/type/Features/Characters/CharacterDetailViews2.swift /Users/chaalpritam/Blockbase/type/type/Features/Characters/CharacterEditViews.swift /Users/chaalpritam/Blockbase/type/type/Features/Characters/CharacterViews.swift /Users/chaalpritam/Blockbase/type/type/Features/Collaboration/CollaborationCoordinator.swift /Users/chaalpritam/Blockbase/type/type/Features/Collaboration/CollaborationManager.swift /Users/chaalpritam/Blockbase/type/type/Features/Collaboration/CollaborationViews.swift /Users/chaalpritam/Blockbase/type/type/Features/Editor/AdvancedEditorFeatures.swift /Users/chaalpritam/Blockbase/type/type/Features/Editor/AutoCompletionManager.swift /Users/chaalpritam/Blockbase/type/type/Features/Editor/CodeFoldingManager.swift /Users/chaalpritam/Blockbase/type/type/Features/Editor/EditorCoordinator.swift /Users/chaalpritam/Blockbase/type/type/Features/Editor/EnhancedFountainTextEditor.swift /Users/chaalpritam/Blockbase/type/type/Features/Editor/FindReplaceView.swift /Users/chaalpritam/Blockbase/type/type/Features/Editor/FountainHelpView.swift /Users/chaalpritam/Blockbase/type/type/Features/Editor/FountainParser.swift /Users/chaalpritam/Blockbase/type/type/Features/Editor/FountainSyntaxHighlighter.swift /Users/chaalpritam/Blockbase/type/type/Features/Editor/FountainTemplate.swift /Users/chaalpritam/Blockbase/type/type/Features/Editor/FountainTextEditor.swift /Users/chaalpritam/Blockbase/type/type/Features/Editor/MinimapView.swift /Users/chaalpritam/Blockbase/type/type/Features/Editor/MultipleCursorsTextEditor.swift /Users/chaalpritam/Blockbase/type/type/Features/Editor/ScreenplayPreview.swift /Users/chaalpritam/Blockbase/type/type/Features/Editor/SmartFormattingManager.swift /Users/chaalpritam/Blockbase/type/type/Features/Editor/SpellCheckTextEditor.swift /Users/chaalpritam/Blockbase/type/type/Features/Editor/TextHistoryManager.swift /Users/chaalpritam/Blockbase/type/type/Features/File/FileCoordinator.swift /Users/chaalpritam/Blockbase/type/type/Features/Outline/OutlineCoordinator.swift /Users/chaalpritam/Blockbase/type/type/Features/Outline/OutlineDatabase.swift /Users/chaalpritam/Blockbase/type/type/Features/Outline/OutlineDetailViews.swift /Users/chaalpritam/Blockbase/type/type/Features/Outline/OutlineViews.swift /Users/chaalpritam/Blockbase/type/type/Features/Scenes/SceneDatabase.swift /Users/chaalpritam/Blockbase/type/type/Features/Scenes/SceneDetailViews.swift /Users/chaalpritam/Blockbase/type/type/Features/Scenes/SceneViews.swift /Users/chaalpritam/Blockbase/type/type/Features/StoryProtocol/StoryProtocolCoordinator.swift /Users/chaalpritam/Blockbase/type/type/Features/StoryProtocol/StoryProtocolViews.swift /Users/chaalpritam/Blockbase/type/type/Features/Timeline/TimelineDatabase.swift /Users/chaalpritam/Blockbase/type/type/Features/Timeline/TimelineViews.swift /Users/chaalpritam/Blockbase/type/type/Features/Welcome/WelcomeView.swift /Users/chaalpritam/Blockbase/type/type/Services/DocumentService.swift /Users/chaalpritam/Blockbase/type/type/Services/FileManagementService.swift /Users/chaalpritam/Blockbase/type/type/Services/FileManager.swift /Users/chaalpritam/Blockbase/type/type/Services/SettingsService.swift /Users/chaalpritam/Blockbase/type/type/Services/StatisticsService.swift /Users/chaalpritam/Blockbase/type/type/Services/StoryProtocolService.swift /Users/chaalpritam/Blockbase/type/type/Shared/ModalLayout.swift /Users/chaalpritam/Blockbase/type/type/UI/EnhancedAppleComponents.swift /Users/chaalpritam/Blockbase/type/type/UI/ModularAppView.swift /Users/chaalpritam/Blockbase/type/type/UI/TemplateSelectorView.swift /Users/chaalpritam/Blockbase/type/type/UI/TypeStyleAppView.swift -primary-file /Users/chaalpritam/Blockbase/type/type/UI/TypeStyleComponents.swift -primary-file /Users/chaalpritam/Blockbase/type/type/UI/TypeStyleTheme.swift -primary-file /Users/chaalpritam/Blockbase/type/type/Utils/KeyboardShortcutsManager.swift -primary-file /Users/chaalpritam/Blockbase/type/type/SceneEditViews.swift -primary-file /Users/chaalpritam/Blockbase/type/type/typeApp.swift -primary-file /Users/chaalpritam/Library/Developer/Xcode/DerivedData/type-aackdwwuwxayolgleuusgbwkkpsp/Build/Intermediates.noindex/type.build/Debug/type.build/DerivedSources/GeneratedAssetSymbols.swift -supplementary-output-file-map /Users/chaalpritam/Library/Developer/Xcode/DerivedData/type-aackdwwuwxayolgleuusgbwkkpsp/Build/Intermediates.noindex/type.build/Debug/type.build/Objects-normal/x86_64/supplementaryOutputs-10 -emit-localized-strings -emit-localized-strings-path /Users/chaalpritam/Library/Developer/Xcode/DerivedData/type-aackdwwuwxayolgleuusgbwkkpsp/Build/Intermediates.noindex/type.build/Debug/type.build/Objects-normal/x86_64 -target x86_64-apple-macos15.0 -enable-objc-interop -stack-check -sdk /Applications/Xcode.app/Contents/Developer/Platforms/MacOSX.platform/Developer/SDKs/MacOSX15.1.sdk -I /Users/chaalpritam/Library/Developer/Xcode/DerivedData/type-aackdwwuwxayolgleuusgbwkkpsp/Build/Products/Debug -F /Users/chaalpritam/Library/Developer/Xcode/DerivedData/type-aackdwwuwxayolgleuusgbwkkpsp/Build/Products/Debug -no-color-diagnostics -enable-testing -g -debug-info-format\=dwarf -dwarf-version\=5 -module-cache-path /Users/chaalpritam/Library/Developer/Xcode/DerivedData/ModuleCache.noindex -profile-generate -profile-coverage-mapping -swift-version 5 -enforce-exclusivity\=checked -Onone -D DEBUG -serialize-debugging-options -const-gather-protocols-file /Users/chaalpritam/Library/Developer/Xcode/DerivedData/type-aackdwwuwxayolgleuusgbwkkpsp/Build/Intermediates.noindex/type.build/Debug/type.build/Objects-normal/x86_64/type_const_extract_protocols.json -enable-experimental-feature DebugDescriptionMacro -enable-experimental-feature OpaqueTypeErasure -enable-bare-slash-regex -empty-abi-descriptor -validate-clang-modules-once -clang-build-session-file /Users/chaalpritam/Library/Developer/Xcode/DerivedData/ModuleCache.noindex/Session.modulevalidation -Xcc -working-directory -Xcc /Users/chaalpritam/Blockbase/type -resource-dir /Applications/Xcode.app/Contents/Developer/Toolchains/XcodeDefault.xctoolchain/usr/lib/swift -enable-anonymous-context-mangled-names -file-compilation-dir /Users/chaalpritam/Blockbase/type -Xcc -D_LIBCPP_HARDENING_MODE\=_LIBCPP_HARDENING_MODE_DEBUG -Xcc -ivfsstatcache -Xcc /Users/chaalpritam/Library/Developer/Xcode/DerivedData/SDKStatCaches.noindex/macosx15.1-24B75-26c8390a7c93c703a57fb2538426748e.sdkstatcache -Xcc -I/Users/chaalpritam/Library/Developer/Xcode/DerivedData/type-aackdwwuwxayolgleuusgbwkkpsp/Build/Intermediates.noindex/type.build/Debug/type.build/swift-overrides.hmap -Xcc -iquote -Xcc /Users/chaalpritam/Library/Developer/Xcode/DerivedData/type-aackdwwuwxayolgleuusgbwkkpsp/Build/Intermediates.noindex/type.build/Debug/type.build/type-generated-files.hmap -Xcc -I/Users/chaalpritam/Library/Developer/Xcode/DerivedData/type-aackdwwuwxayolgleuusgbwkkpsp/Build/Intermediates.noindex/type.build/Debug/type.build/type-own-target-headers.hmap -Xcc -I/Users/chaalpritam/Library/Developer/Xcode/DerivedData/type-aackdwwuwxayolgleuusgbwkkpsp/Build/Intermediates.noindex/type.build/Debug/type.build/type-all-target-headers.hmap -Xcc -iquote -Xcc /Users/chaalpritam/Library/Developer/Xcode/DerivedData/type-aackdwwuwxayolgleuusgbwkkpsp/Build/Intermediates.noindex/type.build/Debug/type.build/type-project-headers.hmap -Xcc -I/Users/chaalpritam/Library/Developer/Xcode/DerivedData/type-aackdwwuwxayolgleuusgbwkkpsp/Build/Products/Debug/include -Xcc -I/Users/chaalpritam/Library/Developer/Xcode/DerivedData/type-aackdwwuwxayolgleuusgbwkkpsp/Build/Intermediates.noindex/type.build/Debug/type.build/DerivedSources-normal/x86_64 -Xcc -I/Users/chaalpritam/Library/Developer/Xcode/DerivedData/type-aackdwwuwxayolgleuusgbwkkpsp/Build/Intermediates.noindex/type.build/Debug/type.build/DerivedSources/x86_64 -Xcc -I/Users/chaalpritam/Library/Developer/Xcode/DerivedData/type-aackdwwuwxayolgleuusgbwkkpsp/Build/Intermediates.noindex/type.build/Debug/type.build/DerivedSources -Xcc -DDEBUG\=1 -module-name type -frontend-parseable-output -disable-clang-spi -target-sdk-version 15.1 -target-sdk-name macosx15.1 -external-plugin-path /Applications/Xcode.app/Contents/Developer/Platforms/MacOSX.platform/Developer/usr/lib/swift/host/plugins\#/Applications/Xcode.app/Contents/Developer/Platforms/MacOSX.platform/Developer/usr/bin/swift-plugin-server -external-plugin-path /Applications/Xcode.app/Contents/Developer/Platforms/MacOSX.platform/Developer/usr/local/lib/swift/host/plugins\#/Applications/Xcode.app/Contents/Developer/Platforms/MacOSX.platform/Developer/usr/bin/swift-plugin-server -plugin-path /Applications/Xcode.app/Contents/Developer/Toolchains/XcodeDefault.xctoolchain/usr/lib/swift/host/plugins -plugin-path /Applications/Xcode.app/Contents/Developer/Toolchains/XcodeDefault.xctoolchain/usr/local/lib/swift/host/plugins -o /Users/chaalpritam/Library/Developer/Xcode/DerivedData/type-aackdwwuwxayolgleuusgbwkkpsp/Build/Intermediates.noindex/type.build/Debug/type.build/Objects-normal/x86_64/TypeStyleComponents.o -o /Users/chaalpritam/Library/Developer/Xcode/DerivedData/type-aackdwwuwxayolgleuusgbwkkpsp/Build/Intermediates.noindex/type.build/Debug/type.build/Objects-normal/x86_64/TypeStyleTheme.o -o /Users/chaalpritam/Library/Developer/Xcode/DerivedData/type-aackdwwuwxayolgleuusgbwkkpsp/Build/Intermediates.noindex/type.build/Debug/type.build/Objects-normal/x86_64/KeyboardShortcutsManager.o -o /Users/chaalpritam/Library/Developer/Xcode/DerivedData/type-aackdwwuwxayolgleuusgbwkkpsp/Build/Intermediates.noindex/type.build/Debug/type.build/Objects-normal/x86_64/SceneEditViews.o -o /Users/chaalpritam/Library/Developer/Xcode/DerivedData/type-aackdwwuwxayolgleuusgbwkkpsp/Build/Intermediates.noindex/type.build/Debug/type.build/Objects-normal/x86_64/typeApp.o -o /Users/chaalpritam/Library/Developer/Xcode/DerivedData/type-aackdwwuwxayolgleuusgbwkkpsp/Build/Intermediates.noindex/type.build/Debug/type.build/Objects-normal/x86_64/GeneratedAssetSymbols.o -index-unit-output-path /type.build/Debug/type.build/Objects-normal/x86_64/TypeStyleComponents.o -index-unit-output-path /type.build/Debug/type.build/Objects-normal/x86_64/TypeStyleTheme.o -index-unit-output-path /type.build/Debug/type.build/Objects-normal/x86_64/KeyboardShortcutsManager.o -index-unit-output-path /type.build/Debug/type.build/Objects-normal/x86_64/SceneEditViews.o -index-unit-output-path /type.build/Debug/type.build/Objects-normal/x86_64/typeApp.o -index-unit-output-path /type.build/Debug/type.build/Objects-normal/x86_64/GeneratedAssetSymbols.o -index-store-path /Users/chaalpritam/Library/Developer/Xcode/DerivedData/type-aackdwwuwxayolgleuusgbwkkpsp/Index.noindex/DataStore -index-system-modules

SwiftCompile normal x86_64 Compiling\ StoryProtocolService.swift,\ ModalLayout.swift,\ EnhancedAppleComponents.swift,\ ModularAppView.swift,\ TemplateSelectorView.swift,\ TypeStyleAppView.swift /Users/chaalpritam/Blockbase/type/type/Services/StoryProtocolService.swift /Users/chaalpritam/Blockbase/type/type/Shared/ModalLayout.swift /Users/chaalpritam/Blockbase/type/type/UI/EnhancedAppleComponents.swift /Users/chaalpritam/Blockbase/type/type/UI/ModularAppView.swift /Users/chaalpritam/Blockbase/type/type/UI/TemplateSelectorView.swift /Users/chaalpritam/Blockbase/type/type/UI/TypeStyleAppView.swift (in target 'type' from project 'type')
    cd /Users/chaalpritam/Blockbase/type
    builtin-swiftTaskExecution -- /Applications/Xcode.app/Contents/Developer/Toolchains/XcodeDefault.xctoolchain/usr/bin/swift-frontend -frontend -c /Users/chaalpritam/Blockbase/type/type/Core/AppCoordinator.swift /Users/chaalpritam/Blockbase/type/type/Core/ModuleCoordinator.swift /Users/chaalpritam/Blockbase/type/type/Data/CharacterModels.swift /Users/chaalpritam/Blockbase/type/type/Data/OutlineModels.swift /Users/chaalpritam/Blockbase/type/type/Data/SceneModels.swift /Users/chaalpritam/Blockbase/type/type/Data/ScreenplayDocument.swift /Users/chaalpritam/Blockbase/type/type/Data/TimelineModels.swift /Users/chaalpritam/Blockbase/type/type/Features/Characters/CharacterCoordinator.swift /Users/chaalpritam/Blockbase/type/type/Features/Characters/CharacterDatabase.swift /Users/chaalpritam/Blockbase/type/type/Features/Characters/CharacterDetailViews.swift /Users/chaalpritam/Blockbase/type/type/Features/Characters/CharacterDetailViews2.swift /Users/chaalpritam/Blockbase/type/type/Features/Characters/CharacterEditViews.swift /Users/chaalpritam/Blockbase/type/type/Features/Characters/CharacterViews.swift /Users/chaalpritam/Blockbase/type/type/Features/Collaboration/CollaborationCoordinator.swift /Users/chaalpritam/Blockbase/type/type/Features/Collaboration/CollaborationManager.swift /Users/chaalpritam/Blockbase/type/type/Features/Collaboration/CollaborationViews.swift /Users/chaalpritam/Blockbase/type/type/Features/Editor/AdvancedEditorFeatures.swift /Users/chaalpritam/Blockbase/type/type/Features/Editor/AutoCompletionManager.swift /Users/chaalpritam/Blockbase/type/type/Features/Editor/CodeFoldingManager.swift /Users/chaalpritam/Blockbase/type/type/Features/Editor/EditorCoordinator.swift /Users/chaalpritam/Blockbase/type/type/Features/Editor/EnhancedFountainTextEditor.swift /Users/chaalpritam/Blockbase/type/type/Features/Editor/FindReplaceView.swift /Users/chaalpritam/Blockbase/type/type/Features/Editor/FountainHelpView.swift /Users/chaalpritam/Blockbase/type/type/Features/Editor/FountainParser.swift /Users/chaalpritam/Blockbase/type/type/Features/Editor/FountainSyntaxHighlighter.swift /Users/chaalpritam/Blockbase/type/type/Features/Editor/FountainTemplate.swift /Users/chaalpritam/Blockbase/type/type/Features/Editor/FountainTextEditor.swift /Users/chaalpritam/Blockbase/type/type/Features/Editor/MinimapView.swift /Users/chaalpritam/Blockbase/type/type/Features/Editor/MultipleCursorsTextEditor.swift /Users/chaalpritam/Blockbase/type/type/Features/Editor/ScreenplayPreview.swift /Users/chaalpritam/Blockbase/type/type/Features/Editor/SmartFormattingManager.swift /Users/chaalpritam/Blockbase/type/type/Features/Editor/SpellCheckTextEditor.swift /Users/chaalpritam/Blockbase/type/type/Features/Editor/TextHistoryManager.swift /Users/chaalpritam/Blockbase/type/type/Features/File/FileCoordinator.swift /Users/chaalpritam/Blockbase/type/type/Features/Outline/OutlineCoordinator.swift /Users/chaalpritam/Blockbase/type/type/Features/Outline/OutlineDatabase.swift /Users/chaalpritam/Blockbase/type/type/Features/Outline/OutlineDetailViews.swift /Users/chaalpritam/Blockbase/type/type/Features/Outline/OutlineViews.swift /Users/chaalpritam/Blockbase/type/type/Features/Scenes/SceneDatabase.swift /Users/chaalpritam/Blockbase/type/type/Features/Scenes/SceneDetailViews.swift /Users/chaalpritam/Blockbase/type/type/Features/Scenes/SceneViews.swift /Users/chaalpritam/Blockbase/type/type/Features/StoryProtocol/StoryProtocolCoordinator.swift /Users/chaalpritam/Blockbase/type/type/Features/StoryProtocol/StoryProtocolViews.swift /Users/chaalpritam/Blockbase/type/type/Features/Timeline/TimelineDatabase.swift /Users/chaalpritam/Blockbase/type/type/Features/Timeline/TimelineViews.swift /Users/chaalpritam/Blockbase/type/type/Features/Welcome/WelcomeView.swift /Users/chaalpritam/Blockbase/type/type/Services/DocumentService.swift /Users/chaalpritam/Blockbase/type/type/Services/FileManagementService.swift /Users/chaalpritam/Blockbase/type/type/Services/FileManager.swift /Users/chaalpritam/Blockbase/type/type/Services/SettingsService.swift /Users/chaalpritam/Blockbase/type/type/Services/StatisticsService.swift -primary-file /Users/chaalpritam/Blockbase/type/type/Services/StoryProtocolService.swift -primary-file /Users/chaalpritam/Blockbase/type/type/Shared/ModalLayout.swift -primary-file /Users/chaalpritam/Blockbase/type/type/UI/EnhancedAppleComponents.swift -primary-file /Users/chaalpritam/Blockbase/type/type/UI/ModularAppView.swift -primary-file /Users/chaalpritam/Blockbase/type/type/UI/TemplateSelectorView.swift -primary-file /Users/chaalpritam/Blockbase/type/type/UI/TypeStyleAppView.swift /Users/chaalpritam/Blockbase/type/type/UI/TypeStyleComponents.swift /Users/chaalpritam/Blockbase/type/type/UI/TypeStyleTheme.swift /Users/chaalpritam/Blockbase/type/type/Utils/KeyboardShortcutsManager.swift /Users/chaalpritam/Blockbase/type/type/SceneEditViews.swift /Users/chaalpritam/Blockbase/type/type/typeApp.swift /Users/chaalpritam/Library/Developer/Xcode/DerivedData/type-aackdwwuwxayolgleuusgbwkkpsp/Build/Intermediates.noindex/type.build/Debug/type.build/DerivedSources/GeneratedAssetSymbols.swift -supplementary-output-file-map /Users/chaalpritam/Library/Developer/Xcode/DerivedData/type-aackdwwuwxayolgleuusgbwkkpsp/Build/Intermediates.noindex/type.build/Debug/type.build/Objects-normal/x86_64/supplementaryOutputs-9 -emit-localized-strings -emit-localized-strings-path /Users/chaalpritam/Library/Developer/Xcode/DerivedData/type-aackdwwuwxayolgleuusgbwkkpsp/Build/Intermediates.noindex/type.build/Debug/type.build/Objects-normal/x86_64 -target x86_64-apple-macos15.0 -enable-objc-interop -stack-check -sdk /Applications/Xcode.app/Contents/Developer/Platforms/MacOSX.platform/Developer/SDKs/MacOSX15.1.sdk -I /Users/chaalpritam/Library/Developer/Xcode/DerivedData/type-aackdwwuwxayolgleuusgbwkkpsp/Build/Products/Debug -F /Users/chaalpritam/Library/Developer/Xcode/DerivedData/type-aackdwwuwxayolgleuusgbwkkpsp/Build/Products/Debug -no-color-diagnostics -enable-testing -g -debug-info-format\=dwarf -dwarf-version\=5 -module-cache-path /Users/chaalpritam/Library/Developer/Xcode/DerivedData/ModuleCache.noindex -profile-generate -profile-coverage-mapping -swift-version 5 -enforce-exclusivity\=checked -Onone -D DEBUG -serialize-debugging-options -const-gather-protocols-file /Users/chaalpritam/Library/Developer/Xcode/DerivedData/type-aackdwwuwxayolgleuusgbwkkpsp/Build/Intermediates.noindex/type.build/Debug/type.build/Objects-normal/x86_64/type_const_extract_protocols.json -enable-experimental-feature DebugDescriptionMacro -enable-experimental-feature OpaqueTypeErasure -enable-bare-slash-regex -empty-abi-descriptor -validate-clang-modules-once -clang-build-session-file /Users/chaalpritam/Library/Developer/Xcode/DerivedData/ModuleCache.noindex/Session.modulevalidation -Xcc -working-directory -Xcc /Users/chaalpritam/Blockbase/type -resource-dir /Applications/Xcode.app/Contents/Developer/Toolchains/XcodeDefault.xctoolchain/usr/lib/swift -enable-anonymous-context-mangled-names -file-compilation-dir /Users/chaalpritam/Blockbase/type -Xcc -D_LIBCPP_HARDENING_MODE\=_LIBCPP_HARDENING_MODE_DEBUG -Xcc -ivfsstatcache -Xcc /Users/chaalpritam/Library/Developer/Xcode/DerivedData/SDKStatCaches.noindex/macosx15.1-24B75-26c8390a7c93c703a57fb2538426748e.sdkstatcache -Xcc -I/Users/chaalpritam/Library/Developer/Xcode/DerivedData/type-aackdwwuwxayolgleuusgbwkkpsp/Build/Intermediates.noindex/type.build/Debug/type.build/swift-overrides.hmap -Xcc -iquote -Xcc /Users/chaalpritam/Library/Developer/Xcode/DerivedData/type-aackdwwuwxayolgleuusgbwkkpsp/Build/Intermediates.noindex/type.build/Debug/type.build/type-generated-files.hmap -Xcc -I/Users/chaalpritam/Library/Developer/Xcode/DerivedData/type-aackdwwuwxayolgleuusgbwkkpsp/Build/Intermediates.noindex/type.build/Debug/type.build/type-own-target-headers.hmap -Xcc -I/Users/chaalpritam/Library/Developer/Xcode/DerivedData/type-aackdwwuwxayolgleuusgbwkkpsp/Build/Intermediates.noindex/type.build/Debug/type.build/type-all-target-headers.hmap -Xcc -iquote -Xcc /Users/chaalpritam/Library/Developer/Xcode/DerivedData/type-aackdwwuwxayolgleuusgbwkkpsp/Build/Intermediates.noindex/type.build/Debug/type.build/type-project-headers.hmap -Xcc -I/Users/chaalpritam/Library/Developer/Xcode/DerivedData/type-aackdwwuwxayolgleuusgbwkkpsp/Build/Products/Debug/include -Xcc -I/Users/chaalpritam/Library/Developer/Xcode/DerivedData/type-aackdwwuwxayolgleuusgbwkkpsp/Build/Intermediates.noindex/type.build/Debug/type.build/DerivedSources-normal/x86_64 -Xcc -I/Users/chaalpritam/Library/Developer/Xcode/DerivedData/type-aackdwwuwxayolgleuusgbwkkpsp/Build/Intermediates.noindex/type.build/Debug/type.build/DerivedSources/x86_64 -Xcc -I/Users/chaalpritam/Library/Developer/Xcode/DerivedData/type-aackdwwuwxayolgleuusgbwkkpsp/Build/Intermediates.noindex/type.build/Debug/type.build/DerivedSources -Xcc -DDEBUG\=1 -module-name type -frontend-parseable-output -disable-clang-spi -target-sdk-version 15.1 -target-sdk-name macosx15.1 -external-plugin-path /Applications/Xcode.app/Contents/Developer/Platforms/MacOSX.platform/Developer/usr/lib/swift/host/plugins\#/Applications/Xcode.app/Contents/Developer/Platforms/MacOSX.platform/Developer/usr/bin/swift-plugin-server -external-plugin-path /Applications/Xcode.app/Contents/Developer/Platforms/MacOSX.platform/Developer/usr/local/lib/swift/host/plugins\#/Applications/Xcode.app/Contents/Developer/Platforms/MacOSX.platform/Developer/usr/bin/swift-plugin-server -plugin-path /Applications/Xcode.app/Contents/Developer/Toolchains/XcodeDefault.xctoolchain/usr/lib/swift/host/plugins -plugin-path /Applications/Xcode.app/Contents/Developer/Toolchains/XcodeDefault.xctoolchain/usr/local/lib/swift/host/plugins -o /Users/chaalpritam/Library/Developer/Xcode/DerivedData/type-aackdwwuwxayolgleuusgbwkkpsp/Build/Intermediates.noindex/type.build/Debug/type.build/Objects-normal/x86_64/StoryProtocolService.o -o /Users/chaalpritam/Library/Developer/Xcode/DerivedData/type-aackdwwuwxayolgleuusgbwkkpsp/Build/Intermediates.noindex/type.build/Debug/type.build/Objects-normal/x86_64/ModalLayout.o -o /Users/chaalpritam/Library/Developer/Xcode/DerivedData/type-aackdwwuwxayolgleuusgbwkkpsp/Build/Intermediates.noindex/type.build/Debug/type.build/Objects-normal/x86_64/EnhancedAppleComponents.o -o /Users/chaalpritam/Library/Developer/Xcode/DerivedData/type-aackdwwuwxayolgleuusgbwkkpsp/Build/Intermediates.noindex/type.build/Debug/type.build/Objects-normal/x86_64/ModularAppView.o -o /Users/chaalpritam/Library/Developer/Xcode/DerivedData/type-aackdwwuwxayolgleuusgbwkkpsp/Build/Intermediates.noindex/type.build/Debug/type.build/Objects-normal/x86_64/TemplateSelectorView.o -o /Users/chaalpritam/Library/Developer/Xcode/DerivedData/type-aackdwwuwxayolgleuusgbwkkpsp/Build/Intermediates.noindex/type.build/Debug/type.build/Objects-normal/x86_64/TypeStyleAppView.o -index-unit-output-path /type.build/Debug/type.build/Objects-normal/x86_64/StoryProtocolService.o -index-unit-output-path /type.build/Debug/type.build/Objects-normal/x86_64/ModalLayout.o -index-unit-output-path /type.build/Debug/type.build/Objects-normal/x86_64/EnhancedAppleComponents.o -index-unit-output-path /type.build/Debug/type.build/Objects-normal/x86_64/ModularAppView.o -index-unit-output-path /type.build/Debug/type.build/Objects-normal/x86_64/TemplateSelectorView.o -index-unit-output-path /type.build/Debug/type.build/Objects-normal/x86_64/TypeStyleAppView.o -index-store-path /Users/chaalpritam/Library/Developer/Xcode/DerivedData/type-aackdwwuwxayolgleuusgbwkkpsp/Index.noindex/DataStore -index-system-modules
SwiftCompile normal x86_64 /Users/chaalpritam/Blockbase/type/type/Services/StoryProtocolService.swift (in target 'type' from project 'type')
    cd /Users/chaalpritam/Blockbase/type
    /Applications/Xcode.app/Contents/Developer/Toolchains/XcodeDefault.xctoolchain/usr/bin/swift-frontend -c /Users/chaalpritam/Blockbase/type/type/Core/AppCoordinator.swift /Users/chaalpritam/Blockbase/type/type/Core/ModuleCoordinator.swift /Users/chaalpritam/Blockbase/type/type/Data/CharacterModels.swift /Users/chaalpritam/Blockbase/type/type/Data/OutlineModels.swift /Users/chaalpritam/Blockbase/type/type/Data/SceneModels.swift /Users/chaalpritam/Blockbase/type/type/Data/ScreenplayDocument.swift /Users/chaalpritam/Blockbase/type/type/Data/TimelineModels.swift /Users/chaalpritam/Blockbase/type/type/Features/Characters/CharacterCoordinator.swift /Users/chaalpritam/Blockbase/type/type/Features/Characters/CharacterDatabase.swift /Users/chaalpritam/Blockbase/type/type/Features/Characters/CharacterDetailViews.swift /Users/chaalpritam/Blockbase/type/type/Features/Characters/CharacterDetailViews2.swift /Users/chaalpritam/Blockbase/type/type/Features/Characters/CharacterEditViews.swift /Users/chaalpritam/Blockbase/type/type/Features/Characters/CharacterViews.swift /Users/chaalpritam/Blockbase/type/type/Features/Collaboration/CollaborationCoordinator.swift /Users/chaalpritam/Blockbase/type/type/Features/Collaboration/CollaborationManager.swift /Users/chaalpritam/Blockbase/type/type/Features/Collaboration/CollaborationViews.swift /Users/chaalpritam/Blockbase/type/type/Features/Editor/AdvancedEditorFeatures.swift /Users/chaalpritam/Blockbase/type/type/Features/Editor/AutoCompletionManager.swift /Users/chaalpritam/Blockbase/type/type/Features/Editor/CodeFoldingManager.swift /Users/chaalpritam/Blockbase/type/type/Features/Editor/EditorCoordinator.swift /Users/chaalpritam/Blockbase/type/type/Features/Editor/EnhancedFountainTextEditor.swift /Users/chaalpritam/Blockbase/type/type/Features/Editor/FindReplaceView.swift /Users/chaalpritam/Blockbase/type/type/Features/Editor/FountainHelpView.swift /Users/chaalpritam/Blockbase/type/type/Features/Editor/FountainParser.swift /Users/chaalpritam/Blockbase/type/type/Features/Editor/FountainSyntaxHighlighter.swift /Users/chaalpritam/Blockbase/type/type/Features/Editor/FountainTemplate.swift /Users/chaalpritam/Blockbase/type/type/Features/Editor/FountainTextEditor.swift /Users/chaalpritam/Blockbase/type/type/Features/Editor/MinimapView.swift /Users/chaalpritam/Blockbase/type/type/Features/Editor/MultipleCursorsTextEditor.swift /Users/chaalpritam/Blockbase/type/type/Features/Editor/ScreenplayPreview.swift /Users/chaalpritam/Blockbase/type/type/Features/Editor/SmartFormattingManager.swift /Users/chaalpritam/Blockbase/type/type/Features/Editor/SpellCheckTextEditor.swift /Users/chaalpritam/Blockbase/type/type/Features/Editor/TextHistoryManager.swift /Users/chaalpritam/Blockbase/type/type/Features/File/FileCoordinator.swift /Users/chaalpritam/Blockbase/type/type/Features/Outline/OutlineCoordinator.swift /Users/chaalpritam/Blockbase/type/type/Features/Outline/OutlineDatabase.swift /Users/chaalpritam/Blockbase/type/type/Features/Outline/OutlineDetailViews.swift /Users/chaalpritam/Blockbase/type/type/Features/Outline/OutlineViews.swift /Users/chaalpritam/Blockbase/type/type/Features/Scenes/SceneDatabase.swift /Users/chaalpritam/Blockbase/type/type/Features/Scenes/SceneDetailViews.swift /Users/chaalpritam/Blockbase/type/type/Features/Scenes/SceneViews.swift /Users/chaalpritam/Blockbase/type/type/Features/StoryProtocol/StoryProtocolCoordinator.swift /Users/chaalpritam/Blockbase/type/type/Features/StoryProtocol/StoryProtocolViews.swift /Users/chaalpritam/Blockbase/type/type/Features/Timeline/TimelineDatabase.swift /Users/chaalpritam/Blockbase/type/type/Features/Timeline/TimelineViews.swift /Users/chaalpritam/Blockbase/type/type/Features/Welcome/WelcomeView.swift /Users/chaalpritam/Blockbase/type/type/Services/DocumentService.swift /Users/chaalpritam/Blockbase/type/type/Services/FileManagementService.swift /Users/chaalpritam/Blockbase/type/type/Services/FileManager.swift /Users/chaalpritam/Blockbase/type/type/Services/SettingsService.swift /Users/chaalpritam/Blockbase/type/type/Services/StatisticsService.swift -primary-file /Users/chaalpritam/Blockbase/type/type/Services/StoryProtocolService.swift -primary-file /Users/chaalpritam/Blockbase/type/type/Shared/ModalLayout.swift -primary-file /Users/chaalpritam/Blockbase/type/type/UI/EnhancedAppleComponents.swift -primary-file /Users/chaalpritam/Blockbase/type/type/UI/ModularAppView.swift -primary-file /Users/chaalpritam/Blockbase/type/type/UI/TemplateSelectorView.swift -primary-file /Users/chaalpritam/Blockbase/type/type/UI/TypeStyleAppView.swift /Users/chaalpritam/Blockbase/type/type/UI/TypeStyleComponents.swift /Users/chaalpritam/Blockbase/type/type/UI/TypeStyleTheme.swift /Users/chaalpritam/Blockbase/type/type/Utils/KeyboardShortcutsManager.swift /Users/chaalpritam/Blockbase/type/type/SceneEditViews.swift /Users/chaalpritam/Blockbase/type/type/typeApp.swift /Users/chaalpritam/Library/Developer/Xcode/DerivedData/type-aackdwwuwxayolgleuusgbwkkpsp/Build/Intermediates.noindex/type.build/Debug/type.build/DerivedSources/GeneratedAssetSymbols.swift -supplementary-output-file-map /Users/chaalpritam/Library/Developer/Xcode/DerivedData/type-aackdwwuwxayolgleuusgbwkkpsp/Build/Intermediates.noindex/type.build/Debug/type.build/Objects-normal/x86_64/supplementaryOutputs-9 -emit-localized-strings -emit-localized-strings-path /Users/chaalpritam/Library/Developer/Xcode/DerivedData/type-aackdwwuwxayolgleuusgbwkkpsp/Build/Intermediates.noindex/type.build/Debug/type.build/Objects-normal/x86_64 -target x86_64-apple-macos15.0 -enable-objc-interop -stack-check -sdk /Applications/Xcode.app/Contents/Developer/Platforms/MacOSX.platform/Developer/SDKs/MacOSX15.1.sdk -I /Users/chaalpritam/Library/Developer/Xcode/DerivedData/type-aackdwwuwxayolgleuusgbwkkpsp/Build/Products/Debug -F /Users/chaalpritam/Library/Developer/Xcode/DerivedData/type-aackdwwuwxayolgleuusgbwkkpsp/Build/Products/Debug -no-color-diagnostics -enable-testing -g -debug-info-format\=dwarf -dwarf-version\=5 -module-cache-path /Users/chaalpritam/Library/Developer/Xcode/DerivedData/ModuleCache.noindex -profile-generate -profile-coverage-mapping -swift-version 5 -enforce-exclusivity\=checked -Onone -D DEBUG -serialize-debugging-options -const-gather-protocols-file /Users/chaalpritam/Library/Developer/Xcode/DerivedData/type-aackdwwuwxayolgleuusgbwkkpsp/Build/Intermediates.noindex/type.build/Debug/type.build/Objects-normal/x86_64/type_const_extract_protocols.json -enable-experimental-feature DebugDescriptionMacro -enable-experimental-feature OpaqueTypeErasure -enable-bare-slash-regex -empty-abi-descriptor -validate-clang-modules-once -clang-build-session-file /Users/chaalpritam/Library/Developer/Xcode/DerivedData/ModuleCache.noindex/Session.modulevalidation -Xcc -working-directory -Xcc /Users/chaalpritam/Blockbase/type -resource-dir /Applications/Xcode.app/Contents/Developer/Toolchains/XcodeDefault.xctoolchain/usr/lib/swift -enable-anonymous-context-mangled-names -file-compilation-dir /Users/chaalpritam/Blockbase/type -Xcc -D_LIBCPP_HARDENING_MODE\=_LIBCPP_HARDENING_MODE_DEBUG -Xcc -ivfsstatcache -Xcc /Users/chaalpritam/Library/Developer/Xcode/DerivedData/SDKStatCaches.noindex/macosx15.1-24B75-26c8390a7c93c703a57fb2538426748e.sdkstatcache -Xcc -I/Users/chaalpritam/Library/Developer/Xcode/DerivedData/type-aackdwwuwxayolgleuusgbwkkpsp/Build/Intermediates.noindex/type.build/Debug/type.build/swift-overrides.hmap -Xcc -iquote -Xcc /Users/chaalpritam/Library/Developer/Xcode/DerivedData/type-aackdwwuwxayolgleuusgbwkkpsp/Build/Intermediates.noindex/type.build/Debug/type.build/type-generated-files.hmap -Xcc -I/Users/chaalpritam/Library/Developer/Xcode/DerivedData/type-aackdwwuwxayolgleuusgbwkkpsp/Build/Intermediates.noindex/type.build/Debug/type.build/type-own-target-headers.hmap -Xcc -I/Users/chaalpritam/Library/Developer/Xcode/DerivedData/type-aackdwwuwxayolgleuusgbwkkpsp/Build/Intermediates.noindex/type.build/Debug/type.build/type-all-target-headers.hmap -Xcc -iquote -Xcc /Users/chaalpritam/Library/Developer/Xcode/DerivedData/type-aackdwwuwxayolgleuusgbwkkpsp/Build/Intermediates.noindex/type.build/Debug/type.build/type-project-headers.hmap -Xcc -I/Users/chaalpritam/Library/Developer/Xcode/DerivedData/type-aackdwwuwxayolgleuusgbwkkpsp/Build/Products/Debug/include -Xcc -I/Users/chaalpritam/Library/Developer/Xcode/DerivedData/type-aackdwwuwxayolgleuusgbwkkpsp/Build/Intermediates.noindex/type.build/Debug/type.build/DerivedSources-normal/x86_64 -Xcc -I/Users/chaalpritam/Library/Developer/Xcode/DerivedData/type-aackdwwuwxayolgleuusgbwkkpsp/Build/Intermediates.noindex/type.build/Debug/type.build/DerivedSources/x86_64 -Xcc -I/Users/chaalpritam/Library/Developer/Xcode/DerivedData/type-aackdwwuwxayolgleuusgbwkkpsp/Build/Intermediates.noindex/type.build/Debug/type.build/DerivedSources -Xcc -DDEBUG\=1 -module-name type -frontend-parseable-output -disable-clang-spi -target-sdk-version 15.1 -target-sdk-name macosx15.1 -external-plugin-path /Applications/Xcode.app/Contents/Developer/Platforms/MacOSX.platform/Developer/usr/lib/swift/host/plugins\#/Applications/Xcode.app/Contents/Developer/Platforms/MacOSX.platform/Developer/usr/bin/swift-plugin-server -external-plugin-path /Applications/Xcode.app/Contents/Developer/Platforms/MacOSX.platform/Developer/usr/local/lib/swift/host/plugins\#/Applications/Xcode.app/Contents/Developer/Platforms/MacOSX.platform/Developer/usr/bin/swift-plugin-server -plugin-path /Applications/Xcode.app/Contents/Developer/Toolchains/XcodeDefault.xctoolchain/usr/lib/swift/host/plugins -plugin-path /Applications/Xcode.app/Contents/Developer/Toolchains/XcodeDefault.xctoolchain/usr/local/lib/swift/host/plugins -o /Users/chaalpritam/Library/Developer/Xcode/DerivedData/type-aackdwwuwxayolgleuusgbwkkpsp/Build/Intermediates.noindex/type.build/Debug/type.build/Objects-normal/x86_64/StoryProtocolService.o -o /Users/chaalpritam/Library/Developer/Xcode/DerivedData/type-aackdwwuwxayolgleuusgbwkkpsp/Build/Intermediates.noindex/type.build/Debug/type.build/Objects-normal/x86_64/ModalLayout.o -o /Users/chaalpritam/Library/Developer/Xcode/DerivedData/type-aackdwwuwxayolgleuusgbwkkpsp/Build/Intermediates.noindex/type.build/Debug/type.build/Objects-normal/x86_64/EnhancedAppleComponents.o -o /Users/chaalpritam/Library/Developer/Xcode/DerivedData/type-aackdwwuwxayolgleuusgbwkkpsp/Build/Intermediates.noindex/type.build/Debug/type.build/Objects-normal/x86_64/ModularAppView.o -o /Users/chaalpritam/Library/Developer/Xcode/DerivedData/type-aackdwwuwxayolgleuusgbwkkpsp/Build/Intermediates.noindex/type.build/Debug/type.build/Objects-normal/x86_64/TemplateSelectorView.o -o /Users/chaalpritam/Library/Developer/Xcode/DerivedData/type-aackdwwuwxayolgleuusgbwkkpsp/Build/Intermediates.noindex/type.build/Debug/type.build/Objects-normal/x86_64/TypeStyleAppView.o -index-unit-output-path /type.build/Debug/type.build/Objects-normal/x86_64/StoryProtocolService.o -index-unit-output-path /type.build/Debug/type.build/Objects-normal/x86_64/ModalLayout.o -index-unit-output-path /type.build/Debug/type.build/Objects-normal/x86_64/EnhancedAppleComponents.o -index-unit-output-path /type.build/Debug/type.build/Objects-normal/x86_64/ModularAppView.o -index-unit-output-path /type.build/Debug/type.build/Objects-normal/x86_64/TemplateSelectorView.o -index-unit-output-path /type.build/Debug/type.build/Objects-normal/x86_64/TypeStyleAppView.o -index-store-path /Users/chaalpritam/Library/Developer/Xcode/DerivedData/type-aackdwwuwxayolgleuusgbwkkpsp/Index.noindex/DataStore -index-system-modules

SwiftCompile normal x86_64 /Users/chaalpritam/Blockbase/type/type/Shared/ModalLayout.swift (in target 'type' from project 'type')
    cd /Users/chaalpritam/Blockbase/type
    /Applications/Xcode.app/Contents/Developer/Toolchains/XcodeDefault.xctoolchain/usr/bin/swift-frontend -c /Users/chaalpritam/Blockbase/type/type/Core/AppCoordinator.swift /Users/chaalpritam/Blockbase/type/type/Core/ModuleCoordinator.swift /Users/chaalpritam/Blockbase/type/type/Data/CharacterModels.swift /Users/chaalpritam/Blockbase/type/type/Data/OutlineModels.swift /Users/chaalpritam/Blockbase/type/type/Data/SceneModels.swift /Users/chaalpritam/Blockbase/type/type/Data/ScreenplayDocument.swift /Users/chaalpritam/Blockbase/type/type/Data/TimelineModels.swift /Users/chaalpritam/Blockbase/type/type/Features/Characters/CharacterCoordinator.swift /Users/chaalpritam/Blockbase/type/type/Features/Characters/CharacterDatabase.swift /Users/chaalpritam/Blockbase/type/type/Features/Characters/CharacterDetailViews.swift /Users/chaalpritam/Blockbase/type/type/Features/Characters/CharacterDetailViews2.swift /Users/chaalpritam/Blockbase/type/type/Features/Characters/CharacterEditViews.swift /Users/chaalpritam/Blockbase/type/type/Features/Characters/CharacterViews.swift /Users/chaalpritam/Blockbase/type/type/Features/Collaboration/CollaborationCoordinator.swift /Users/chaalpritam/Blockbase/type/type/Features/Collaboration/CollaborationManager.swift /Users/chaalpritam/Blockbase/type/type/Features/Collaboration/CollaborationViews.swift /Users/chaalpritam/Blockbase/type/type/Features/Editor/AdvancedEditorFeatures.swift /Users/chaalpritam/Blockbase/type/type/Features/Editor/AutoCompletionManager.swift /Users/chaalpritam/Blockbase/type/type/Features/Editor/CodeFoldingManager.swift /Users/chaalpritam/Blockbase/type/type/Features/Editor/EditorCoordinator.swift /Users/chaalpritam/Blockbase/type/type/Features/Editor/EnhancedFountainTextEditor.swift /Users/chaalpritam/Blockbase/type/type/Features/Editor/FindReplaceView.swift /Users/chaalpritam/Blockbase/type/type/Features/Editor/FountainHelpView.swift /Users/chaalpritam/Blockbase/type/type/Features/Editor/FountainParser.swift /Users/chaalpritam/Blockbase/type/type/Features/Editor/FountainSyntaxHighlighter.swift /Users/chaalpritam/Blockbase/type/type/Features/Editor/FountainTemplate.swift /Users/chaalpritam/Blockbase/type/type/Features/Editor/FountainTextEditor.swift /Users/chaalpritam/Blockbase/type/type/Features/Editor/MinimapView.swift /Users/chaalpritam/Blockbase/type/type/Features/Editor/MultipleCursorsTextEditor.swift /Users/chaalpritam/Blockbase/type/type/Features/Editor/ScreenplayPreview.swift /Users/chaalpritam/Blockbase/type/type/Features/Editor/SmartFormattingManager.swift /Users/chaalpritam/Blockbase/type/type/Features/Editor/SpellCheckTextEditor.swift /Users/chaalpritam/Blockbase/type/type/Features/Editor/TextHistoryManager.swift /Users/chaalpritam/Blockbase/type/type/Features/File/FileCoordinator.swift /Users/chaalpritam/Blockbase/type/type/Features/Outline/OutlineCoordinator.swift /Users/chaalpritam/Blockbase/type/type/Features/Outline/OutlineDatabase.swift /Users/chaalpritam/Blockbase/type/type/Features/Outline/OutlineDetailViews.swift /Users/chaalpritam/Blockbase/type/type/Features/Outline/OutlineViews.swift /Users/chaalpritam/Blockbase/type/type/Features/Scenes/SceneDatabase.swift /Users/chaalpritam/Blockbase/type/type/Features/Scenes/SceneDetailViews.swift /Users/chaalpritam/Blockbase/type/type/Features/Scenes/SceneViews.swift /Users/chaalpritam/Blockbase/type/type/Features/StoryProtocol/StoryProtocolCoordinator.swift /Users/chaalpritam/Blockbase/type/type/Features/StoryProtocol/StoryProtocolViews.swift /Users/chaalpritam/Blockbase/type/type/Features/Timeline/TimelineDatabase.swift /Users/chaalpritam/Blockbase/type/type/Features/Timeline/TimelineViews.swift /Users/chaalpritam/Blockbase/type/type/Features/Welcome/WelcomeView.swift /Users/chaalpritam/Blockbase/type/type/Services/DocumentService.swift /Users/chaalpritam/Blockbase/type/type/Services/FileManagementService.swift /Users/chaalpritam/Blockbase/type/type/Services/FileManager.swift /Users/chaalpritam/Blockbase/type/type/Services/SettingsService.swift /Users/chaalpritam/Blockbase/type/type/Services/StatisticsService.swift -primary-file /Users/chaalpritam/Blockbase/type/type/Services/StoryProtocolService.swift -primary-file /Users/chaalpritam/Blockbase/type/type/Shared/ModalLayout.swift -primary-file /Users/chaalpritam/Blockbase/type/type/UI/EnhancedAppleComponents.swift -primary-file /Users/chaalpritam/Blockbase/type/type/UI/ModularAppView.swift -primary-file /Users/chaalpritam/Blockbase/type/type/UI/TemplateSelectorView.swift -primary-file /Users/chaalpritam/Blockbase/type/type/UI/TypeStyleAppView.swift /Users/chaalpritam/Blockbase/type/type/UI/TypeStyleComponents.swift /Users/chaalpritam/Blockbase/type/type/UI/TypeStyleTheme.swift /Users/chaalpritam/Blockbase/type/type/Utils/KeyboardShortcutsManager.swift /Users/chaalpritam/Blockbase/type/type/SceneEditViews.swift /Users/chaalpritam/Blockbase/type/type/typeApp.swift /Users/chaalpritam/Library/Developer/Xcode/DerivedData/type-aackdwwuwxayolgleuusgbwkkpsp/Build/Intermediates.noindex/type.build/Debug/type.build/DerivedSources/GeneratedAssetSymbols.swift -supplementary-output-file-map /Users/chaalpritam/Library/Developer/Xcode/DerivedData/type-aackdwwuwxayolgleuusgbwkkpsp/Build/Intermediates.noindex/type.build/Debug/type.build/Objects-normal/x86_64/supplementaryOutputs-9 -emit-localized-strings -emit-localized-strings-path /Users/chaalpritam/Library/Developer/Xcode/DerivedData/type-aackdwwuwxayolgleuusgbwkkpsp/Build/Intermediates.noindex/type.build/Debug/type.build/Objects-normal/x86_64 -target x86_64-apple-macos15.0 -enable-objc-interop -stack-check -sdk /Applications/Xcode.app/Contents/Developer/Platforms/MacOSX.platform/Developer/SDKs/MacOSX15.1.sdk -I /Users/chaalpritam/Library/Developer/Xcode/DerivedData/type-aackdwwuwxayolgleuusgbwkkpsp/Build/Products/Debug -F /Users/chaalpritam/Library/Developer/Xcode/DerivedData/type-aackdwwuwxayolgleuusgbwkkpsp/Build/Products/Debug -no-color-diagnostics -enable-testing -g -debug-info-format\=dwarf -dwarf-version\=5 -module-cache-path /Users/chaalpritam/Library/Developer/Xcode/DerivedData/ModuleCache.noindex -profile-generate -profile-coverage-mapping -swift-version 5 -enforce-exclusivity\=checked -Onone -D DEBUG -serialize-debugging-options -const-gather-protocols-file /Users/chaalpritam/Library/Developer/Xcode/DerivedData/type-aackdwwuwxayolgleuusgbwkkpsp/Build/Intermediates.noindex/type.build/Debug/type.build/Objects-normal/x86_64/type_const_extract_protocols.json -enable-experimental-feature DebugDescriptionMacro -enable-experimental-feature OpaqueTypeErasure -enable-bare-slash-regex -empty-abi-descriptor -validate-clang-modules-once -clang-build-session-file /Users/chaalpritam/Library/Developer/Xcode/DerivedData/ModuleCache.noindex/Session.modulevalidation -Xcc -working-directory -Xcc /Users/chaalpritam/Blockbase/type -resource-dir /Applications/Xcode.app/Contents/Developer/Toolchains/XcodeDefault.xctoolchain/usr/lib/swift -enable-anonymous-context-mangled-names -file-compilation-dir /Users/chaalpritam/Blockbase/type -Xcc -D_LIBCPP_HARDENING_MODE\=_LIBCPP_HARDENING_MODE_DEBUG -Xcc -ivfsstatcache -Xcc /Users/chaalpritam/Library/Developer/Xcode/DerivedData/SDKStatCaches.noindex/macosx15.1-24B75-26c8390a7c93c703a57fb2538426748e.sdkstatcache -Xcc -I/Users/chaalpritam/Library/Developer/Xcode/DerivedData/type-aackdwwuwxayolgleuusgbwkkpsp/Build/Intermediates.noindex/type.build/Debug/type.build/swift-overrides.hmap -Xcc -iquote -Xcc /Users/chaalpritam/Library/Developer/Xcode/DerivedData/type-aackdwwuwxayolgleuusgbwkkpsp/Build/Intermediates.noindex/type.build/Debug/type.build/type-generated-files.hmap -Xcc -I/Users/chaalpritam/Library/Developer/Xcode/DerivedData/type-aackdwwuwxayolgleuusgbwkkpsp/Build/Intermediates.noindex/type.build/Debug/type.build/type-own-target-headers.hmap -Xcc -I/Users/chaalpritam/Library/Developer/Xcode/DerivedData/type-aackdwwuwxayolgleuusgbwkkpsp/Build/Intermediates.noindex/type.build/Debug/type.build/type-all-target-headers.hmap -Xcc -iquote -Xcc /Users/chaalpritam/Library/Developer/Xcode/DerivedData/type-aackdwwuwxayolgleuusgbwkkpsp/Build/Intermediates.noindex/type.build/Debug/type.build/type-project-headers.hmap -Xcc -I/Users/chaalpritam/Library/Developer/Xcode/DerivedData/type-aackdwwuwxayolgleuusgbwkkpsp/Build/Products/Debug/include -Xcc -I/Users/chaalpritam/Library/Developer/Xcode/DerivedData/type-aackdwwuwxayolgleuusgbwkkpsp/Build/Intermediates.noindex/type.build/Debug/type.build/DerivedSources-normal/x86_64 -Xcc -I/Users/chaalpritam/Library/Developer/Xcode/DerivedData/type-aackdwwuwxayolgleuusgbwkkpsp/Build/Intermediates.noindex/type.build/Debug/type.build/DerivedSources/x86_64 -Xcc -I/Users/chaalpritam/Library/Developer/Xcode/DerivedData/type-aackdwwuwxayolgleuusgbwkkpsp/Build/Intermediates.noindex/type.build/Debug/type.build/DerivedSources -Xcc -DDEBUG\=1 -module-name type -frontend-parseable-output -disable-clang-spi -target-sdk-version 15.1 -target-sdk-name macosx15.1 -external-plugin-path /Applications/Xcode.app/Contents/Developer/Platforms/MacOSX.platform/Developer/usr/lib/swift/host/plugins\#/Applications/Xcode.app/Contents/Developer/Platforms/MacOSX.platform/Developer/usr/bin/swift-plugin-server -external-plugin-path /Applications/Xcode.app/Contents/Developer/Platforms/MacOSX.platform/Developer/usr/local/lib/swift/host/plugins\#/Applications/Xcode.app/Contents/Developer/Platforms/MacOSX.platform/Developer/usr/bin/swift-plugin-server -plugin-path /Applications/Xcode.app/Contents/Developer/Toolchains/XcodeDefault.xctoolchain/usr/lib/swift/host/plugins -plugin-path /Applications/Xcode.app/Contents/Developer/Toolchains/XcodeDefault.xctoolchain/usr/local/lib/swift/host/plugins -o /Users/chaalpritam/Library/Developer/Xcode/DerivedData/type-aackdwwuwxayolgleuusgbwkkpsp/Build/Intermediates.noindex/type.build/Debug/type.build/Objects-normal/x86_64/StoryProtocolService.o -o /Users/chaalpritam/Library/Developer/Xcode/DerivedData/type-aackdwwuwxayolgleuusgbwkkpsp/Build/Intermediates.noindex/type.build/Debug/type.build/Objects-normal/x86_64/ModalLayout.o -o /Users/chaalpritam/Library/Developer/Xcode/DerivedData/type-aackdwwuwxayolgleuusgbwkkpsp/Build/Intermediates.noindex/type.build/Debug/type.build/Objects-normal/x86_64/EnhancedAppleComponents.o -o /Users/chaalpritam/Library/Developer/Xcode/DerivedData/type-aackdwwuwxayolgleuusgbwkkpsp/Build/Intermediates.noindex/type.build/Debug/type.build/Objects-normal/x86_64/ModularAppView.o -o /Users/chaalpritam/Library/Developer/Xcode/DerivedData/type-aackdwwuwxayolgleuusgbwkkpsp/Build/Intermediates.noindex/type.build/Debug/type.build/Objects-normal/x86_64/TemplateSelectorView.o -o /Users/chaalpritam/Library/Developer/Xcode/DerivedData/type-aackdwwuwxayolgleuusgbwkkpsp/Build/Intermediates.noindex/type.build/Debug/type.build/Objects-normal/x86_64/TypeStyleAppView.o -index-unit-output-path /type.build/Debug/type.build/Objects-normal/x86_64/StoryProtocolService.o -index-unit-output-path /type.build/Debug/type.build/Objects-normal/x86_64/ModalLayout.o -index-unit-output-path /type.build/Debug/type.build/Objects-normal/x86_64/EnhancedAppleComponents.o -index-unit-output-path /type.build/Debug/type.build/Objects-normal/x86_64/ModularAppView.o -index-unit-output-path /type.build/Debug/type.build/Objects-normal/x86_64/TemplateSelectorView.o -index-unit-output-path /type.build/Debug/type.build/Objects-normal/x86_64/TypeStyleAppView.o -index-store-path /Users/chaalpritam/Library/Developer/Xcode/DerivedData/type-aackdwwuwxayolgleuusgbwkkpsp/Index.noindex/DataStore -index-system-modules

SwiftCompile normal x86_64 /Users/chaalpritam/Blockbase/type/type/UI/EnhancedAppleComponents.swift (in target 'type' from project 'type')
    cd /Users/chaalpritam/Blockbase/type
    /Applications/Xcode.app/Contents/Developer/Toolchains/XcodeDefault.xctoolchain/usr/bin/swift-frontend -c /Users/chaalpritam/Blockbase/type/type/Core/AppCoordinator.swift /Users/chaalpritam/Blockbase/type/type/Core/ModuleCoordinator.swift /Users/chaalpritam/Blockbase/type/type/Data/CharacterModels.swift /Users/chaalpritam/Blockbase/type/type/Data/OutlineModels.swift /Users/chaalpritam/Blockbase/type/type/Data/SceneModels.swift /Users/chaalpritam/Blockbase/type/type/Data/ScreenplayDocument.swift /Users/chaalpritam/Blockbase/type/type/Data/TimelineModels.swift /Users/chaalpritam/Blockbase/type/type/Features/Characters/CharacterCoordinator.swift /Users/chaalpritam/Blockbase/type/type/Features/Characters/CharacterDatabase.swift /Users/chaalpritam/Blockbase/type/type/Features/Characters/CharacterDetailViews.swift /Users/chaalpritam/Blockbase/type/type/Features/Characters/CharacterDetailViews2.swift /Users/chaalpritam/Blockbase/type/type/Features/Characters/CharacterEditViews.swift /Users/chaalpritam/Blockbase/type/type/Features/Characters/CharacterViews.swift /Users/chaalpritam/Blockbase/type/type/Features/Collaboration/CollaborationCoordinator.swift /Users/chaalpritam/Blockbase/type/type/Features/Collaboration/CollaborationManager.swift /Users/chaalpritam/Blockbase/type/type/Features/Collaboration/CollaborationViews.swift /Users/chaalpritam/Blockbase/type/type/Features/Editor/AdvancedEditorFeatures.swift /Users/chaalpritam/Blockbase/type/type/Features/Editor/AutoCompletionManager.swift /Users/chaalpritam/Blockbase/type/type/Features/Editor/CodeFoldingManager.swift /Users/chaalpritam/Blockbase/type/type/Features/Editor/EditorCoordinator.swift /Users/chaalpritam/Blockbase/type/type/Features/Editor/EnhancedFountainTextEditor.swift /Users/chaalpritam/Blockbase/type/type/Features/Editor/FindReplaceView.swift /Users/chaalpritam/Blockbase/type/type/Features/Editor/FountainHelpView.swift /Users/chaalpritam/Blockbase/type/type/Features/Editor/FountainParser.swift /Users/chaalpritam/Blockbase/type/type/Features/Editor/FountainSyntaxHighlighter.swift /Users/chaalpritam/Blockbase/type/type/Features/Editor/FountainTemplate.swift /Users/chaalpritam/Blockbase/type/type/Features/Editor/FountainTextEditor.swift /Users/chaalpritam/Blockbase/type/type/Features/Editor/MinimapView.swift /Users/chaalpritam/Blockbase/type/type/Features/Editor/MultipleCursorsTextEditor.swift /Users/chaalpritam/Blockbase/type/type/Features/Editor/ScreenplayPreview.swift /Users/chaalpritam/Blockbase/type/type/Features/Editor/SmartFormattingManager.swift /Users/chaalpritam/Blockbase/type/type/Features/Editor/SpellCheckTextEditor.swift /Users/chaalpritam/Blockbase/type/type/Features/Editor/TextHistoryManager.swift /Users/chaalpritam/Blockbase/type/type/Features/File/FileCoordinator.swift /Users/chaalpritam/Blockbase/type/type/Features/Outline/OutlineCoordinator.swift /Users/chaalpritam/Blockbase/type/type/Features/Outline/OutlineDatabase.swift /Users/chaalpritam/Blockbase/type/type/Features/Outline/OutlineDetailViews.swift /Users/chaalpritam/Blockbase/type/type/Features/Outline/OutlineViews.swift /Users/chaalpritam/Blockbase/type/type/Features/Scenes/SceneDatabase.swift /Users/chaalpritam/Blockbase/type/type/Features/Scenes/SceneDetailViews.swift /Users/chaalpritam/Blockbase/type/type/Features/Scenes/SceneViews.swift /Users/chaalpritam/Blockbase/type/type/Features/StoryProtocol/StoryProtocolCoordinator.swift /Users/chaalpritam/Blockbase/type/type/Features/StoryProtocol/StoryProtocolViews.swift /Users/chaalpritam/Blockbase/type/type/Features/Timeline/TimelineDatabase.swift /Users/chaalpritam/Blockbase/type/type/Features/Timeline/TimelineViews.swift /Users/chaalpritam/Blockbase/type/type/Features/Welcome/WelcomeView.swift /Users/chaalpritam/Blockbase/type/type/Services/DocumentService.swift /Users/chaalpritam/Blockbase/type/type/Services/FileManagementService.swift /Users/chaalpritam/Blockbase/type/type/Services/FileManager.swift /Users/chaalpritam/Blockbase/type/type/Services/SettingsService.swift /Users/chaalpritam/Blockbase/type/type/Services/StatisticsService.swift -primary-file /Users/chaalpritam/Blockbase/type/type/Services/StoryProtocolService.swift -primary-file /Users/chaalpritam/Blockbase/type/type/Shared/ModalLayout.swift -primary-file /Users/chaalpritam/Blockbase/type/type/UI/EnhancedAppleComponents.swift -primary-file /Users/chaalpritam/Blockbase/type/type/UI/ModularAppView.swift -primary-file /Users/chaalpritam/Blockbase/type/type/UI/TemplateSelectorView.swift -primary-file /Users/chaalpritam/Blockbase/type/type/UI/TypeStyleAppView.swift /Users/chaalpritam/Blockbase/type/type/UI/TypeStyleComponents.swift /Users/chaalpritam/Blockbase/type/type/UI/TypeStyleTheme.swift /Users/chaalpritam/Blockbase/type/type/Utils/KeyboardShortcutsManager.swift /Users/chaalpritam/Blockbase/type/type/SceneEditViews.swift /Users/chaalpritam/Blockbase/type/type/typeApp.swift /Users/chaalpritam/Library/Developer/Xcode/DerivedData/type-aackdwwuwxayolgleuusgbwkkpsp/Build/Intermediates.noindex/type.build/Debug/type.build/DerivedSources/GeneratedAssetSymbols.swift -supplementary-output-file-map /Users/chaalpritam/Library/Developer/Xcode/DerivedData/type-aackdwwuwxayolgleuusgbwkkpsp/Build/Intermediates.noindex/type.build/Debug/type.build/Objects-normal/x86_64/supplementaryOutputs-9 -emit-localized-strings -emit-localized-strings-path /Users/chaalpritam/Library/Developer/Xcode/DerivedData/type-aackdwwuwxayolgleuusgbwkkpsp/Build/Intermediates.noindex/type.build/Debug/type.build/Objects-normal/x86_64 -target x86_64-apple-macos15.0 -enable-objc-interop -stack-check -sdk /Applications/Xcode.app/Contents/Developer/Platforms/MacOSX.platform/Developer/SDKs/MacOSX15.1.sdk -I /Users/chaalpritam/Library/Developer/Xcode/DerivedData/type-aackdwwuwxayolgleuusgbwkkpsp/Build/Products/Debug -F /Users/chaalpritam/Library/Developer/Xcode/DerivedData/type-aackdwwuwxayolgleuusgbwkkpsp/Build/Products/Debug -no-color-diagnostics -enable-testing -g -debug-info-format\=dwarf -dwarf-version\=5 -module-cache-path /Users/chaalpritam/Library/Developer/Xcode/DerivedData/ModuleCache.noindex -profile-generate -profile-coverage-mapping -swift-version 5 -enforce-exclusivity\=checked -Onone -D DEBUG -serialize-debugging-options -const-gather-protocols-file /Users/chaalpritam/Library/Developer/Xcode/DerivedData/type-aackdwwuwxayolgleuusgbwkkpsp/Build/Intermediates.noindex/type.build/Debug/type.build/Objects-normal/x86_64/type_const_extract_protocols.json -enable-experimental-feature DebugDescriptionMacro -enable-experimental-feature OpaqueTypeErasure -enable-bare-slash-regex -empty-abi-descriptor -validate-clang-modules-once -clang-build-session-file /Users/chaalpritam/Library/Developer/Xcode/DerivedData/ModuleCache.noindex/Session.modulevalidation -Xcc -working-directory -Xcc /Users/chaalpritam/Blockbase/type -resource-dir /Applications/Xcode.app/Contents/Developer/Toolchains/XcodeDefault.xctoolchain/usr/lib/swift -enable-anonymous-context-mangled-names -file-compilation-dir /Users/chaalpritam/Blockbase/type -Xcc -D_LIBCPP_HARDENING_MODE\=_LIBCPP_HARDENING_MODE_DEBUG -Xcc -ivfsstatcache -Xcc /Users/chaalpritam/Library/Developer/Xcode/DerivedData/SDKStatCaches.noindex/macosx15.1-24B75-26c8390a7c93c703a57fb2538426748e.sdkstatcache -Xcc -I/Users/chaalpritam/Library/Developer/Xcode/DerivedData/type-aackdwwuwxayolgleuusgbwkkpsp/Build/Intermediates.noindex/type.build/Debug/type.build/swift-overrides.hmap -Xcc -iquote -Xcc /Users/chaalpritam/Library/Developer/Xcode/DerivedData/type-aackdwwuwxayolgleuusgbwkkpsp/Build/Intermediates.noindex/type.build/Debug/type.build/type-generated-files.hmap -Xcc -I/Users/chaalpritam/Library/Developer/Xcode/DerivedData/type-aackdwwuwxayolgleuusgbwkkpsp/Build/Intermediates.noindex/type.build/Debug/type.build/type-own-target-headers.hmap -Xcc -I/Users/chaalpritam/Library/Developer/Xcode/DerivedData/type-aackdwwuwxayolgleuusgbwkkpsp/Build/Intermediates.noindex/type.build/Debug/type.build/type-all-target-headers.hmap -Xcc -iquote -Xcc /Users/chaalpritam/Library/Developer/Xcode/DerivedData/type-aackdwwuwxayolgleuusgbwkkpsp/Build/Intermediates.noindex/type.build/Debug/type.build/type-project-headers.hmap -Xcc -I/Users/chaalpritam/Library/Developer/Xcode/DerivedData/type-aackdwwuwxayolgleuusgbwkkpsp/Build/Products/Debug/include -Xcc -I/Users/chaalpritam/Library/Developer/Xcode/DerivedData/type-aackdwwuwxayolgleuusgbwkkpsp/Build/Intermediates.noindex/type.build/Debug/type.build/DerivedSources-normal/x86_64 -Xcc -I/Users/chaalpritam/Library/Developer/Xcode/DerivedData/type-aackdwwuwxayolgleuusgbwkkpsp/Build/Intermediates.noindex/type.build/Debug/type.build/DerivedSources/x86_64 -Xcc -I/Users/chaalpritam/Library/Developer/Xcode/DerivedData/type-aackdwwuwxayolgleuusgbwkkpsp/Build/Intermediates.noindex/type.build/Debug/type.build/DerivedSources -Xcc -DDEBUG\=1 -module-name type -frontend-parseable-output -disable-clang-spi -target-sdk-version 15.1 -target-sdk-name macosx15.1 -external-plugin-path /Applications/Xcode.app/Contents/Developer/Platforms/MacOSX.platform/Developer/usr/lib/swift/host/plugins\#/Applications/Xcode.app/Contents/Developer/Platforms/MacOSX.platform/Developer/usr/bin/swift-plugin-server -external-plugin-path /Applications/Xcode.app/Contents/Developer/Platforms/MacOSX.platform/Developer/usr/local/lib/swift/host/plugins\#/Applications/Xcode.app/Contents/Developer/Platforms/MacOSX.platform/Developer/usr/bin/swift-plugin-server -plugin-path /Applications/Xcode.app/Contents/Developer/Toolchains/XcodeDefault.xctoolchain/usr/lib/swift/host/plugins -plugin-path /Applications/Xcode.app/Contents/Developer/Toolchains/XcodeDefault.xctoolchain/usr/local/lib/swift/host/plugins -o /Users/chaalpritam/Library/Developer/Xcode/DerivedData/type-aackdwwuwxayolgleuusgbwkkpsp/Build/Intermediates.noindex/type.build/Debug/type.build/Objects-normal/x86_64/StoryProtocolService.o -o /Users/chaalpritam/Library/Developer/Xcode/DerivedData/type-aackdwwuwxayolgleuusgbwkkpsp/Build/Intermediates.noindex/type.build/Debug/type.build/Objects-normal/x86_64/ModalLayout.o -o /Users/chaalpritam/Library/Developer/Xcode/DerivedData/type-aackdwwuwxayolgleuusgbwkkpsp/Build/Intermediates.noindex/type.build/Debug/type.build/Objects-normal/x86_64/EnhancedAppleComponents.o -o /Users/chaalpritam/Library/Developer/Xcode/DerivedData/type-aackdwwuwxayolgleuusgbwkkpsp/Build/Intermediates.noindex/type.build/Debug/type.build/Objects-normal/x86_64/ModularAppView.o -o /Users/chaalpritam/Library/Developer/Xcode/DerivedData/type-aackdwwuwxayolgleuusgbwkkpsp/Build/Intermediates.noindex/type.build/Debug/type.build/Objects-normal/x86_64/TemplateSelectorView.o -o /Users/chaalpritam/Library/Developer/Xcode/DerivedData/type-aackdwwuwxayolgleuusgbwkkpsp/Build/Intermediates.noindex/type.build/Debug/type.build/Objects-normal/x86_64/TypeStyleAppView.o -index-unit-output-path /type.build/Debug/type.build/Objects-normal/x86_64/StoryProtocolService.o -index-unit-output-path /type.build/Debug/type.build/Objects-normal/x86_64/ModalLayout.o -index-unit-output-path /type.build/Debug/type.build/Objects-normal/x86_64/EnhancedAppleComponents.o -index-unit-output-path /type.build/Debug/type.build/Objects-normal/x86_64/ModularAppView.o -index-unit-output-path /type.build/Debug/type.build/Objects-normal/x86_64/TemplateSelectorView.o -index-unit-output-path /type.build/Debug/type.build/Objects-normal/x86_64/TypeStyleAppView.o -index-store-path /Users/chaalpritam/Library/Developer/Xcode/DerivedData/type-aackdwwuwxayolgleuusgbwkkpsp/Index.noindex/DataStore -index-system-modules

SwiftCompile normal x86_64 /Users/chaalpritam/Blockbase/type/type/UI/ModularAppView.swift (in target 'type' from project 'type')
    cd /Users/chaalpritam/Blockbase/type
    /Applications/Xcode.app/Contents/Developer/Toolchains/XcodeDefault.xctoolchain/usr/bin/swift-frontend -c /Users/chaalpritam/Blockbase/type/type/Core/AppCoordinator.swift /Users/chaalpritam/Blockbase/type/type/Core/ModuleCoordinator.swift /Users/chaalpritam/Blockbase/type/type/Data/CharacterModels.swift /Users/chaalpritam/Blockbase/type/type/Data/OutlineModels.swift /Users/chaalpritam/Blockbase/type/type/Data/SceneModels.swift /Users/chaalpritam/Blockbase/type/type/Data/ScreenplayDocument.swift /Users/chaalpritam/Blockbase/type/type/Data/TimelineModels.swift /Users/chaalpritam/Blockbase/type/type/Features/Characters/CharacterCoordinator.swift /Users/chaalpritam/Blockbase/type/type/Features/Characters/CharacterDatabase.swift /Users/chaalpritam/Blockbase/type/type/Features/Characters/CharacterDetailViews.swift /Users/chaalpritam/Blockbase/type/type/Features/Characters/CharacterDetailViews2.swift /Users/chaalpritam/Blockbase/type/type/Features/Characters/CharacterEditViews.swift /Users/chaalpritam/Blockbase/type/type/Features/Characters/CharacterViews.swift /Users/chaalpritam/Blockbase/type/type/Features/Collaboration/CollaborationCoordinator.swift /Users/chaalpritam/Blockbase/type/type/Features/Collaboration/CollaborationManager.swift /Users/chaalpritam/Blockbase/type/type/Features/Collaboration/CollaborationViews.swift /Users/chaalpritam/Blockbase/type/type/Features/Editor/AdvancedEditorFeatures.swift /Users/chaalpritam/Blockbase/type/type/Features/Editor/AutoCompletionManager.swift /Users/chaalpritam/Blockbase/type/type/Features/Editor/CodeFoldingManager.swift /Users/chaalpritam/Blockbase/type/type/Features/Editor/EditorCoordinator.swift /Users/chaalpritam/Blockbase/type/type/Features/Editor/EnhancedFountainTextEditor.swift /Users/chaalpritam/Blockbase/type/type/Features/Editor/FindReplaceView.swift /Users/chaalpritam/Blockbase/type/type/Features/Editor/FountainHelpView.swift /Users/chaalpritam/Blockbase/type/type/Features/Editor/FountainParser.swift /Users/chaalpritam/Blockbase/type/type/Features/Editor/FountainSyntaxHighlighter.swift /Users/chaalpritam/Blockbase/type/type/Features/Editor/FountainTemplate.swift /Users/chaalpritam/Blockbase/type/type/Features/Editor/FountainTextEditor.swift /Users/chaalpritam/Blockbase/type/type/Features/Editor/MinimapView.swift /Users/chaalpritam/Blockbase/type/type/Features/Editor/MultipleCursorsTextEditor.swift /Users/chaalpritam/Blockbase/type/type/Features/Editor/ScreenplayPreview.swift /Users/chaalpritam/Blockbase/type/type/Features/Editor/SmartFormattingManager.swift /Users/chaalpritam/Blockbase/type/type/Features/Editor/SpellCheckTextEditor.swift /Users/chaalpritam/Blockbase/type/type/Features/Editor/TextHistoryManager.swift /Users/chaalpritam/Blockbase/type/type/Features/File/FileCoordinator.swift /Users/chaalpritam/Blockbase/type/type/Features/Outline/OutlineCoordinator.swift /Users/chaalpritam/Blockbase/type/type/Features/Outline/OutlineDatabase.swift /Users/chaalpritam/Blockbase/type/type/Features/Outline/OutlineDetailViews.swift /Users/chaalpritam/Blockbase/type/type/Features/Outline/OutlineViews.swift /Users/chaalpritam/Blockbase/type/type/Features/Scenes/SceneDatabase.swift /Users/chaalpritam/Blockbase/type/type/Features/Scenes/SceneDetailViews.swift /Users/chaalpritam/Blockbase/type/type/Features/Scenes/SceneViews.swift /Users/chaalpritam/Blockbase/type/type/Features/StoryProtocol/StoryProtocolCoordinator.swift /Users/chaalpritam/Blockbase/type/type/Features/StoryProtocol/StoryProtocolViews.swift /Users/chaalpritam/Blockbase/type/type/Features/Timeline/TimelineDatabase.swift /Users/chaalpritam/Blockbase/type/type/Features/Timeline/TimelineViews.swift /Users/chaalpritam/Blockbase/type/type/Features/Welcome/WelcomeView.swift /Users/chaalpritam/Blockbase/type/type/Services/DocumentService.swift /Users/chaalpritam/Blockbase/type/type/Services/FileManagementService.swift /Users/chaalpritam/Blockbase/type/type/Services/FileManager.swift /Users/chaalpritam/Blockbase/type/type/Services/SettingsService.swift /Users/chaalpritam/Blockbase/type/type/Services/StatisticsService.swift -primary-file /Users/chaalpritam/Blockbase/type/type/Services/StoryProtocolService.swift -primary-file /Users/chaalpritam/Blockbase/type/type/Shared/ModalLayout.swift -primary-file /Users/chaalpritam/Blockbase/type/type/UI/EnhancedAppleComponents.swift -primary-file /Users/chaalpritam/Blockbase/type/type/UI/ModularAppView.swift -primary-file /Users/chaalpritam/Blockbase/type/type/UI/TemplateSelectorView.swift -primary-file /Users/chaalpritam/Blockbase/type/type/UI/TypeStyleAppView.swift /Users/chaalpritam/Blockbase/type/type/UI/TypeStyleComponents.swift /Users/chaalpritam/Blockbase/type/type/UI/TypeStyleTheme.swift /Users/chaalpritam/Blockbase/type/type/Utils/KeyboardShortcutsManager.swift /Users/chaalpritam/Blockbase/type/type/SceneEditViews.swift /Users/chaalpritam/Blockbase/type/type/typeApp.swift /Users/chaalpritam/Library/Developer/Xcode/DerivedData/type-aackdwwuwxayolgleuusgbwkkpsp/Build/Intermediates.noindex/type.build/Debug/type.build/DerivedSources/GeneratedAssetSymbols.swift -supplementary-output-file-map /Users/chaalpritam/Library/Developer/Xcode/DerivedData/type-aackdwwuwxayolgleuusgbwkkpsp/Build/Intermediates.noindex/type.build/Debug/type.build/Objects-normal/x86_64/supplementaryOutputs-9 -emit-localized-strings -emit-localized-strings-path /Users/chaalpritam/Library/Developer/Xcode/DerivedData/type-aackdwwuwxayolgleuusgbwkkpsp/Build/Intermediates.noindex/type.build/Debug/type.build/Objects-normal/x86_64 -target x86_64-apple-macos15.0 -enable-objc-interop -stack-check -sdk /Applications/Xcode.app/Contents/Developer/Platforms/MacOSX.platform/Developer/SDKs/MacOSX15.1.sdk -I /Users/chaalpritam/Library/Developer/Xcode/DerivedData/type-aackdwwuwxayolgleuusgbwkkpsp/Build/Products/Debug -F /Users/chaalpritam/Library/Developer/Xcode/DerivedData/type-aackdwwuwxayolgleuusgbwkkpsp/Build/Products/Debug -no-color-diagnostics -enable-testing -g -debug-info-format\=dwarf -dwarf-version\=5 -module-cache-path /Users/chaalpritam/Library/Developer/Xcode/DerivedData/ModuleCache.noindex -profile-generate -profile-coverage-mapping -swift-version 5 -enforce-exclusivity\=checked -Onone -D DEBUG -serialize-debugging-options -const-gather-protocols-file /Users/chaalpritam/Library/Developer/Xcode/DerivedData/type-aackdwwuwxayolgleuusgbwkkpsp/Build/Intermediates.noindex/type.build/Debug/type.build/Objects-normal/x86_64/type_const_extract_protocols.json -enable-experimental-feature DebugDescriptionMacro -enable-experimental-feature OpaqueTypeErasure -enable-bare-slash-regex -empty-abi-descriptor -validate-clang-modules-once -clang-build-session-file /Users/chaalpritam/Library/Developer/Xcode/DerivedData/ModuleCache.noindex/Session.modulevalidation -Xcc -working-directory -Xcc /Users/chaalpritam/Blockbase/type -resource-dir /Applications/Xcode.app/Contents/Developer/Toolchains/XcodeDefault.xctoolchain/usr/lib/swift -enable-anonymous-context-mangled-names -file-compilation-dir /Users/chaalpritam/Blockbase/type -Xcc -D_LIBCPP_HARDENING_MODE\=_LIBCPP_HARDENING_MODE_DEBUG -Xcc -ivfsstatcache -Xcc /Users/chaalpritam/Library/Developer/Xcode/DerivedData/SDKStatCaches.noindex/macosx15.1-24B75-26c8390a7c93c703a57fb2538426748e.sdkstatcache -Xcc -I/Users/chaalpritam/Library/Developer/Xcode/DerivedData/type-aackdwwuwxayolgleuusgbwkkpsp/Build/Intermediates.noindex/type.build/Debug/type.build/swift-overrides.hmap -Xcc -iquote -Xcc /Users/chaalpritam/Library/Developer/Xcode/DerivedData/type-aackdwwuwxayolgleuusgbwkkpsp/Build/Intermediates.noindex/type.build/Debug/type.build/type-generated-files.hmap -Xcc -I/Users/chaalpritam/Library/Developer/Xcode/DerivedData/type-aackdwwuwxayolgleuusgbwkkpsp/Build/Intermediates.noindex/type.build/Debug/type.build/type-own-target-headers.hmap -Xcc -I/Users/chaalpritam/Library/Developer/Xcode/DerivedData/type-aackdwwuwxayolgleuusgbwkkpsp/Build/Intermediates.noindex/type.build/Debug/type.build/type-all-target-headers.hmap -Xcc -iquote -Xcc /Users/chaalpritam/Library/Developer/Xcode/DerivedData/type-aackdwwuwxayolgleuusgbwkkpsp/Build/Intermediates.noindex/type.build/Debug/type.build/type-project-headers.hmap -Xcc -I/Users/chaalpritam/Library/Developer/Xcode/DerivedData/type-aackdwwuwxayolgleuusgbwkkpsp/Build/Products/Debug/include -Xcc -I/Users/chaalpritam/Library/Developer/Xcode/DerivedData/type-aackdwwuwxayolgleuusgbwkkpsp/Build/Intermediates.noindex/type.build/Debug/type.build/DerivedSources-normal/x86_64 -Xcc -I/Users/chaalpritam/Library/Developer/Xcode/DerivedData/type-aackdwwuwxayolgleuusgbwkkpsp/Build/Intermediates.noindex/type.build/Debug/type.build/DerivedSources/x86_64 -Xcc -I/Users/chaalpritam/Library/Developer/Xcode/DerivedData/type-aackdwwuwxayolgleuusgbwkkpsp/Build/Intermediates.noindex/type.build/Debug/type.build/DerivedSources -Xcc -DDEBUG\=1 -module-name type -frontend-parseable-output -disable-clang-spi -target-sdk-version 15.1 -target-sdk-name macosx15.1 -external-plugin-path /Applications/Xcode.app/Contents/Developer/Platforms/MacOSX.platform/Developer/usr/lib/swift/host/plugins\#/Applications/Xcode.app/Contents/Developer/Platforms/MacOSX.platform/Developer/usr/bin/swift-plugin-server -external-plugin-path /Applications/Xcode.app/Contents/Developer/Platforms/MacOSX.platform/Developer/usr/local/lib/swift/host/plugins\#/Applications/Xcode.app/Contents/Developer/Platforms/MacOSX.platform/Developer/usr/bin/swift-plugin-server -plugin-path /Applications/Xcode.app/Contents/Developer/Toolchains/XcodeDefault.xctoolchain/usr/lib/swift/host/plugins -plugin-path /Applications/Xcode.app/Contents/Developer/Toolchains/XcodeDefault.xctoolchain/usr/local/lib/swift/host/plugins -o /Users/chaalpritam/Library/Developer/Xcode/DerivedData/type-aackdwwuwxayolgleuusgbwkkpsp/Build/Intermediates.noindex/type.build/Debug/type.build/Objects-normal/x86_64/StoryProtocolService.o -o /Users/chaalpritam/Library/Developer/Xcode/DerivedData/type-aackdwwuwxayolgleuusgbwkkpsp/Build/Intermediates.noindex/type.build/Debug/type.build/Objects-normal/x86_64/ModalLayout.o -o /Users/chaalpritam/Library/Developer/Xcode/DerivedData/type-aackdwwuwxayolgleuusgbwkkpsp/Build/Intermediates.noindex/type.build/Debug/type.build/Objects-normal/x86_64/EnhancedAppleComponents.o -o /Users/chaalpritam/Library/Developer/Xcode/DerivedData/type-aackdwwuwxayolgleuusgbwkkpsp/Build/Intermediates.noindex/type.build/Debug/type.build/Objects-normal/x86_64/ModularAppView.o -o /Users/chaalpritam/Library/Developer/Xcode/DerivedData/type-aackdwwuwxayolgleuusgbwkkpsp/Build/Intermediates.noindex/type.build/Debug/type.build/Objects-normal/x86_64/TemplateSelectorView.o -o /Users/chaalpritam/Library/Developer/Xcode/DerivedData/type-aackdwwuwxayolgleuusgbwkkpsp/Build/Intermediates.noindex/type.build/Debug/type.build/Objects-normal/x86_64/TypeStyleAppView.o -index-unit-output-path /type.build/Debug/type.build/Objects-normal/x86_64/StoryProtocolService.o -index-unit-output-path /type.build/Debug/type.build/Objects-normal/x86_64/ModalLayout.o -index-unit-output-path /type.build/Debug/type.build/Objects-normal/x86_64/EnhancedAppleComponents.o -index-unit-output-path /type.build/Debug/type.build/Objects-normal/x86_64/ModularAppView.o -index-unit-output-path /type.build/Debug/type.build/Objects-normal/x86_64/TemplateSelectorView.o -index-unit-output-path /type.build/Debug/type.build/Objects-normal/x86_64/TypeStyleAppView.o -index-store-path /Users/chaalpritam/Library/Developer/Xcode/DerivedData/type-aackdwwuwxayolgleuusgbwkkpsp/Index.noindex/DataStore -index-system-modules

SwiftCompile normal x86_64 /Users/chaalpritam/Blockbase/type/type/UI/TemplateSelectorView.swift (in target 'type' from project 'type')
    cd /Users/chaalpritam/Blockbase/type
    /Applications/Xcode.app/Contents/Developer/Toolchains/XcodeDefault.xctoolchain/usr/bin/swift-frontend -c /Users/chaalpritam/Blockbase/type/type/Core/AppCoordinator.swift /Users/chaalpritam/Blockbase/type/type/Core/ModuleCoordinator.swift /Users/chaalpritam/Blockbase/type/type/Data/CharacterModels.swift /Users/chaalpritam/Blockbase/type/type/Data/OutlineModels.swift /Users/chaalpritam/Blockbase/type/type/Data/SceneModels.swift /Users/chaalpritam/Blockbase/type/type/Data/ScreenplayDocument.swift /Users/chaalpritam/Blockbase/type/type/Data/TimelineModels.swift /Users/chaalpritam/Blockbase/type/type/Features/Characters/CharacterCoordinator.swift /Users/chaalpritam/Blockbase/type/type/Features/Characters/CharacterDatabase.swift /Users/chaalpritam/Blockbase/type/type/Features/Characters/CharacterDetailViews.swift /Users/chaalpritam/Blockbase/type/type/Features/Characters/CharacterDetailViews2.swift /Users/chaalpritam/Blockbase/type/type/Features/Characters/CharacterEditViews.swift /Users/chaalpritam/Blockbase/type/type/Features/Characters/CharacterViews.swift /Users/chaalpritam/Blockbase/type/type/Features/Collaboration/CollaborationCoordinator.swift /Users/chaalpritam/Blockbase/type/type/Features/Collaboration/CollaborationManager.swift /Users/chaalpritam/Blockbase/type/type/Features/Collaboration/CollaborationViews.swift /Users/chaalpritam/Blockbase/type/type/Features/Editor/AdvancedEditorFeatures.swift /Users/chaalpritam/Blockbase/type/type/Features/Editor/AutoCompletionManager.swift /Users/chaalpritam/Blockbase/type/type/Features/Editor/CodeFoldingManager.swift /Users/chaalpritam/Blockbase/type/type/Features/Editor/EditorCoordinator.swift /Users/chaalpritam/Blockbase/type/type/Features/Editor/EnhancedFountainTextEditor.swift /Users/chaalpritam/Blockbase/type/type/Features/Editor/FindReplaceView.swift /Users/chaalpritam/Blockbase/type/type/Features/Editor/FountainHelpView.swift /Users/chaalpritam/Blockbase/type/type/Features/Editor/FountainParser.swift /Users/chaalpritam/Blockbase/type/type/Features/Editor/FountainSyntaxHighlighter.swift /Users/chaalpritam/Blockbase/type/type/Features/Editor/FountainTemplate.swift /Users/chaalpritam/Blockbase/type/type/Features/Editor/FountainTextEditor.swift /Users/chaalpritam/Blockbase/type/type/Features/Editor/MinimapView.swift /Users/chaalpritam/Blockbase/type/type/Features/Editor/MultipleCursorsTextEditor.swift /Users/chaalpritam/Blockbase/type/type/Features/Editor/ScreenplayPreview.swift /Users/chaalpritam/Blockbase/type/type/Features/Editor/SmartFormattingManager.swift /Users/chaalpritam/Blockbase/type/type/Features/Editor/SpellCheckTextEditor.swift /Users/chaalpritam/Blockbase/type/type/Features/Editor/TextHistoryManager.swift /Users/chaalpritam/Blockbase/type/type/Features/File/FileCoordinator.swift /Users/chaalpritam/Blockbase/type/type/Features/Outline/OutlineCoordinator.swift /Users/chaalpritam/Blockbase/type/type/Features/Outline/OutlineDatabase.swift /Users/chaalpritam/Blockbase/type/type/Features/Outline/OutlineDetailViews.swift /Users/chaalpritam/Blockbase/type/type/Features/Outline/OutlineViews.swift /Users/chaalpritam/Blockbase/type/type/Features/Scenes/SceneDatabase.swift /Users/chaalpritam/Blockbase/type/type/Features/Scenes/SceneDetailViews.swift /Users/chaalpritam/Blockbase/type/type/Features/Scenes/SceneViews.swift /Users/chaalpritam/Blockbase/type/type/Features/StoryProtocol/StoryProtocolCoordinator.swift /Users/chaalpritam/Blockbase/type/type/Features/StoryProtocol/StoryProtocolViews.swift /Users/chaalpritam/Blockbase/type/type/Features/Timeline/TimelineDatabase.swift /Users/chaalpritam/Blockbase/type/type/Features/Timeline/TimelineViews.swift /Users/chaalpritam/Blockbase/type/type/Features/Welcome/WelcomeView.swift /Users/chaalpritam/Blockbase/type/type/Services/DocumentService.swift /Users/chaalpritam/Blockbase/type/type/Services/FileManagementService.swift /Users/chaalpritam/Blockbase/type/type/Services/FileManager.swift /Users/chaalpritam/Blockbase/type/type/Services/SettingsService.swift /Users/chaalpritam/Blockbase/type/type/Services/StatisticsService.swift -primary-file /Users/chaalpritam/Blockbase/type/type/Services/StoryProtocolService.swift -primary-file /Users/chaalpritam/Blockbase/type/type/Shared/ModalLayout.swift -primary-file /Users/chaalpritam/Blockbase/type/type/UI/EnhancedAppleComponents.swift -primary-file /Users/chaalpritam/Blockbase/type/type/UI/ModularAppView.swift -primary-file /Users/chaalpritam/Blockbase/type/type/UI/TemplateSelectorView.swift -primary-file /Users/chaalpritam/Blockbase/type/type/UI/TypeStyleAppView.swift /Users/chaalpritam/Blockbase/type/type/UI/TypeStyleComponents.swift /Users/chaalpritam/Blockbase/type/type/UI/TypeStyleTheme.swift /Users/chaalpritam/Blockbase/type/type/Utils/KeyboardShortcutsManager.swift /Users/chaalpritam/Blockbase/type/type/SceneEditViews.swift /Users/chaalpritam/Blockbase/type/type/typeApp.swift /Users/chaalpritam/Library/Developer/Xcode/DerivedData/type-aackdwwuwxayolgleuusgbwkkpsp/Build/Intermediates.noindex/type.build/Debug/type.build/DerivedSources/GeneratedAssetSymbols.swift -supplementary-output-file-map /Users/chaalpritam/Library/Developer/Xcode/DerivedData/type-aackdwwuwxayolgleuusgbwkkpsp/Build/Intermediates.noindex/type.build/Debug/type.build/Objects-normal/x86_64/supplementaryOutputs-9 -emit-localized-strings -emit-localized-strings-path /Users/chaalpritam/Library/Developer/Xcode/DerivedData/type-aackdwwuwxayolgleuusgbwkkpsp/Build/Intermediates.noindex/type.build/Debug/type.build/Objects-normal/x86_64 -target x86_64-apple-macos15.0 -enable-objc-interop -stack-check -sdk /Applications/Xcode.app/Contents/Developer/Platforms/MacOSX.platform/Developer/SDKs/MacOSX15.1.sdk -I /Users/chaalpritam/Library/Developer/Xcode/DerivedData/type-aackdwwuwxayolgleuusgbwkkpsp/Build/Products/Debug -F /Users/chaalpritam/Library/Developer/Xcode/DerivedData/type-aackdwwuwxayolgleuusgbwkkpsp/Build/Products/Debug -no-color-diagnostics -enable-testing -g -debug-info-format\=dwarf -dwarf-version\=5 -module-cache-path /Users/chaalpritam/Library/Developer/Xcode/DerivedData/ModuleCache.noindex -profile-generate -profile-coverage-mapping -swift-version 5 -enforce-exclusivity\=checked -Onone -D DEBUG -serialize-debugging-options -const-gather-protocols-file /Users/chaalpritam/Library/Developer/Xcode/DerivedData/type-aackdwwuwxayolgleuusgbwkkpsp/Build/Intermediates.noindex/type.build/Debug/type.build/Objects-normal/x86_64/type_const_extract_protocols.json -enable-experimental-feature DebugDescriptionMacro -enable-experimental-feature OpaqueTypeErasure -enable-bare-slash-regex -empty-abi-descriptor -validate-clang-modules-once -clang-build-session-file /Users/chaalpritam/Library/Developer/Xcode/DerivedData/ModuleCache.noindex/Session.modulevalidation -Xcc -working-directory -Xcc /Users/chaalpritam/Blockbase/type -resource-dir /Applications/Xcode.app/Contents/Developer/Toolchains/XcodeDefault.xctoolchain/usr/lib/swift -enable-anonymous-context-mangled-names -file-compilation-dir /Users/chaalpritam/Blockbase/type -Xcc -D_LIBCPP_HARDENING_MODE\=_LIBCPP_HARDENING_MODE_DEBUG -Xcc -ivfsstatcache -Xcc /Users/chaalpritam/Library/Developer/Xcode/DerivedData/SDKStatCaches.noindex/macosx15.1-24B75-26c8390a7c93c703a57fb2538426748e.sdkstatcache -Xcc -I/Users/chaalpritam/Library/Developer/Xcode/DerivedData/type-aackdwwuwxayolgleuusgbwkkpsp/Build/Intermediates.noindex/type.build/Debug/type.build/swift-overrides.hmap -Xcc -iquote -Xcc /Users/chaalpritam/Library/Developer/Xcode/DerivedData/type-aackdwwuwxayolgleuusgbwkkpsp/Build/Intermediates.noindex/type.build/Debug/type.build/type-generated-files.hmap -Xcc -I/Users/chaalpritam/Library/Developer/Xcode/DerivedData/type-aackdwwuwxayolgleuusgbwkkpsp/Build/Intermediates.noindex/type.build/Debug/type.build/type-own-target-headers.hmap -Xcc -I/Users/chaalpritam/Library/Developer/Xcode/DerivedData/type-aackdwwuwxayolgleuusgbwkkpsp/Build/Intermediates.noindex/type.build/Debug/type.build/type-all-target-headers.hmap -Xcc -iquote -Xcc /Users/chaalpritam/Library/Developer/Xcode/DerivedData/type-aackdwwuwxayolgleuusgbwkkpsp/Build/Intermediates.noindex/type.build/Debug/type.build/type-project-headers.hmap -Xcc -I/Users/chaalpritam/Library/Developer/Xcode/DerivedData/type-aackdwwuwxayolgleuusgbwkkpsp/Build/Products/Debug/include -Xcc -I/Users/chaalpritam/Library/Developer/Xcode/DerivedData/type-aackdwwuwxayolgleuusgbwkkpsp/Build/Intermediates.noindex/type.build/Debug/type.build/DerivedSources-normal/x86_64 -Xcc -I/Users/chaalpritam/Library/Developer/Xcode/DerivedData/type-aackdwwuwxayolgleuusgbwkkpsp/Build/Intermediates.noindex/type.build/Debug/type.build/DerivedSources/x86_64 -Xcc -I/Users/chaalpritam/Library/Developer/Xcode/DerivedData/type-aackdwwuwxayolgleuusgbwkkpsp/Build/Intermediates.noindex/type.build/Debug/type.build/DerivedSources -Xcc -DDEBUG\=1 -module-name type -frontend-parseable-output -disable-clang-spi -target-sdk-version 15.1 -target-sdk-name macosx15.1 -external-plugin-path /Applications/Xcode.app/Contents/Developer/Platforms/MacOSX.platform/Developer/usr/lib/swift/host/plugins\#/Applications/Xcode.app/Contents/Developer/Platforms/MacOSX.platform/Developer/usr/bin/swift-plugin-server -external-plugin-path /Applications/Xcode.app/Contents/Developer/Platforms/MacOSX.platform/Developer/usr/local/lib/swift/host/plugins\#/Applications/Xcode.app/Contents/Developer/Platforms/MacOSX.platform/Developer/usr/bin/swift-plugin-server -plugin-path /Applications/Xcode.app/Contents/Developer/Toolchains/XcodeDefault.xctoolchain/usr/lib/swift/host/plugins -plugin-path /Applications/Xcode.app/Contents/Developer/Toolchains/XcodeDefault.xctoolchain/usr/local/lib/swift/host/plugins -o /Users/chaalpritam/Library/Developer/Xcode/DerivedData/type-aackdwwuwxayolgleuusgbwkkpsp/Build/Intermediates.noindex/type.build/Debug/type.build/Objects-normal/x86_64/StoryProtocolService.o -o /Users/chaalpritam/Library/Developer/Xcode/DerivedData/type-aackdwwuwxayolgleuusgbwkkpsp/Build/Intermediates.noindex/type.build/Debug/type.build/Objects-normal/x86_64/ModalLayout.o -o /Users/chaalpritam/Library/Developer/Xcode/DerivedData/type-aackdwwuwxayolgleuusgbwkkpsp/Build/Intermediates.noindex/type.build/Debug/type.build/Objects-normal/x86_64/EnhancedAppleComponents.o -o /Users/chaalpritam/Library/Developer/Xcode/DerivedData/type-aackdwwuwxayolgleuusgbwkkpsp/Build/Intermediates.noindex/type.build/Debug/type.build/Objects-normal/x86_64/ModularAppView.o -o /Users/chaalpritam/Library/Developer/Xcode/DerivedData/type-aackdwwuwxayolgleuusgbwkkpsp/Build/Intermediates.noindex/type.build/Debug/type.build/Objects-normal/x86_64/TemplateSelectorView.o -o /Users/chaalpritam/Library/Developer/Xcode/DerivedData/type-aackdwwuwxayolgleuusgbwkkpsp/Build/Intermediates.noindex/type.build/Debug/type.build/Objects-normal/x86_64/TypeStyleAppView.o -index-unit-output-path /type.build/Debug/type.build/Objects-normal/x86_64/StoryProtocolService.o -index-unit-output-path /type.build/Debug/type.build/Objects-normal/x86_64/ModalLayout.o -index-unit-output-path /type.build/Debug/type.build/Objects-normal/x86_64/EnhancedAppleComponents.o -index-unit-output-path /type.build/Debug/type.build/Objects-normal/x86_64/ModularAppView.o -index-unit-output-path /type.build/Debug/type.build/Objects-normal/x86_64/TemplateSelectorView.o -index-unit-output-path /type.build/Debug/type.build/Objects-normal/x86_64/TypeStyleAppView.o -index-store-path /Users/chaalpritam/Library/Developer/Xcode/DerivedData/type-aackdwwuwxayolgleuusgbwkkpsp/Index.noindex/DataStore -index-system-modules

SwiftCompile normal x86_64 /Users/chaalpritam/Blockbase/type/type/UI/TypeStyleAppView.swift (in target 'type' from project 'type')
    cd /Users/chaalpritam/Blockbase/type
    /Applications/Xcode.app/Contents/Developer/Toolchains/XcodeDefault.xctoolchain/usr/bin/swift-frontend -c /Users/chaalpritam/Blockbase/type/type/Core/AppCoordinator.swift /Users/chaalpritam/Blockbase/type/type/Core/ModuleCoordinator.swift /Users/chaalpritam/Blockbase/type/type/Data/CharacterModels.swift /Users/chaalpritam/Blockbase/type/type/Data/OutlineModels.swift /Users/chaalpritam/Blockbase/type/type/Data/SceneModels.swift /Users/chaalpritam/Blockbase/type/type/Data/ScreenplayDocument.swift /Users/chaalpritam/Blockbase/type/type/Data/TimelineModels.swift /Users/chaalpritam/Blockbase/type/type/Features/Characters/CharacterCoordinator.swift /Users/chaalpritam/Blockbase/type/type/Features/Characters/CharacterDatabase.swift /Users/chaalpritam/Blockbase/type/type/Features/Characters/CharacterDetailViews.swift /Users/chaalpritam/Blockbase/type/type/Features/Characters/CharacterDetailViews2.swift /Users/chaalpritam/Blockbase/type/type/Features/Characters/CharacterEditViews.swift /Users/chaalpritam/Blockbase/type/type/Features/Characters/CharacterViews.swift /Users/chaalpritam/Blockbase/type/type/Features/Collaboration/CollaborationCoordinator.swift /Users/chaalpritam/Blockbase/type/type/Features/Collaboration/CollaborationManager.swift /Users/chaalpritam/Blockbase/type/type/Features/Collaboration/CollaborationViews.swift /Users/chaalpritam/Blockbase/type/type/Features/Editor/AdvancedEditorFeatures.swift /Users/chaalpritam/Blockbase/type/type/Features/Editor/AutoCompletionManager.swift /Users/chaalpritam/Blockbase/type/type/Features/Editor/CodeFoldingManager.swift /Users/chaalpritam/Blockbase/type/type/Features/Editor/EditorCoordinator.swift /Users/chaalpritam/Blockbase/type/type/Features/Editor/EnhancedFountainTextEditor.swift /Users/chaalpritam/Blockbase/type/type/Features/Editor/FindReplaceView.swift /Users/chaalpritam/Blockbase/type/type/Features/Editor/FountainHelpView.swift /Users/chaalpritam/Blockbase/type/type/Features/Editor/FountainParser.swift /Users/chaalpritam/Blockbase/type/type/Features/Editor/FountainSyntaxHighlighter.swift /Users/chaalpritam/Blockbase/type/type/Features/Editor/FountainTemplate.swift /Users/chaalpritam/Blockbase/type/type/Features/Editor/FountainTextEditor.swift /Users/chaalpritam/Blockbase/type/type/Features/Editor/MinimapView.swift /Users/chaalpritam/Blockbase/type/type/Features/Editor/MultipleCursorsTextEditor.swift /Users/chaalpritam/Blockbase/type/type/Features/Editor/ScreenplayPreview.swift /Users/chaalpritam/Blockbase/type/type/Features/Editor/SmartFormattingManager.swift /Users/chaalpritam/Blockbase/type/type/Features/Editor/SpellCheckTextEditor.swift /Users/chaalpritam/Blockbase/type/type/Features/Editor/TextHistoryManager.swift /Users/chaalpritam/Blockbase/type/type/Features/File/FileCoordinator.swift /Users/chaalpritam/Blockbase/type/type/Features/Outline/OutlineCoordinator.swift /Users/chaalpritam/Blockbase/type/type/Features/Outline/OutlineDatabase.swift /Users/chaalpritam/Blockbase/type/type/Features/Outline/OutlineDetailViews.swift /Users/chaalpritam/Blockbase/type/type/Features/Outline/OutlineViews.swift /Users/chaalpritam/Blockbase/type/type/Features/Scenes/SceneDatabase.swift /Users/chaalpritam/Blockbase/type/type/Features/Scenes/SceneDetailViews.swift /Users/chaalpritam/Blockbase/type/type/Features/Scenes/SceneViews.swift /Users/chaalpritam/Blockbase/type/type/Features/StoryProtocol/StoryProtocolCoordinator.swift /Users/chaalpritam/Blockbase/type/type/Features/StoryProtocol/StoryProtocolViews.swift /Users/chaalpritam/Blockbase/type/type/Features/Timeline/TimelineDatabase.swift /Users/chaalpritam/Blockbase/type/type/Features/Timeline/TimelineViews.swift /Users/chaalpritam/Blockbase/type/type/Features/Welcome/WelcomeView.swift /Users/chaalpritam/Blockbase/type/type/Services/DocumentService.swift /Users/chaalpritam/Blockbase/type/type/Services/FileManagementService.swift /Users/chaalpritam/Blockbase/type/type/Services/FileManager.swift /Users/chaalpritam/Blockbase/type/type/Services/SettingsService.swift /Users/chaalpritam/Blockbase/type/type/Services/StatisticsService.swift -primary-file /Users/chaalpritam/Blockbase/type/type/Services/StoryProtocolService.swift -primary-file /Users/chaalpritam/Blockbase/type/type/Shared/ModalLayout.swift -primary-file /Users/chaalpritam/Blockbase/type/type/UI/EnhancedAppleComponents.swift -primary-file /Users/chaalpritam/Blockbase/type/type/UI/ModularAppView.swift -primary-file /Users/chaalpritam/Blockbase/type/type/UI/TemplateSelectorView.swift -primary-file /Users/chaalpritam/Blockbase/type/type/UI/TypeStyleAppView.swift /Users/chaalpritam/Blockbase/type/type/UI/TypeStyleComponents.swift /Users/chaalpritam/Blockbase/type/type/UI/TypeStyleTheme.swift /Users/chaalpritam/Blockbase/type/type/Utils/KeyboardShortcutsManager.swift /Users/chaalpritam/Blockbase/type/type/SceneEditViews.swift /Users/chaalpritam/Blockbase/type/type/typeApp.swift /Users/chaalpritam/Library/Developer/Xcode/DerivedData/type-aackdwwuwxayolgleuusgbwkkpsp/Build/Intermediates.noindex/type.build/Debug/type.build/DerivedSources/GeneratedAssetSymbols.swift -supplementary-output-file-map /Users/chaalpritam/Library/Developer/Xcode/DerivedData/type-aackdwwuwxayolgleuusgbwkkpsp/Build/Intermediates.noindex/type.build/Debug/type.build/Objects-normal/x86_64/supplementaryOutputs-9 -emit-localized-strings -emit-localized-strings-path /Users/chaalpritam/Library/Developer/Xcode/DerivedData/type-aackdwwuwxayolgleuusgbwkkpsp/Build/Intermediates.noindex/type.build/Debug/type.build/Objects-normal/x86_64 -target x86_64-apple-macos15.0 -enable-objc-interop -stack-check -sdk /Applications/Xcode.app/Contents/Developer/Platforms/MacOSX.platform/Developer/SDKs/MacOSX15.1.sdk -I /Users/chaalpritam/Library/Developer/Xcode/DerivedData/type-aackdwwuwxayolgleuusgbwkkpsp/Build/Products/Debug -F /Users/chaalpritam/Library/Developer/Xcode/DerivedData/type-aackdwwuwxayolgleuusgbwkkpsp/Build/Products/Debug -no-color-diagnostics -enable-testing -g -debug-info-format\=dwarf -dwarf-version\=5 -module-cache-path /Users/chaalpritam/Library/Developer/Xcode/DerivedData/ModuleCache.noindex -profile-generate -profile-coverage-mapping -swift-version 5 -enforce-exclusivity\=checked -Onone -D DEBUG -serialize-debugging-options -const-gather-protocols-file /Users/chaalpritam/Library/Developer/Xcode/DerivedData/type-aackdwwuwxayolgleuusgbwkkpsp/Build/Intermediates.noindex/type.build/Debug/type.build/Objects-normal/x86_64/type_const_extract_protocols.json -enable-experimental-feature DebugDescriptionMacro -enable-experimental-feature OpaqueTypeErasure -enable-bare-slash-regex -empty-abi-descriptor -validate-clang-modules-once -clang-build-session-file /Users/chaalpritam/Library/Developer/Xcode/DerivedData/ModuleCache.noindex/Session.modulevalidation -Xcc -working-directory -Xcc /Users/chaalpritam/Blockbase/type -resource-dir /Applications/Xcode.app/Contents/Developer/Toolchains/XcodeDefault.xctoolchain/usr/lib/swift -enable-anonymous-context-mangled-names -file-compilation-dir /Users/chaalpritam/Blockbase/type -Xcc -D_LIBCPP_HARDENING_MODE\=_LIBCPP_HARDENING_MODE_DEBUG -Xcc -ivfsstatcache -Xcc /Users/chaalpritam/Library/Developer/Xcode/DerivedData/SDKStatCaches.noindex/macosx15.1-24B75-26c8390a7c93c703a57fb2538426748e.sdkstatcache -Xcc -I/Users/chaalpritam/Library/Developer/Xcode/DerivedData/type-aackdwwuwxayolgleuusgbwkkpsp/Build/Intermediates.noindex/type.build/Debug/type.build/swift-overrides.hmap -Xcc -iquote -Xcc /Users/chaalpritam/Library/Developer/Xcode/DerivedData/type-aackdwwuwxayolgleuusgbwkkpsp/Build/Intermediates.noindex/type.build/Debug/type.build/type-generated-files.hmap -Xcc -I/Users/chaalpritam/Library/Developer/Xcode/DerivedData/type-aackdwwuwxayolgleuusgbwkkpsp/Build/Intermediates.noindex/type.build/Debug/type.build/type-own-target-headers.hmap -Xcc -I/Users/chaalpritam/Library/Developer/Xcode/DerivedData/type-aackdwwuwxayolgleuusgbwkkpsp/Build/Intermediates.noindex/type.build/Debug/type.build/type-all-target-headers.hmap -Xcc -iquote -Xcc /Users/chaalpritam/Library/Developer/Xcode/DerivedData/type-aackdwwuwxayolgleuusgbwkkpsp/Build/Intermediates.noindex/type.build/Debug/type.build/type-project-headers.hmap -Xcc -I/Users/chaalpritam/Library/Developer/Xcode/DerivedData/type-aackdwwuwxayolgleuusgbwkkpsp/Build/Products/Debug/include -Xcc -I/Users/chaalpritam/Library/Developer/Xcode/DerivedData/type-aackdwwuwxayolgleuusgbwkkpsp/Build/Intermediates.noindex/type.build/Debug/type.build/DerivedSources-normal/x86_64 -Xcc -I/Users/chaalpritam/Library/Developer/Xcode/DerivedData/type-aackdwwuwxayolgleuusgbwkkpsp/Build/Intermediates.noindex/type.build/Debug/type.build/DerivedSources/x86_64 -Xcc -I/Users/chaalpritam/Library/Developer/Xcode/DerivedData/type-aackdwwuwxayolgleuusgbwkkpsp/Build/Intermediates.noindex/type.build/Debug/type.build/DerivedSources -Xcc -DDEBUG\=1 -module-name type -frontend-parseable-output -disable-clang-spi -target-sdk-version 15.1 -target-sdk-name macosx15.1 -external-plugin-path /Applications/Xcode.app/Contents/Developer/Platforms/MacOSX.platform/Developer/usr/lib/swift/host/plugins\#/Applications/Xcode.app/Contents/Developer/Platforms/MacOSX.platform/Developer/usr/bin/swift-plugin-server -external-plugin-path /Applications/Xcode.app/Contents/Developer/Platforms/MacOSX.platform/Developer/usr/local/lib/swift/host/plugins\#/Applications/Xcode.app/Contents/Developer/Platforms/MacOSX.platform/Developer/usr/bin/swift-plugin-server -plugin-path /Applications/Xcode.app/Contents/Developer/Toolchains/XcodeDefault.xctoolchain/usr/lib/swift/host/plugins -plugin-path /Applications/Xcode.app/Contents/Developer/Toolchains/XcodeDefault.xctoolchain/usr/local/lib/swift/host/plugins -o /Users/chaalpritam/Library/Developer/Xcode/DerivedData/type-aackdwwuwxayolgleuusgbwkkpsp/Build/Intermediates.noindex/type.build/Debug/type.build/Objects-normal/x86_64/StoryProtocolService.o -o /Users/chaalpritam/Library/Developer/Xcode/DerivedData/type-aackdwwuwxayolgleuusgbwkkpsp/Build/Intermediates.noindex/type.build/Debug/type.build/Objects-normal/x86_64/ModalLayout.o -o /Users/chaalpritam/Library/Developer/Xcode/DerivedData/type-aackdwwuwxayolgleuusgbwkkpsp/Build/Intermediates.noindex/type.build/Debug/type.build/Objects-normal/x86_64/EnhancedAppleComponents.o -o /Users/chaalpritam/Library/Developer/Xcode/DerivedData/type-aackdwwuwxayolgleuusgbwkkpsp/Build/Intermediates.noindex/type.build/Debug/type.build/Objects-normal/x86_64/ModularAppView.o -o /Users/chaalpritam/Library/Developer/Xcode/DerivedData/type-aackdwwuwxayolgleuusgbwkkpsp/Build/Intermediates.noindex/type.build/Debug/type.build/Objects-normal/x86_64/TemplateSelectorView.o -o /Users/chaalpritam/Library/Developer/Xcode/DerivedData/type-aackdwwuwxayolgleuusgbwkkpsp/Build/Intermediates.noindex/type.build/Debug/type.build/Objects-normal/x86_64/TypeStyleAppView.o -index-unit-output-path /type.build/Debug/type.build/Objects-normal/x86_64/StoryProtocolService.o -index-unit-output-path /type.build/Debug/type.build/Objects-normal/x86_64/ModalLayout.o -index-unit-output-path /type.build/Debug/type.build/Objects-normal/x86_64/EnhancedAppleComponents.o -index-unit-output-path /type.build/Debug/type.build/Objects-normal/x86_64/ModularAppView.o -index-unit-output-path /type.build/Debug/type.build/Objects-normal/x86_64/TemplateSelectorView.o -index-unit-output-path /type.build/Debug/type.build/Objects-normal/x86_64/TypeStyleAppView.o -index-store-path /Users/chaalpritam/Library/Developer/Xcode/DerivedData/type-aackdwwuwxayolgleuusgbwkkpsp/Index.noindex/DataStore -index-system-modules

SwiftCompile normal x86_64 Compiling\ CollaborationManager.swift,\ CollaborationViews.swift,\ AdvancedEditorFeatures.swift,\ AutoCompletionManager.swift,\ CodeFoldingManager.swift,\ EditorCoordinator.swift,\ EnhancedFountainTextEditor.swift /Users/chaalpritam/Blockbase/type/type/Features/Collaboration/CollaborationManager.swift /Users/chaalpritam/Blockbase/type/type/Features/Collaboration/CollaborationViews.swift /Users/chaalpritam/Blockbase/type/type/Features/Editor/AdvancedEditorFeatures.swift /Users/chaalpritam/Blockbase/type/type/Features/Editor/AutoCompletionManager.swift /Users/chaalpritam/Blockbase/type/type/Features/Editor/CodeFoldingManager.swift /Users/chaalpritam/Blockbase/type/type/Features/Editor/EditorCoordinator.swift /Users/chaalpritam/Blockbase/type/type/Features/Editor/EnhancedFountainTextEditor.swift (in target 'type' from project 'type')
    cd /Users/chaalpritam/Blockbase/type
    builtin-swiftTaskExecution -- /Applications/Xcode.app/Contents/Developer/Toolchains/XcodeDefault.xctoolchain/usr/bin/swift-frontend -frontend -c /Users/chaalpritam/Blockbase/type/type/Core/AppCoordinator.swift /Users/chaalpritam/Blockbase/type/type/Core/ModuleCoordinator.swift /Users/chaalpritam/Blockbase/type/type/Data/CharacterModels.swift /Users/chaalpritam/Blockbase/type/type/Data/OutlineModels.swift /Users/chaalpritam/Blockbase/type/type/Data/SceneModels.swift /Users/chaalpritam/Blockbase/type/type/Data/ScreenplayDocument.swift /Users/chaalpritam/Blockbase/type/type/Data/TimelineModels.swift /Users/chaalpritam/Blockbase/type/type/Features/Characters/CharacterCoordinator.swift /Users/chaalpritam/Blockbase/type/type/Features/Characters/CharacterDatabase.swift /Users/chaalpritam/Blockbase/type/type/Features/Characters/CharacterDetailViews.swift /Users/chaalpritam/Blockbase/type/type/Features/Characters/CharacterDetailViews2.swift /Users/chaalpritam/Blockbase/type/type/Features/Characters/CharacterEditViews.swift /Users/chaalpritam/Blockbase/type/type/Features/Characters/CharacterViews.swift /Users/chaalpritam/Blockbase/type/type/Features/Collaboration/CollaborationCoordinator.swift -primary-file /Users/chaalpritam/Blockbase/type/type/Features/Collaboration/CollaborationManager.swift -primary-file /Users/chaalpritam/Blockbase/type/type/Features/Collaboration/CollaborationViews.swift -primary-file /Users/chaalpritam/Blockbase/type/type/Features/Editor/AdvancedEditorFeatures.swift -primary-file /Users/chaalpritam/Blockbase/type/type/Features/Editor/AutoCompletionManager.swift -primary-file /Users/chaalpritam/Blockbase/type/type/Features/Editor/CodeFoldingManager.swift -primary-file /Users/chaalpritam/Blockbase/type/type/Features/Editor/EditorCoordinator.swift -primary-file /Users/chaalpritam/Blockbase/type/type/Features/Editor/EnhancedFountainTextEditor.swift /Users/chaalpritam/Blockbase/type/type/Features/Editor/FindReplaceView.swift /Users/chaalpritam/Blockbase/type/type/Features/Editor/FountainHelpView.swift /Users/chaalpritam/Blockbase/type/type/Features/Editor/FountainParser.swift /Users/chaalpritam/Blockbase/type/type/Features/Editor/FountainSyntaxHighlighter.swift /Users/chaalpritam/Blockbase/type/type/Features/Editor/FountainTemplate.swift /Users/chaalpritam/Blockbase/type/type/Features/Editor/FountainTextEditor.swift /Users/chaalpritam/Blockbase/type/type/Features/Editor/MinimapView.swift /Users/chaalpritam/Blockbase/type/type/Features/Editor/MultipleCursorsTextEditor.swift /Users/chaalpritam/Blockbase/type/type/Features/Editor/ScreenplayPreview.swift /Users/chaalpritam/Blockbase/type/type/Features/Editor/SmartFormattingManager.swift /Users/chaalpritam/Blockbase/type/type/Features/Editor/SpellCheckTextEditor.swift /Users/chaalpritam/Blockbase/type/type/Features/Editor/TextHistoryManager.swift /Users/chaalpritam/Blockbase/type/type/Features/File/FileCoordinator.swift /Users/chaalpritam/Blockbase/type/type/Features/Outline/OutlineCoordinator.swift /Users/chaalpritam/Blockbase/type/type/Features/Outline/OutlineDatabase.swift /Users/chaalpritam/Blockbase/type/type/Features/Outline/OutlineDetailViews.swift /Users/chaalpritam/Blockbase/type/type/Features/Outline/OutlineViews.swift /Users/chaalpritam/Blockbase/type/type/Features/Scenes/SceneDatabase.swift /Users/chaalpritam/Blockbase/type/type/Features/Scenes/SceneDetailViews.swift /Users/chaalpritam/Blockbase/type/type/Features/Scenes/SceneViews.swift /Users/chaalpritam/Blockbase/type/type/Features/StoryProtocol/StoryProtocolCoordinator.swift /Users/chaalpritam/Blockbase/type/type/Features/StoryProtocol/StoryProtocolViews.swift /Users/chaalpritam/Blockbase/type/type/Features/Timeline/TimelineDatabase.swift /Users/chaalpritam/Blockbase/type/type/Features/Timeline/TimelineViews.swift /Users/chaalpritam/Blockbase/type/type/Features/Welcome/WelcomeView.swift /Users/chaalpritam/Blockbase/type/type/Services/DocumentService.swift /Users/chaalpritam/Blockbase/type/type/Services/FileManagementService.swift /Users/chaalpritam/Blockbase/type/type/Services/FileManager.swift /Users/chaalpritam/Blockbase/type/type/Services/SettingsService.swift /Users/chaalpritam/Blockbase/type/type/Services/StatisticsService.swift /Users/chaalpritam/Blockbase/type/type/Services/StoryProtocolService.swift /Users/chaalpritam/Blockbase/type/type/Shared/ModalLayout.swift /Users/chaalpritam/Blockbase/type/type/UI/EnhancedAppleComponents.swift /Users/chaalpritam/Blockbase/type/type/UI/ModularAppView.swift /Users/chaalpritam/Blockbase/type/type/UI/TemplateSelectorView.swift /Users/chaalpritam/Blockbase/type/type/UI/TypeStyleAppView.swift /Users/chaalpritam/Blockbase/type/type/UI/TypeStyleComponents.swift /Users/chaalpritam/Blockbase/type/type/UI/TypeStyleTheme.swift /Users/chaalpritam/Blockbase/type/type/Utils/KeyboardShortcutsManager.swift /Users/chaalpritam/Blockbase/type/type/SceneEditViews.swift /Users/chaalpritam/Blockbase/type/type/typeApp.swift /Users/chaalpritam/Library/Developer/Xcode/DerivedData/type-aackdwwuwxayolgleuusgbwkkpsp/Build/Intermediates.noindex/type.build/Debug/type.build/DerivedSources/GeneratedAssetSymbols.swift -supplementary-output-file-map /Users/chaalpritam/Library/Developer/Xcode/DerivedData/type-aackdwwuwxayolgleuusgbwkkpsp/Build/Intermediates.noindex/type.build/Debug/type.build/Objects-normal/x86_64/supplementaryOutputs-3 -emit-localized-strings -emit-localized-strings-path /Users/chaalpritam/Library/Developer/Xcode/DerivedData/type-aackdwwuwxayolgleuusgbwkkpsp/Build/Intermediates.noindex/type.build/Debug/type.build/Objects-normal/x86_64 -target x86_64-apple-macos15.0 -enable-objc-interop -stack-check -sdk /Applications/Xcode.app/Contents/Developer/Platforms/MacOSX.platform/Developer/SDKs/MacOSX15.1.sdk -I /Users/chaalpritam/Library/Developer/Xcode/DerivedData/type-aackdwwuwxayolgleuusgbwkkpsp/Build/Products/Debug -F /Users/chaalpritam/Library/Developer/Xcode/DerivedData/type-aackdwwuwxayolgleuusgbwkkpsp/Build/Products/Debug -no-color-diagnostics -enable-testing -g -debug-info-format\=dwarf -dwarf-version\=5 -module-cache-path /Users/chaalpritam/Library/Developer/Xcode/DerivedData/ModuleCache.noindex -profile-generate -profile-coverage-mapping -swift-version 5 -enforce-exclusivity\=checked -Onone -D DEBUG -serialize-debugging-options -const-gather-protocols-file /Users/chaalpritam/Library/Developer/Xcode/DerivedData/type-aackdwwuwxayolgleuusgbwkkpsp/Build/Intermediates.noindex/type.build/Debug/type.build/Objects-normal/x86_64/type_const_extract_protocols.json -enable-experimental-feature DebugDescriptionMacro -enable-experimental-feature OpaqueTypeErasure -enable-bare-slash-regex -empty-abi-descriptor -validate-clang-modules-once -clang-build-session-file /Users/chaalpritam/Library/Developer/Xcode/DerivedData/ModuleCache.noindex/Session.modulevalidation -Xcc -working-directory -Xcc /Users/chaalpritam/Blockbase/type -resource-dir /Applications/Xcode.app/Contents/Developer/Toolchains/XcodeDefault.xctoolchain/usr/lib/swift -enable-anonymous-context-mangled-names -file-compilation-dir /Users/chaalpritam/Blockbase/type -Xcc -D_LIBCPP_HARDENING_MODE\=_LIBCPP_HARDENING_MODE_DEBUG -Xcc -ivfsstatcache -Xcc /Users/chaalpritam/Library/Developer/Xcode/DerivedData/SDKStatCaches.noindex/macosx15.1-24B75-26c8390a7c93c703a57fb2538426748e.sdkstatcache -Xcc -I/Users/chaalpritam/Library/Developer/Xcode/DerivedData/type-aackdwwuwxayolgleuusgbwkkpsp/Build/Intermediates.noindex/type.build/Debug/type.build/swift-overrides.hmap -Xcc -iquote -Xcc /Users/chaalpritam/Library/Developer/Xcode/DerivedData/type-aackdwwuwxayolgleuusgbwkkpsp/Build/Intermediates.noindex/type.build/Debug/type.build/type-generated-files.hmap -Xcc -I/Users/chaalpritam/Library/Developer/Xcode/DerivedData/type-aackdwwuwxayolgleuusgbwkkpsp/Build/Intermediates.noindex/type.build/Debug/type.build/type-own-target-headers.hmap -Xcc -I/Users/chaalpritam/Library/Developer/Xcode/DerivedData/type-aackdwwuwxayolgleuusgbwkkpsp/Build/Intermediates.noindex/type.build/Debug/type.build/type-all-target-headers.hmap -Xcc -iquote -Xcc /Users/chaalpritam/Library/Developer/Xcode/DerivedData/type-aackdwwuwxayolgleuusgbwkkpsp/Build/Intermediates.noindex/type.build/Debug/type.build/type-project-headers.hmap -Xcc -I/Users/chaalpritam/Library/Developer/Xcode/DerivedData/type-aackdwwuwxayolgleuusgbwkkpsp/Build/Products/Debug/include -Xcc -I/Users/chaalpritam/Library/Developer/Xcode/DerivedData/type-aackdwwuwxayolgleuusgbwkkpsp/Build/Intermediates.noindex/type.build/Debug/type.build/DerivedSources-normal/x86_64 -Xcc -I/Users/chaalpritam/Library/Developer/Xcode/DerivedData/type-aackdwwuwxayolgleuusgbwkkpsp/Build/Intermediates.noindex/type.build/Debug/type.build/DerivedSources/x86_64 -Xcc -I/Users/chaalpritam/Library/Developer/Xcode/DerivedData/type-aackdwwuwxayolgleuusgbwkkpsp/Build/Intermediates.noindex/type.build/Debug/type.build/DerivedSources -Xcc -DDEBUG\=1 -module-name type -frontend-parseable-output -disable-clang-spi -target-sdk-version 15.1 -target-sdk-name macosx15.1 -external-plugin-path /Applications/Xcode.app/Contents/Developer/Platforms/MacOSX.platform/Developer/usr/lib/swift/host/plugins\#/Applications/Xcode.app/Contents/Developer/Platforms/MacOSX.platform/Developer/usr/bin/swift-plugin-server -external-plugin-path /Applications/Xcode.app/Contents/Developer/Platforms/MacOSX.platform/Developer/usr/local/lib/swift/host/plugins\#/Applications/Xcode.app/Contents/Developer/Platforms/MacOSX.platform/Developer/usr/bin/swift-plugin-server -plugin-path /Applications/Xcode.app/Contents/Developer/Toolchains/XcodeDefault.xctoolchain/usr/lib/swift/host/plugins -plugin-path /Applications/Xcode.app/Contents/Developer/Toolchains/XcodeDefault.xctoolchain/usr/local/lib/swift/host/plugins -o /Users/chaalpritam/Library/Developer/Xcode/DerivedData/type-aackdwwuwxayolgleuusgbwkkpsp/Build/Intermediates.noindex/type.build/Debug/type.build/Objects-normal/x86_64/CollaborationManager.o -o /Users/chaalpritam/Library/Developer/Xcode/DerivedData/type-aackdwwuwxayolgleuusgbwkkpsp/Build/Intermediates.noindex/type.build/Debug/type.build/Objects-normal/x86_64/CollaborationViews.o -o /Users/chaalpritam/Library/Developer/Xcode/DerivedData/type-aackdwwuwxayolgleuusgbwkkpsp/Build/Intermediates.noindex/type.build/Debug/type.build/Objects-normal/x86_64/AdvancedEditorFeatures.o -o /Users/chaalpritam/Library/Developer/Xcode/DerivedData/type-aackdwwuwxayolgleuusgbwkkpsp/Build/Intermediates.noindex/type.build/Debug/type.build/Objects-normal/x86_64/AutoCompletionManager.o -o /Users/chaalpritam/Library/Developer/Xcode/DerivedData/type-aackdwwuwxayolgleuusgbwkkpsp/Build/Intermediates.noindex/type.build/Debug/type.build/Objects-normal/x86_64/CodeFoldingManager.o -o /Users/chaalpritam/Library/Developer/Xcode/DerivedData/type-aackdwwuwxayolgleuusgbwkkpsp/Build/Intermediates.noindex/type.build/Debug/type.build/Objects-normal/x86_64/EditorCoordinator.o -o /Users/chaalpritam/Library/Developer/Xcode/DerivedData/type-aackdwwuwxayolgleuusgbwkkpsp/Build/Intermediates.noindex/type.build/Debug/type.build/Objects-normal/x86_64/EnhancedFountainTextEditor.o -index-unit-output-path /type.build/Debug/type.build/Objects-normal/x86_64/CollaborationManager.o -index-unit-output-path /type.build/Debug/type.build/Objects-normal/x86_64/CollaborationViews.o -index-unit-output-path /type.build/Debug/type.build/Objects-normal/x86_64/AdvancedEditorFeatures.o -index-unit-output-path /type.build/Debug/type.build/Objects-normal/x86_64/AutoCompletionManager.o -index-unit-output-path /type.build/Debug/type.build/Objects-normal/x86_64/CodeFoldingManager.o -index-unit-output-path /type.build/Debug/type.build/Objects-normal/x86_64/EditorCoordinator.o -index-unit-output-path /type.build/Debug/type.build/Objects-normal/x86_64/EnhancedFountainTextEditor.o -index-store-path /Users/chaalpritam/Library/Developer/Xcode/DerivedData/type-aackdwwuwxayolgleuusgbwkkpsp/Index.noindex/DataStore -index-system-modules

SwiftCompile normal x86_64 /Users/chaalpritam/Blockbase/type/type/Features/Collaboration/CollaborationManager.swift (in target 'type' from project 'type')
    cd /Users/chaalpritam/Blockbase/type
    /Applications/Xcode.app/Contents/Developer/Toolchains/XcodeDefault.xctoolchain/usr/bin/swift-frontend -c /Users/chaalpritam/Blockbase/type/type/Core/AppCoordinator.swift /Users/chaalpritam/Blockbase/type/type/Core/ModuleCoordinator.swift /Users/chaalpritam/Blockbase/type/type/Data/CharacterModels.swift /Users/chaalpritam/Blockbase/type/type/Data/OutlineModels.swift /Users/chaalpritam/Blockbase/type/type/Data/SceneModels.swift /Users/chaalpritam/Blockbase/type/type/Data/ScreenplayDocument.swift /Users/chaalpritam/Blockbase/type/type/Data/TimelineModels.swift /Users/chaalpritam/Blockbase/type/type/Features/Characters/CharacterCoordinator.swift /Users/chaalpritam/Blockbase/type/type/Features/Characters/CharacterDatabase.swift /Users/chaalpritam/Blockbase/type/type/Features/Characters/CharacterDetailViews.swift /Users/chaalpritam/Blockbase/type/type/Features/Characters/CharacterDetailViews2.swift /Users/chaalpritam/Blockbase/type/type/Features/Characters/CharacterEditViews.swift /Users/chaalpritam/Blockbase/type/type/Features/Characters/CharacterViews.swift /Users/chaalpritam/Blockbase/type/type/Features/Collaboration/CollaborationCoordinator.swift -primary-file /Users/chaalpritam/Blockbase/type/type/Features/Collaboration/CollaborationManager.swift -primary-file /Users/chaalpritam/Blockbase/type/type/Features/Collaboration/CollaborationViews.swift -primary-file /Users/chaalpritam/Blockbase/type/type/Features/Editor/AdvancedEditorFeatures.swift -primary-file /Users/chaalpritam/Blockbase/type/type/Features/Editor/AutoCompletionManager.swift -primary-file /Users/chaalpritam/Blockbase/type/type/Features/Editor/CodeFoldingManager.swift -primary-file /Users/chaalpritam/Blockbase/type/type/Features/Editor/EditorCoordinator.swift -primary-file /Users/chaalpritam/Blockbase/type/type/Features/Editor/EnhancedFountainTextEditor.swift /Users/chaalpritam/Blockbase/type/type/Features/Editor/FindReplaceView.swift /Users/chaalpritam/Blockbase/type/type/Features/Editor/FountainHelpView.swift /Users/chaalpritam/Blockbase/type/type/Features/Editor/FountainParser.swift /Users/chaalpritam/Blockbase/type/type/Features/Editor/FountainSyntaxHighlighter.swift /Users/chaalpritam/Blockbase/type/type/Features/Editor/FountainTemplate.swift /Users/chaalpritam/Blockbase/type/type/Features/Editor/FountainTextEditor.swift /Users/chaalpritam/Blockbase/type/type/Features/Editor/MinimapView.swift /Users/chaalpritam/Blockbase/type/type/Features/Editor/MultipleCursorsTextEditor.swift /Users/chaalpritam/Blockbase/type/type/Features/Editor/ScreenplayPreview.swift /Users/chaalpritam/Blockbase/type/type/Features/Editor/SmartFormattingManager.swift /Users/chaalpritam/Blockbase/type/type/Features/Editor/SpellCheckTextEditor.swift /Users/chaalpritam/Blockbase/type/type/Features/Editor/TextHistoryManager.swift /Users/chaalpritam/Blockbase/type/type/Features/File/FileCoordinator.swift /Users/chaalpritam/Blockbase/type/type/Features/Outline/OutlineCoordinator.swift /Users/chaalpritam/Blockbase/type/type/Features/Outline/OutlineDatabase.swift /Users/chaalpritam/Blockbase/type/type/Features/Outline/OutlineDetailViews.swift /Users/chaalpritam/Blockbase/type/type/Features/Outline/OutlineViews.swift /Users/chaalpritam/Blockbase/type/type/Features/Scenes/SceneDatabase.swift /Users/chaalpritam/Blockbase/type/type/Features/Scenes/SceneDetailViews.swift /Users/chaalpritam/Blockbase/type/type/Features/Scenes/SceneViews.swift /Users/chaalpritam/Blockbase/type/type/Features/StoryProtocol/StoryProtocolCoordinator.swift /Users/chaalpritam/Blockbase/type/type/Features/StoryProtocol/StoryProtocolViews.swift /Users/chaalpritam/Blockbase/type/type/Features/Timeline/TimelineDatabase.swift /Users/chaalpritam/Blockbase/type/type/Features/Timeline/TimelineViews.swift /Users/chaalpritam/Blockbase/type/type/Features/Welcome/WelcomeView.swift /Users/chaalpritam/Blockbase/type/type/Services/DocumentService.swift /Users/chaalpritam/Blockbase/type/type/Services/FileManagementService.swift /Users/chaalpritam/Blockbase/type/type/Services/FileManager.swift /Users/chaalpritam/Blockbase/type/type/Services/SettingsService.swift /Users/chaalpritam/Blockbase/type/type/Services/StatisticsService.swift /Users/chaalpritam/Blockbase/type/type/Services/StoryProtocolService.swift /Users/chaalpritam/Blockbase/type/type/Shared/ModalLayout.swift /Users/chaalpritam/Blockbase/type/type/UI/EnhancedAppleComponents.swift /Users/chaalpritam/Blockbase/type/type/UI/ModularAppView.swift /Users/chaalpritam/Blockbase/type/type/UI/TemplateSelectorView.swift /Users/chaalpritam/Blockbase/type/type/UI/TypeStyleAppView.swift /Users/chaalpritam/Blockbase/type/type/UI/TypeStyleComponents.swift /Users/chaalpritam/Blockbase/type/type/UI/TypeStyleTheme.swift /Users/chaalpritam/Blockbase/type/type/Utils/KeyboardShortcutsManager.swift /Users/chaalpritam/Blockbase/type/type/SceneEditViews.swift /Users/chaalpritam/Blockbase/type/type/typeApp.swift /Users/chaalpritam/Library/Developer/Xcode/DerivedData/type-aackdwwuwxayolgleuusgbwkkpsp/Build/Intermediates.noindex/type.build/Debug/type.build/DerivedSources/GeneratedAssetSymbols.swift -supplementary-output-file-map /Users/chaalpritam/Library/Developer/Xcode/DerivedData/type-aackdwwuwxayolgleuusgbwkkpsp/Build/Intermediates.noindex/type.build/Debug/type.build/Objects-normal/x86_64/supplementaryOutputs-3 -emit-localized-strings -emit-localized-strings-path /Users/chaalpritam/Library/Developer/Xcode/DerivedData/type-aackdwwuwxayolgleuusgbwkkpsp/Build/Intermediates.noindex/type.build/Debug/type.build/Objects-normal/x86_64 -target x86_64-apple-macos15.0 -enable-objc-interop -stack-check -sdk /Applications/Xcode.app/Contents/Developer/Platforms/MacOSX.platform/Developer/SDKs/MacOSX15.1.sdk -I /Users/chaalpritam/Library/Developer/Xcode/DerivedData/type-aackdwwuwxayolgleuusgbwkkpsp/Build/Products/Debug -F /Users/chaalpritam/Library/Developer/Xcode/DerivedData/type-aackdwwuwxayolgleuusgbwkkpsp/Build/Products/Debug -no-color-diagnostics -enable-testing -g -debug-info-format\=dwarf -dwarf-version\=5 -module-cache-path /Users/chaalpritam/Library/Developer/Xcode/DerivedData/ModuleCache.noindex -profile-generate -profile-coverage-mapping -swift-version 5 -enforce-exclusivity\=checked -Onone -D DEBUG -serialize-debugging-options -const-gather-protocols-file /Users/chaalpritam/Library/Developer/Xcode/DerivedData/type-aackdwwuwxayolgleuusgbwkkpsp/Build/Intermediates.noindex/type.build/Debug/type.build/Objects-normal/x86_64/type_const_extract_protocols.json -enable-experimental-feature DebugDescriptionMacro -enable-experimental-feature OpaqueTypeErasure -enable-bare-slash-regex -empty-abi-descriptor -validate-clang-modules-once -clang-build-session-file /Users/chaalpritam/Library/Developer/Xcode/DerivedData/ModuleCache.noindex/Session.modulevalidation -Xcc -working-directory -Xcc /Users/chaalpritam/Blockbase/type -resource-dir /Applications/Xcode.app/Contents/Developer/Toolchains/XcodeDefault.xctoolchain/usr/lib/swift -enable-anonymous-context-mangled-names -file-compilation-dir /Users/chaalpritam/Blockbase/type -Xcc -D_LIBCPP_HARDENING_MODE\=_LIBCPP_HARDENING_MODE_DEBUG -Xcc -ivfsstatcache -Xcc /Users/chaalpritam/Library/Developer/Xcode/DerivedData/SDKStatCaches.noindex/macosx15.1-24B75-26c8390a7c93c703a57fb2538426748e.sdkstatcache -Xcc -I/Users/chaalpritam/Library/Developer/Xcode/DerivedData/type-aackdwwuwxayolgleuusgbwkkpsp/Build/Intermediates.noindex/type.build/Debug/type.build/swift-overrides.hmap -Xcc -iquote -Xcc /Users/chaalpritam/Library/Developer/Xcode/DerivedData/type-aackdwwuwxayolgleuusgbwkkpsp/Build/Intermediates.noindex/type.build/Debug/type.build/type-generated-files.hmap -Xcc -I/Users/chaalpritam/Library/Developer/Xcode/DerivedData/type-aackdwwuwxayolgleuusgbwkkpsp/Build/Intermediates.noindex/type.build/Debug/type.build/type-own-target-headers.hmap -Xcc -I/Users/chaalpritam/Library/Developer/Xcode/DerivedData/type-aackdwwuwxayolgleuusgbwkkpsp/Build/Intermediates.noindex/type.build/Debug/type.build/type-all-target-headers.hmap -Xcc -iquote -Xcc /Users/chaalpritam/Library/Developer/Xcode/DerivedData/type-aackdwwuwxayolgleuusgbwkkpsp/Build/Intermediates.noindex/type.build/Debug/type.build/type-project-headers.hmap -Xcc -I/Users/chaalpritam/Library/Developer/Xcode/DerivedData/type-aackdwwuwxayolgleuusgbwkkpsp/Build/Products/Debug/include -Xcc -I/Users/chaalpritam/Library/Developer/Xcode/DerivedData/type-aackdwwuwxayolgleuusgbwkkpsp/Build/Intermediates.noindex/type.build/Debug/type.build/DerivedSources-normal/x86_64 -Xcc -I/Users/chaalpritam/Library/Developer/Xcode/DerivedData/type-aackdwwuwxayolgleuusgbwkkpsp/Build/Intermediates.noindex/type.build/Debug/type.build/DerivedSources/x86_64 -Xcc -I/Users/chaalpritam/Library/Developer/Xcode/DerivedData/type-aackdwwuwxayolgleuusgbwkkpsp/Build/Intermediates.noindex/type.build/Debug/type.build/DerivedSources -Xcc -DDEBUG\=1 -module-name type -frontend-parseable-output -disable-clang-spi -target-sdk-version 15.1 -target-sdk-name macosx15.1 -external-plugin-path /Applications/Xcode.app/Contents/Developer/Platforms/MacOSX.platform/Developer/usr/lib/swift/host/plugins\#/Applications/Xcode.app/Contents/Developer/Platforms/MacOSX.platform/Developer/usr/bin/swift-plugin-server -external-plugin-path /Applications/Xcode.app/Contents/Developer/Platforms/MacOSX.platform/Developer/usr/local/lib/swift/host/plugins\#/Applications/Xcode.app/Contents/Developer/Platforms/MacOSX.platform/Developer/usr/bin/swift-plugin-server -plugin-path /Applications/Xcode.app/Contents/Developer/Toolchains/XcodeDefault.xctoolchain/usr/lib/swift/host/plugins -plugin-path /Applications/Xcode.app/Contents/Developer/Toolchains/XcodeDefault.xctoolchain/usr/local/lib/swift/host/plugins -o /Users/chaalpritam/Library/Developer/Xcode/DerivedData/type-aackdwwuwxayolgleuusgbwkkpsp/Build/Intermediates.noindex/type.build/Debug/type.build/Objects-normal/x86_64/CollaborationManager.o -o /Users/chaalpritam/Library/Developer/Xcode/DerivedData/type-aackdwwuwxayolgleuusgbwkkpsp/Build/Intermediates.noindex/type.build/Debug/type.build/Objects-normal/x86_64/CollaborationViews.o -o /Users/chaalpritam/Library/Developer/Xcode/DerivedData/type-aackdwwuwxayolgleuusgbwkkpsp/Build/Intermediates.noindex/type.build/Debug/type.build/Objects-normal/x86_64/AdvancedEditorFeatures.o -o /Users/chaalpritam/Library/Developer/Xcode/DerivedData/type-aackdwwuwxayolgleuusgbwkkpsp/Build/Intermediates.noindex/type.build/Debug/type.build/Objects-normal/x86_64/AutoCompletionManager.o -o /Users/chaalpritam/Library/Developer/Xcode/DerivedData/type-aackdwwuwxayolgleuusgbwkkpsp/Build/Intermediates.noindex/type.build/Debug/type.build/Objects-normal/x86_64/CodeFoldingManager.o -o /Users/chaalpritam/Library/Developer/Xcode/DerivedData/type-aackdwwuwxayolgleuusgbwkkpsp/Build/Intermediates.noindex/type.build/Debug/type.build/Objects-normal/x86_64/EditorCoordinator.o -o /Users/chaalpritam/Library/Developer/Xcode/DerivedData/type-aackdwwuwxayolgleuusgbwkkpsp/Build/Intermediates.noindex/type.build/Debug/type.build/Objects-normal/x86_64/EnhancedFountainTextEditor.o -index-unit-output-path /type.build/Debug/type.build/Objects-normal/x86_64/CollaborationManager.o -index-unit-output-path /type.build/Debug/type.build/Objects-normal/x86_64/CollaborationViews.o -index-unit-output-path /type.build/Debug/type.build/Objects-normal/x86_64/AdvancedEditorFeatures.o -index-unit-output-path /type.build/Debug/type.build/Objects-normal/x86_64/AutoCompletionManager.o -index-unit-output-path /type.build/Debug/type.build/Objects-normal/x86_64/CodeFoldingManager.o -index-unit-output-path /type.build/Debug/type.build/Objects-normal/x86_64/EditorCoordinator.o -index-unit-output-path /type.build/Debug/type.build/Objects-normal/x86_64/EnhancedFountainTextEditor.o -index-store-path /Users/chaalpritam/Library/Developer/Xcode/DerivedData/type-aackdwwuwxayolgleuusgbwkkpsp/Index.noindex/DataStore -index-system-modules

SwiftCompile normal x86_64 /Users/chaalpritam/Blockbase/type/type/Features/Collaboration/CollaborationViews.swift (in target 'type' from project 'type')
    cd /Users/chaalpritam/Blockbase/type
    /Applications/Xcode.app/Contents/Developer/Toolchains/XcodeDefault.xctoolchain/usr/bin/swift-frontend -c /Users/chaalpritam/Blockbase/type/type/Core/AppCoordinator.swift /Users/chaalpritam/Blockbase/type/type/Core/ModuleCoordinator.swift /Users/chaalpritam/Blockbase/type/type/Data/CharacterModels.swift /Users/chaalpritam/Blockbase/type/type/Data/OutlineModels.swift /Users/chaalpritam/Blockbase/type/type/Data/SceneModels.swift /Users/chaalpritam/Blockbase/type/type/Data/ScreenplayDocument.swift /Users/chaalpritam/Blockbase/type/type/Data/TimelineModels.swift /Users/chaalpritam/Blockbase/type/type/Features/Characters/CharacterCoordinator.swift /Users/chaalpritam/Blockbase/type/type/Features/Characters/CharacterDatabase.swift /Users/chaalpritam/Blockbase/type/type/Features/Characters/CharacterDetailViews.swift /Users/chaalpritam/Blockbase/type/type/Features/Characters/CharacterDetailViews2.swift /Users/chaalpritam/Blockbase/type/type/Features/Characters/CharacterEditViews.swift /Users/chaalpritam/Blockbase/type/type/Features/Characters/CharacterViews.swift /Users/chaalpritam/Blockbase/type/type/Features/Collaboration/CollaborationCoordinator.swift -primary-file /Users/chaalpritam/Blockbase/type/type/Features/Collaboration/CollaborationManager.swift -primary-file /Users/chaalpritam/Blockbase/type/type/Features/Collaboration/CollaborationViews.swift -primary-file /Users/chaalpritam/Blockbase/type/type/Features/Editor/AdvancedEditorFeatures.swift -primary-file /Users/chaalpritam/Blockbase/type/type/Features/Editor/AutoCompletionManager.swift -primary-file /Users/chaalpritam/Blockbase/type/type/Features/Editor/CodeFoldingManager.swift -primary-file /Users/chaalpritam/Blockbase/type/type/Features/Editor/EditorCoordinator.swift -primary-file /Users/chaalpritam/Blockbase/type/type/Features/Editor/EnhancedFountainTextEditor.swift /Users/chaalpritam/Blockbase/type/type/Features/Editor/FindReplaceView.swift /Users/chaalpritam/Blockbase/type/type/Features/Editor/FountainHelpView.swift /Users/chaalpritam/Blockbase/type/type/Features/Editor/FountainParser.swift /Users/chaalpritam/Blockbase/type/type/Features/Editor/FountainSyntaxHighlighter.swift /Users/chaalpritam/Blockbase/type/type/Features/Editor/FountainTemplate.swift /Users/chaalpritam/Blockbase/type/type/Features/Editor/FountainTextEditor.swift /Users/chaalpritam/Blockbase/type/type/Features/Editor/MinimapView.swift /Users/chaalpritam/Blockbase/type/type/Features/Editor/MultipleCursorsTextEditor.swift /Users/chaalpritam/Blockbase/type/type/Features/Editor/ScreenplayPreview.swift /Users/chaalpritam/Blockbase/type/type/Features/Editor/SmartFormattingManager.swift /Users/chaalpritam/Blockbase/type/type/Features/Editor/SpellCheckTextEditor.swift /Users/chaalpritam/Blockbase/type/type/Features/Editor/TextHistoryManager.swift /Users/chaalpritam/Blockbase/type/type/Features/File/FileCoordinator.swift /Users/chaalpritam/Blockbase/type/type/Features/Outline/OutlineCoordinator.swift /Users/chaalpritam/Blockbase/type/type/Features/Outline/OutlineDatabase.swift /Users/chaalpritam/Blockbase/type/type/Features/Outline/OutlineDetailViews.swift /Users/chaalpritam/Blockbase/type/type/Features/Outline/OutlineViews.swift /Users/chaalpritam/Blockbase/type/type/Features/Scenes/SceneDatabase.swift /Users/chaalpritam/Blockbase/type/type/Features/Scenes/SceneDetailViews.swift /Users/chaalpritam/Blockbase/type/type/Features/Scenes/SceneViews.swift /Users/chaalpritam/Blockbase/type/type/Features/StoryProtocol/StoryProtocolCoordinator.swift /Users/chaalpritam/Blockbase/type/type/Features/StoryProtocol/StoryProtocolViews.swift /Users/chaalpritam/Blockbase/type/type/Features/Timeline/TimelineDatabase.swift /Users/chaalpritam/Blockbase/type/type/Features/Timeline/TimelineViews.swift /Users/chaalpritam/Blockbase/type/type/Features/Welcome/WelcomeView.swift /Users/chaalpritam/Blockbase/type/type/Services/DocumentService.swift /Users/chaalpritam/Blockbase/type/type/Services/FileManagementService.swift /Users/chaalpritam/Blockbase/type/type/Services/FileManager.swift /Users/chaalpritam/Blockbase/type/type/Services/SettingsService.swift /Users/chaalpritam/Blockbase/type/type/Services/StatisticsService.swift /Users/chaalpritam/Blockbase/type/type/Services/StoryProtocolService.swift /Users/chaalpritam/Blockbase/type/type/Shared/ModalLayout.swift /Users/chaalpritam/Blockbase/type/type/UI/EnhancedAppleComponents.swift /Users/chaalpritam/Blockbase/type/type/UI/ModularAppView.swift /Users/chaalpritam/Blockbase/type/type/UI/TemplateSelectorView.swift /Users/chaalpritam/Blockbase/type/type/UI/TypeStyleAppView.swift /Users/chaalpritam/Blockbase/type/type/UI/TypeStyleComponents.swift /Users/chaalpritam/Blockbase/type/type/UI/TypeStyleTheme.swift /Users/chaalpritam/Blockbase/type/type/Utils/KeyboardShortcutsManager.swift /Users/chaalpritam/Blockbase/type/type/SceneEditViews.swift /Users/chaalpritam/Blockbase/type/type/typeApp.swift /Users/chaalpritam/Library/Developer/Xcode/DerivedData/type-aackdwwuwxayolgleuusgbwkkpsp/Build/Intermediates.noindex/type.build/Debug/type.build/DerivedSources/GeneratedAssetSymbols.swift -supplementary-output-file-map /Users/chaalpritam/Library/Developer/Xcode/DerivedData/type-aackdwwuwxayolgleuusgbwkkpsp/Build/Intermediates.noindex/type.build/Debug/type.build/Objects-normal/x86_64/supplementaryOutputs-3 -emit-localized-strings -emit-localized-strings-path /Users/chaalpritam/Library/Developer/Xcode/DerivedData/type-aackdwwuwxayolgleuusgbwkkpsp/Build/Intermediates.noindex/type.build/Debug/type.build/Objects-normal/x86_64 -target x86_64-apple-macos15.0 -enable-objc-interop -stack-check -sdk /Applications/Xcode.app/Contents/Developer/Platforms/MacOSX.platform/Developer/SDKs/MacOSX15.1.sdk -I /Users/chaalpritam/Library/Developer/Xcode/DerivedData/type-aackdwwuwxayolgleuusgbwkkpsp/Build/Products/Debug -F /Users/chaalpritam/Library/Developer/Xcode/DerivedData/type-aackdwwuwxayolgleuusgbwkkpsp/Build/Products/Debug -no-color-diagnostics -enable-testing -g -debug-info-format\=dwarf -dwarf-version\=5 -module-cache-path /Users/chaalpritam/Library/Developer/Xcode/DerivedData/ModuleCache.noindex -profile-generate -profile-coverage-mapping -swift-version 5 -enforce-exclusivity\=checked -Onone -D DEBUG -serialize-debugging-options -const-gather-protocols-file /Users/chaalpritam/Library/Developer/Xcode/DerivedData/type-aackdwwuwxayolgleuusgbwkkpsp/Build/Intermediates.noindex/type.build/Debug/type.build/Objects-normal/x86_64/type_const_extract_protocols.json -enable-experimental-feature DebugDescriptionMacro -enable-experimental-feature OpaqueTypeErasure -enable-bare-slash-regex -empty-abi-descriptor -validate-clang-modules-once -clang-build-session-file /Users/chaalpritam/Library/Developer/Xcode/DerivedData/ModuleCache.noindex/Session.modulevalidation -Xcc -working-directory -Xcc /Users/chaalpritam/Blockbase/type -resource-dir /Applications/Xcode.app/Contents/Developer/Toolchains/XcodeDefault.xctoolchain/usr/lib/swift -enable-anonymous-context-mangled-names -file-compilation-dir /Users/chaalpritam/Blockbase/type -Xcc -D_LIBCPP_HARDENING_MODE\=_LIBCPP_HARDENING_MODE_DEBUG -Xcc -ivfsstatcache -Xcc /Users/chaalpritam/Library/Developer/Xcode/DerivedData/SDKStatCaches.noindex/macosx15.1-24B75-26c8390a7c93c703a57fb2538426748e.sdkstatcache -Xcc -I/Users/chaalpritam/Library/Developer/Xcode/DerivedData/type-aackdwwuwxayolgleuusgbwkkpsp/Build/Intermediates.noindex/type.build/Debug/type.build/swift-overrides.hmap -Xcc -iquote -Xcc /Users/chaalpritam/Library/Developer/Xcode/DerivedData/type-aackdwwuwxayolgleuusgbwkkpsp/Build/Intermediates.noindex/type.build/Debug/type.build/type-generated-files.hmap -Xcc -I/Users/chaalpritam/Library/Developer/Xcode/DerivedData/type-aackdwwuwxayolgleuusgbwkkpsp/Build/Intermediates.noindex/type.build/Debug/type.build/type-own-target-headers.hmap -Xcc -I/Users/chaalpritam/Library/Developer/Xcode/DerivedData/type-aackdwwuwxayolgleuusgbwkkpsp/Build/Intermediates.noindex/type.build/Debug/type.build/type-all-target-headers.hmap -Xcc -iquote -Xcc /Users/chaalpritam/Library/Developer/Xcode/DerivedData/type-aackdwwuwxayolgleuusgbwkkpsp/Build/Intermediates.noindex/type.build/Debug/type.build/type-project-headers.hmap -Xcc -I/Users/chaalpritam/Library/Developer/Xcode/DerivedData/type-aackdwwuwxayolgleuusgbwkkpsp/Build/Products/Debug/include -Xcc -I/Users/chaalpritam/Library/Developer/Xcode/DerivedData/type-aackdwwuwxayolgleuusgbwkkpsp/Build/Intermediates.noindex/type.build/Debug/type.build/DerivedSources-normal/x86_64 -Xcc -I/Users/chaalpritam/Library/Developer/Xcode/DerivedData/type-aackdwwuwxayolgleuusgbwkkpsp/Build/Intermediates.noindex/type.build/Debug/type.build/DerivedSources/x86_64 -Xcc -I/Users/chaalpritam/Library/Developer/Xcode/DerivedData/type-aackdwwuwxayolgleuusgbwkkpsp/Build/Intermediates.noindex/type.build/Debug/type.build/DerivedSources -Xcc -DDEBUG\=1 -module-name type -frontend-parseable-output -disable-clang-spi -target-sdk-version 15.1 -target-sdk-name macosx15.1 -external-plugin-path /Applications/Xcode.app/Contents/Developer/Platforms/MacOSX.platform/Developer/usr/lib/swift/host/plugins\#/Applications/Xcode.app/Contents/Developer/Platforms/MacOSX.platform/Developer/usr/bin/swift-plugin-server -external-plugin-path /Applications/Xcode.app/Contents/Developer/Platforms/MacOSX.platform/Developer/usr/local/lib/swift/host/plugins\#/Applications/Xcode.app/Contents/Developer/Platforms/MacOSX.platform/Developer/usr/bin/swift-plugin-server -plugin-path /Applications/Xcode.app/Contents/Developer/Toolchains/XcodeDefault.xctoolchain/usr/lib/swift/host/plugins -plugin-path /Applications/Xcode.app/Contents/Developer/Toolchains/XcodeDefault.xctoolchain/usr/local/lib/swift/host/plugins -o /Users/chaalpritam/Library/Developer/Xcode/DerivedData/type-aackdwwuwxayolgleuusgbwkkpsp/Build/Intermediates.noindex/type.build/Debug/type.build/Objects-normal/x86_64/CollaborationManager.o -o /Users/chaalpritam/Library/Developer/Xcode/DerivedData/type-aackdwwuwxayolgleuusgbwkkpsp/Build/Intermediates.noindex/type.build/Debug/type.build/Objects-normal/x86_64/CollaborationViews.o -o /Users/chaalpritam/Library/Developer/Xcode/DerivedData/type-aackdwwuwxayolgleuusgbwkkpsp/Build/Intermediates.noindex/type.build/Debug/type.build/Objects-normal/x86_64/AdvancedEditorFeatures.o -o /Users/chaalpritam/Library/Developer/Xcode/DerivedData/type-aackdwwuwxayolgleuusgbwkkpsp/Build/Intermediates.noindex/type.build/Debug/type.build/Objects-normal/x86_64/AutoCompletionManager.o -o /Users/chaalpritam/Library/Developer/Xcode/DerivedData/type-aackdwwuwxayolgleuusgbwkkpsp/Build/Intermediates.noindex/type.build/Debug/type.build/Objects-normal/x86_64/CodeFoldingManager.o -o /Users/chaalpritam/Library/Developer/Xcode/DerivedData/type-aackdwwuwxayolgleuusgbwkkpsp/Build/Intermediates.noindex/type.build/Debug/type.build/Objects-normal/x86_64/EditorCoordinator.o -o /Users/chaalpritam/Library/Developer/Xcode/DerivedData/type-aackdwwuwxayolgleuusgbwkkpsp/Build/Intermediates.noindex/type.build/Debug/type.build/Objects-normal/x86_64/EnhancedFountainTextEditor.o -index-unit-output-path /type.build/Debug/type.build/Objects-normal/x86_64/CollaborationManager.o -index-unit-output-path /type.build/Debug/type.build/Objects-normal/x86_64/CollaborationViews.o -index-unit-output-path /type.build/Debug/type.build/Objects-normal/x86_64/AdvancedEditorFeatures.o -index-unit-output-path /type.build/Debug/type.build/Objects-normal/x86_64/AutoCompletionManager.o -index-unit-output-path /type.build/Debug/type.build/Objects-normal/x86_64/CodeFoldingManager.o -index-unit-output-path /type.build/Debug/type.build/Objects-normal/x86_64/EditorCoordinator.o -index-unit-output-path /type.build/Debug/type.build/Objects-normal/x86_64/EnhancedFountainTextEditor.o -index-store-path /Users/chaalpritam/Library/Developer/Xcode/DerivedData/type-aackdwwuwxayolgleuusgbwkkpsp/Index.noindex/DataStore -index-system-modules

SwiftCompile normal x86_64 /Users/chaalpritam/Blockbase/type/type/Features/Editor/AdvancedEditorFeatures.swift (in target 'type' from project 'type')
    cd /Users/chaalpritam/Blockbase/type
    /Applications/Xcode.app/Contents/Developer/Toolchains/XcodeDefault.xctoolchain/usr/bin/swift-frontend -c /Users/chaalpritam/Blockbase/type/type/Core/AppCoordinator.swift /Users/chaalpritam/Blockbase/type/type/Core/ModuleCoordinator.swift /Users/chaalpritam/Blockbase/type/type/Data/CharacterModels.swift /Users/chaalpritam/Blockbase/type/type/Data/OutlineModels.swift /Users/chaalpritam/Blockbase/type/type/Data/SceneModels.swift /Users/chaalpritam/Blockbase/type/type/Data/ScreenplayDocument.swift /Users/chaalpritam/Blockbase/type/type/Data/TimelineModels.swift /Users/chaalpritam/Blockbase/type/type/Features/Characters/CharacterCoordinator.swift /Users/chaalpritam/Blockbase/type/type/Features/Characters/CharacterDatabase.swift /Users/chaalpritam/Blockbase/type/type/Features/Characters/CharacterDetailViews.swift /Users/chaalpritam/Blockbase/type/type/Features/Characters/CharacterDetailViews2.swift /Users/chaalpritam/Blockbase/type/type/Features/Characters/CharacterEditViews.swift /Users/chaalpritam/Blockbase/type/type/Features/Characters/CharacterViews.swift /Users/chaalpritam/Blockbase/type/type/Features/Collaboration/CollaborationCoordinator.swift -primary-file /Users/chaalpritam/Blockbase/type/type/Features/Collaboration/CollaborationManager.swift -primary-file /Users/chaalpritam/Blockbase/type/type/Features/Collaboration/CollaborationViews.swift -primary-file /Users/chaalpritam/Blockbase/type/type/Features/Editor/AdvancedEditorFeatures.swift -primary-file /Users/chaalpritam/Blockbase/type/type/Features/Editor/AutoCompletionManager.swift -primary-file /Users/chaalpritam/Blockbase/type/type/Features/Editor/CodeFoldingManager.swift -primary-file /Users/chaalpritam/Blockbase/type/type/Features/Editor/EditorCoordinator.swift -primary-file /Users/chaalpritam/Blockbase/type/type/Features/Editor/EnhancedFountainTextEditor.swift /Users/chaalpritam/Blockbase/type/type/Features/Editor/FindReplaceView.swift /Users/chaalpritam/Blockbase/type/type/Features/Editor/FountainHelpView.swift /Users/chaalpritam/Blockbase/type/type/Features/Editor/FountainParser.swift /Users/chaalpritam/Blockbase/type/type/Features/Editor/FountainSyntaxHighlighter.swift /Users/chaalpritam/Blockbase/type/type/Features/Editor/FountainTemplate.swift /Users/chaalpritam/Blockbase/type/type/Features/Editor/FountainTextEditor.swift /Users/chaalpritam/Blockbase/type/type/Features/Editor/MinimapView.swift /Users/chaalpritam/Blockbase/type/type/Features/Editor/MultipleCursorsTextEditor.swift /Users/chaalpritam/Blockbase/type/type/Features/Editor/ScreenplayPreview.swift /Users/chaalpritam/Blockbase/type/type/Features/Editor/SmartFormattingManager.swift /Users/chaalpritam/Blockbase/type/type/Features/Editor/SpellCheckTextEditor.swift /Users/chaalpritam/Blockbase/type/type/Features/Editor/TextHistoryManager.swift /Users/chaalpritam/Blockbase/type/type/Features/File/FileCoordinator.swift /Users/chaalpritam/Blockbase/type/type/Features/Outline/OutlineCoordinator.swift /Users/chaalpritam/Blockbase/type/type/Features/Outline/OutlineDatabase.swift /Users/chaalpritam/Blockbase/type/type/Features/Outline/OutlineDetailViews.swift /Users/chaalpritam/Blockbase/type/type/Features/Outline/OutlineViews.swift /Users/chaalpritam/Blockbase/type/type/Features/Scenes/SceneDatabase.swift /Users/chaalpritam/Blockbase/type/type/Features/Scenes/SceneDetailViews.swift /Users/chaalpritam/Blockbase/type/type/Features/Scenes/SceneViews.swift /Users/chaalpritam/Blockbase/type/type/Features/StoryProtocol/StoryProtocolCoordinator.swift /Users/chaalpritam/Blockbase/type/type/Features/StoryProtocol/StoryProtocolViews.swift /Users/chaalpritam/Blockbase/type/type/Features/Timeline/TimelineDatabase.swift /Users/chaalpritam/Blockbase/type/type/Features/Timeline/TimelineViews.swift /Users/chaalpritam/Blockbase/type/type/Features/Welcome/WelcomeView.swift /Users/chaalpritam/Blockbase/type/type/Services/DocumentService.swift /Users/chaalpritam/Blockbase/type/type/Services/FileManagementService.swift /Users/chaalpritam/Blockbase/type/type/Services/FileManager.swift /Users/chaalpritam/Blockbase/type/type/Services/SettingsService.swift /Users/chaalpritam/Blockbase/type/type/Services/StatisticsService.swift /Users/chaalpritam/Blockbase/type/type/Services/StoryProtocolService.swift /Users/chaalpritam/Blockbase/type/type/Shared/ModalLayout.swift /Users/chaalpritam/Blockbase/type/type/UI/EnhancedAppleComponents.swift /Users/chaalpritam/Blockbase/type/type/UI/ModularAppView.swift /Users/chaalpritam/Blockbase/type/type/UI/TemplateSelectorView.swift /Users/chaalpritam/Blockbase/type/type/UI/TypeStyleAppView.swift /Users/chaalpritam/Blockbase/type/type/UI/TypeStyleComponents.swift /Users/chaalpritam/Blockbase/type/type/UI/TypeStyleTheme.swift /Users/chaalpritam/Blockbase/type/type/Utils/KeyboardShortcutsManager.swift /Users/chaalpritam/Blockbase/type/type/SceneEditViews.swift /Users/chaalpritam/Blockbase/type/type/typeApp.swift /Users/chaalpritam/Library/Developer/Xcode/DerivedData/type-aackdwwuwxayolgleuusgbwkkpsp/Build/Intermediates.noindex/type.build/Debug/type.build/DerivedSources/GeneratedAssetSymbols.swift -supplementary-output-file-map /Users/chaalpritam/Library/Developer/Xcode/DerivedData/type-aackdwwuwxayolgleuusgbwkkpsp/Build/Intermediates.noindex/type.build/Debug/type.build/Objects-normal/x86_64/supplementaryOutputs-3 -emit-localized-strings -emit-localized-strings-path /Users/chaalpritam/Library/Developer/Xcode/DerivedData/type-aackdwwuwxayolgleuusgbwkkpsp/Build/Intermediates.noindex/type.build/Debug/type.build/Objects-normal/x86_64 -target x86_64-apple-macos15.0 -enable-objc-interop -stack-check -sdk /Applications/Xcode.app/Contents/Developer/Platforms/MacOSX.platform/Developer/SDKs/MacOSX15.1.sdk -I /Users/chaalpritam/Library/Developer/Xcode/DerivedData/type-aackdwwuwxayolgleuusgbwkkpsp/Build/Products/Debug -F /Users/chaalpritam/Library/Developer/Xcode/DerivedData/type-aackdwwuwxayolgleuusgbwkkpsp/Build/Products/Debug -no-color-diagnostics -enable-testing -g -debug-info-format\=dwarf -dwarf-version\=5 -module-cache-path /Users/chaalpritam/Library/Developer/Xcode/DerivedData/ModuleCache.noindex -profile-generate -profile-coverage-mapping -swift-version 5 -enforce-exclusivity\=checked -Onone -D DEBUG -serialize-debugging-options -const-gather-protocols-file /Users/chaalpritam/Library/Developer/Xcode/DerivedData/type-aackdwwuwxayolgleuusgbwkkpsp/Build/Intermediates.noindex/type.build/Debug/type.build/Objects-normal/x86_64/type_const_extract_protocols.json -enable-experimental-feature DebugDescriptionMacro -enable-experimental-feature OpaqueTypeErasure -enable-bare-slash-regex -empty-abi-descriptor -validate-clang-modules-once -clang-build-session-file /Users/chaalpritam/Library/Developer/Xcode/DerivedData/ModuleCache.noindex/Session.modulevalidation -Xcc -working-directory -Xcc /Users/chaalpritam/Blockbase/type -resource-dir /Applications/Xcode.app/Contents/Developer/Toolchains/XcodeDefault.xctoolchain/usr/lib/swift -enable-anonymous-context-mangled-names -file-compilation-dir /Users/chaalpritam/Blockbase/type -Xcc -D_LIBCPP_HARDENING_MODE\=_LIBCPP_HARDENING_MODE_DEBUG -Xcc -ivfsstatcache -Xcc /Users/chaalpritam/Library/Developer/Xcode/DerivedData/SDKStatCaches.noindex/macosx15.1-24B75-26c8390a7c93c703a57fb2538426748e.sdkstatcache -Xcc -I/Users/chaalpritam/Library/Developer/Xcode/DerivedData/type-aackdwwuwxayolgleuusgbwkkpsp/Build/Intermediates.noindex/type.build/Debug/type.build/swift-overrides.hmap -Xcc -iquote -Xcc /Users/chaalpritam/Library/Developer/Xcode/DerivedData/type-aackdwwuwxayolgleuusgbwkkpsp/Build/Intermediates.noindex/type.build/Debug/type.build/type-generated-files.hmap -Xcc -I/Users/chaalpritam/Library/Developer/Xcode/DerivedData/type-aackdwwuwxayolgleuusgbwkkpsp/Build/Intermediates.noindex/type.build/Debug/type.build/type-own-target-headers.hmap -Xcc -I/Users/chaalpritam/Library/Developer/Xcode/DerivedData/type-aackdwwuwxayolgleuusgbwkkpsp/Build/Intermediates.noindex/type.build/Debug/type.build/type-all-target-headers.hmap -Xcc -iquote -Xcc /Users/chaalpritam/Library/Developer/Xcode/DerivedData/type-aackdwwuwxayolgleuusgbwkkpsp/Build/Intermediates.noindex/type.build/Debug/type.build/type-project-headers.hmap -Xcc -I/Users/chaalpritam/Library/Developer/Xcode/DerivedData/type-aackdwwuwxayolgleuusgbwkkpsp/Build/Products/Debug/include -Xcc -I/Users/chaalpritam/Library/Developer/Xcode/DerivedData/type-aackdwwuwxayolgleuusgbwkkpsp/Build/Intermediates.noindex/type.build/Debug/type.build/DerivedSources-normal/x86_64 -Xcc -I/Users/chaalpritam/Library/Developer/Xcode/DerivedData/type-aackdwwuwxayolgleuusgbwkkpsp/Build/Intermediates.noindex/type.build/Debug/type.build/DerivedSources/x86_64 -Xcc -I/Users/chaalpritam/Library/Developer/Xcode/DerivedData/type-aackdwwuwxayolgleuusgbwkkpsp/Build/Intermediates.noindex/type.build/Debug/type.build/DerivedSources -Xcc -DDEBUG\=1 -module-name type -frontend-parseable-output -disable-clang-spi -target-sdk-version 15.1 -target-sdk-name macosx15.1 -external-plugin-path /Applications/Xcode.app/Contents/Developer/Platforms/MacOSX.platform/Developer/usr/lib/swift/host/plugins\#/Applications/Xcode.app/Contents/Developer/Platforms/MacOSX.platform/Developer/usr/bin/swift-plugin-server -external-plugin-path /Applications/Xcode.app/Contents/Developer/Platforms/MacOSX.platform/Developer/usr/local/lib/swift/host/plugins\#/Applications/Xcode.app/Contents/Developer/Platforms/MacOSX.platform/Developer/usr/bin/swift-plugin-server -plugin-path /Applications/Xcode.app/Contents/Developer/Toolchains/XcodeDefault.xctoolchain/usr/lib/swift/host/plugins -plugin-path /Applications/Xcode.app/Contents/Developer/Toolchains/XcodeDefault.xctoolchain/usr/local/lib/swift/host/plugins -o /Users/chaalpritam/Library/Developer/Xcode/DerivedData/type-aackdwwuwxayolgleuusgbwkkpsp/Build/Intermediates.noindex/type.build/Debug/type.build/Objects-normal/x86_64/CollaborationManager.o -o /Users/chaalpritam/Library/Developer/Xcode/DerivedData/type-aackdwwuwxayolgleuusgbwkkpsp/Build/Intermediates.noindex/type.build/Debug/type.build/Objects-normal/x86_64/CollaborationViews.o -o /Users/chaalpritam/Library/Developer/Xcode/DerivedData/type-aackdwwuwxayolgleuusgbwkkpsp/Build/Intermediates.noindex/type.build/Debug/type.build/Objects-normal/x86_64/AdvancedEditorFeatures.o -o /Users/chaalpritam/Library/Developer/Xcode/DerivedData/type-aackdwwuwxayolgleuusgbwkkpsp/Build/Intermediates.noindex/type.build/Debug/type.build/Objects-normal/x86_64/AutoCompletionManager.o -o /Users/chaalpritam/Library/Developer/Xcode/DerivedData/type-aackdwwuwxayolgleuusgbwkkpsp/Build/Intermediates.noindex/type.build/Debug/type.build/Objects-normal/x86_64/CodeFoldingManager.o -o /Users/chaalpritam/Library/Developer/Xcode/DerivedData/type-aackdwwuwxayolgleuusgbwkkpsp/Build/Intermediates.noindex/type.build/Debug/type.build/Objects-normal/x86_64/EditorCoordinator.o -o /Users/chaalpritam/Library/Developer/Xcode/DerivedData/type-aackdwwuwxayolgleuusgbwkkpsp/Build/Intermediates.noindex/type.build/Debug/type.build/Objects-normal/x86_64/EnhancedFountainTextEditor.o -index-unit-output-path /type.build/Debug/type.build/Objects-normal/x86_64/CollaborationManager.o -index-unit-output-path /type.build/Debug/type.build/Objects-normal/x86_64/CollaborationViews.o -index-unit-output-path /type.build/Debug/type.build/Objects-normal/x86_64/AdvancedEditorFeatures.o -index-unit-output-path /type.build/Debug/type.build/Objects-normal/x86_64/AutoCompletionManager.o -index-unit-output-path /type.build/Debug/type.build/Objects-normal/x86_64/CodeFoldingManager.o -index-unit-output-path /type.build/Debug/type.build/Objects-normal/x86_64/EditorCoordinator.o -index-unit-output-path /type.build/Debug/type.build/Objects-normal/x86_64/EnhancedFountainTextEditor.o -index-store-path /Users/chaalpritam/Library/Developer/Xcode/DerivedData/type-aackdwwuwxayolgleuusgbwkkpsp/Index.noindex/DataStore -index-system-modules

SwiftCompile normal x86_64 /Users/chaalpritam/Blockbase/type/type/Features/Editor/AutoCompletionManager.swift (in target 'type' from project 'type')
    cd /Users/chaalpritam/Blockbase/type
    /Applications/Xcode.app/Contents/Developer/Toolchains/XcodeDefault.xctoolchain/usr/bin/swift-frontend -c /Users/chaalpritam/Blockbase/type/type/Core/AppCoordinator.swift /Users/chaalpritam/Blockbase/type/type/Core/ModuleCoordinator.swift /Users/chaalpritam/Blockbase/type/type/Data/CharacterModels.swift /Users/chaalpritam/Blockbase/type/type/Data/OutlineModels.swift /Users/chaalpritam/Blockbase/type/type/Data/SceneModels.swift /Users/chaalpritam/Blockbase/type/type/Data/ScreenplayDocument.swift /Users/chaalpritam/Blockbase/type/type/Data/TimelineModels.swift /Users/chaalpritam/Blockbase/type/type/Features/Characters/CharacterCoordinator.swift /Users/chaalpritam/Blockbase/type/type/Features/Characters/CharacterDatabase.swift /Users/chaalpritam/Blockbase/type/type/Features/Characters/CharacterDetailViews.swift /Users/chaalpritam/Blockbase/type/type/Features/Characters/CharacterDetailViews2.swift /Users/chaalpritam/Blockbase/type/type/Features/Characters/CharacterEditViews.swift /Users/chaalpritam/Blockbase/type/type/Features/Characters/CharacterViews.swift /Users/chaalpritam/Blockbase/type/type/Features/Collaboration/CollaborationCoordinator.swift -primary-file /Users/chaalpritam/Blockbase/type/type/Features/Collaboration/CollaborationManager.swift -primary-file /Users/chaalpritam/Blockbase/type/type/Features/Collaboration/CollaborationViews.swift -primary-file /Users/chaalpritam/Blockbase/type/type/Features/Editor/AdvancedEditorFeatures.swift -primary-file /Users/chaalpritam/Blockbase/type/type/Features/Editor/AutoCompletionManager.swift -primary-file /Users/chaalpritam/Blockbase/type/type/Features/Editor/CodeFoldingManager.swift -primary-file /Users/chaalpritam/Blockbase/type/type/Features/Editor/EditorCoordinator.swift -primary-file /Users/chaalpritam/Blockbase/type/type/Features/Editor/EnhancedFountainTextEditor.swift /Users/chaalpritam/Blockbase/type/type/Features/Editor/FindReplaceView.swift /Users/chaalpritam/Blockbase/type/type/Features/Editor/FountainHelpView.swift /Users/chaalpritam/Blockbase/type/type/Features/Editor/FountainParser.swift /Users/chaalpritam/Blockbase/type/type/Features/Editor/FountainSyntaxHighlighter.swift /Users/chaalpritam/Blockbase/type/type/Features/Editor/FountainTemplate.swift /Users/chaalpritam/Blockbase/type/type/Features/Editor/FountainTextEditor.swift /Users/chaalpritam/Blockbase/type/type/Features/Editor/MinimapView.swift /Users/chaalpritam/Blockbase/type/type/Features/Editor/MultipleCursorsTextEditor.swift /Users/chaalpritam/Blockbase/type/type/Features/Editor/ScreenplayPreview.swift /Users/chaalpritam/Blockbase/type/type/Features/Editor/SmartFormattingManager.swift /Users/chaalpritam/Blockbase/type/type/Features/Editor/SpellCheckTextEditor.swift /Users/chaalpritam/Blockbase/type/type/Features/Editor/TextHistoryManager.swift /Users/chaalpritam/Blockbase/type/type/Features/File/FileCoordinator.swift /Users/chaalpritam/Blockbase/type/type/Features/Outline/OutlineCoordinator.swift /Users/chaalpritam/Blockbase/type/type/Features/Outline/OutlineDatabase.swift /Users/chaalpritam/Blockbase/type/type/Features/Outline/OutlineDetailViews.swift /Users/chaalpritam/Blockbase/type/type/Features/Outline/OutlineViews.swift /Users/chaalpritam/Blockbase/type/type/Features/Scenes/SceneDatabase.swift /Users/chaalpritam/Blockbase/type/type/Features/Scenes/SceneDetailViews.swift /Users/chaalpritam/Blockbase/type/type/Features/Scenes/SceneViews.swift /Users/chaalpritam/Blockbase/type/type/Features/StoryProtocol/StoryProtocolCoordinator.swift /Users/chaalpritam/Blockbase/type/type/Features/StoryProtocol/StoryProtocolViews.swift /Users/chaalpritam/Blockbase/type/type/Features/Timeline/TimelineDatabase.swift /Users/chaalpritam/Blockbase/type/type/Features/Timeline/TimelineViews.swift /Users/chaalpritam/Blockbase/type/type/Features/Welcome/WelcomeView.swift /Users/chaalpritam/Blockbase/type/type/Services/DocumentService.swift /Users/chaalpritam/Blockbase/type/type/Services/FileManagementService.swift /Users/chaalpritam/Blockbase/type/type/Services/FileManager.swift /Users/chaalpritam/Blockbase/type/type/Services/SettingsService.swift /Users/chaalpritam/Blockbase/type/type/Services/StatisticsService.swift /Users/chaalpritam/Blockbase/type/type/Services/StoryProtocolService.swift /Users/chaalpritam/Blockbase/type/type/Shared/ModalLayout.swift /Users/chaalpritam/Blockbase/type/type/UI/EnhancedAppleComponents.swift /Users/chaalpritam/Blockbase/type/type/UI/ModularAppView.swift /Users/chaalpritam/Blockbase/type/type/UI/TemplateSelectorView.swift /Users/chaalpritam/Blockbase/type/type/UI/TypeStyleAppView.swift /Users/chaalpritam/Blockbase/type/type/UI/TypeStyleComponents.swift /Users/chaalpritam/Blockbase/type/type/UI/TypeStyleTheme.swift /Users/chaalpritam/Blockbase/type/type/Utils/KeyboardShortcutsManager.swift /Users/chaalpritam/Blockbase/type/type/SceneEditViews.swift /Users/chaalpritam/Blockbase/type/type/typeApp.swift /Users/chaalpritam/Library/Developer/Xcode/DerivedData/type-aackdwwuwxayolgleuusgbwkkpsp/Build/Intermediates.noindex/type.build/Debug/type.build/DerivedSources/GeneratedAssetSymbols.swift -supplementary-output-file-map /Users/chaalpritam/Library/Developer/Xcode/DerivedData/type-aackdwwuwxayolgleuusgbwkkpsp/Build/Intermediates.noindex/type.build/Debug/type.build/Objects-normal/x86_64/supplementaryOutputs-3 -emit-localized-strings -emit-localized-strings-path /Users/chaalpritam/Library/Developer/Xcode/DerivedData/type-aackdwwuwxayolgleuusgbwkkpsp/Build/Intermediates.noindex/type.build/Debug/type.build/Objects-normal/x86_64 -target x86_64-apple-macos15.0 -enable-objc-interop -stack-check -sdk /Applications/Xcode.app/Contents/Developer/Platforms/MacOSX.platform/Developer/SDKs/MacOSX15.1.sdk -I /Users/chaalpritam/Library/Developer/Xcode/DerivedData/type-aackdwwuwxayolgleuusgbwkkpsp/Build/Products/Debug -F /Users/chaalpritam/Library/Developer/Xcode/DerivedData/type-aackdwwuwxayolgleuusgbwkkpsp/Build/Products/Debug -no-color-diagnostics -enable-testing -g -debug-info-format\=dwarf -dwarf-version\=5 -module-cache-path /Users/chaalpritam/Library/Developer/Xcode/DerivedData/ModuleCache.noindex -profile-generate -profile-coverage-mapping -swift-version 5 -enforce-exclusivity\=checked -Onone -D DEBUG -serialize-debugging-options -const-gather-protocols-file /Users/chaalpritam/Library/Developer/Xcode/DerivedData/type-aackdwwuwxayolgleuusgbwkkpsp/Build/Intermediates.noindex/type.build/Debug/type.build/Objects-normal/x86_64/type_const_extract_protocols.json -enable-experimental-feature DebugDescriptionMacro -enable-experimental-feature OpaqueTypeErasure -enable-bare-slash-regex -empty-abi-descriptor -validate-clang-modules-once -clang-build-session-file /Users/chaalpritam/Library/Developer/Xcode/DerivedData/ModuleCache.noindex/Session.modulevalidation -Xcc -working-directory -Xcc /Users/chaalpritam/Blockbase/type -resource-dir /Applications/Xcode.app/Contents/Developer/Toolchains/XcodeDefault.xctoolchain/usr/lib/swift -enable-anonymous-context-mangled-names -file-compilation-dir /Users/chaalpritam/Blockbase/type -Xcc -D_LIBCPP_HARDENING_MODE\=_LIBCPP_HARDENING_MODE_DEBUG -Xcc -ivfsstatcache -Xcc /Users/chaalpritam/Library/Developer/Xcode/DerivedData/SDKStatCaches.noindex/macosx15.1-24B75-26c8390a7c93c703a57fb2538426748e.sdkstatcache -Xcc -I/Users/chaalpritam/Library/Developer/Xcode/DerivedData/type-aackdwwuwxayolgleuusgbwkkpsp/Build/Intermediates.noindex/type.build/Debug/type.build/swift-overrides.hmap -Xcc -iquote -Xcc /Users/chaalpritam/Library/Developer/Xcode/DerivedData/type-aackdwwuwxayolgleuusgbwkkpsp/Build/Intermediates.noindex/type.build/Debug/type.build/type-generated-files.hmap -Xcc -I/Users/chaalpritam/Library/Developer/Xcode/DerivedData/type-aackdwwuwxayolgleuusgbwkkpsp/Build/Intermediates.noindex/type.build/Debug/type.build/type-own-target-headers.hmap -Xcc -I/Users/chaalpritam/Library/Developer/Xcode/DerivedData/type-aackdwwuwxayolgleuusgbwkkpsp/Build/Intermediates.noindex/type.build/Debug/type.build/type-all-target-headers.hmap -Xcc -iquote -Xcc /Users/chaalpritam/Library/Developer/Xcode/DerivedData/type-aackdwwuwxayolgleuusgbwkkpsp/Build/Intermediates.noindex/type.build/Debug/type.build/type-project-headers.hmap -Xcc -I/Users/chaalpritam/Library/Developer/Xcode/DerivedData/type-aackdwwuwxayolgleuusgbwkkpsp/Build/Products/Debug/include -Xcc -I/Users/chaalpritam/Library/Developer/Xcode/DerivedData/type-aackdwwuwxayolgleuusgbwkkpsp/Build/Intermediates.noindex/type.build/Debug/type.build/DerivedSources-normal/x86_64 -Xcc -I/Users/chaalpritam/Library/Developer/Xcode/DerivedData/type-aackdwwuwxayolgleuusgbwkkpsp/Build/Intermediates.noindex/type.build/Debug/type.build/DerivedSources/x86_64 -Xcc -I/Users/chaalpritam/Library/Developer/Xcode/DerivedData/type-aackdwwuwxayolgleuusgbwkkpsp/Build/Intermediates.noindex/type.build/Debug/type.build/DerivedSources -Xcc -DDEBUG\=1 -module-name type -frontend-parseable-output -disable-clang-spi -target-sdk-version 15.1 -target-sdk-name macosx15.1 -external-plugin-path /Applications/Xcode.app/Contents/Developer/Platforms/MacOSX.platform/Developer/usr/lib/swift/host/plugins\#/Applications/Xcode.app/Contents/Developer/Platforms/MacOSX.platform/Developer/usr/bin/swift-plugin-server -external-plugin-path /Applications/Xcode.app/Contents/Developer/Platforms/MacOSX.platform/Developer/usr/local/lib/swift/host/plugins\#/Applications/Xcode.app/Contents/Developer/Platforms/MacOSX.platform/Developer/usr/bin/swift-plugin-server -plugin-path /Applications/Xcode.app/Contents/Developer/Toolchains/XcodeDefault.xctoolchain/usr/lib/swift/host/plugins -plugin-path /Applications/Xcode.app/Contents/Developer/Toolchains/XcodeDefault.xctoolchain/usr/local/lib/swift/host/plugins -o /Users/chaalpritam/Library/Developer/Xcode/DerivedData/type-aackdwwuwxayolgleuusgbwkkpsp/Build/Intermediates.noindex/type.build/Debug/type.build/Objects-normal/x86_64/CollaborationManager.o -o /Users/chaalpritam/Library/Developer/Xcode/DerivedData/type-aackdwwuwxayolgleuusgbwkkpsp/Build/Intermediates.noindex/type.build/Debug/type.build/Objects-normal/x86_64/CollaborationViews.o -o /Users/chaalpritam/Library/Developer/Xcode/DerivedData/type-aackdwwuwxayolgleuusgbwkkpsp/Build/Intermediates.noindex/type.build/Debug/type.build/Objects-normal/x86_64/AdvancedEditorFeatures.o -o /Users/chaalpritam/Library/Developer/Xcode/DerivedData/type-aackdwwuwxayolgleuusgbwkkpsp/Build/Intermediates.noindex/type.build/Debug/type.build/Objects-normal/x86_64/AutoCompletionManager.o -o /Users/chaalpritam/Library/Developer/Xcode/DerivedData/type-aackdwwuwxayolgleuusgbwkkpsp/Build/Intermediates.noindex/type.build/Debug/type.build/Objects-normal/x86_64/CodeFoldingManager.o -o /Users/chaalpritam/Library/Developer/Xcode/DerivedData/type-aackdwwuwxayolgleuusgbwkkpsp/Build/Intermediates.noindex/type.build/Debug/type.build/Objects-normal/x86_64/EditorCoordinator.o -o /Users/chaalpritam/Library/Developer/Xcode/DerivedData/type-aackdwwuwxayolgleuusgbwkkpsp/Build/Intermediates.noindex/type.build/Debug/type.build/Objects-normal/x86_64/EnhancedFountainTextEditor.o -index-unit-output-path /type.build/Debug/type.build/Objects-normal/x86_64/CollaborationManager.o -index-unit-output-path /type.build/Debug/type.build/Objects-normal/x86_64/CollaborationViews.o -index-unit-output-path /type.build/Debug/type.build/Objects-normal/x86_64/AdvancedEditorFeatures.o -index-unit-output-path /type.build/Debug/type.build/Objects-normal/x86_64/AutoCompletionManager.o -index-unit-output-path /type.build/Debug/type.build/Objects-normal/x86_64/CodeFoldingManager.o -index-unit-output-path /type.build/Debug/type.build/Objects-normal/x86_64/EditorCoordinator.o -index-unit-output-path /type.build/Debug/type.build/Objects-normal/x86_64/EnhancedFountainTextEditor.o -index-store-path /Users/chaalpritam/Library/Developer/Xcode/DerivedData/type-aackdwwuwxayolgleuusgbwkkpsp/Index.noindex/DataStore -index-system-modules

SwiftCompile normal x86_64 /Users/chaalpritam/Blockbase/type/type/Features/Editor/CodeFoldingManager.swift (in target 'type' from project 'type')
    cd /Users/chaalpritam/Blockbase/type
    /Applications/Xcode.app/Contents/Developer/Toolchains/XcodeDefault.xctoolchain/usr/bin/swift-frontend -c /Users/chaalpritam/Blockbase/type/type/Core/AppCoordinator.swift /Users/chaalpritam/Blockbase/type/type/Core/ModuleCoordinator.swift /Users/chaalpritam/Blockbase/type/type/Data/CharacterModels.swift /Users/chaalpritam/Blockbase/type/type/Data/OutlineModels.swift /Users/chaalpritam/Blockbase/type/type/Data/SceneModels.swift /Users/chaalpritam/Blockbase/type/type/Data/ScreenplayDocument.swift /Users/chaalpritam/Blockbase/type/type/Data/TimelineModels.swift /Users/chaalpritam/Blockbase/type/type/Features/Characters/CharacterCoordinator.swift /Users/chaalpritam/Blockbase/type/type/Features/Characters/CharacterDatabase.swift /Users/chaalpritam/Blockbase/type/type/Features/Characters/CharacterDetailViews.swift /Users/chaalpritam/Blockbase/type/type/Features/Characters/CharacterDetailViews2.swift /Users/chaalpritam/Blockbase/type/type/Features/Characters/CharacterEditViews.swift /Users/chaalpritam/Blockbase/type/type/Features/Characters/CharacterViews.swift /Users/chaalpritam/Blockbase/type/type/Features/Collaboration/CollaborationCoordinator.swift -primary-file /Users/chaalpritam/Blockbase/type/type/Features/Collaboration/CollaborationManager.swift -primary-file /Users/chaalpritam/Blockbase/type/type/Features/Collaboration/CollaborationViews.swift -primary-file /Users/chaalpritam/Blockbase/type/type/Features/Editor/AdvancedEditorFeatures.swift -primary-file /Users/chaalpritam/Blockbase/type/type/Features/Editor/AutoCompletionManager.swift -primary-file /Users/chaalpritam/Blockbase/type/type/Features/Editor/CodeFoldingManager.swift -primary-file /Users/chaalpritam/Blockbase/type/type/Features/Editor/EditorCoordinator.swift -primary-file /Users/chaalpritam/Blockbase/type/type/Features/Editor/EnhancedFountainTextEditor.swift /Users/chaalpritam/Blockbase/type/type/Features/Editor/FindReplaceView.swift /Users/chaalpritam/Blockbase/type/type/Features/Editor/FountainHelpView.swift /Users/chaalpritam/Blockbase/type/type/Features/Editor/FountainParser.swift /Users/chaalpritam/Blockbase/type/type/Features/Editor/FountainSyntaxHighlighter.swift /Users/chaalpritam/Blockbase/type/type/Features/Editor/FountainTemplate.swift /Users/chaalpritam/Blockbase/type/type/Features/Editor/FountainTextEditor.swift /Users/chaalpritam/Blockbase/type/type/Features/Editor/MinimapView.swift /Users/chaalpritam/Blockbase/type/type/Features/Editor/MultipleCursorsTextEditor.swift /Users/chaalpritam/Blockbase/type/type/Features/Editor/ScreenplayPreview.swift /Users/chaalpritam/Blockbase/type/type/Features/Editor/SmartFormattingManager.swift /Users/chaalpritam/Blockbase/type/type/Features/Editor/SpellCheckTextEditor.swift /Users/chaalpritam/Blockbase/type/type/Features/Editor/TextHistoryManager.swift /Users/chaalpritam/Blockbase/type/type/Features/File/FileCoordinator.swift /Users/chaalpritam/Blockbase/type/type/Features/Outline/OutlineCoordinator.swift /Users/chaalpritam/Blockbase/type/type/Features/Outline/OutlineDatabase.swift /Users/chaalpritam/Blockbase/type/type/Features/Outline/OutlineDetailViews.swift /Users/chaalpritam/Blockbase/type/type/Features/Outline/OutlineViews.swift /Users/chaalpritam/Blockbase/type/type/Features/Scenes/SceneDatabase.swift /Users/chaalpritam/Blockbase/type/type/Features/Scenes/SceneDetailViews.swift /Users/chaalpritam/Blockbase/type/type/Features/Scenes/SceneViews.swift /Users/chaalpritam/Blockbase/type/type/Features/StoryProtocol/StoryProtocolCoordinator.swift /Users/chaalpritam/Blockbase/type/type/Features/StoryProtocol/StoryProtocolViews.swift /Users/chaalpritam/Blockbase/type/type/Features/Timeline/TimelineDatabase.swift /Users/chaalpritam/Blockbase/type/type/Features/Timeline/TimelineViews.swift /Users/chaalpritam/Blockbase/type/type/Features/Welcome/WelcomeView.swift /Users/chaalpritam/Blockbase/type/type/Services/DocumentService.swift /Users/chaalpritam/Blockbase/type/type/Services/FileManagementService.swift /Users/chaalpritam/Blockbase/type/type/Services/FileManager.swift /Users/chaalpritam/Blockbase/type/type/Services/SettingsService.swift /Users/chaalpritam/Blockbase/type/type/Services/StatisticsService.swift /Users/chaalpritam/Blockbase/type/type/Services/StoryProtocolService.swift /Users/chaalpritam/Blockbase/type/type/Shared/ModalLayout.swift /Users/chaalpritam/Blockbase/type/type/UI/EnhancedAppleComponents.swift /Users/chaalpritam/Blockbase/type/type/UI/ModularAppView.swift /Users/chaalpritam/Blockbase/type/type/UI/TemplateSelectorView.swift /Users/chaalpritam/Blockbase/type/type/UI/TypeStyleAppView.swift /Users/chaalpritam/Blockbase/type/type/UI/TypeStyleComponents.swift /Users/chaalpritam/Blockbase/type/type/UI/TypeStyleTheme.swift /Users/chaalpritam/Blockbase/type/type/Utils/KeyboardShortcutsManager.swift /Users/chaalpritam/Blockbase/type/type/SceneEditViews.swift /Users/chaalpritam/Blockbase/type/type/typeApp.swift /Users/chaalpritam/Library/Developer/Xcode/DerivedData/type-aackdwwuwxayolgleuusgbwkkpsp/Build/Intermediates.noindex/type.build/Debug/type.build/DerivedSources/GeneratedAssetSymbols.swift -supplementary-output-file-map /Users/chaalpritam/Library/Developer/Xcode/DerivedData/type-aackdwwuwxayolgleuusgbwkkpsp/Build/Intermediates.noindex/type.build/Debug/type.build/Objects-normal/x86_64/supplementaryOutputs-3 -emit-localized-strings -emit-localized-strings-path /Users/chaalpritam/Library/Developer/Xcode/DerivedData/type-aackdwwuwxayolgleuusgbwkkpsp/Build/Intermediates.noindex/type.build/Debug/type.build/Objects-normal/x86_64 -target x86_64-apple-macos15.0 -enable-objc-interop -stack-check -sdk /Applications/Xcode.app/Contents/Developer/Platforms/MacOSX.platform/Developer/SDKs/MacOSX15.1.sdk -I /Users/chaalpritam/Library/Developer/Xcode/DerivedData/type-aackdwwuwxayolgleuusgbwkkpsp/Build/Products/Debug -F /Users/chaalpritam/Library/Developer/Xcode/DerivedData/type-aackdwwuwxayolgleuusgbwkkpsp/Build/Products/Debug -no-color-diagnostics -enable-testing -g -debug-info-format\=dwarf -dwarf-version\=5 -module-cache-path /Users/chaalpritam/Library/Developer/Xcode/DerivedData/ModuleCache.noindex -profile-generate -profile-coverage-mapping -swift-version 5 -enforce-exclusivity\=checked -Onone -D DEBUG -serialize-debugging-options -const-gather-protocols-file /Users/chaalpritam/Library/Developer/Xcode/DerivedData/type-aackdwwuwxayolgleuusgbwkkpsp/Build/Intermediates.noindex/type.build/Debug/type.build/Objects-normal/x86_64/type_const_extract_protocols.json -enable-experimental-feature DebugDescriptionMacro -enable-experimental-feature OpaqueTypeErasure -enable-bare-slash-regex -empty-abi-descriptor -validate-clang-modules-once -clang-build-session-file /Users/chaalpritam/Library/Developer/Xcode/DerivedData/ModuleCache.noindex/Session.modulevalidation -Xcc -working-directory -Xcc /Users/chaalpritam/Blockbase/type -resource-dir /Applications/Xcode.app/Contents/Developer/Toolchains/XcodeDefault.xctoolchain/usr/lib/swift -enable-anonymous-context-mangled-names -file-compilation-dir /Users/chaalpritam/Blockbase/type -Xcc -D_LIBCPP_HARDENING_MODE\=_LIBCPP_HARDENING_MODE_DEBUG -Xcc -ivfsstatcache -Xcc /Users/chaalpritam/Library/Developer/Xcode/DerivedData/SDKStatCaches.noindex/macosx15.1-24B75-26c8390a7c93c703a57fb2538426748e.sdkstatcache -Xcc -I/Users/chaalpritam/Library/Developer/Xcode/DerivedData/type-aackdwwuwxayolgleuusgbwkkpsp/Build/Intermediates.noindex/type.build/Debug/type.build/swift-overrides.hmap -Xcc -iquote -Xcc /Users/chaalpritam/Library/Developer/Xcode/DerivedData/type-aackdwwuwxayolgleuusgbwkkpsp/Build/Intermediates.noindex/type.build/Debug/type.build/type-generated-files.hmap -Xcc -I/Users/chaalpritam/Library/Developer/Xcode/DerivedData/type-aackdwwuwxayolgleuusgbwkkpsp/Build/Intermediates.noindex/type.build/Debug/type.build/type-own-target-headers.hmap -Xcc -I/Users/chaalpritam/Library/Developer/Xcode/DerivedData/type-aackdwwuwxayolgleuusgbwkkpsp/Build/Intermediates.noindex/type.build/Debug/type.build/type-all-target-headers.hmap -Xcc -iquote -Xcc /Users/chaalpritam/Library/Developer/Xcode/DerivedData/type-aackdwwuwxayolgleuusgbwkkpsp/Build/Intermediates.noindex/type.build/Debug/type.build/type-project-headers.hmap -Xcc -I/Users/chaalpritam/Library/Developer/Xcode/DerivedData/type-aackdwwuwxayolgleuusgbwkkpsp/Build/Products/Debug/include -Xcc -I/Users/chaalpritam/Library/Developer/Xcode/DerivedData/type-aackdwwuwxayolgleuusgbwkkpsp/Build/Intermediates.noindex/type.build/Debug/type.build/DerivedSources-normal/x86_64 -Xcc -I/Users/chaalpritam/Library/Developer/Xcode/DerivedData/type-aackdwwuwxayolgleuusgbwkkpsp/Build/Intermediates.noindex/type.build/Debug/type.build/DerivedSources/x86_64 -Xcc -I/Users/chaalpritam/Library/Developer/Xcode/DerivedData/type-aackdwwuwxayolgleuusgbwkkpsp/Build/Intermediates.noindex/type.build/Debug/type.build/DerivedSources -Xcc -DDEBUG\=1 -module-name type -frontend-parseable-output -disable-clang-spi -target-sdk-version 15.1 -target-sdk-name macosx15.1 -external-plugin-path /Applications/Xcode.app/Contents/Developer/Platforms/MacOSX.platform/Developer/usr/lib/swift/host/plugins\#/Applications/Xcode.app/Contents/Developer/Platforms/MacOSX.platform/Developer/usr/bin/swift-plugin-server -external-plugin-path /Applications/Xcode.app/Contents/Developer/Platforms/MacOSX.platform/Developer/usr/local/lib/swift/host/plugins\#/Applications/Xcode.app/Contents/Developer/Platforms/MacOSX.platform/Developer/usr/bin/swift-plugin-server -plugin-path /Applications/Xcode.app/Contents/Developer/Toolchains/XcodeDefault.xctoolchain/usr/lib/swift/host/plugins -plugin-path /Applications/Xcode.app/Contents/Developer/Toolchains/XcodeDefault.xctoolchain/usr/local/lib/swift/host/plugins -o /Users/chaalpritam/Library/Developer/Xcode/DerivedData/type-aackdwwuwxayolgleuusgbwkkpsp/Build/Intermediates.noindex/type.build/Debug/type.build/Objects-normal/x86_64/CollaborationManager.o -o /Users/chaalpritam/Library/Developer/Xcode/DerivedData/type-aackdwwuwxayolgleuusgbwkkpsp/Build/Intermediates.noindex/type.build/Debug/type.build/Objects-normal/x86_64/CollaborationViews.o -o /Users/chaalpritam/Library/Developer/Xcode/DerivedData/type-aackdwwuwxayolgleuusgbwkkpsp/Build/Intermediates.noindex/type.build/Debug/type.build/Objects-normal/x86_64/AdvancedEditorFeatures.o -o /Users/chaalpritam/Library/Developer/Xcode/DerivedData/type-aackdwwuwxayolgleuusgbwkkpsp/Build/Intermediates.noindex/type.build/Debug/type.build/Objects-normal/x86_64/AutoCompletionManager.o -o /Users/chaalpritam/Library/Developer/Xcode/DerivedData/type-aackdwwuwxayolgleuusgbwkkpsp/Build/Intermediates.noindex/type.build/Debug/type.build/Objects-normal/x86_64/CodeFoldingManager.o -o /Users/chaalpritam/Library/Developer/Xcode/DerivedData/type-aackdwwuwxayolgleuusgbwkkpsp/Build/Intermediates.noindex/type.build/Debug/type.build/Objects-normal/x86_64/EditorCoordinator.o -o /Users/chaalpritam/Library/Developer/Xcode/DerivedData/type-aackdwwuwxayolgleuusgbwkkpsp/Build/Intermediates.noindex/type.build/Debug/type.build/Objects-normal/x86_64/EnhancedFountainTextEditor.o -index-unit-output-path /type.build/Debug/type.build/Objects-normal/x86_64/CollaborationManager.o -index-unit-output-path /type.build/Debug/type.build/Objects-normal/x86_64/CollaborationViews.o -index-unit-output-path /type.build/Debug/type.build/Objects-normal/x86_64/AdvancedEditorFeatures.o -index-unit-output-path /type.build/Debug/type.build/Objects-normal/x86_64/AutoCompletionManager.o -index-unit-output-path /type.build/Debug/type.build/Objects-normal/x86_64/CodeFoldingManager.o -index-unit-output-path /type.build/Debug/type.build/Objects-normal/x86_64/EditorCoordinator.o -index-unit-output-path /type.build/Debug/type.build/Objects-normal/x86_64/EnhancedFountainTextEditor.o -index-store-path /Users/chaalpritam/Library/Developer/Xcode/DerivedData/type-aackdwwuwxayolgleuusgbwkkpsp/Index.noindex/DataStore -index-system-modules

SwiftCompile normal x86_64 /Users/chaalpritam/Blockbase/type/type/Features/Editor/EditorCoordinator.swift (in target 'type' from project 'type')
    cd /Users/chaalpritam/Blockbase/type
    /Applications/Xcode.app/Contents/Developer/Toolchains/XcodeDefault.xctoolchain/usr/bin/swift-frontend -c /Users/chaalpritam/Blockbase/type/type/Core/AppCoordinator.swift /Users/chaalpritam/Blockbase/type/type/Core/ModuleCoordinator.swift /Users/chaalpritam/Blockbase/type/type/Data/CharacterModels.swift /Users/chaalpritam/Blockbase/type/type/Data/OutlineModels.swift /Users/chaalpritam/Blockbase/type/type/Data/SceneModels.swift /Users/chaalpritam/Blockbase/type/type/Data/ScreenplayDocument.swift /Users/chaalpritam/Blockbase/type/type/Data/TimelineModels.swift /Users/chaalpritam/Blockbase/type/type/Features/Characters/CharacterCoordinator.swift /Users/chaalpritam/Blockbase/type/type/Features/Characters/CharacterDatabase.swift /Users/chaalpritam/Blockbase/type/type/Features/Characters/CharacterDetailViews.swift /Users/chaalpritam/Blockbase/type/type/Features/Characters/CharacterDetailViews2.swift /Users/chaalpritam/Blockbase/type/type/Features/Characters/CharacterEditViews.swift /Users/chaalpritam/Blockbase/type/type/Features/Characters/CharacterViews.swift /Users/chaalpritam/Blockbase/type/type/Features/Collaboration/CollaborationCoordinator.swift -primary-file /Users/chaalpritam/Blockbase/type/type/Features/Collaboration/CollaborationManager.swift -primary-file /Users/chaalpritam/Blockbase/type/type/Features/Collaboration/CollaborationViews.swift -primary-file /Users/chaalpritam/Blockbase/type/type/Features/Editor/AdvancedEditorFeatures.swift -primary-file /Users/chaalpritam/Blockbase/type/type/Features/Editor/AutoCompletionManager.swift -primary-file /Users/chaalpritam/Blockbase/type/type/Features/Editor/CodeFoldingManager.swift -primary-file /Users/chaalpritam/Blockbase/type/type/Features/Editor/EditorCoordinator.swift -primary-file /Users/chaalpritam/Blockbase/type/type/Features/Editor/EnhancedFountainTextEditor.swift /Users/chaalpritam/Blockbase/type/type/Features/Editor/FindReplaceView.swift /Users/chaalpritam/Blockbase/type/type/Features/Editor/FountainHelpView.swift /Users/chaalpritam/Blockbase/type/type/Features/Editor/FountainParser.swift /Users/chaalpritam/Blockbase/type/type/Features/Editor/FountainSyntaxHighlighter.swift /Users/chaalpritam/Blockbase/type/type/Features/Editor/FountainTemplate.swift /Users/chaalpritam/Blockbase/type/type/Features/Editor/FountainTextEditor.swift /Users/chaalpritam/Blockbase/type/type/Features/Editor/MinimapView.swift /Users/chaalpritam/Blockbase/type/type/Features/Editor/MultipleCursorsTextEditor.swift /Users/chaalpritam/Blockbase/type/type/Features/Editor/ScreenplayPreview.swift /Users/chaalpritam/Blockbase/type/type/Features/Editor/SmartFormattingManager.swift /Users/chaalpritam/Blockbase/type/type/Features/Editor/SpellCheckTextEditor.swift /Users/chaalpritam/Blockbase/type/type/Features/Editor/TextHistoryManager.swift /Users/chaalpritam/Blockbase/type/type/Features/File/FileCoordinator.swift /Users/chaalpritam/Blockbase/type/type/Features/Outline/OutlineCoordinator.swift /Users/chaalpritam/Blockbase/type/type/Features/Outline/OutlineDatabase.swift /Users/chaalpritam/Blockbase/type/type/Features/Outline/OutlineDetailViews.swift /Users/chaalpritam/Blockbase/type/type/Features/Outline/OutlineViews.swift /Users/chaalpritam/Blockbase/type/type/Features/Scenes/SceneDatabase.swift /Users/chaalpritam/Blockbase/type/type/Features/Scenes/SceneDetailViews.swift /Users/chaalpritam/Blockbase/type/type/Features/Scenes/SceneViews.swift /Users/chaalpritam/Blockbase/type/type/Features/StoryProtocol/StoryProtocolCoordinator.swift /Users/chaalpritam/Blockbase/type/type/Features/StoryProtocol/StoryProtocolViews.swift /Users/chaalpritam/Blockbase/type/type/Features/Timeline/TimelineDatabase.swift /Users/chaalpritam/Blockbase/type/type/Features/Timeline/TimelineViews.swift /Users/chaalpritam/Blockbase/type/type/Features/Welcome/WelcomeView.swift /Users/chaalpritam/Blockbase/type/type/Services/DocumentService.swift /Users/chaalpritam/Blockbase/type/type/Services/FileManagementService.swift /Users/chaalpritam/Blockbase/type/type/Services/FileManager.swift /Users/chaalpritam/Blockbase/type/type/Services/SettingsService.swift /Users/chaalpritam/Blockbase/type/type/Services/StatisticsService.swift /Users/chaalpritam/Blockbase/type/type/Services/StoryProtocolService.swift /Users/chaalpritam/Blockbase/type/type/Shared/ModalLayout.swift /Users/chaalpritam/Blockbase/type/type/UI/EnhancedAppleComponents.swift /Users/chaalpritam/Blockbase/type/type/UI/ModularAppView.swift /Users/chaalpritam/Blockbase/type/type/UI/TemplateSelectorView.swift /Users/chaalpritam/Blockbase/type/type/UI/TypeStyleAppView.swift /Users/chaalpritam/Blockbase/type/type/UI/TypeStyleComponents.swift /Users/chaalpritam/Blockbase/type/type/UI/TypeStyleTheme.swift /Users/chaalpritam/Blockbase/type/type/Utils/KeyboardShortcutsManager.swift /Users/chaalpritam/Blockbase/type/type/SceneEditViews.swift /Users/chaalpritam/Blockbase/type/type/typeApp.swift /Users/chaalpritam/Library/Developer/Xcode/DerivedData/type-aackdwwuwxayolgleuusgbwkkpsp/Build/Intermediates.noindex/type.build/Debug/type.build/DerivedSources/GeneratedAssetSymbols.swift -supplementary-output-file-map /Users/chaalpritam/Library/Developer/Xcode/DerivedData/type-aackdwwuwxayolgleuusgbwkkpsp/Build/Intermediates.noindex/type.build/Debug/type.build/Objects-normal/x86_64/supplementaryOutputs-3 -emit-localized-strings -emit-localized-strings-path /Users/chaalpritam/Library/Developer/Xcode/DerivedData/type-aackdwwuwxayolgleuusgbwkkpsp/Build/Intermediates.noindex/type.build/Debug/type.build/Objects-normal/x86_64 -target x86_64-apple-macos15.0 -enable-objc-interop -stack-check -sdk /Applications/Xcode.app/Contents/Developer/Platforms/MacOSX.platform/Developer/SDKs/MacOSX15.1.sdk -I /Users/chaalpritam/Library/Developer/Xcode/DerivedData/type-aackdwwuwxayolgleuusgbwkkpsp/Build/Products/Debug -F /Users/chaalpritam/Library/Developer/Xcode/DerivedData/type-aackdwwuwxayolgleuusgbwkkpsp/Build/Products/Debug -no-color-diagnostics -enable-testing -g -debug-info-format\=dwarf -dwarf-version\=5 -module-cache-path /Users/chaalpritam/Library/Developer/Xcode/DerivedData/ModuleCache.noindex -profile-generate -profile-coverage-mapping -swift-version 5 -enforce-exclusivity\=checked -Onone -D DEBUG -serialize-debugging-options -const-gather-protocols-file /Users/chaalpritam/Library/Developer/Xcode/DerivedData/type-aackdwwuwxayolgleuusgbwkkpsp/Build/Intermediates.noindex/type.build/Debug/type.build/Objects-normal/x86_64/type_const_extract_protocols.json -enable-experimental-feature DebugDescriptionMacro -enable-experimental-feature OpaqueTypeErasure -enable-bare-slash-regex -empty-abi-descriptor -validate-clang-modules-once -clang-build-session-file /Users/chaalpritam/Library/Developer/Xcode/DerivedData/ModuleCache.noindex/Session.modulevalidation -Xcc -working-directory -Xcc /Users/chaalpritam/Blockbase/type -resource-dir /Applications/Xcode.app/Contents/Developer/Toolchains/XcodeDefault.xctoolchain/usr/lib/swift -enable-anonymous-context-mangled-names -file-compilation-dir /Users/chaalpritam/Blockbase/type -Xcc -D_LIBCPP_HARDENING_MODE\=_LIBCPP_HARDENING_MODE_DEBUG -Xcc -ivfsstatcache -Xcc /Users/chaalpritam/Library/Developer/Xcode/DerivedData/SDKStatCaches.noindex/macosx15.1-24B75-26c8390a7c93c703a57fb2538426748e.sdkstatcache -Xcc -I/Users/chaalpritam/Library/Developer/Xcode/DerivedData/type-aackdwwuwxayolgleuusgbwkkpsp/Build/Intermediates.noindex/type.build/Debug/type.build/swift-overrides.hmap -Xcc -iquote -Xcc /Users/chaalpritam/Library/Developer/Xcode/DerivedData/type-aackdwwuwxayolgleuusgbwkkpsp/Build/Intermediates.noindex/type.build/Debug/type.build/type-generated-files.hmap -Xcc -I/Users/chaalpritam/Library/Developer/Xcode/DerivedData/type-aackdwwuwxayolgleuusgbwkkpsp/Build/Intermediates.noindex/type.build/Debug/type.build/type-own-target-headers.hmap -Xcc -I/Users/chaalpritam/Library/Developer/Xcode/DerivedData/type-aackdwwuwxayolgleuusgbwkkpsp/Build/Intermediates.noindex/type.build/Debug/type.build/type-all-target-headers.hmap -Xcc -iquote -Xcc /Users/chaalpritam/Library/Developer/Xcode/DerivedData/type-aackdwwuwxayolgleuusgbwkkpsp/Build/Intermediates.noindex/type.build/Debug/type.build/type-project-headers.hmap -Xcc -I/Users/chaalpritam/Library/Developer/Xcode/DerivedData/type-aackdwwuwxayolgleuusgbwkkpsp/Build/Products/Debug/include -Xcc -I/Users/chaalpritam/Library/Developer/Xcode/DerivedData/type-aackdwwuwxayolgleuusgbwkkpsp/Build/Intermediates.noindex/type.build/Debug/type.build/DerivedSources-normal/x86_64 -Xcc -I/Users/chaalpritam/Library/Developer/Xcode/DerivedData/type-aackdwwuwxayolgleuusgbwkkpsp/Build/Intermediates.noindex/type.build/Debug/type.build/DerivedSources/x86_64 -Xcc -I/Users/chaalpritam/Library/Developer/Xcode/DerivedData/type-aackdwwuwxayolgleuusgbwkkpsp/Build/Intermediates.noindex/type.build/Debug/type.build/DerivedSources -Xcc -DDEBUG\=1 -module-name type -frontend-parseable-output -disable-clang-spi -target-sdk-version 15.1 -target-sdk-name macosx15.1 -external-plugin-path /Applications/Xcode.app/Contents/Developer/Platforms/MacOSX.platform/Developer/usr/lib/swift/host/plugins\#/Applications/Xcode.app/Contents/Developer/Platforms/MacOSX.platform/Developer/usr/bin/swift-plugin-server -external-plugin-path /Applications/Xcode.app/Contents/Developer/Platforms/MacOSX.platform/Developer/usr/local/lib/swift/host/plugins\#/Applications/Xcode.app/Contents/Developer/Platforms/MacOSX.platform/Developer/usr/bin/swift-plugin-server -plugin-path /Applications/Xcode.app/Contents/Developer/Toolchains/XcodeDefault.xctoolchain/usr/lib/swift/host/plugins -plugin-path /Applications/Xcode.app/Contents/Developer/Toolchains/XcodeDefault.xctoolchain/usr/local/lib/swift/host/plugins -o /Users/chaalpritam/Library/Developer/Xcode/DerivedData/type-aackdwwuwxayolgleuusgbwkkpsp/Build/Intermediates.noindex/type.build/Debug/type.build/Objects-normal/x86_64/CollaborationManager.o -o /Users/chaalpritam/Library/Developer/Xcode/DerivedData/type-aackdwwuwxayolgleuusgbwkkpsp/Build/Intermediates.noindex/type.build/Debug/type.build/Objects-normal/x86_64/CollaborationViews.o -o /Users/chaalpritam/Library/Developer/Xcode/DerivedData/type-aackdwwuwxayolgleuusgbwkkpsp/Build/Intermediates.noindex/type.build/Debug/type.build/Objects-normal/x86_64/AdvancedEditorFeatures.o -o /Users/chaalpritam/Library/Developer/Xcode/DerivedData/type-aackdwwuwxayolgleuusgbwkkpsp/Build/Intermediates.noindex/type.build/Debug/type.build/Objects-normal/x86_64/AutoCompletionManager.o -o /Users/chaalpritam/Library/Developer/Xcode/DerivedData/type-aackdwwuwxayolgleuusgbwkkpsp/Build/Intermediates.noindex/type.build/Debug/type.build/Objects-normal/x86_64/CodeFoldingManager.o -o /Users/chaalpritam/Library/Developer/Xcode/DerivedData/type-aackdwwuwxayolgleuusgbwkkpsp/Build/Intermediates.noindex/type.build/Debug/type.build/Objects-normal/x86_64/EditorCoordinator.o -o /Users/chaalpritam/Library/Developer/Xcode/DerivedData/type-aackdwwuwxayolgleuusgbwkkpsp/Build/Intermediates.noindex/type.build/Debug/type.build/Objects-normal/x86_64/EnhancedFountainTextEditor.o -index-unit-output-path /type.build/Debug/type.build/Objects-normal/x86_64/CollaborationManager.o -index-unit-output-path /type.build/Debug/type.build/Objects-normal/x86_64/CollaborationViews.o -index-unit-output-path /type.build/Debug/type.build/Objects-normal/x86_64/AdvancedEditorFeatures.o -index-unit-output-path /type.build/Debug/type.build/Objects-normal/x86_64/AutoCompletionManager.o -index-unit-output-path /type.build/Debug/type.build/Objects-normal/x86_64/CodeFoldingManager.o -index-unit-output-path /type.build/Debug/type.build/Objects-normal/x86_64/EditorCoordinator.o -index-unit-output-path /type.build/Debug/type.build/Objects-normal/x86_64/EnhancedFountainTextEditor.o -index-store-path /Users/chaalpritam/Library/Developer/Xcode/DerivedData/type-aackdwwuwxayolgleuusgbwkkpsp/Index.noindex/DataStore -index-system-modules

SwiftCompile normal x86_64 /Users/chaalpritam/Blockbase/type/type/Features/Editor/EnhancedFountainTextEditor.swift (in target 'type' from project 'type')
    cd /Users/chaalpritam/Blockbase/type
    /Applications/Xcode.app/Contents/Developer/Toolchains/XcodeDefault.xctoolchain/usr/bin/swift-frontend -c /Users/chaalpritam/Blockbase/type/type/Core/AppCoordinator.swift /Users/chaalpritam/Blockbase/type/type/Core/ModuleCoordinator.swift /Users/chaalpritam/Blockbase/type/type/Data/CharacterModels.swift /Users/chaalpritam/Blockbase/type/type/Data/OutlineModels.swift /Users/chaalpritam/Blockbase/type/type/Data/SceneModels.swift /Users/chaalpritam/Blockbase/type/type/Data/ScreenplayDocument.swift /Users/chaalpritam/Blockbase/type/type/Data/TimelineModels.swift /Users/chaalpritam/Blockbase/type/type/Features/Characters/CharacterCoordinator.swift /Users/chaalpritam/Blockbase/type/type/Features/Characters/CharacterDatabase.swift /Users/chaalpritam/Blockbase/type/type/Features/Characters/CharacterDetailViews.swift /Users/chaalpritam/Blockbase/type/type/Features/Characters/CharacterDetailViews2.swift /Users/chaalpritam/Blockbase/type/type/Features/Characters/CharacterEditViews.swift /Users/chaalpritam/Blockbase/type/type/Features/Characters/CharacterViews.swift /Users/chaalpritam/Blockbase/type/type/Features/Collaboration/CollaborationCoordinator.swift -primary-file /Users/chaalpritam/Blockbase/type/type/Features/Collaboration/CollaborationManager.swift -primary-file /Users/chaalpritam/Blockbase/type/type/Features/Collaboration/CollaborationViews.swift -primary-file /Users/chaalpritam/Blockbase/type/type/Features/Editor/AdvancedEditorFeatures.swift -primary-file /Users/chaalpritam/Blockbase/type/type/Features/Editor/AutoCompletionManager.swift -primary-file /Users/chaalpritam/Blockbase/type/type/Features/Editor/CodeFoldingManager.swift -primary-file /Users/chaalpritam/Blockbase/type/type/Features/Editor/EditorCoordinator.swift -primary-file /Users/chaalpritam/Blockbase/type/type/Features/Editor/EnhancedFountainTextEditor.swift /Users/chaalpritam/Blockbase/type/type/Features/Editor/FindReplaceView.swift /Users/chaalpritam/Blockbase/type/type/Features/Editor/FountainHelpView.swift /Users/chaalpritam/Blockbase/type/type/Features/Editor/FountainParser.swift /Users/chaalpritam/Blockbase/type/type/Features/Editor/FountainSyntaxHighlighter.swift /Users/chaalpritam/Blockbase/type/type/Features/Editor/FountainTemplate.swift /Users/chaalpritam/Blockbase/type/type/Features/Editor/FountainTextEditor.swift /Users/chaalpritam/Blockbase/type/type/Features/Editor/MinimapView.swift /Users/chaalpritam/Blockbase/type/type/Features/Editor/MultipleCursorsTextEditor.swift /Users/chaalpritam/Blockbase/type/type/Features/Editor/ScreenplayPreview.swift /Users/chaalpritam/Blockbase/type/type/Features/Editor/SmartFormattingManager.swift /Users/chaalpritam/Blockbase/type/type/Features/Editor/SpellCheckTextEditor.swift /Users/chaalpritam/Blockbase/type/type/Features/Editor/TextHistoryManager.swift /Users/chaalpritam/Blockbase/type/type/Features/File/FileCoordinator.swift /Users/chaalpritam/Blockbase/type/type/Features/Outline/OutlineCoordinator.swift /Users/chaalpritam/Blockbase/type/type/Features/Outline/OutlineDatabase.swift /Users/chaalpritam/Blockbase/type/type/Features/Outline/OutlineDetailViews.swift /Users/chaalpritam/Blockbase/type/type/Features/Outline/OutlineViews.swift /Users/chaalpritam/Blockbase/type/type/Features/Scenes/SceneDatabase.swift /Users/chaalpritam/Blockbase/type/type/Features/Scenes/SceneDetailViews.swift /Users/chaalpritam/Blockbase/type/type/Features/Scenes/SceneViews.swift /Users/chaalpritam/Blockbase/type/type/Features/StoryProtocol/StoryProtocolCoordinator.swift /Users/chaalpritam/Blockbase/type/type/Features/StoryProtocol/StoryProtocolViews.swift /Users/chaalpritam/Blockbase/type/type/Features/Timeline/TimelineDatabase.swift /Users/chaalpritam/Blockbase/type/type/Features/Timeline/TimelineViews.swift /Users/chaalpritam/Blockbase/type/type/Features/Welcome/WelcomeView.swift /Users/chaalpritam/Blockbase/type/type/Services/DocumentService.swift /Users/chaalpritam/Blockbase/type/type/Services/FileManagementService.swift /Users/chaalpritam/Blockbase/type/type/Services/FileManager.swift /Users/chaalpritam/Blockbase/type/type/Services/SettingsService.swift /Users/chaalpritam/Blockbase/type/type/Services/StatisticsService.swift /Users/chaalpritam/Blockbase/type/type/Services/StoryProtocolService.swift /Users/chaalpritam/Blockbase/type/type/Shared/ModalLayout.swift /Users/chaalpritam/Blockbase/type/type/UI/EnhancedAppleComponents.swift /Users/chaalpritam/Blockbase/type/type/UI/ModularAppView.swift /Users/chaalpritam/Blockbase/type/type/UI/TemplateSelectorView.swift /Users/chaalpritam/Blockbase/type/type/UI/TypeStyleAppView.swift /Users/chaalpritam/Blockbase/type/type/UI/TypeStyleComponents.swift /Users/chaalpritam/Blockbase/type/type/UI/TypeStyleTheme.swift /Users/chaalpritam/Blockbase/type/type/Utils/KeyboardShortcutsManager.swift /Users/chaalpritam/Blockbase/type/type/SceneEditViews.swift /Users/chaalpritam/Blockbase/type/type/typeApp.swift /Users/chaalpritam/Library/Developer/Xcode/DerivedData/type-aackdwwuwxayolgleuusgbwkkpsp/Build/Intermediates.noindex/type.build/Debug/type.build/DerivedSources/GeneratedAssetSymbols.swift -supplementary-output-file-map /Users/chaalpritam/Library/Developer/Xcode/DerivedData/type-aackdwwuwxayolgleuusgbwkkpsp/Build/Intermediates.noindex/type.build/Debug/type.build/Objects-normal/x86_64/supplementaryOutputs-3 -emit-localized-strings -emit-localized-strings-path /Users/chaalpritam/Library/Developer/Xcode/DerivedData/type-aackdwwuwxayolgleuusgbwkkpsp/Build/Intermediates.noindex/type.build/Debug/type.build/Objects-normal/x86_64 -target x86_64-apple-macos15.0 -enable-objc-interop -stack-check -sdk /Applications/Xcode.app/Contents/Developer/Platforms/MacOSX.platform/Developer/SDKs/MacOSX15.1.sdk -I /Users/chaalpritam/Library/Developer/Xcode/DerivedData/type-aackdwwuwxayolgleuusgbwkkpsp/Build/Products/Debug -F /Users/chaalpritam/Library/Developer/Xcode/DerivedData/type-aackdwwuwxayolgleuusgbwkkpsp/Build/Products/Debug -no-color-diagnostics -enable-testing -g -debug-info-format\=dwarf -dwarf-version\=5 -module-cache-path /Users/chaalpritam/Library/Developer/Xcode/DerivedData/ModuleCache.noindex -profile-generate -profile-coverage-mapping -swift-version 5 -enforce-exclusivity\=checked -Onone -D DEBUG -serialize-debugging-options -const-gather-protocols-file /Users/chaalpritam/Library/Developer/Xcode/DerivedData/type-aackdwwuwxayolgleuusgbwkkpsp/Build/Intermediates.noindex/type.build/Debug/type.build/Objects-normal/x86_64/type_const_extract_protocols.json -enable-experimental-feature DebugDescriptionMacro -enable-experimental-feature OpaqueTypeErasure -enable-bare-slash-regex -empty-abi-descriptor -validate-clang-modules-once -clang-build-session-file /Users/chaalpritam/Library/Developer/Xcode/DerivedData/ModuleCache.noindex/Session.modulevalidation -Xcc -working-directory -Xcc /Users/chaalpritam/Blockbase/type -resource-dir /Applications/Xcode.app/Contents/Developer/Toolchains/XcodeDefault.xctoolchain/usr/lib/swift -enable-anonymous-context-mangled-names -file-compilation-dir /Users/chaalpritam/Blockbase/type -Xcc -D_LIBCPP_HARDENING_MODE\=_LIBCPP_HARDENING_MODE_DEBUG -Xcc -ivfsstatcache -Xcc /Users/chaalpritam/Library/Developer/Xcode/DerivedData/SDKStatCaches.noindex/macosx15.1-24B75-26c8390a7c93c703a57fb2538426748e.sdkstatcache -Xcc -I/Users/chaalpritam/Library/Developer/Xcode/DerivedData/type-aackdwwuwxayolgleuusgbwkkpsp/Build/Intermediates.noindex/type.build/Debug/type.build/swift-overrides.hmap -Xcc -iquote -Xcc /Users/chaalpritam/Library/Developer/Xcode/DerivedData/type-aackdwwuwxayolgleuusgbwkkpsp/Build/Intermediates.noindex/type.build/Debug/type.build/type-generated-files.hmap -Xcc -I/Users/chaalpritam/Library/Developer/Xcode/DerivedData/type-aackdwwuwxayolgleuusgbwkkpsp/Build/Intermediates.noindex/type.build/Debug/type.build/type-own-target-headers.hmap -Xcc -I/Users/chaalpritam/Library/Developer/Xcode/DerivedData/type-aackdwwuwxayolgleuusgbwkkpsp/Build/Intermediates.noindex/type.build/Debug/type.build/type-all-target-headers.hmap -Xcc -iquote -Xcc /Users/chaalpritam/Library/Developer/Xcode/DerivedData/type-aackdwwuwxayolgleuusgbwkkpsp/Build/Intermediates.noindex/type.build/Debug/type.build/type-project-headers.hmap -Xcc -I/Users/chaalpritam/Library/Developer/Xcode/DerivedData/type-aackdwwuwxayolgleuusgbwkkpsp/Build/Products/Debug/include -Xcc -I/Users/chaalpritam/Library/Developer/Xcode/DerivedData/type-aackdwwuwxayolgleuusgbwkkpsp/Build/Intermediates.noindex/type.build/Debug/type.build/DerivedSources-normal/x86_64 -Xcc -I/Users/chaalpritam/Library/Developer/Xcode/DerivedData/type-aackdwwuwxayolgleuusgbwkkpsp/Build/Intermediates.noindex/type.build/Debug/type.build/DerivedSources/x86_64 -Xcc -I/Users/chaalpritam/Library/Developer/Xcode/DerivedData/type-aackdwwuwxayolgleuusgbwkkpsp/Build/Intermediates.noindex/type.build/Debug/type.build/DerivedSources -Xcc -DDEBUG\=1 -module-name type -frontend-parseable-output -disable-clang-spi -target-sdk-version 15.1 -target-sdk-name macosx15.1 -external-plugin-path /Applications/Xcode.app/Contents/Developer/Platforms/MacOSX.platform/Developer/usr/lib/swift/host/plugins\#/Applications/Xcode.app/Contents/Developer/Platforms/MacOSX.platform/Developer/usr/bin/swift-plugin-server -external-plugin-path /Applications/Xcode.app/Contents/Developer/Platforms/MacOSX.platform/Developer/usr/local/lib/swift/host/plugins\#/Applications/Xcode.app/Contents/Developer/Platforms/MacOSX.platform/Developer/usr/bin/swift-plugin-server -plugin-path /Applications/Xcode.app/Contents/Developer/Toolchains/XcodeDefault.xctoolchain/usr/lib/swift/host/plugins -plugin-path /Applications/Xcode.app/Contents/Developer/Toolchains/XcodeDefault.xctoolchain/usr/local/lib/swift/host/plugins -o /Users/chaalpritam/Library/Developer/Xcode/DerivedData/type-aackdwwuwxayolgleuusgbwkkpsp/Build/Intermediates.noindex/type.build/Debug/type.build/Objects-normal/x86_64/CollaborationManager.o -o /Users/chaalpritam/Library/Developer/Xcode/DerivedData/type-aackdwwuwxayolgleuusgbwkkpsp/Build/Intermediates.noindex/type.build/Debug/type.build/Objects-normal/x86_64/CollaborationViews.o -o /Users/chaalpritam/Library/Developer/Xcode/DerivedData/type-aackdwwuwxayolgleuusgbwkkpsp/Build/Intermediates.noindex/type.build/Debug/type.build/Objects-normal/x86_64/AdvancedEditorFeatures.o -o /Users/chaalpritam/Library/Developer/Xcode/DerivedData/type-aackdwwuwxayolgleuusgbwkkpsp/Build/Intermediates.noindex/type.build/Debug/type.build/Objects-normal/x86_64/AutoCompletionManager.o -o /Users/chaalpritam/Library/Developer/Xcode/DerivedData/type-aackdwwuwxayolgleuusgbwkkpsp/Build/Intermediates.noindex/type.build/Debug/type.build/Objects-normal/x86_64/CodeFoldingManager.o -o /Users/chaalpritam/Library/Developer/Xcode/DerivedData/type-aackdwwuwxayolgleuusgbwkkpsp/Build/Intermediates.noindex/type.build/Debug/type.build/Objects-normal/x86_64/EditorCoordinator.o -o /Users/chaalpritam/Library/Developer/Xcode/DerivedData/type-aackdwwuwxayolgleuusgbwkkpsp/Build/Intermediates.noindex/type.build/Debug/type.build/Objects-normal/x86_64/EnhancedFountainTextEditor.o -index-unit-output-path /type.build/Debug/type.build/Objects-normal/x86_64/CollaborationManager.o -index-unit-output-path /type.build/Debug/type.build/Objects-normal/x86_64/CollaborationViews.o -index-unit-output-path /type.build/Debug/type.build/Objects-normal/x86_64/AdvancedEditorFeatures.o -index-unit-output-path /type.build/Debug/type.build/Objects-normal/x86_64/AutoCompletionManager.o -index-unit-output-path /type.build/Debug/type.build/Objects-normal/x86_64/CodeFoldingManager.o -index-unit-output-path /type.build/Debug/type.build/Objects-normal/x86_64/EditorCoordinator.o -index-unit-output-path /type.build/Debug/type.build/Objects-normal/x86_64/EnhancedFountainTextEditor.o -index-store-path /Users/chaalpritam/Library/Developer/Xcode/DerivedData/type-aackdwwuwxayolgleuusgbwkkpsp/Index.noindex/DataStore -index-system-modules

SwiftCompile normal x86_64 Compiling\ MinimapView.swift,\ MultipleCursorsTextEditor.swift,\ ScreenplayPreview.swift,\ SmartFormattingManager.swift,\ SpellCheckTextEditor.swift,\ TextHistoryManager.swift /Users/chaalpritam/Blockbase/type/type/Features/Editor/MinimapView.swift /Users/chaalpritam/Blockbase/type/type/Features/Editor/MultipleCursorsTextEditor.swift /Users/chaalpritam/Blockbase/type/type/Features/Editor/ScreenplayPreview.swift /Users/chaalpritam/Blockbase/type/type/Features/Editor/SmartFormattingManager.swift /Users/chaalpritam/Blockbase/type/type/Features/Editor/SpellCheckTextEditor.swift /Users/chaalpritam/Blockbase/type/type/Features/Editor/TextHistoryManager.swift (in target 'type' from project 'type')
    cd /Users/chaalpritam/Blockbase/type
    builtin-swiftTaskExecution -- /Applications/Xcode.app/Contents/Developer/Toolchains/XcodeDefault.xctoolchain/usr/bin/swift-frontend -frontend -c /Users/chaalpritam/Blockbase/type/type/Core/AppCoordinator.swift /Users/chaalpritam/Blockbase/type/type/Core/ModuleCoordinator.swift /Users/chaalpritam/Blockbase/type/type/Data/CharacterModels.swift /Users/chaalpritam/Blockbase/type/type/Data/OutlineModels.swift /Users/chaalpritam/Blockbase/type/type/Data/SceneModels.swift /Users/chaalpritam/Blockbase/type/type/Data/ScreenplayDocument.swift /Users/chaalpritam/Blockbase/type/type/Data/TimelineModels.swift /Users/chaalpritam/Blockbase/type/type/Features/Characters/CharacterCoordinator.swift /Users/chaalpritam/Blockbase/type/type/Features/Characters/CharacterDatabase.swift /Users/chaalpritam/Blockbase/type/type/Features/Characters/CharacterDetailViews.swift /Users/chaalpritam/Blockbase/type/type/Features/Characters/CharacterDetailViews2.swift /Users/chaalpritam/Blockbase/type/type/Features/Characters/CharacterEditViews.swift /Users/chaalpritam/Blockbase/type/type/Features/Characters/CharacterViews.swift /Users/chaalpritam/Blockbase/type/type/Features/Collaboration/CollaborationCoordinator.swift /Users/chaalpritam/Blockbase/type/type/Features/Collaboration/CollaborationManager.swift /Users/chaalpritam/Blockbase/type/type/Features/Collaboration/CollaborationViews.swift /Users/chaalpritam/Blockbase/type/type/Features/Editor/AdvancedEditorFeatures.swift /Users/chaalpritam/Blockbase/type/type/Features/Editor/AutoCompletionManager.swift /Users/chaalpritam/Blockbase/type/type/Features/Editor/CodeFoldingManager.swift /Users/chaalpritam/Blockbase/type/type/Features/Editor/EditorCoordinator.swift /Users/chaalpritam/Blockbase/type/type/Features/Editor/EnhancedFountainTextEditor.swift /Users/chaalpritam/Blockbase/type/type/Features/Editor/FindReplaceView.swift /Users/chaalpritam/Blockbase/type/type/Features/Editor/FountainHelpView.swift /Users/chaalpritam/Blockbase/type/type/Features/Editor/FountainParser.swift /Users/chaalpritam/Blockbase/type/type/Features/Editor/FountainSyntaxHighlighter.swift /Users/chaalpritam/Blockbase/type/type/Features/Editor/FountainTemplate.swift /Users/chaalpritam/Blockbase/type/type/Features/Editor/FountainTextEditor.swift -primary-file /Users/chaalpritam/Blockbase/type/type/Features/Editor/MinimapView.swift -primary-file /Users/chaalpritam/Blockbase/type/type/Features/Editor/MultipleCursorsTextEditor.swift -primary-file /Users/chaalpritam/Blockbase/type/type/Features/Editor/ScreenplayPreview.swift -primary-file /Users/chaalpritam/Blockbase/type/type/Features/Editor/SmartFormattingManager.swift -primary-file /Users/chaalpritam/Blockbase/type/type/Features/Editor/SpellCheckTextEditor.swift -primary-file /Users/chaalpritam/Blockbase/type/type/Features/Editor/TextHistoryManager.swift /Users/chaalpritam/Blockbase/type/type/Features/File/FileCoordinator.swift /Users/chaalpritam/Blockbase/type/type/Features/Outline/OutlineCoordinator.swift /Users/chaalpritam/Blockbase/type/type/Features/Outline/OutlineDatabase.swift /Users/chaalpritam/Blockbase/type/type/Features/Outline/OutlineDetailViews.swift /Users/chaalpritam/Blockbase/type/type/Features/Outline/OutlineViews.swift /Users/chaalpritam/Blockbase/type/type/Features/Scenes/SceneDatabase.swift /Users/chaalpritam/Blockbase/type/type/Features/Scenes/SceneDetailViews.swift /Users/chaalpritam/Blockbase/type/type/Features/Scenes/SceneViews.swift /Users/chaalpritam/Blockbase/type/type/Features/StoryProtocol/StoryProtocolCoordinator.swift /Users/chaalpritam/Blockbase/type/type/Features/StoryProtocol/StoryProtocolViews.swift /Users/chaalpritam/Blockbase/type/type/Features/Timeline/TimelineDatabase.swift /Users/chaalpritam/Blockbase/type/type/Features/Timeline/TimelineViews.swift /Users/chaalpritam/Blockbase/type/type/Features/Welcome/WelcomeView.swift /Users/chaalpritam/Blockbase/type/type/Services/DocumentService.swift /Users/chaalpritam/Blockbase/type/type/Services/FileManagementService.swift /Users/chaalpritam/Blockbase/type/type/Services/FileManager.swift /Users/chaalpritam/Blockbase/type/type/Services/SettingsService.swift /Users/chaalpritam/Blockbase/type/type/Services/StatisticsService.swift /Users/chaalpritam/Blockbase/type/type/Services/StoryProtocolService.swift /Users/chaalpritam/Blockbase/type/type/Shared/ModalLayout.swift /Users/chaalpritam/Blockbase/type/type/UI/EnhancedAppleComponents.swift /Users/chaalpritam/Blockbase/type/type/UI/ModularAppView.swift /Users/chaalpritam/Blockbase/type/type/UI/TemplateSelectorView.swift /Users/chaalpritam/Blockbase/type/type/UI/TypeStyleAppView.swift /Users/chaalpritam/Blockbase/type/type/UI/TypeStyleComponents.swift /Users/chaalpritam/Blockbase/type/type/UI/TypeStyleTheme.swift /Users/chaalpritam/Blockbase/type/type/Utils/KeyboardShortcutsManager.swift /Users/chaalpritam/Blockbase/type/type/SceneEditViews.swift /Users/chaalpritam/Blockbase/type/type/typeApp.swift /Users/chaalpritam/Library/Developer/Xcode/DerivedData/type-aackdwwuwxayolgleuusgbwkkpsp/Build/Intermediates.noindex/type.build/Debug/type.build/DerivedSources/GeneratedAssetSymbols.swift -supplementary-output-file-map /Users/chaalpritam/Library/Developer/Xcode/DerivedData/type-aackdwwuwxayolgleuusgbwkkpsp/Build/Intermediates.noindex/type.build/Debug/type.build/Objects-normal/x86_64/supplementaryOutputs-5 -emit-localized-strings -emit-localized-strings-path /Users/chaalpritam/Library/Developer/Xcode/DerivedData/type-aackdwwuwxayolgleuusgbwkkpsp/Build/Intermediates.noindex/type.build/Debug/type.build/Objects-normal/x86_64 -target x86_64-apple-macos15.0 -enable-objc-interop -stack-check -sdk /Applications/Xcode.app/Contents/Developer/Platforms/MacOSX.platform/Developer/SDKs/MacOSX15.1.sdk -I /Users/chaalpritam/Library/Developer/Xcode/DerivedData/type-aackdwwuwxayolgleuusgbwkkpsp/Build/Products/Debug -F /Users/chaalpritam/Library/Developer/Xcode/DerivedData/type-aackdwwuwxayolgleuusgbwkkpsp/Build/Products/Debug -no-color-diagnostics -enable-testing -g -debug-info-format\=dwarf -dwarf-version\=5 -module-cache-path /Users/chaalpritam/Library/Developer/Xcode/DerivedData/ModuleCache.noindex -profile-generate -profile-coverage-mapping -swift-version 5 -enforce-exclusivity\=checked -Onone -D DEBUG -serialize-debugging-options -const-gather-protocols-file /Users/chaalpritam/Library/Developer/Xcode/DerivedData/type-aackdwwuwxayolgleuusgbwkkpsp/Build/Intermediates.noindex/type.build/Debug/type.build/Objects-normal/x86_64/type_const_extract_protocols.json -enable-experimental-feature DebugDescriptionMacro -enable-experimental-feature OpaqueTypeErasure -enable-bare-slash-regex -empty-abi-descriptor -validate-clang-modules-once -clang-build-session-file /Users/chaalpritam/Library/Developer/Xcode/DerivedData/ModuleCache.noindex/Session.modulevalidation -Xcc -working-directory -Xcc /Users/chaalpritam/Blockbase/type -resource-dir /Applications/Xcode.app/Contents/Developer/Toolchains/XcodeDefault.xctoolchain/usr/lib/swift -enable-anonymous-context-mangled-names -file-compilation-dir /Users/chaalpritam/Blockbase/type -Xcc -D_LIBCPP_HARDENING_MODE\=_LIBCPP_HARDENING_MODE_DEBUG -Xcc -ivfsstatcache -Xcc /Users/chaalpritam/Library/Developer/Xcode/DerivedData/SDKStatCaches.noindex/macosx15.1-24B75-26c8390a7c93c703a57fb2538426748e.sdkstatcache -Xcc -I/Users/chaalpritam/Library/Developer/Xcode/DerivedData/type-aackdwwuwxayolgleuusgbwkkpsp/Build/Intermediates.noindex/type.build/Debug/type.build/swift-overrides.hmap -Xcc -iquote -Xcc /Users/chaalpritam/Library/Developer/Xcode/DerivedData/type-aackdwwuwxayolgleuusgbwkkpsp/Build/Intermediates.noindex/type.build/Debug/type.build/type-generated-files.hmap -Xcc -I/Users/chaalpritam/Library/Developer/Xcode/DerivedData/type-aackdwwuwxayolgleuusgbwkkpsp/Build/Intermediates.noindex/type.build/Debug/type.build/type-own-target-headers.hmap -Xcc -I/Users/chaalpritam/Library/Developer/Xcode/DerivedData/type-aackdwwuwxayolgleuusgbwkkpsp/Build/Intermediates.noindex/type.build/Debug/type.build/type-all-target-headers.hmap -Xcc -iquote -Xcc /Users/chaalpritam/Library/Developer/Xcode/DerivedData/type-aackdwwuwxayolgleuusgbwkkpsp/Build/Intermediates.noindex/type.build/Debug/type.build/type-project-headers.hmap -Xcc -I/Users/chaalpritam/Library/Developer/Xcode/DerivedData/type-aackdwwuwxayolgleuusgbwkkpsp/Build/Products/Debug/include -Xcc -I/Users/chaalpritam/Library/Developer/Xcode/DerivedData/type-aackdwwuwxayolgleuusgbwkkpsp/Build/Intermediates.noindex/type.build/Debug/type.build/DerivedSources-normal/x86_64 -Xcc -I/Users/chaalpritam/Library/Developer/Xcode/DerivedData/type-aackdwwuwxayolgleuusgbwkkpsp/Build/Intermediates.noindex/type.build/Debug/type.build/DerivedSources/x86_64 -Xcc -I/Users/chaalpritam/Library/Developer/Xcode/DerivedData/type-aackdwwuwxayolgleuusgbwkkpsp/Build/Intermediates.noindex/type.build/Debug/type.build/DerivedSources -Xcc -DDEBUG\=1 -module-name type -frontend-parseable-output -disable-clang-spi -target-sdk-version 15.1 -target-sdk-name macosx15.1 -external-plugin-path /Applications/Xcode.app/Contents/Developer/Platforms/MacOSX.platform/Developer/usr/lib/swift/host/plugins\#/Applications/Xcode.app/Contents/Developer/Platforms/MacOSX.platform/Developer/usr/bin/swift-plugin-server -external-plugin-path /Applications/Xcode.app/Contents/Developer/Platforms/MacOSX.platform/Developer/usr/local/lib/swift/host/plugins\#/Applications/Xcode.app/Contents/Developer/Platforms/MacOSX.platform/Developer/usr/bin/swift-plugin-server -plugin-path /Applications/Xcode.app/Contents/Developer/Toolchains/XcodeDefault.xctoolchain/usr/lib/swift/host/plugins -plugin-path /Applications/Xcode.app/Contents/Developer/Toolchains/XcodeDefault.xctoolchain/usr/local/lib/swift/host/plugins -o /Users/chaalpritam/Library/Developer/Xcode/DerivedData/type-aackdwwuwxayolgleuusgbwkkpsp/Build/Intermediates.noindex/type.build/Debug/type.build/Objects-normal/x86_64/MinimapView.o -o /Users/chaalpritam/Library/Developer/Xcode/DerivedData/type-aackdwwuwxayolgleuusgbwkkpsp/Build/Intermediates.noindex/type.build/Debug/type.build/Objects-normal/x86_64/MultipleCursorsTextEditor.o -o /Users/chaalpritam/Library/Developer/Xcode/DerivedData/type-aackdwwuwxayolgleuusgbwkkpsp/Build/Intermediates.noindex/type.build/Debug/type.build/Objects-normal/x86_64/ScreenplayPreview.o -o /Users/chaalpritam/Library/Developer/Xcode/DerivedData/type-aackdwwuwxayolgleuusgbwkkpsp/Build/Intermediates.noindex/type.build/Debug/type.build/Objects-normal/x86_64/SmartFormattingManager.o -o /Users/chaalpritam/Library/Developer/Xcode/DerivedData/type-aackdwwuwxayolgleuusgbwkkpsp/Build/Intermediates.noindex/type.build/Debug/type.build/Objects-normal/x86_64/SpellCheckTextEditor.o -o /Users/chaalpritam/Library/Developer/Xcode/DerivedData/type-aackdwwuwxayolgleuusgbwkkpsp/Build/Intermediates.noindex/type.build/Debug/type.build/Objects-normal/x86_64/TextHistoryManager.o -index-unit-output-path /type.build/Debug/type.build/Objects-normal/x86_64/MinimapView.o -index-unit-output-path /type.build/Debug/type.build/Objects-normal/x86_64/MultipleCursorsTextEditor.o -index-unit-output-path /type.build/Debug/type.build/Objects-normal/x86_64/ScreenplayPreview.o -index-unit-output-path /type.build/Debug/type.build/Objects-normal/x86_64/SmartFormattingManager.o -index-unit-output-path /type.build/Debug/type.build/Objects-normal/x86_64/SpellCheckTextEditor.o -index-unit-output-path /type.build/Debug/type.build/Objects-normal/x86_64/TextHistoryManager.o -index-store-path /Users/chaalpritam/Library/Developer/Xcode/DerivedData/type-aackdwwuwxayolgleuusgbwkkpsp/Index.noindex/DataStore -index-system-modules

SwiftCompile normal x86_64 /Users/chaalpritam/Blockbase/type/type/Features/Editor/MinimapView.swift (in target 'type' from project 'type')
    cd /Users/chaalpritam/Blockbase/type
    /Applications/Xcode.app/Contents/Developer/Toolchains/XcodeDefault.xctoolchain/usr/bin/swift-frontend -c /Users/chaalpritam/Blockbase/type/type/Core/AppCoordinator.swift /Users/chaalpritam/Blockbase/type/type/Core/ModuleCoordinator.swift /Users/chaalpritam/Blockbase/type/type/Data/CharacterModels.swift /Users/chaalpritam/Blockbase/type/type/Data/OutlineModels.swift /Users/chaalpritam/Blockbase/type/type/Data/SceneModels.swift /Users/chaalpritam/Blockbase/type/type/Data/ScreenplayDocument.swift /Users/chaalpritam/Blockbase/type/type/Data/TimelineModels.swift /Users/chaalpritam/Blockbase/type/type/Features/Characters/CharacterCoordinator.swift /Users/chaalpritam/Blockbase/type/type/Features/Characters/CharacterDatabase.swift /Users/chaalpritam/Blockbase/type/type/Features/Characters/CharacterDetailViews.swift /Users/chaalpritam/Blockbase/type/type/Features/Characters/CharacterDetailViews2.swift /Users/chaalpritam/Blockbase/type/type/Features/Characters/CharacterEditViews.swift /Users/chaalpritam/Blockbase/type/type/Features/Characters/CharacterViews.swift /Users/chaalpritam/Blockbase/type/type/Features/Collaboration/CollaborationCoordinator.swift /Users/chaalpritam/Blockbase/type/type/Features/Collaboration/CollaborationManager.swift /Users/chaalpritam/Blockbase/type/type/Features/Collaboration/CollaborationViews.swift /Users/chaalpritam/Blockbase/type/type/Features/Editor/AdvancedEditorFeatures.swift /Users/chaalpritam/Blockbase/type/type/Features/Editor/AutoCompletionManager.swift /Users/chaalpritam/Blockbase/type/type/Features/Editor/CodeFoldingManager.swift /Users/chaalpritam/Blockbase/type/type/Features/Editor/EditorCoordinator.swift /Users/chaalpritam/Blockbase/type/type/Features/Editor/EnhancedFountainTextEditor.swift /Users/chaalpritam/Blockbase/type/type/Features/Editor/FindReplaceView.swift /Users/chaalpritam/Blockbase/type/type/Features/Editor/FountainHelpView.swift /Users/chaalpritam/Blockbase/type/type/Features/Editor/FountainParser.swift /Users/chaalpritam/Blockbase/type/type/Features/Editor/FountainSyntaxHighlighter.swift /Users/chaalpritam/Blockbase/type/type/Features/Editor/FountainTemplate.swift /Users/chaalpritam/Blockbase/type/type/Features/Editor/FountainTextEditor.swift -primary-file /Users/chaalpritam/Blockbase/type/type/Features/Editor/MinimapView.swift -primary-file /Users/chaalpritam/Blockbase/type/type/Features/Editor/MultipleCursorsTextEditor.swift -primary-file /Users/chaalpritam/Blockbase/type/type/Features/Editor/ScreenplayPreview.swift -primary-file /Users/chaalpritam/Blockbase/type/type/Features/Editor/SmartFormattingManager.swift -primary-file /Users/chaalpritam/Blockbase/type/type/Features/Editor/SpellCheckTextEditor.swift -primary-file /Users/chaalpritam/Blockbase/type/type/Features/Editor/TextHistoryManager.swift /Users/chaalpritam/Blockbase/type/type/Features/File/FileCoordinator.swift /Users/chaalpritam/Blockbase/type/type/Features/Outline/OutlineCoordinator.swift /Users/chaalpritam/Blockbase/type/type/Features/Outline/OutlineDatabase.swift /Users/chaalpritam/Blockbase/type/type/Features/Outline/OutlineDetailViews.swift /Users/chaalpritam/Blockbase/type/type/Features/Outline/OutlineViews.swift /Users/chaalpritam/Blockbase/type/type/Features/Scenes/SceneDatabase.swift /Users/chaalpritam/Blockbase/type/type/Features/Scenes/SceneDetailViews.swift /Users/chaalpritam/Blockbase/type/type/Features/Scenes/SceneViews.swift /Users/chaalpritam/Blockbase/type/type/Features/StoryProtocol/StoryProtocolCoordinator.swift /Users/chaalpritam/Blockbase/type/type/Features/StoryProtocol/StoryProtocolViews.swift /Users/chaalpritam/Blockbase/type/type/Features/Timeline/TimelineDatabase.swift /Users/chaalpritam/Blockbase/type/type/Features/Timeline/TimelineViews.swift /Users/chaalpritam/Blockbase/type/type/Features/Welcome/WelcomeView.swift /Users/chaalpritam/Blockbase/type/type/Services/DocumentService.swift /Users/chaalpritam/Blockbase/type/type/Services/FileManagementService.swift /Users/chaalpritam/Blockbase/type/type/Services/FileManager.swift /Users/chaalpritam/Blockbase/type/type/Services/SettingsService.swift /Users/chaalpritam/Blockbase/type/type/Services/StatisticsService.swift /Users/chaalpritam/Blockbase/type/type/Services/StoryProtocolService.swift /Users/chaalpritam/Blockbase/type/type/Shared/ModalLayout.swift /Users/chaalpritam/Blockbase/type/type/UI/EnhancedAppleComponents.swift /Users/chaalpritam/Blockbase/type/type/UI/ModularAppView.swift /Users/chaalpritam/Blockbase/type/type/UI/TemplateSelectorView.swift /Users/chaalpritam/Blockbase/type/type/UI/TypeStyleAppView.swift /Users/chaalpritam/Blockbase/type/type/UI/TypeStyleComponents.swift /Users/chaalpritam/Blockbase/type/type/UI/TypeStyleTheme.swift /Users/chaalpritam/Blockbase/type/type/Utils/KeyboardShortcutsManager.swift /Users/chaalpritam/Blockbase/type/type/SceneEditViews.swift /Users/chaalpritam/Blockbase/type/type/typeApp.swift /Users/chaalpritam/Library/Developer/Xcode/DerivedData/type-aackdwwuwxayolgleuusgbwkkpsp/Build/Intermediates.noindex/type.build/Debug/type.build/DerivedSources/GeneratedAssetSymbols.swift -supplementary-output-file-map /Users/chaalpritam/Library/Developer/Xcode/DerivedData/type-aackdwwuwxayolgleuusgbwkkpsp/Build/Intermediates.noindex/type.build/Debug/type.build/Objects-normal/x86_64/supplementaryOutputs-5 -emit-localized-strings -emit-localized-strings-path /Users/chaalpritam/Library/Developer/Xcode/DerivedData/type-aackdwwuwxayolgleuusgbwkkpsp/Build/Intermediates.noindex/type.build/Debug/type.build/Objects-normal/x86_64 -target x86_64-apple-macos15.0 -enable-objc-interop -stack-check -sdk /Applications/Xcode.app/Contents/Developer/Platforms/MacOSX.platform/Developer/SDKs/MacOSX15.1.sdk -I /Users/chaalpritam/Library/Developer/Xcode/DerivedData/type-aackdwwuwxayolgleuusgbwkkpsp/Build/Products/Debug -F /Users/chaalpritam/Library/Developer/Xcode/DerivedData/type-aackdwwuwxayolgleuusgbwkkpsp/Build/Products/Debug -no-color-diagnostics -enable-testing -g -debug-info-format\=dwarf -dwarf-version\=5 -module-cache-path /Users/chaalpritam/Library/Developer/Xcode/DerivedData/ModuleCache.noindex -profile-generate -profile-coverage-mapping -swift-version 5 -enforce-exclusivity\=checked -Onone -D DEBUG -serialize-debugging-options -const-gather-protocols-file /Users/chaalpritam/Library/Developer/Xcode/DerivedData/type-aackdwwuwxayolgleuusgbwkkpsp/Build/Intermediates.noindex/type.build/Debug/type.build/Objects-normal/x86_64/type_const_extract_protocols.json -enable-experimental-feature DebugDescriptionMacro -enable-experimental-feature OpaqueTypeErasure -enable-bare-slash-regex -empty-abi-descriptor -validate-clang-modules-once -clang-build-session-file /Users/chaalpritam/Library/Developer/Xcode/DerivedData/ModuleCache.noindex/Session.modulevalidation -Xcc -working-directory -Xcc /Users/chaalpritam/Blockbase/type -resource-dir /Applications/Xcode.app/Contents/Developer/Toolchains/XcodeDefault.xctoolchain/usr/lib/swift -enable-anonymous-context-mangled-names -file-compilation-dir /Users/chaalpritam/Blockbase/type -Xcc -D_LIBCPP_HARDENING_MODE\=_LIBCPP_HARDENING_MODE_DEBUG -Xcc -ivfsstatcache -Xcc /Users/chaalpritam/Library/Developer/Xcode/DerivedData/SDKStatCaches.noindex/macosx15.1-24B75-26c8390a7c93c703a57fb2538426748e.sdkstatcache -Xcc -I/Users/chaalpritam/Library/Developer/Xcode/DerivedData/type-aackdwwuwxayolgleuusgbwkkpsp/Build/Intermediates.noindex/type.build/Debug/type.build/swift-overrides.hmap -Xcc -iquote -Xcc /Users/chaalpritam/Library/Developer/Xcode/DerivedData/type-aackdwwuwxayolgleuusgbwkkpsp/Build/Intermediates.noindex/type.build/Debug/type.build/type-generated-files.hmap -Xcc -I/Users/chaalpritam/Library/Developer/Xcode/DerivedData/type-aackdwwuwxayolgleuusgbwkkpsp/Build/Intermediates.noindex/type.build/Debug/type.build/type-own-target-headers.hmap -Xcc -I/Users/chaalpritam/Library/Developer/Xcode/DerivedData/type-aackdwwuwxayolgleuusgbwkkpsp/Build/Intermediates.noindex/type.build/Debug/type.build/type-all-target-headers.hmap -Xcc -iquote -Xcc /Users/chaalpritam/Library/Developer/Xcode/DerivedData/type-aackdwwuwxayolgleuusgbwkkpsp/Build/Intermediates.noindex/type.build/Debug/type.build/type-project-headers.hmap -Xcc -I/Users/chaalpritam/Library/Developer/Xcode/DerivedData/type-aackdwwuwxayolgleuusgbwkkpsp/Build/Products/Debug/include -Xcc -I/Users/chaalpritam/Library/Developer/Xcode/DerivedData/type-aackdwwuwxayolgleuusgbwkkpsp/Build/Intermediates.noindex/type.build/Debug/type.build/DerivedSources-normal/x86_64 -Xcc -I/Users/chaalpritam/Library/Developer/Xcode/DerivedData/type-aackdwwuwxayolgleuusgbwkkpsp/Build/Intermediates.noindex/type.build/Debug/type.build/DerivedSources/x86_64 -Xcc -I/Users/chaalpritam/Library/Developer/Xcode/DerivedData/type-aackdwwuwxayolgleuusgbwkkpsp/Build/Intermediates.noindex/type.build/Debug/type.build/DerivedSources -Xcc -DDEBUG\=1 -module-name type -frontend-parseable-output -disable-clang-spi -target-sdk-version 15.1 -target-sdk-name macosx15.1 -external-plugin-path /Applications/Xcode.app/Contents/Developer/Platforms/MacOSX.platform/Developer/usr/lib/swift/host/plugins\#/Applications/Xcode.app/Contents/Developer/Platforms/MacOSX.platform/Developer/usr/bin/swift-plugin-server -external-plugin-path /Applications/Xcode.app/Contents/Developer/Platforms/MacOSX.platform/Developer/usr/local/lib/swift/host/plugins\#/Applications/Xcode.app/Contents/Developer/Platforms/MacOSX.platform/Developer/usr/bin/swift-plugin-server -plugin-path /Applications/Xcode.app/Contents/Developer/Toolchains/XcodeDefault.xctoolchain/usr/lib/swift/host/plugins -plugin-path /Applications/Xcode.app/Contents/Developer/Toolchains/XcodeDefault.xctoolchain/usr/local/lib/swift/host/plugins -o /Users/chaalpritam/Library/Developer/Xcode/DerivedData/type-aackdwwuwxayolgleuusgbwkkpsp/Build/Intermediates.noindex/type.build/Debug/type.build/Objects-normal/x86_64/MinimapView.o -o /Users/chaalpritam/Library/Developer/Xcode/DerivedData/type-aackdwwuwxayolgleuusgbwkkpsp/Build/Intermediates.noindex/type.build/Debug/type.build/Objects-normal/x86_64/MultipleCursorsTextEditor.o -o /Users/chaalpritam/Library/Developer/Xcode/DerivedData/type-aackdwwuwxayolgleuusgbwkkpsp/Build/Intermediates.noindex/type.build/Debug/type.build/Objects-normal/x86_64/ScreenplayPreview.o -o /Users/chaalpritam/Library/Developer/Xcode/DerivedData/type-aackdwwuwxayolgleuusgbwkkpsp/Build/Intermediates.noindex/type.build/Debug/type.build/Objects-normal/x86_64/SmartFormattingManager.o -o /Users/chaalpritam/Library/Developer/Xcode/DerivedData/type-aackdwwuwxayolgleuusgbwkkpsp/Build/Intermediates.noindex/type.build/Debug/type.build/Objects-normal/x86_64/SpellCheckTextEditor.o -o /Users/chaalpritam/Library/Developer/Xcode/DerivedData/type-aackdwwuwxayolgleuusgbwkkpsp/Build/Intermediates.noindex/type.build/Debug/type.build/Objects-normal/x86_64/TextHistoryManager.o -index-unit-output-path /type.build/Debug/type.build/Objects-normal/x86_64/MinimapView.o -index-unit-output-path /type.build/Debug/type.build/Objects-normal/x86_64/MultipleCursorsTextEditor.o -index-unit-output-path /type.build/Debug/type.build/Objects-normal/x86_64/ScreenplayPreview.o -index-unit-output-path /type.build/Debug/type.build/Objects-normal/x86_64/SmartFormattingManager.o -index-unit-output-path /type.build/Debug/type.build/Objects-normal/x86_64/SpellCheckTextEditor.o -index-unit-output-path /type.build/Debug/type.build/Objects-normal/x86_64/TextHistoryManager.o -index-store-path /Users/chaalpritam/Library/Developer/Xcode/DerivedData/type-aackdwwuwxayolgleuusgbwkkpsp/Index.noindex/DataStore -index-system-modules

SwiftCompile normal x86_64 /Users/chaalpritam/Blockbase/type/type/Features/Editor/MultipleCursorsTextEditor.swift (in target 'type' from project 'type')
    cd /Users/chaalpritam/Blockbase/type
    /Applications/Xcode.app/Contents/Developer/Toolchains/XcodeDefault.xctoolchain/usr/bin/swift-frontend -c /Users/chaalpritam/Blockbase/type/type/Core/AppCoordinator.swift /Users/chaalpritam/Blockbase/type/type/Core/ModuleCoordinator.swift /Users/chaalpritam/Blockbase/type/type/Data/CharacterModels.swift /Users/chaalpritam/Blockbase/type/type/Data/OutlineModels.swift /Users/chaalpritam/Blockbase/type/type/Data/SceneModels.swift /Users/chaalpritam/Blockbase/type/type/Data/ScreenplayDocument.swift /Users/chaalpritam/Blockbase/type/type/Data/TimelineModels.swift /Users/chaalpritam/Blockbase/type/type/Features/Characters/CharacterCoordinator.swift /Users/chaalpritam/Blockbase/type/type/Features/Characters/CharacterDatabase.swift /Users/chaalpritam/Blockbase/type/type/Features/Characters/CharacterDetailViews.swift /Users/chaalpritam/Blockbase/type/type/Features/Characters/CharacterDetailViews2.swift /Users/chaalpritam/Blockbase/type/type/Features/Characters/CharacterEditViews.swift /Users/chaalpritam/Blockbase/type/type/Features/Characters/CharacterViews.swift /Users/chaalpritam/Blockbase/type/type/Features/Collaboration/CollaborationCoordinator.swift /Users/chaalpritam/Blockbase/type/type/Features/Collaboration/CollaborationManager.swift /Users/chaalpritam/Blockbase/type/type/Features/Collaboration/CollaborationViews.swift /Users/chaalpritam/Blockbase/type/type/Features/Editor/AdvancedEditorFeatures.swift /Users/chaalpritam/Blockbase/type/type/Features/Editor/AutoCompletionManager.swift /Users/chaalpritam/Blockbase/type/type/Features/Editor/CodeFoldingManager.swift /Users/chaalpritam/Blockbase/type/type/Features/Editor/EditorCoordinator.swift /Users/chaalpritam/Blockbase/type/type/Features/Editor/EnhancedFountainTextEditor.swift /Users/chaalpritam/Blockbase/type/type/Features/Editor/FindReplaceView.swift /Users/chaalpritam/Blockbase/type/type/Features/Editor/FountainHelpView.swift /Users/chaalpritam/Blockbase/type/type/Features/Editor/FountainParser.swift /Users/chaalpritam/Blockbase/type/type/Features/Editor/FountainSyntaxHighlighter.swift /Users/chaalpritam/Blockbase/type/type/Features/Editor/FountainTemplate.swift /Users/chaalpritam/Blockbase/type/type/Features/Editor/FountainTextEditor.swift -primary-file /Users/chaalpritam/Blockbase/type/type/Features/Editor/MinimapView.swift -primary-file /Users/chaalpritam/Blockbase/type/type/Features/Editor/MultipleCursorsTextEditor.swift -primary-file /Users/chaalpritam/Blockbase/type/type/Features/Editor/ScreenplayPreview.swift -primary-file /Users/chaalpritam/Blockbase/type/type/Features/Editor/SmartFormattingManager.swift -primary-file /Users/chaalpritam/Blockbase/type/type/Features/Editor/SpellCheckTextEditor.swift -primary-file /Users/chaalpritam/Blockbase/type/type/Features/Editor/TextHistoryManager.swift /Users/chaalpritam/Blockbase/type/type/Features/File/FileCoordinator.swift /Users/chaalpritam/Blockbase/type/type/Features/Outline/OutlineCoordinator.swift /Users/chaalpritam/Blockbase/type/type/Features/Outline/OutlineDatabase.swift /Users/chaalpritam/Blockbase/type/type/Features/Outline/OutlineDetailViews.swift /Users/chaalpritam/Blockbase/type/type/Features/Outline/OutlineViews.swift /Users/chaalpritam/Blockbase/type/type/Features/Scenes/SceneDatabase.swift /Users/chaalpritam/Blockbase/type/type/Features/Scenes/SceneDetailViews.swift /Users/chaalpritam/Blockbase/type/type/Features/Scenes/SceneViews.swift /Users/chaalpritam/Blockbase/type/type/Features/StoryProtocol/StoryProtocolCoordinator.swift /Users/chaalpritam/Blockbase/type/type/Features/StoryProtocol/StoryProtocolViews.swift /Users/chaalpritam/Blockbase/type/type/Features/Timeline/TimelineDatabase.swift /Users/chaalpritam/Blockbase/type/type/Features/Timeline/TimelineViews.swift /Users/chaalpritam/Blockbase/type/type/Features/Welcome/WelcomeView.swift /Users/chaalpritam/Blockbase/type/type/Services/DocumentService.swift /Users/chaalpritam/Blockbase/type/type/Services/FileManagementService.swift /Users/chaalpritam/Blockbase/type/type/Services/FileManager.swift /Users/chaalpritam/Blockbase/type/type/Services/SettingsService.swift /Users/chaalpritam/Blockbase/type/type/Services/StatisticsService.swift /Users/chaalpritam/Blockbase/type/type/Services/StoryProtocolService.swift /Users/chaalpritam/Blockbase/type/type/Shared/ModalLayout.swift /Users/chaalpritam/Blockbase/type/type/UI/EnhancedAppleComponents.swift /Users/chaalpritam/Blockbase/type/type/UI/ModularAppView.swift /Users/chaalpritam/Blockbase/type/type/UI/TemplateSelectorView.swift /Users/chaalpritam/Blockbase/type/type/UI/TypeStyleAppView.swift /Users/chaalpritam/Blockbase/type/type/UI/TypeStyleComponents.swift /Users/chaalpritam/Blockbase/type/type/UI/TypeStyleTheme.swift /Users/chaalpritam/Blockbase/type/type/Utils/KeyboardShortcutsManager.swift /Users/chaalpritam/Blockbase/type/type/SceneEditViews.swift /Users/chaalpritam/Blockbase/type/type/typeApp.swift /Users/chaalpritam/Library/Developer/Xcode/DerivedData/type-aackdwwuwxayolgleuusgbwkkpsp/Build/Intermediates.noindex/type.build/Debug/type.build/DerivedSources/GeneratedAssetSymbols.swift -supplementary-output-file-map /Users/chaalpritam/Library/Developer/Xcode/DerivedData/type-aackdwwuwxayolgleuusgbwkkpsp/Build/Intermediates.noindex/type.build/Debug/type.build/Objects-normal/x86_64/supplementaryOutputs-5 -emit-localized-strings -emit-localized-strings-path /Users/chaalpritam/Library/Developer/Xcode/DerivedData/type-aackdwwuwxayolgleuusgbwkkpsp/Build/Intermediates.noindex/type.build/Debug/type.build/Objects-normal/x86_64 -target x86_64-apple-macos15.0 -enable-objc-interop -stack-check -sdk /Applications/Xcode.app/Contents/Developer/Platforms/MacOSX.platform/Developer/SDKs/MacOSX15.1.sdk -I /Users/chaalpritam/Library/Developer/Xcode/DerivedData/type-aackdwwuwxayolgleuusgbwkkpsp/Build/Products/Debug -F /Users/chaalpritam/Library/Developer/Xcode/DerivedData/type-aackdwwuwxayolgleuusgbwkkpsp/Build/Products/Debug -no-color-diagnostics -enable-testing -g -debug-info-format\=dwarf -dwarf-version\=5 -module-cache-path /Users/chaalpritam/Library/Developer/Xcode/DerivedData/ModuleCache.noindex -profile-generate -profile-coverage-mapping -swift-version 5 -enforce-exclusivity\=checked -Onone -D DEBUG -serialize-debugging-options -const-gather-protocols-file /Users/chaalpritam/Library/Developer/Xcode/DerivedData/type-aackdwwuwxayolgleuusgbwkkpsp/Build/Intermediates.noindex/type.build/Debug/type.build/Objects-normal/x86_64/type_const_extract_protocols.json -enable-experimental-feature DebugDescriptionMacro -enable-experimental-feature OpaqueTypeErasure -enable-bare-slash-regex -empty-abi-descriptor -validate-clang-modules-once -clang-build-session-file /Users/chaalpritam/Library/Developer/Xcode/DerivedData/ModuleCache.noindex/Session.modulevalidation -Xcc -working-directory -Xcc /Users/chaalpritam/Blockbase/type -resource-dir /Applications/Xcode.app/Contents/Developer/Toolchains/XcodeDefault.xctoolchain/usr/lib/swift -enable-anonymous-context-mangled-names -file-compilation-dir /Users/chaalpritam/Blockbase/type -Xcc -D_LIBCPP_HARDENING_MODE\=_LIBCPP_HARDENING_MODE_DEBUG -Xcc -ivfsstatcache -Xcc /Users/chaalpritam/Library/Developer/Xcode/DerivedData/SDKStatCaches.noindex/macosx15.1-24B75-26c8390a7c93c703a57fb2538426748e.sdkstatcache -Xcc -I/Users/chaalpritam/Library/Developer/Xcode/DerivedData/type-aackdwwuwxayolgleuusgbwkkpsp/Build/Intermediates.noindex/type.build/Debug/type.build/swift-overrides.hmap -Xcc -iquote -Xcc /Users/chaalpritam/Library/Developer/Xcode/DerivedData/type-aackdwwuwxayolgleuusgbwkkpsp/Build/Intermediates.noindex/type.build/Debug/type.build/type-generated-files.hmap -Xcc -I/Users/chaalpritam/Library/Developer/Xcode/DerivedData/type-aackdwwuwxayolgleuusgbwkkpsp/Build/Intermediates.noindex/type.build/Debug/type.build/type-own-target-headers.hmap -Xcc -I/Users/chaalpritam/Library/Developer/Xcode/DerivedData/type-aackdwwuwxayolgleuusgbwkkpsp/Build/Intermediates.noindex/type.build/Debug/type.build/type-all-target-headers.hmap -Xcc -iquote -Xcc /Users/chaalpritam/Library/Developer/Xcode/DerivedData/type-aackdwwuwxayolgleuusgbwkkpsp/Build/Intermediates.noindex/type.build/Debug/type.build/type-project-headers.hmap -Xcc -I/Users/chaalpritam/Library/Developer/Xcode/DerivedData/type-aackdwwuwxayolgleuusgbwkkpsp/Build/Products/Debug/include -Xcc -I/Users/chaalpritam/Library/Developer/Xcode/DerivedData/type-aackdwwuwxayolgleuusgbwkkpsp/Build/Intermediates.noindex/type.build/Debug/type.build/DerivedSources-normal/x86_64 -Xcc -I/Users/chaalpritam/Library/Developer/Xcode/DerivedData/type-aackdwwuwxayolgleuusgbwkkpsp/Build/Intermediates.noindex/type.build/Debug/type.build/DerivedSources/x86_64 -Xcc -I/Users/chaalpritam/Library/Developer/Xcode/DerivedData/type-aackdwwuwxayolgleuusgbwkkpsp/Build/Intermediates.noindex/type.build/Debug/type.build/DerivedSources -Xcc -DDEBUG\=1 -module-name type -frontend-parseable-output -disable-clang-spi -target-sdk-version 15.1 -target-sdk-name macosx15.1 -external-plugin-path /Applications/Xcode.app/Contents/Developer/Platforms/MacOSX.platform/Developer/usr/lib/swift/host/plugins\#/Applications/Xcode.app/Contents/Developer/Platforms/MacOSX.platform/Developer/usr/bin/swift-plugin-server -external-plugin-path /Applications/Xcode.app/Contents/Developer/Platforms/MacOSX.platform/Developer/usr/local/lib/swift/host/plugins\#/Applications/Xcode.app/Contents/Developer/Platforms/MacOSX.platform/Developer/usr/bin/swift-plugin-server -plugin-path /Applications/Xcode.app/Contents/Developer/Toolchains/XcodeDefault.xctoolchain/usr/lib/swift/host/plugins -plugin-path /Applications/Xcode.app/Contents/Developer/Toolchains/XcodeDefault.xctoolchain/usr/local/lib/swift/host/plugins -o /Users/chaalpritam/Library/Developer/Xcode/DerivedData/type-aackdwwuwxayolgleuusgbwkkpsp/Build/Intermediates.noindex/type.build/Debug/type.build/Objects-normal/x86_64/MinimapView.o -o /Users/chaalpritam/Library/Developer/Xcode/DerivedData/type-aackdwwuwxayolgleuusgbwkkpsp/Build/Intermediates.noindex/type.build/Debug/type.build/Objects-normal/x86_64/MultipleCursorsTextEditor.o -o /Users/chaalpritam/Library/Developer/Xcode/DerivedData/type-aackdwwuwxayolgleuusgbwkkpsp/Build/Intermediates.noindex/type.build/Debug/type.build/Objects-normal/x86_64/ScreenplayPreview.o -o /Users/chaalpritam/Library/Developer/Xcode/DerivedData/type-aackdwwuwxayolgleuusgbwkkpsp/Build/Intermediates.noindex/type.build/Debug/type.build/Objects-normal/x86_64/SmartFormattingManager.o -o /Users/chaalpritam/Library/Developer/Xcode/DerivedData/type-aackdwwuwxayolgleuusgbwkkpsp/Build/Intermediates.noindex/type.build/Debug/type.build/Objects-normal/x86_64/SpellCheckTextEditor.o -o /Users/chaalpritam/Library/Developer/Xcode/DerivedData/type-aackdwwuwxayolgleuusgbwkkpsp/Build/Intermediates.noindex/type.build/Debug/type.build/Objects-normal/x86_64/TextHistoryManager.o -index-unit-output-path /type.build/Debug/type.build/Objects-normal/x86_64/MinimapView.o -index-unit-output-path /type.build/Debug/type.build/Objects-normal/x86_64/MultipleCursorsTextEditor.o -index-unit-output-path /type.build/Debug/type.build/Objects-normal/x86_64/ScreenplayPreview.o -index-unit-output-path /type.build/Debug/type.build/Objects-normal/x86_64/SmartFormattingManager.o -index-unit-output-path /type.build/Debug/type.build/Objects-normal/x86_64/SpellCheckTextEditor.o -index-unit-output-path /type.build/Debug/type.build/Objects-normal/x86_64/TextHistoryManager.o -index-store-path /Users/chaalpritam/Library/Developer/Xcode/DerivedData/type-aackdwwuwxayolgleuusgbwkkpsp/Index.noindex/DataStore -index-system-modules

SwiftCompile normal x86_64 /Users/chaalpritam/Blockbase/type/type/Features/Editor/ScreenplayPreview.swift (in target 'type' from project 'type')
    cd /Users/chaalpritam/Blockbase/type
    /Applications/Xcode.app/Contents/Developer/Toolchains/XcodeDefault.xctoolchain/usr/bin/swift-frontend -c /Users/chaalpritam/Blockbase/type/type/Core/AppCoordinator.swift /Users/chaalpritam/Blockbase/type/type/Core/ModuleCoordinator.swift /Users/chaalpritam/Blockbase/type/type/Data/CharacterModels.swift /Users/chaalpritam/Blockbase/type/type/Data/OutlineModels.swift /Users/chaalpritam/Blockbase/type/type/Data/SceneModels.swift /Users/chaalpritam/Blockbase/type/type/Data/ScreenplayDocument.swift /Users/chaalpritam/Blockbase/type/type/Data/TimelineModels.swift /Users/chaalpritam/Blockbase/type/type/Features/Characters/CharacterCoordinator.swift /Users/chaalpritam/Blockbase/type/type/Features/Characters/CharacterDatabase.swift /Users/chaalpritam/Blockbase/type/type/Features/Characters/CharacterDetailViews.swift /Users/chaalpritam/Blockbase/type/type/Features/Characters/CharacterDetailViews2.swift /Users/chaalpritam/Blockbase/type/type/Features/Characters/CharacterEditViews.swift /Users/chaalpritam/Blockbase/type/type/Features/Characters/CharacterViews.swift /Users/chaalpritam/Blockbase/type/type/Features/Collaboration/CollaborationCoordinator.swift /Users/chaalpritam/Blockbase/type/type/Features/Collaboration/CollaborationManager.swift /Users/chaalpritam/Blockbase/type/type/Features/Collaboration/CollaborationViews.swift /Users/chaalpritam/Blockbase/type/type/Features/Editor/AdvancedEditorFeatures.swift /Users/chaalpritam/Blockbase/type/type/Features/Editor/AutoCompletionManager.swift /Users/chaalpritam/Blockbase/type/type/Features/Editor/CodeFoldingManager.swift /Users/chaalpritam/Blockbase/type/type/Features/Editor/EditorCoordinator.swift /Users/chaalpritam/Blockbase/type/type/Features/Editor/EnhancedFountainTextEditor.swift /Users/chaalpritam/Blockbase/type/type/Features/Editor/FindReplaceView.swift /Users/chaalpritam/Blockbase/type/type/Features/Editor/FountainHelpView.swift /Users/chaalpritam/Blockbase/type/type/Features/Editor/FountainParser.swift /Users/chaalpritam/Blockbase/type/type/Features/Editor/FountainSyntaxHighlighter.swift /Users/chaalpritam/Blockbase/type/type/Features/Editor/FountainTemplate.swift /Users/chaalpritam/Blockbase/type/type/Features/Editor/FountainTextEditor.swift -primary-file /Users/chaalpritam/Blockbase/type/type/Features/Editor/MinimapView.swift -primary-file /Users/chaalpritam/Blockbase/type/type/Features/Editor/MultipleCursorsTextEditor.swift -primary-file /Users/chaalpritam/Blockbase/type/type/Features/Editor/ScreenplayPreview.swift -primary-file /Users/chaalpritam/Blockbase/type/type/Features/Editor/SmartFormattingManager.swift -primary-file /Users/chaalpritam/Blockbase/type/type/Features/Editor/SpellCheckTextEditor.swift -primary-file /Users/chaalpritam/Blockbase/type/type/Features/Editor/TextHistoryManager.swift /Users/chaalpritam/Blockbase/type/type/Features/File/FileCoordinator.swift /Users/chaalpritam/Blockbase/type/type/Features/Outline/OutlineCoordinator.swift /Users/chaalpritam/Blockbase/type/type/Features/Outline/OutlineDatabase.swift /Users/chaalpritam/Blockbase/type/type/Features/Outline/OutlineDetailViews.swift /Users/chaalpritam/Blockbase/type/type/Features/Outline/OutlineViews.swift /Users/chaalpritam/Blockbase/type/type/Features/Scenes/SceneDatabase.swift /Users/chaalpritam/Blockbase/type/type/Features/Scenes/SceneDetailViews.swift /Users/chaalpritam/Blockbase/type/type/Features/Scenes/SceneViews.swift /Users/chaalpritam/Blockbase/type/type/Features/StoryProtocol/StoryProtocolCoordinator.swift /Users/chaalpritam/Blockbase/type/type/Features/StoryProtocol/StoryProtocolViews.swift /Users/chaalpritam/Blockbase/type/type/Features/Timeline/TimelineDatabase.swift /Users/chaalpritam/Blockbase/type/type/Features/Timeline/TimelineViews.swift /Users/chaalpritam/Blockbase/type/type/Features/Welcome/WelcomeView.swift /Users/chaalpritam/Blockbase/type/type/Services/DocumentService.swift /Users/chaalpritam/Blockbase/type/type/Services/FileManagementService.swift /Users/chaalpritam/Blockbase/type/type/Services/FileManager.swift /Users/chaalpritam/Blockbase/type/type/Services/SettingsService.swift /Users/chaalpritam/Blockbase/type/type/Services/StatisticsService.swift /Users/chaalpritam/Blockbase/type/type/Services/StoryProtocolService.swift /Users/chaalpritam/Blockbase/type/type/Shared/ModalLayout.swift /Users/chaalpritam/Blockbase/type/type/UI/EnhancedAppleComponents.swift /Users/chaalpritam/Blockbase/type/type/UI/ModularAppView.swift /Users/chaalpritam/Blockbase/type/type/UI/TemplateSelectorView.swift /Users/chaalpritam/Blockbase/type/type/UI/TypeStyleAppView.swift /Users/chaalpritam/Blockbase/type/type/UI/TypeStyleComponents.swift /Users/chaalpritam/Blockbase/type/type/UI/TypeStyleTheme.swift /Users/chaalpritam/Blockbase/type/type/Utils/KeyboardShortcutsManager.swift /Users/chaalpritam/Blockbase/type/type/SceneEditViews.swift /Users/chaalpritam/Blockbase/type/type/typeApp.swift /Users/chaalpritam/Library/Developer/Xcode/DerivedData/type-aackdwwuwxayolgleuusgbwkkpsp/Build/Intermediates.noindex/type.build/Debug/type.build/DerivedSources/GeneratedAssetSymbols.swift -supplementary-output-file-map /Users/chaalpritam/Library/Developer/Xcode/DerivedData/type-aackdwwuwxayolgleuusgbwkkpsp/Build/Intermediates.noindex/type.build/Debug/type.build/Objects-normal/x86_64/supplementaryOutputs-5 -emit-localized-strings -emit-localized-strings-path /Users/chaalpritam/Library/Developer/Xcode/DerivedData/type-aackdwwuwxayolgleuusgbwkkpsp/Build/Intermediates.noindex/type.build/Debug/type.build/Objects-normal/x86_64 -target x86_64-apple-macos15.0 -enable-objc-interop -stack-check -sdk /Applications/Xcode.app/Contents/Developer/Platforms/MacOSX.platform/Developer/SDKs/MacOSX15.1.sdk -I /Users/chaalpritam/Library/Developer/Xcode/DerivedData/type-aackdwwuwxayolgleuusgbwkkpsp/Build/Products/Debug -F /Users/chaalpritam/Library/Developer/Xcode/DerivedData/type-aackdwwuwxayolgleuusgbwkkpsp/Build/Products/Debug -no-color-diagnostics -enable-testing -g -debug-info-format\=dwarf -dwarf-version\=5 -module-cache-path /Users/chaalpritam/Library/Developer/Xcode/DerivedData/ModuleCache.noindex -profile-generate -profile-coverage-mapping -swift-version 5 -enforce-exclusivity\=checked -Onone -D DEBUG -serialize-debugging-options -const-gather-protocols-file /Users/chaalpritam/Library/Developer/Xcode/DerivedData/type-aackdwwuwxayolgleuusgbwkkpsp/Build/Intermediates.noindex/type.build/Debug/type.build/Objects-normal/x86_64/type_const_extract_protocols.json -enable-experimental-feature DebugDescriptionMacro -enable-experimental-feature OpaqueTypeErasure -enable-bare-slash-regex -empty-abi-descriptor -validate-clang-modules-once -clang-build-session-file /Users/chaalpritam/Library/Developer/Xcode/DerivedData/ModuleCache.noindex/Session.modulevalidation -Xcc -working-directory -Xcc /Users/chaalpritam/Blockbase/type -resource-dir /Applications/Xcode.app/Contents/Developer/Toolchains/XcodeDefault.xctoolchain/usr/lib/swift -enable-anonymous-context-mangled-names -file-compilation-dir /Users/chaalpritam/Blockbase/type -Xcc -D_LIBCPP_HARDENING_MODE\=_LIBCPP_HARDENING_MODE_DEBUG -Xcc -ivfsstatcache -Xcc /Users/chaalpritam/Library/Developer/Xcode/DerivedData/SDKStatCaches.noindex/macosx15.1-24B75-26c8390a7c93c703a57fb2538426748e.sdkstatcache -Xcc -I/Users/chaalpritam/Library/Developer/Xcode/DerivedData/type-aackdwwuwxayolgleuusgbwkkpsp/Build/Intermediates.noindex/type.build/Debug/type.build/swift-overrides.hmap -Xcc -iquote -Xcc /Users/chaalpritam/Library/Developer/Xcode/DerivedData/type-aackdwwuwxayolgleuusgbwkkpsp/Build/Intermediates.noindex/type.build/Debug/type.build/type-generated-files.hmap -Xcc -I/Users/chaalpritam/Library/Developer/Xcode/DerivedData/type-aackdwwuwxayolgleuusgbwkkpsp/Build/Intermediates.noindex/type.build/Debug/type.build/type-own-target-headers.hmap -Xcc -I/Users/chaalpritam/Library/Developer/Xcode/DerivedData/type-aackdwwuwxayolgleuusgbwkkpsp/Build/Intermediates.noindex/type.build/Debug/type.build/type-all-target-headers.hmap -Xcc -iquote -Xcc /Users/chaalpritam/Library/Developer/Xcode/DerivedData/type-aackdwwuwxayolgleuusgbwkkpsp/Build/Intermediates.noindex/type.build/Debug/type.build/type-project-headers.hmap -Xcc -I/Users/chaalpritam/Library/Developer/Xcode/DerivedData/type-aackdwwuwxayolgleuusgbwkkpsp/Build/Products/Debug/include -Xcc -I/Users/chaalpritam/Library/Developer/Xcode/DerivedData/type-aackdwwuwxayolgleuusgbwkkpsp/Build/Intermediates.noindex/type.build/Debug/type.build/DerivedSources-normal/x86_64 -Xcc -I/Users/chaalpritam/Library/Developer/Xcode/DerivedData/type-aackdwwuwxayolgleuusgbwkkpsp/Build/Intermediates.noindex/type.build/Debug/type.build/DerivedSources/x86_64 -Xcc -I/Users/chaalpritam/Library/Developer/Xcode/DerivedData/type-aackdwwuwxayolgleuusgbwkkpsp/Build/Intermediates.noindex/type.build/Debug/type.build/DerivedSources -Xcc -DDEBUG\=1 -module-name type -frontend-parseable-output -disable-clang-spi -target-sdk-version 15.1 -target-sdk-name macosx15.1 -external-plugin-path /Applications/Xcode.app/Contents/Developer/Platforms/MacOSX.platform/Developer/usr/lib/swift/host/plugins\#/Applications/Xcode.app/Contents/Developer/Platforms/MacOSX.platform/Developer/usr/bin/swift-plugin-server -external-plugin-path /Applications/Xcode.app/Contents/Developer/Platforms/MacOSX.platform/Developer/usr/local/lib/swift/host/plugins\#/Applications/Xcode.app/Contents/Developer/Platforms/MacOSX.platform/Developer/usr/bin/swift-plugin-server -plugin-path /Applications/Xcode.app/Contents/Developer/Toolchains/XcodeDefault.xctoolchain/usr/lib/swift/host/plugins -plugin-path /Applications/Xcode.app/Contents/Developer/Toolchains/XcodeDefault.xctoolchain/usr/local/lib/swift/host/plugins -o /Users/chaalpritam/Library/Developer/Xcode/DerivedData/type-aackdwwuwxayolgleuusgbwkkpsp/Build/Intermediates.noindex/type.build/Debug/type.build/Objects-normal/x86_64/MinimapView.o -o /Users/chaalpritam/Library/Developer/Xcode/DerivedData/type-aackdwwuwxayolgleuusgbwkkpsp/Build/Intermediates.noindex/type.build/Debug/type.build/Objects-normal/x86_64/MultipleCursorsTextEditor.o -o /Users/chaalpritam/Library/Developer/Xcode/DerivedData/type-aackdwwuwxayolgleuusgbwkkpsp/Build/Intermediates.noindex/type.build/Debug/type.build/Objects-normal/x86_64/ScreenplayPreview.o -o /Users/chaalpritam/Library/Developer/Xcode/DerivedData/type-aackdwwuwxayolgleuusgbwkkpsp/Build/Intermediates.noindex/type.build/Debug/type.build/Objects-normal/x86_64/SmartFormattingManager.o -o /Users/chaalpritam/Library/Developer/Xcode/DerivedData/type-aackdwwuwxayolgleuusgbwkkpsp/Build/Intermediates.noindex/type.build/Debug/type.build/Objects-normal/x86_64/SpellCheckTextEditor.o -o /Users/chaalpritam/Library/Developer/Xcode/DerivedData/type-aackdwwuwxayolgleuusgbwkkpsp/Build/Intermediates.noindex/type.build/Debug/type.build/Objects-normal/x86_64/TextHistoryManager.o -index-unit-output-path /type.build/Debug/type.build/Objects-normal/x86_64/MinimapView.o -index-unit-output-path /type.build/Debug/type.build/Objects-normal/x86_64/MultipleCursorsTextEditor.o -index-unit-output-path /type.build/Debug/type.build/Objects-normal/x86_64/ScreenplayPreview.o -index-unit-output-path /type.build/Debug/type.build/Objects-normal/x86_64/SmartFormattingManager.o -index-unit-output-path /type.build/Debug/type.build/Objects-normal/x86_64/SpellCheckTextEditor.o -index-unit-output-path /type.build/Debug/type.build/Objects-normal/x86_64/TextHistoryManager.o -index-store-path /Users/chaalpritam/Library/Developer/Xcode/DerivedData/type-aackdwwuwxayolgleuusgbwkkpsp/Index.noindex/DataStore -index-system-modules

SwiftCompile normal x86_64 /Users/chaalpritam/Blockbase/type/type/Features/Editor/SmartFormattingManager.swift (in target 'type' from project 'type')
    cd /Users/chaalpritam/Blockbase/type
    /Applications/Xcode.app/Contents/Developer/Toolchains/XcodeDefault.xctoolchain/usr/bin/swift-frontend -c /Users/chaalpritam/Blockbase/type/type/Core/AppCoordinator.swift /Users/chaalpritam/Blockbase/type/type/Core/ModuleCoordinator.swift /Users/chaalpritam/Blockbase/type/type/Data/CharacterModels.swift /Users/chaalpritam/Blockbase/type/type/Data/OutlineModels.swift /Users/chaalpritam/Blockbase/type/type/Data/SceneModels.swift /Users/chaalpritam/Blockbase/type/type/Data/ScreenplayDocument.swift /Users/chaalpritam/Blockbase/type/type/Data/TimelineModels.swift /Users/chaalpritam/Blockbase/type/type/Features/Characters/CharacterCoordinator.swift /Users/chaalpritam/Blockbase/type/type/Features/Characters/CharacterDatabase.swift /Users/chaalpritam/Blockbase/type/type/Features/Characters/CharacterDetailViews.swift /Users/chaalpritam/Blockbase/type/type/Features/Characters/CharacterDetailViews2.swift /Users/chaalpritam/Blockbase/type/type/Features/Characters/CharacterEditViews.swift /Users/chaalpritam/Blockbase/type/type/Features/Characters/CharacterViews.swift /Users/chaalpritam/Blockbase/type/type/Features/Collaboration/CollaborationCoordinator.swift /Users/chaalpritam/Blockbase/type/type/Features/Collaboration/CollaborationManager.swift /Users/chaalpritam/Blockbase/type/type/Features/Collaboration/CollaborationViews.swift /Users/chaalpritam/Blockbase/type/type/Features/Editor/AdvancedEditorFeatures.swift /Users/chaalpritam/Blockbase/type/type/Features/Editor/AutoCompletionManager.swift /Users/chaalpritam/Blockbase/type/type/Features/Editor/CodeFoldingManager.swift /Users/chaalpritam/Blockbase/type/type/Features/Editor/EditorCoordinator.swift /Users/chaalpritam/Blockbase/type/type/Features/Editor/EnhancedFountainTextEditor.swift /Users/chaalpritam/Blockbase/type/type/Features/Editor/FindReplaceView.swift /Users/chaalpritam/Blockbase/type/type/Features/Editor/FountainHelpView.swift /Users/chaalpritam/Blockbase/type/type/Features/Editor/FountainParser.swift /Users/chaalpritam/Blockbase/type/type/Features/Editor/FountainSyntaxHighlighter.swift /Users/chaalpritam/Blockbase/type/type/Features/Editor/FountainTemplate.swift /Users/chaalpritam/Blockbase/type/type/Features/Editor/FountainTextEditor.swift -primary-file /Users/chaalpritam/Blockbase/type/type/Features/Editor/MinimapView.swift -primary-file /Users/chaalpritam/Blockbase/type/type/Features/Editor/MultipleCursorsTextEditor.swift -primary-file /Users/chaalpritam/Blockbase/type/type/Features/Editor/ScreenplayPreview.swift -primary-file /Users/chaalpritam/Blockbase/type/type/Features/Editor/SmartFormattingManager.swift -primary-file /Users/chaalpritam/Blockbase/type/type/Features/Editor/SpellCheckTextEditor.swift -primary-file /Users/chaalpritam/Blockbase/type/type/Features/Editor/TextHistoryManager.swift /Users/chaalpritam/Blockbase/type/type/Features/File/FileCoordinator.swift /Users/chaalpritam/Blockbase/type/type/Features/Outline/OutlineCoordinator.swift /Users/chaalpritam/Blockbase/type/type/Features/Outline/OutlineDatabase.swift /Users/chaalpritam/Blockbase/type/type/Features/Outline/OutlineDetailViews.swift /Users/chaalpritam/Blockbase/type/type/Features/Outline/OutlineViews.swift /Users/chaalpritam/Blockbase/type/type/Features/Scenes/SceneDatabase.swift /Users/chaalpritam/Blockbase/type/type/Features/Scenes/SceneDetailViews.swift /Users/chaalpritam/Blockbase/type/type/Features/Scenes/SceneViews.swift /Users/chaalpritam/Blockbase/type/type/Features/StoryProtocol/StoryProtocolCoordinator.swift /Users/chaalpritam/Blockbase/type/type/Features/StoryProtocol/StoryProtocolViews.swift /Users/chaalpritam/Blockbase/type/type/Features/Timeline/TimelineDatabase.swift /Users/chaalpritam/Blockbase/type/type/Features/Timeline/TimelineViews.swift /Users/chaalpritam/Blockbase/type/type/Features/Welcome/WelcomeView.swift /Users/chaalpritam/Blockbase/type/type/Services/DocumentService.swift /Users/chaalpritam/Blockbase/type/type/Services/FileManagementService.swift /Users/chaalpritam/Blockbase/type/type/Services/FileManager.swift /Users/chaalpritam/Blockbase/type/type/Services/SettingsService.swift /Users/chaalpritam/Blockbase/type/type/Services/StatisticsService.swift /Users/chaalpritam/Blockbase/type/type/Services/StoryProtocolService.swift /Users/chaalpritam/Blockbase/type/type/Shared/ModalLayout.swift /Users/chaalpritam/Blockbase/type/type/UI/EnhancedAppleComponents.swift /Users/chaalpritam/Blockbase/type/type/UI/ModularAppView.swift /Users/chaalpritam/Blockbase/type/type/UI/TemplateSelectorView.swift /Users/chaalpritam/Blockbase/type/type/UI/TypeStyleAppView.swift /Users/chaalpritam/Blockbase/type/type/UI/TypeStyleComponents.swift /Users/chaalpritam/Blockbase/type/type/UI/TypeStyleTheme.swift /Users/chaalpritam/Blockbase/type/type/Utils/KeyboardShortcutsManager.swift /Users/chaalpritam/Blockbase/type/type/SceneEditViews.swift /Users/chaalpritam/Blockbase/type/type/typeApp.swift /Users/chaalpritam/Library/Developer/Xcode/DerivedData/type-aackdwwuwxayolgleuusgbwkkpsp/Build/Intermediates.noindex/type.build/Debug/type.build/DerivedSources/GeneratedAssetSymbols.swift -supplementary-output-file-map /Users/chaalpritam/Library/Developer/Xcode/DerivedData/type-aackdwwuwxayolgleuusgbwkkpsp/Build/Intermediates.noindex/type.build/Debug/type.build/Objects-normal/x86_64/supplementaryOutputs-5 -emit-localized-strings -emit-localized-strings-path /Users/chaalpritam/Library/Developer/Xcode/DerivedData/type-aackdwwuwxayolgleuusgbwkkpsp/Build/Intermediates.noindex/type.build/Debug/type.build/Objects-normal/x86_64 -target x86_64-apple-macos15.0 -enable-objc-interop -stack-check -sdk /Applications/Xcode.app/Contents/Developer/Platforms/MacOSX.platform/Developer/SDKs/MacOSX15.1.sdk -I /Users/chaalpritam/Library/Developer/Xcode/DerivedData/type-aackdwwuwxayolgleuusgbwkkpsp/Build/Products/Debug -F /Users/chaalpritam/Library/Developer/Xcode/DerivedData/type-aackdwwuwxayolgleuusgbwkkpsp/Build/Products/Debug -no-color-diagnostics -enable-testing -g -debug-info-format\=dwarf -dwarf-version\=5 -module-cache-path /Users/chaalpritam/Library/Developer/Xcode/DerivedData/ModuleCache.noindex -profile-generate -profile-coverage-mapping -swift-version 5 -enforce-exclusivity\=checked -Onone -D DEBUG -serialize-debugging-options -const-gather-protocols-file /Users/chaalpritam/Library/Developer/Xcode/DerivedData/type-aackdwwuwxayolgleuusgbwkkpsp/Build/Intermediates.noindex/type.build/Debug/type.build/Objects-normal/x86_64/type_const_extract_protocols.json -enable-experimental-feature DebugDescriptionMacro -enable-experimental-feature OpaqueTypeErasure -enable-bare-slash-regex -empty-abi-descriptor -validate-clang-modules-once -clang-build-session-file /Users/chaalpritam/Library/Developer/Xcode/DerivedData/ModuleCache.noindex/Session.modulevalidation -Xcc -working-directory -Xcc /Users/chaalpritam/Blockbase/type -resource-dir /Applications/Xcode.app/Contents/Developer/Toolchains/XcodeDefault.xctoolchain/usr/lib/swift -enable-anonymous-context-mangled-names -file-compilation-dir /Users/chaalpritam/Blockbase/type -Xcc -D_LIBCPP_HARDENING_MODE\=_LIBCPP_HARDENING_MODE_DEBUG -Xcc -ivfsstatcache -Xcc /Users/chaalpritam/Library/Developer/Xcode/DerivedData/SDKStatCaches.noindex/macosx15.1-24B75-26c8390a7c93c703a57fb2538426748e.sdkstatcache -Xcc -I/Users/chaalpritam/Library/Developer/Xcode/DerivedData/type-aackdwwuwxayolgleuusgbwkkpsp/Build/Intermediates.noindex/type.build/Debug/type.build/swift-overrides.hmap -Xcc -iquote -Xcc /Users/chaalpritam/Library/Developer/Xcode/DerivedData/type-aackdwwuwxayolgleuusgbwkkpsp/Build/Intermediates.noindex/type.build/Debug/type.build/type-generated-files.hmap -Xcc -I/Users/chaalpritam/Library/Developer/Xcode/DerivedData/type-aackdwwuwxayolgleuusgbwkkpsp/Build/Intermediates.noindex/type.build/Debug/type.build/type-own-target-headers.hmap -Xcc -I/Users/chaalpritam/Library/Developer/Xcode/DerivedData/type-aackdwwuwxayolgleuusgbwkkpsp/Build/Intermediates.noindex/type.build/Debug/type.build/type-all-target-headers.hmap -Xcc -iquote -Xcc /Users/chaalpritam/Library/Developer/Xcode/DerivedData/type-aackdwwuwxayolgleuusgbwkkpsp/Build/Intermediates.noindex/type.build/Debug/type.build/type-project-headers.hmap -Xcc -I/Users/chaalpritam/Library/Developer/Xcode/DerivedData/type-aackdwwuwxayolgleuusgbwkkpsp/Build/Products/Debug/include -Xcc -I/Users/chaalpritam/Library/Developer/Xcode/DerivedData/type-aackdwwuwxayolgleuusgbwkkpsp/Build/Intermediates.noindex/type.build/Debug/type.build/DerivedSources-normal/x86_64 -Xcc -I/Users/chaalpritam/Library/Developer/Xcode/DerivedData/type-aackdwwuwxayolgleuusgbwkkpsp/Build/Intermediates.noindex/type.build/Debug/type.build/DerivedSources/x86_64 -Xcc -I/Users/chaalpritam/Library/Developer/Xcode/DerivedData/type-aackdwwuwxayolgleuusgbwkkpsp/Build/Intermediates.noindex/type.build/Debug/type.build/DerivedSources -Xcc -DDEBUG\=1 -module-name type -frontend-parseable-output -disable-clang-spi -target-sdk-version 15.1 -target-sdk-name macosx15.1 -external-plugin-path /Applications/Xcode.app/Contents/Developer/Platforms/MacOSX.platform/Developer/usr/lib/swift/host/plugins\#/Applications/Xcode.app/Contents/Developer/Platforms/MacOSX.platform/Developer/usr/bin/swift-plugin-server -external-plugin-path /Applications/Xcode.app/Contents/Developer/Platforms/MacOSX.platform/Developer/usr/local/lib/swift/host/plugins\#/Applications/Xcode.app/Contents/Developer/Platforms/MacOSX.platform/Developer/usr/bin/swift-plugin-server -plugin-path /Applications/Xcode.app/Contents/Developer/Toolchains/XcodeDefault.xctoolchain/usr/lib/swift/host/plugins -plugin-path /Applications/Xcode.app/Contents/Developer/Toolchains/XcodeDefault.xctoolchain/usr/local/lib/swift/host/plugins -o /Users/chaalpritam/Library/Developer/Xcode/DerivedData/type-aackdwwuwxayolgleuusgbwkkpsp/Build/Intermediates.noindex/type.build/Debug/type.build/Objects-normal/x86_64/MinimapView.o -o /Users/chaalpritam/Library/Developer/Xcode/DerivedData/type-aackdwwuwxayolgleuusgbwkkpsp/Build/Intermediates.noindex/type.build/Debug/type.build/Objects-normal/x86_64/MultipleCursorsTextEditor.o -o /Users/chaalpritam/Library/Developer/Xcode/DerivedData/type-aackdwwuwxayolgleuusgbwkkpsp/Build/Intermediates.noindex/type.build/Debug/type.build/Objects-normal/x86_64/ScreenplayPreview.o -o /Users/chaalpritam/Library/Developer/Xcode/DerivedData/type-aackdwwuwxayolgleuusgbwkkpsp/Build/Intermediates.noindex/type.build/Debug/type.build/Objects-normal/x86_64/SmartFormattingManager.o -o /Users/chaalpritam/Library/Developer/Xcode/DerivedData/type-aackdwwuwxayolgleuusgbwkkpsp/Build/Intermediates.noindex/type.build/Debug/type.build/Objects-normal/x86_64/SpellCheckTextEditor.o -o /Users/chaalpritam/Library/Developer/Xcode/DerivedData/type-aackdwwuwxayolgleuusgbwkkpsp/Build/Intermediates.noindex/type.build/Debug/type.build/Objects-normal/x86_64/TextHistoryManager.o -index-unit-output-path /type.build/Debug/type.build/Objects-normal/x86_64/MinimapView.o -index-unit-output-path /type.build/Debug/type.build/Objects-normal/x86_64/MultipleCursorsTextEditor.o -index-unit-output-path /type.build/Debug/type.build/Objects-normal/x86_64/ScreenplayPreview.o -index-unit-output-path /type.build/Debug/type.build/Objects-normal/x86_64/SmartFormattingManager.o -index-unit-output-path /type.build/Debug/type.build/Objects-normal/x86_64/SpellCheckTextEditor.o -index-unit-output-path /type.build/Debug/type.build/Objects-normal/x86_64/TextHistoryManager.o -index-store-path /Users/chaalpritam/Library/Developer/Xcode/DerivedData/type-aackdwwuwxayolgleuusgbwkkpsp/Index.noindex/DataStore -index-system-modules

SwiftCompile normal x86_64 /Users/chaalpritam/Blockbase/type/type/Features/Editor/SpellCheckTextEditor.swift (in target 'type' from project 'type')
    cd /Users/chaalpritam/Blockbase/type
    /Applications/Xcode.app/Contents/Developer/Toolchains/XcodeDefault.xctoolchain/usr/bin/swift-frontend -c /Users/chaalpritam/Blockbase/type/type/Core/AppCoordinator.swift /Users/chaalpritam/Blockbase/type/type/Core/ModuleCoordinator.swift /Users/chaalpritam/Blockbase/type/type/Data/CharacterModels.swift /Users/chaalpritam/Blockbase/type/type/Data/OutlineModels.swift /Users/chaalpritam/Blockbase/type/type/Data/SceneModels.swift /Users/chaalpritam/Blockbase/type/type/Data/ScreenplayDocument.swift /Users/chaalpritam/Blockbase/type/type/Data/TimelineModels.swift /Users/chaalpritam/Blockbase/type/type/Features/Characters/CharacterCoordinator.swift /Users/chaalpritam/Blockbase/type/type/Features/Characters/CharacterDatabase.swift /Users/chaalpritam/Blockbase/type/type/Features/Characters/CharacterDetailViews.swift /Users/chaalpritam/Blockbase/type/type/Features/Characters/CharacterDetailViews2.swift /Users/chaalpritam/Blockbase/type/type/Features/Characters/CharacterEditViews.swift /Users/chaalpritam/Blockbase/type/type/Features/Characters/CharacterViews.swift /Users/chaalpritam/Blockbase/type/type/Features/Collaboration/CollaborationCoordinator.swift /Users/chaalpritam/Blockbase/type/type/Features/Collaboration/CollaborationManager.swift /Users/chaalpritam/Blockbase/type/type/Features/Collaboration/CollaborationViews.swift /Users/chaalpritam/Blockbase/type/type/Features/Editor/AdvancedEditorFeatures.swift /Users/chaalpritam/Blockbase/type/type/Features/Editor/AutoCompletionManager.swift /Users/chaalpritam/Blockbase/type/type/Features/Editor/CodeFoldingManager.swift /Users/chaalpritam/Blockbase/type/type/Features/Editor/EditorCoordinator.swift /Users/chaalpritam/Blockbase/type/type/Features/Editor/EnhancedFountainTextEditor.swift /Users/chaalpritam/Blockbase/type/type/Features/Editor/FindReplaceView.swift /Users/chaalpritam/Blockbase/type/type/Features/Editor/FountainHelpView.swift /Users/chaalpritam/Blockbase/type/type/Features/Editor/FountainParser.swift /Users/chaalpritam/Blockbase/type/type/Features/Editor/FountainSyntaxHighlighter.swift /Users/chaalpritam/Blockbase/type/type/Features/Editor/FountainTemplate.swift /Users/chaalpritam/Blockbase/type/type/Features/Editor/FountainTextEditor.swift -primary-file /Users/chaalpritam/Blockbase/type/type/Features/Editor/MinimapView.swift -primary-file /Users/chaalpritam/Blockbase/type/type/Features/Editor/MultipleCursorsTextEditor.swift -primary-file /Users/chaalpritam/Blockbase/type/type/Features/Editor/ScreenplayPreview.swift -primary-file /Users/chaalpritam/Blockbase/type/type/Features/Editor/SmartFormattingManager.swift -primary-file /Users/chaalpritam/Blockbase/type/type/Features/Editor/SpellCheckTextEditor.swift -primary-file /Users/chaalpritam/Blockbase/type/type/Features/Editor/TextHistoryManager.swift /Users/chaalpritam/Blockbase/type/type/Features/File/FileCoordinator.swift /Users/chaalpritam/Blockbase/type/type/Features/Outline/OutlineCoordinator.swift /Users/chaalpritam/Blockbase/type/type/Features/Outline/OutlineDatabase.swift /Users/chaalpritam/Blockbase/type/type/Features/Outline/OutlineDetailViews.swift /Users/chaalpritam/Blockbase/type/type/Features/Outline/OutlineViews.swift /Users/chaalpritam/Blockbase/type/type/Features/Scenes/SceneDatabase.swift /Users/chaalpritam/Blockbase/type/type/Features/Scenes/SceneDetailViews.swift /Users/chaalpritam/Blockbase/type/type/Features/Scenes/SceneViews.swift /Users/chaalpritam/Blockbase/type/type/Features/StoryProtocol/StoryProtocolCoordinator.swift /Users/chaalpritam/Blockbase/type/type/Features/StoryProtocol/StoryProtocolViews.swift /Users/chaalpritam/Blockbase/type/type/Features/Timeline/TimelineDatabase.swift /Users/chaalpritam/Blockbase/type/type/Features/Timeline/TimelineViews.swift /Users/chaalpritam/Blockbase/type/type/Features/Welcome/WelcomeView.swift /Users/chaalpritam/Blockbase/type/type/Services/DocumentService.swift /Users/chaalpritam/Blockbase/type/type/Services/FileManagementService.swift /Users/chaalpritam/Blockbase/type/type/Services/FileManager.swift /Users/chaalpritam/Blockbase/type/type/Services/SettingsService.swift /Users/chaalpritam/Blockbase/type/type/Services/StatisticsService.swift /Users/chaalpritam/Blockbase/type/type/Services/StoryProtocolService.swift /Users/chaalpritam/Blockbase/type/type/Shared/ModalLayout.swift /Users/chaalpritam/Blockbase/type/type/UI/EnhancedAppleComponents.swift /Users/chaalpritam/Blockbase/type/type/UI/ModularAppView.swift /Users/chaalpritam/Blockbase/type/type/UI/TemplateSelectorView.swift /Users/chaalpritam/Blockbase/type/type/UI/TypeStyleAppView.swift /Users/chaalpritam/Blockbase/type/type/UI/TypeStyleComponents.swift /Users/chaalpritam/Blockbase/type/type/UI/TypeStyleTheme.swift /Users/chaalpritam/Blockbase/type/type/Utils/KeyboardShortcutsManager.swift /Users/chaalpritam/Blockbase/type/type/SceneEditViews.swift /Users/chaalpritam/Blockbase/type/type/typeApp.swift /Users/chaalpritam/Library/Developer/Xcode/DerivedData/type-aackdwwuwxayolgleuusgbwkkpsp/Build/Intermediates.noindex/type.build/Debug/type.build/DerivedSources/GeneratedAssetSymbols.swift -supplementary-output-file-map /Users/chaalpritam/Library/Developer/Xcode/DerivedData/type-aackdwwuwxayolgleuusgbwkkpsp/Build/Intermediates.noindex/type.build/Debug/type.build/Objects-normal/x86_64/supplementaryOutputs-5 -emit-localized-strings -emit-localized-strings-path /Users/chaalpritam/Library/Developer/Xcode/DerivedData/type-aackdwwuwxayolgleuusgbwkkpsp/Build/Intermediates.noindex/type.build/Debug/type.build/Objects-normal/x86_64 -target x86_64-apple-macos15.0 -enable-objc-interop -stack-check -sdk /Applications/Xcode.app/Contents/Developer/Platforms/MacOSX.platform/Developer/SDKs/MacOSX15.1.sdk -I /Users/chaalpritam/Library/Developer/Xcode/DerivedData/type-aackdwwuwxayolgleuusgbwkkpsp/Build/Products/Debug -F /Users/chaalpritam/Library/Developer/Xcode/DerivedData/type-aackdwwuwxayolgleuusgbwkkpsp/Build/Products/Debug -no-color-diagnostics -enable-testing -g -debug-info-format\=dwarf -dwarf-version\=5 -module-cache-path /Users/chaalpritam/Library/Developer/Xcode/DerivedData/ModuleCache.noindex -profile-generate -profile-coverage-mapping -swift-version 5 -enforce-exclusivity\=checked -Onone -D DEBUG -serialize-debugging-options -const-gather-protocols-file /Users/chaalpritam/Library/Developer/Xcode/DerivedData/type-aackdwwuwxayolgleuusgbwkkpsp/Build/Intermediates.noindex/type.build/Debug/type.build/Objects-normal/x86_64/type_const_extract_protocols.json -enable-experimental-feature DebugDescriptionMacro -enable-experimental-feature OpaqueTypeErasure -enable-bare-slash-regex -empty-abi-descriptor -validate-clang-modules-once -clang-build-session-file /Users/chaalpritam/Library/Developer/Xcode/DerivedData/ModuleCache.noindex/Session.modulevalidation -Xcc -working-directory -Xcc /Users/chaalpritam/Blockbase/type -resource-dir /Applications/Xcode.app/Contents/Developer/Toolchains/XcodeDefault.xctoolchain/usr/lib/swift -enable-anonymous-context-mangled-names -file-compilation-dir /Users/chaalpritam/Blockbase/type -Xcc -D_LIBCPP_HARDENING_MODE\=_LIBCPP_HARDENING_MODE_DEBUG -Xcc -ivfsstatcache -Xcc /Users/chaalpritam/Library/Developer/Xcode/DerivedData/SDKStatCaches.noindex/macosx15.1-24B75-26c8390a7c93c703a57fb2538426748e.sdkstatcache -Xcc -I/Users/chaalpritam/Library/Developer/Xcode/DerivedData/type-aackdwwuwxayolgleuusgbwkkpsp/Build/Intermediates.noindex/type.build/Debug/type.build/swift-overrides.hmap -Xcc -iquote -Xcc /Users/chaalpritam/Library/Developer/Xcode/DerivedData/type-aackdwwuwxayolgleuusgbwkkpsp/Build/Intermediates.noindex/type.build/Debug/type.build/type-generated-files.hmap -Xcc -I/Users/chaalpritam/Library/Developer/Xcode/DerivedData/type-aackdwwuwxayolgleuusgbwkkpsp/Build/Intermediates.noindex/type.build/Debug/type.build/type-own-target-headers.hmap -Xcc -I/Users/chaalpritam/Library/Developer/Xcode/DerivedData/type-aackdwwuwxayolgleuusgbwkkpsp/Build/Intermediates.noindex/type.build/Debug/type.build/type-all-target-headers.hmap -Xcc -iquote -Xcc /Users/chaalpritam/Library/Developer/Xcode/DerivedData/type-aackdwwuwxayolgleuusgbwkkpsp/Build/Intermediates.noindex/type.build/Debug/type.build/type-project-headers.hmap -Xcc -I/Users/chaalpritam/Library/Developer/Xcode/DerivedData/type-aackdwwuwxayolgleuusgbwkkpsp/Build/Products/Debug/include -Xcc -I/Users/chaalpritam/Library/Developer/Xcode/DerivedData/type-aackdwwuwxayolgleuusgbwkkpsp/Build/Intermediates.noindex/type.build/Debug/type.build/DerivedSources-normal/x86_64 -Xcc -I/Users/chaalpritam/Library/Developer/Xcode/DerivedData/type-aackdwwuwxayolgleuusgbwkkpsp/Build/Intermediates.noindex/type.build/Debug/type.build/DerivedSources/x86_64 -Xcc -I/Users/chaalpritam/Library/Developer/Xcode/DerivedData/type-aackdwwuwxayolgleuusgbwkkpsp/Build/Intermediates.noindex/type.build/Debug/type.build/DerivedSources -Xcc -DDEBUG\=1 -module-name type -frontend-parseable-output -disable-clang-spi -target-sdk-version 15.1 -target-sdk-name macosx15.1 -external-plugin-path /Applications/Xcode.app/Contents/Developer/Platforms/MacOSX.platform/Developer/usr/lib/swift/host/plugins\#/Applications/Xcode.app/Contents/Developer/Platforms/MacOSX.platform/Developer/usr/bin/swift-plugin-server -external-plugin-path /Applications/Xcode.app/Contents/Developer/Platforms/MacOSX.platform/Developer/usr/local/lib/swift/host/plugins\#/Applications/Xcode.app/Contents/Developer/Platforms/MacOSX.platform/Developer/usr/bin/swift-plugin-server -plugin-path /Applications/Xcode.app/Contents/Developer/Toolchains/XcodeDefault.xctoolchain/usr/lib/swift/host/plugins -plugin-path /Applications/Xcode.app/Contents/Developer/Toolchains/XcodeDefault.xctoolchain/usr/local/lib/swift/host/plugins -o /Users/chaalpritam/Library/Developer/Xcode/DerivedData/type-aackdwwuwxayolgleuusgbwkkpsp/Build/Intermediates.noindex/type.build/Debug/type.build/Objects-normal/x86_64/MinimapView.o -o /Users/chaalpritam/Library/Developer/Xcode/DerivedData/type-aackdwwuwxayolgleuusgbwkkpsp/Build/Intermediates.noindex/type.build/Debug/type.build/Objects-normal/x86_64/MultipleCursorsTextEditor.o -o /Users/chaalpritam/Library/Developer/Xcode/DerivedData/type-aackdwwuwxayolgleuusgbwkkpsp/Build/Intermediates.noindex/type.build/Debug/type.build/Objects-normal/x86_64/ScreenplayPreview.o -o /Users/chaalpritam/Library/Developer/Xcode/DerivedData/type-aackdwwuwxayolgleuusgbwkkpsp/Build/Intermediates.noindex/type.build/Debug/type.build/Objects-normal/x86_64/SmartFormattingManager.o -o /Users/chaalpritam/Library/Developer/Xcode/DerivedData/type-aackdwwuwxayolgleuusgbwkkpsp/Build/Intermediates.noindex/type.build/Debug/type.build/Objects-normal/x86_64/SpellCheckTextEditor.o -o /Users/chaalpritam/Library/Developer/Xcode/DerivedData/type-aackdwwuwxayolgleuusgbwkkpsp/Build/Intermediates.noindex/type.build/Debug/type.build/Objects-normal/x86_64/TextHistoryManager.o -index-unit-output-path /type.build/Debug/type.build/Objects-normal/x86_64/MinimapView.o -index-unit-output-path /type.build/Debug/type.build/Objects-normal/x86_64/MultipleCursorsTextEditor.o -index-unit-output-path /type.build/Debug/type.build/Objects-normal/x86_64/ScreenplayPreview.o -index-unit-output-path /type.build/Debug/type.build/Objects-normal/x86_64/SmartFormattingManager.o -index-unit-output-path /type.build/Debug/type.build/Objects-normal/x86_64/SpellCheckTextEditor.o -index-unit-output-path /type.build/Debug/type.build/Objects-normal/x86_64/TextHistoryManager.o -index-store-path /Users/chaalpritam/Library/Developer/Xcode/DerivedData/type-aackdwwuwxayolgleuusgbwkkpsp/Index.noindex/DataStore -index-system-modules

SwiftCompile normal x86_64 /Users/chaalpritam/Blockbase/type/type/Features/Editor/TextHistoryManager.swift (in target 'type' from project 'type')
    cd /Users/chaalpritam/Blockbase/type
    /Applications/Xcode.app/Contents/Developer/Toolchains/XcodeDefault.xctoolchain/usr/bin/swift-frontend -c /Users/chaalpritam/Blockbase/type/type/Core/AppCoordinator.swift /Users/chaalpritam/Blockbase/type/type/Core/ModuleCoordinator.swift /Users/chaalpritam/Blockbase/type/type/Data/CharacterModels.swift /Users/chaalpritam/Blockbase/type/type/Data/OutlineModels.swift /Users/chaalpritam/Blockbase/type/type/Data/SceneModels.swift /Users/chaalpritam/Blockbase/type/type/Data/ScreenplayDocument.swift /Users/chaalpritam/Blockbase/type/type/Data/TimelineModels.swift /Users/chaalpritam/Blockbase/type/type/Features/Characters/CharacterCoordinator.swift /Users/chaalpritam/Blockbase/type/type/Features/Characters/CharacterDatabase.swift /Users/chaalpritam/Blockbase/type/type/Features/Characters/CharacterDetailViews.swift /Users/chaalpritam/Blockbase/type/type/Features/Characters/CharacterDetailViews2.swift /Users/chaalpritam/Blockbase/type/type/Features/Characters/CharacterEditViews.swift /Users/chaalpritam/Blockbase/type/type/Features/Characters/CharacterViews.swift /Users/chaalpritam/Blockbase/type/type/Features/Collaboration/CollaborationCoordinator.swift /Users/chaalpritam/Blockbase/type/type/Features/Collaboration/CollaborationManager.swift /Users/chaalpritam/Blockbase/type/type/Features/Collaboration/CollaborationViews.swift /Users/chaalpritam/Blockbase/type/type/Features/Editor/AdvancedEditorFeatures.swift /Users/chaalpritam/Blockbase/type/type/Features/Editor/AutoCompletionManager.swift /Users/chaalpritam/Blockbase/type/type/Features/Editor/CodeFoldingManager.swift /Users/chaalpritam/Blockbase/type/type/Features/Editor/EditorCoordinator.swift /Users/chaalpritam/Blockbase/type/type/Features/Editor/EnhancedFountainTextEditor.swift /Users/chaalpritam/Blockbase/type/type/Features/Editor/FindReplaceView.swift /Users/chaalpritam/Blockbase/type/type/Features/Editor/FountainHelpView.swift /Users/chaalpritam/Blockbase/type/type/Features/Editor/FountainParser.swift /Users/chaalpritam/Blockbase/type/type/Features/Editor/FountainSyntaxHighlighter.swift /Users/chaalpritam/Blockbase/type/type/Features/Editor/FountainTemplate.swift /Users/chaalpritam/Blockbase/type/type/Features/Editor/FountainTextEditor.swift -primary-file /Users/chaalpritam/Blockbase/type/type/Features/Editor/MinimapView.swift -primary-file /Users/chaalpritam/Blockbase/type/type/Features/Editor/MultipleCursorsTextEditor.swift -primary-file /Users/chaalpritam/Blockbase/type/type/Features/Editor/ScreenplayPreview.swift -primary-file /Users/chaalpritam/Blockbase/type/type/Features/Editor/SmartFormattingManager.swift -primary-file /Users/chaalpritam/Blockbase/type/type/Features/Editor/SpellCheckTextEditor.swift -primary-file /Users/chaalpritam/Blockbase/type/type/Features/Editor/TextHistoryManager.swift /Users/chaalpritam/Blockbase/type/type/Features/File/FileCoordinator.swift /Users/chaalpritam/Blockbase/type/type/Features/Outline/OutlineCoordinator.swift /Users/chaalpritam/Blockbase/type/type/Features/Outline/OutlineDatabase.swift /Users/chaalpritam/Blockbase/type/type/Features/Outline/OutlineDetailViews.swift /Users/chaalpritam/Blockbase/type/type/Features/Outline/OutlineViews.swift /Users/chaalpritam/Blockbase/type/type/Features/Scenes/SceneDatabase.swift /Users/chaalpritam/Blockbase/type/type/Features/Scenes/SceneDetailViews.swift /Users/chaalpritam/Blockbase/type/type/Features/Scenes/SceneViews.swift /Users/chaalpritam/Blockbase/type/type/Features/StoryProtocol/StoryProtocolCoordinator.swift /Users/chaalpritam/Blockbase/type/type/Features/StoryProtocol/StoryProtocolViews.swift /Users/chaalpritam/Blockbase/type/type/Features/Timeline/TimelineDatabase.swift /Users/chaalpritam/Blockbase/type/type/Features/Timeline/TimelineViews.swift /Users/chaalpritam/Blockbase/type/type/Features/Welcome/WelcomeView.swift /Users/chaalpritam/Blockbase/type/type/Services/DocumentService.swift /Users/chaalpritam/Blockbase/type/type/Services/FileManagementService.swift /Users/chaalpritam/Blockbase/type/type/Services/FileManager.swift /Users/chaalpritam/Blockbase/type/type/Services/SettingsService.swift /Users/chaalpritam/Blockbase/type/type/Services/StatisticsService.swift /Users/chaalpritam/Blockbase/type/type/Services/StoryProtocolService.swift /Users/chaalpritam/Blockbase/type/type/Shared/ModalLayout.swift /Users/chaalpritam/Blockbase/type/type/UI/EnhancedAppleComponents.swift /Users/chaalpritam/Blockbase/type/type/UI/ModularAppView.swift /Users/chaalpritam/Blockbase/type/type/UI/TemplateSelectorView.swift /Users/chaalpritam/Blockbase/type/type/UI/TypeStyleAppView.swift /Users/chaalpritam/Blockbase/type/type/UI/TypeStyleComponents.swift /Users/chaalpritam/Blockbase/type/type/UI/TypeStyleTheme.swift /Users/chaalpritam/Blockbase/type/type/Utils/KeyboardShortcutsManager.swift /Users/chaalpritam/Blockbase/type/type/SceneEditViews.swift /Users/chaalpritam/Blockbase/type/type/typeApp.swift /Users/chaalpritam/Library/Developer/Xcode/DerivedData/type-aackdwwuwxayolgleuusgbwkkpsp/Build/Intermediates.noindex/type.build/Debug/type.build/DerivedSources/GeneratedAssetSymbols.swift -supplementary-output-file-map /Users/chaalpritam/Library/Developer/Xcode/DerivedData/type-aackdwwuwxayolgleuusgbwkkpsp/Build/Intermediates.noindex/type.build/Debug/type.build/Objects-normal/x86_64/supplementaryOutputs-5 -emit-localized-strings -emit-localized-strings-path /Users/chaalpritam/Library/Developer/Xcode/DerivedData/type-aackdwwuwxayolgleuusgbwkkpsp/Build/Intermediates.noindex/type.build/Debug/type.build/Objects-normal/x86_64 -target x86_64-apple-macos15.0 -enable-objc-interop -stack-check -sdk /Applications/Xcode.app/Contents/Developer/Platforms/MacOSX.platform/Developer/SDKs/MacOSX15.1.sdk -I /Users/chaalpritam/Library/Developer/Xcode/DerivedData/type-aackdwwuwxayolgleuusgbwkkpsp/Build/Products/Debug -F /Users/chaalpritam/Library/Developer/Xcode/DerivedData/type-aackdwwuwxayolgleuusgbwkkpsp/Build/Products/Debug -no-color-diagnostics -enable-testing -g -debug-info-format\=dwarf -dwarf-version\=5 -module-cache-path /Users/chaalpritam/Library/Developer/Xcode/DerivedData/ModuleCache.noindex -profile-generate -profile-coverage-mapping -swift-version 5 -enforce-exclusivity\=checked -Onone -D DEBUG -serialize-debugging-options -const-gather-protocols-file /Users/chaalpritam/Library/Developer/Xcode/DerivedData/type-aackdwwuwxayolgleuusgbwkkpsp/Build/Intermediates.noindex/type.build/Debug/type.build/Objects-normal/x86_64/type_const_extract_protocols.json -enable-experimental-feature DebugDescriptionMacro -enable-experimental-feature OpaqueTypeErasure -enable-bare-slash-regex -empty-abi-descriptor -validate-clang-modules-once -clang-build-session-file /Users/chaalpritam/Library/Developer/Xcode/DerivedData/ModuleCache.noindex/Session.modulevalidation -Xcc -working-directory -Xcc /Users/chaalpritam/Blockbase/type -resource-dir /Applications/Xcode.app/Contents/Developer/Toolchains/XcodeDefault.xctoolchain/usr/lib/swift -enable-anonymous-context-mangled-names -file-compilation-dir /Users/chaalpritam/Blockbase/type -Xcc -D_LIBCPP_HARDENING_MODE\=_LIBCPP_HARDENING_MODE_DEBUG -Xcc -ivfsstatcache -Xcc /Users/chaalpritam/Library/Developer/Xcode/DerivedData/SDKStatCaches.noindex/macosx15.1-24B75-26c8390a7c93c703a57fb2538426748e.sdkstatcache -Xcc -I/Users/chaalpritam/Library/Developer/Xcode/DerivedData/type-aackdwwuwxayolgleuusgbwkkpsp/Build/Intermediates.noindex/type.build/Debug/type.build/swift-overrides.hmap -Xcc -iquote -Xcc /Users/chaalpritam/Library/Developer/Xcode/DerivedData/type-aackdwwuwxayolgleuusgbwkkpsp/Build/Intermediates.noindex/type.build/Debug/type.build/type-generated-files.hmap -Xcc -I/Users/chaalpritam/Library/Developer/Xcode/DerivedData/type-aackdwwuwxayolgleuusgbwkkpsp/Build/Intermediates.noindex/type.build/Debug/type.build/type-own-target-headers.hmap -Xcc -I/Users/chaalpritam/Library/Developer/Xcode/DerivedData/type-aackdwwuwxayolgleuusgbwkkpsp/Build/Intermediates.noindex/type.build/Debug/type.build/type-all-target-headers.hmap -Xcc -iquote -Xcc /Users/chaalpritam/Library/Developer/Xcode/DerivedData/type-aackdwwuwxayolgleuusgbwkkpsp/Build/Intermediates.noindex/type.build/Debug/type.build/type-project-headers.hmap -Xcc -I/Users/chaalpritam/Library/Developer/Xcode/DerivedData/type-aackdwwuwxayolgleuusgbwkkpsp/Build/Products/Debug/include -Xcc -I/Users/chaalpritam/Library/Developer/Xcode/DerivedData/type-aackdwwuwxayolgleuusgbwkkpsp/Build/Intermediates.noindex/type.build/Debug/type.build/DerivedSources-normal/x86_64 -Xcc -I/Users/chaalpritam/Library/Developer/Xcode/DerivedData/type-aackdwwuwxayolgleuusgbwkkpsp/Build/Intermediates.noindex/type.build/Debug/type.build/DerivedSources/x86_64 -Xcc -I/Users/chaalpritam/Library/Developer/Xcode/DerivedData/type-aackdwwuwxayolgleuusgbwkkpsp/Build/Intermediates.noindex/type.build/Debug/type.build/DerivedSources -Xcc -DDEBUG\=1 -module-name type -frontend-parseable-output -disable-clang-spi -target-sdk-version 15.1 -target-sdk-name macosx15.1 -external-plugin-path /Applications/Xcode.app/Contents/Developer/Platforms/MacOSX.platform/Developer/usr/lib/swift/host/plugins\#/Applications/Xcode.app/Contents/Developer/Platforms/MacOSX.platform/Developer/usr/bin/swift-plugin-server -external-plugin-path /Applications/Xcode.app/Contents/Developer/Platforms/MacOSX.platform/Developer/usr/local/lib/swift/host/plugins\#/Applications/Xcode.app/Contents/Developer/Platforms/MacOSX.platform/Developer/usr/bin/swift-plugin-server -plugin-path /Applications/Xcode.app/Contents/Developer/Toolchains/XcodeDefault.xctoolchain/usr/lib/swift/host/plugins -plugin-path /Applications/Xcode.app/Contents/Developer/Toolchains/XcodeDefault.xctoolchain/usr/local/lib/swift/host/plugins -o /Users/chaalpritam/Library/Developer/Xcode/DerivedData/type-aackdwwuwxayolgleuusgbwkkpsp/Build/Intermediates.noindex/type.build/Debug/type.build/Objects-normal/x86_64/MinimapView.o -o /Users/chaalpritam/Library/Developer/Xcode/DerivedData/type-aackdwwuwxayolgleuusgbwkkpsp/Build/Intermediates.noindex/type.build/Debug/type.build/Objects-normal/x86_64/MultipleCursorsTextEditor.o -o /Users/chaalpritam/Library/Developer/Xcode/DerivedData/type-aackdwwuwxayolgleuusgbwkkpsp/Build/Intermediates.noindex/type.build/Debug/type.build/Objects-normal/x86_64/ScreenplayPreview.o -o /Users/chaalpritam/Library/Developer/Xcode/DerivedData/type-aackdwwuwxayolgleuusgbwkkpsp/Build/Intermediates.noindex/type.build/Debug/type.build/Objects-normal/x86_64/SmartFormattingManager.o -o /Users/chaalpritam/Library/Developer/Xcode/DerivedData/type-aackdwwuwxayolgleuusgbwkkpsp/Build/Intermediates.noindex/type.build/Debug/type.build/Objects-normal/x86_64/SpellCheckTextEditor.o -o /Users/chaalpritam/Library/Developer/Xcode/DerivedData/type-aackdwwuwxayolgleuusgbwkkpsp/Build/Intermediates.noindex/type.build/Debug/type.build/Objects-normal/x86_64/TextHistoryManager.o -index-unit-output-path /type.build/Debug/type.build/Objects-normal/x86_64/MinimapView.o -index-unit-output-path /type.build/Debug/type.build/Objects-normal/x86_64/MultipleCursorsTextEditor.o -index-unit-output-path /type.build/Debug/type.build/Objects-normal/x86_64/ScreenplayPreview.o -index-unit-output-path /type.build/Debug/type.build/Objects-normal/x86_64/SmartFormattingManager.o -index-unit-output-path /type.build/Debug/type.build/Objects-normal/x86_64/SpellCheckTextEditor.o -index-unit-output-path /type.build/Debug/type.build/Objects-normal/x86_64/TextHistoryManager.o -index-store-path /Users/chaalpritam/Library/Developer/Xcode/DerivedData/type-aackdwwuwxayolgleuusgbwkkpsp/Index.noindex/DataStore -index-system-modules

SwiftCompile normal x86_64 Compiling\ FileCoordinator.swift,\ OutlineCoordinator.swift,\ OutlineDatabase.swift,\ OutlineDetailViews.swift,\ OutlineViews.swift,\ SceneDatabase.swift /Users/chaalpritam/Blockbase/type/type/Features/File/FileCoordinator.swift /Users/chaalpritam/Blockbase/type/type/Features/Outline/OutlineCoordinator.swift /Users/chaalpritam/Blockbase/type/type/Features/Outline/OutlineDatabase.swift /Users/chaalpritam/Blockbase/type/type/Features/Outline/OutlineDetailViews.swift /Users/chaalpritam/Blockbase/type/type/Features/Outline/OutlineViews.swift /Users/chaalpritam/Blockbase/type/type/Features/Scenes/SceneDatabase.swift (in target 'type' from project 'type')
    cd /Users/chaalpritam/Blockbase/type
    builtin-swiftTaskExecution -- /Applications/Xcode.app/Contents/Developer/Toolchains/XcodeDefault.xctoolchain/usr/bin/swift-frontend -frontend -c /Users/chaalpritam/Blockbase/type/type/Core/AppCoordinator.swift /Users/chaalpritam/Blockbase/type/type/Core/ModuleCoordinator.swift /Users/chaalpritam/Blockbase/type/type/Data/CharacterModels.swift /Users/chaalpritam/Blockbase/type/type/Data/OutlineModels.swift /Users/chaalpritam/Blockbase/type/type/Data/SceneModels.swift /Users/chaalpritam/Blockbase/type/type/Data/ScreenplayDocument.swift /Users/chaalpritam/Blockbase/type/type/Data/TimelineModels.swift /Users/chaalpritam/Blockbase/type/type/Features/Characters/CharacterCoordinator.swift /Users/chaalpritam/Blockbase/type/type/Features/Characters/CharacterDatabase.swift /Users/chaalpritam/Blockbase/type/type/Features/Characters/CharacterDetailViews.swift /Users/chaalpritam/Blockbase/type/type/Features/Characters/CharacterDetailViews2.swift /Users/chaalpritam/Blockbase/type/type/Features/Characters/CharacterEditViews.swift /Users/chaalpritam/Blockbase/type/type/Features/Characters/CharacterViews.swift /Users/chaalpritam/Blockbase/type/type/Features/Collaboration/CollaborationCoordinator.swift /Users/chaalpritam/Blockbase/type/type/Features/Collaboration/CollaborationManager.swift /Users/chaalpritam/Blockbase/type/type/Features/Collaboration/CollaborationViews.swift /Users/chaalpritam/Blockbase/type/type/Features/Editor/AdvancedEditorFeatures.swift /Users/chaalpritam/Blockbase/type/type/Features/Editor/AutoCompletionManager.swift /Users/chaalpritam/Blockbase/type/type/Features/Editor/CodeFoldingManager.swift /Users/chaalpritam/Blockbase/type/type/Features/Editor/EditorCoordinator.swift /Users/chaalpritam/Blockbase/type/type/Features/Editor/EnhancedFountainTextEditor.swift /Users/chaalpritam/Blockbase/type/type/Features/Editor/FindReplaceView.swift /Users/chaalpritam/Blockbase/type/type/Features/Editor/FountainHelpView.swift /Users/chaalpritam/Blockbase/type/type/Features/Editor/FountainParser.swift /Users/chaalpritam/Blockbase/type/type/Features/Editor/FountainSyntaxHighlighter.swift /Users/chaalpritam/Blockbase/type/type/Features/Editor/FountainTemplate.swift /Users/chaalpritam/Blockbase/type/type/Features/Editor/FountainTextEditor.swift /Users/chaalpritam/Blockbase/type/type/Features/Editor/MinimapView.swift /Users/chaalpritam/Blockbase/type/type/Features/Editor/MultipleCursorsTextEditor.swift /Users/chaalpritam/Blockbase/type/type/Features/Editor/ScreenplayPreview.swift /Users/chaalpritam/Blockbase/type/type/Features/Editor/SmartFormattingManager.swift /Users/chaalpritam/Blockbase/type/type/Features/Editor/SpellCheckTextEditor.swift /Users/chaalpritam/Blockbase/type/type/Features/Editor/TextHistoryManager.swift -primary-file /Users/chaalpritam/Blockbase/type/type/Features/File/FileCoordinator.swift -primary-file /Users/chaalpritam/Blockbase/type/type/Features/Outline/OutlineCoordinator.swift -primary-file /Users/chaalpritam/Blockbase/type/type/Features/Outline/OutlineDatabase.swift -primary-file /Users/chaalpritam/Blockbase/type/type/Features/Outline/OutlineDetailViews.swift -primary-file /Users/chaalpritam/Blockbase/type/type/Features/Outline/OutlineViews.swift -primary-file /Users/chaalpritam/Blockbase/type/type/Features/Scenes/SceneDatabase.swift /Users/chaalpritam/Blockbase/type/type/Features/Scenes/SceneDetailViews.swift /Users/chaalpritam/Blockbase/type/type/Features/Scenes/SceneViews.swift /Users/chaalpritam/Blockbase/type/type/Features/StoryProtocol/StoryProtocolCoordinator.swift /Users/chaalpritam/Blockbase/type/type/Features/StoryProtocol/StoryProtocolViews.swift /Users/chaalpritam/Blockbase/type/type/Features/Timeline/TimelineDatabase.swift /Users/chaalpritam/Blockbase/type/type/Features/Timeline/TimelineViews.swift /Users/chaalpritam/Blockbase/type/type/Features/Welcome/WelcomeView.swift /Users/chaalpritam/Blockbase/type/type/Services/DocumentService.swift /Users/chaalpritam/Blockbase/type/type/Services/FileManagementService.swift /Users/chaalpritam/Blockbase/type/type/Services/FileManager.swift /Users/chaalpritam/Blockbase/type/type/Services/SettingsService.swift /Users/chaalpritam/Blockbase/type/type/Services/StatisticsService.swift /Users/chaalpritam/Blockbase/type/type/Services/StoryProtocolService.swift /Users/chaalpritam/Blockbase/type/type/Shared/ModalLayout.swift /Users/chaalpritam/Blockbase/type/type/UI/EnhancedAppleComponents.swift /Users/chaalpritam/Blockbase/type/type/UI/ModularAppView.swift /Users/chaalpritam/Blockbase/type/type/UI/TemplateSelectorView.swift /Users/chaalpritam/Blockbase/type/type/UI/TypeStyleAppView.swift /Users/chaalpritam/Blockbase/type/type/UI/TypeStyleComponents.swift /Users/chaalpritam/Blockbase/type/type/UI/TypeStyleTheme.swift /Users/chaalpritam/Blockbase/type/type/Utils/KeyboardShortcutsManager.swift /Users/chaalpritam/Blockbase/type/type/SceneEditViews.swift /Users/chaalpritam/Blockbase/type/type/typeApp.swift /Users/chaalpritam/Library/Developer/Xcode/DerivedData/type-aackdwwuwxayolgleuusgbwkkpsp/Build/Intermediates.noindex/type.build/Debug/type.build/DerivedSources/GeneratedAssetSymbols.swift -supplementary-output-file-map /Users/chaalpritam/Library/Developer/Xcode/DerivedData/type-aackdwwuwxayolgleuusgbwkkpsp/Build/Intermediates.noindex/type.build/Debug/type.build/Objects-normal/x86_64/supplementaryOutputs-6 -emit-localized-strings -emit-localized-strings-path /Users/chaalpritam/Library/Developer/Xcode/DerivedData/type-aackdwwuwxayolgleuusgbwkkpsp/Build/Intermediates.noindex/type.build/Debug/type.build/Objects-normal/x86_64 -target x86_64-apple-macos15.0 -enable-objc-interop -stack-check -sdk /Applications/Xcode.app/Contents/Developer/Platforms/MacOSX.platform/Developer/SDKs/MacOSX15.1.sdk -I /Users/chaalpritam/Library/Developer/Xcode/DerivedData/type-aackdwwuwxayolgleuusgbwkkpsp/Build/Products/Debug -F /Users/chaalpritam/Library/Developer/Xcode/DerivedData/type-aackdwwuwxayolgleuusgbwkkpsp/Build/Products/Debug -no-color-diagnostics -enable-testing -g -debug-info-format\=dwarf -dwarf-version\=5 -module-cache-path /Users/chaalpritam/Library/Developer/Xcode/DerivedData/ModuleCache.noindex -profile-generate -profile-coverage-mapping -swift-version 5 -enforce-exclusivity\=checked -Onone -D DEBUG -serialize-debugging-options -const-gather-protocols-file /Users/chaalpritam/Library/Developer/Xcode/DerivedData/type-aackdwwuwxayolgleuusgbwkkpsp/Build/Intermediates.noindex/type.build/Debug/type.build/Objects-normal/x86_64/type_const_extract_protocols.json -enable-experimental-feature DebugDescriptionMacro -enable-experimental-feature OpaqueTypeErasure -enable-bare-slash-regex -empty-abi-descriptor -validate-clang-modules-once -clang-build-session-file /Users/chaalpritam/Library/Developer/Xcode/DerivedData/ModuleCache.noindex/Session.modulevalidation -Xcc -working-directory -Xcc /Users/chaalpritam/Blockbase/type -resource-dir /Applications/Xcode.app/Contents/Developer/Toolchains/XcodeDefault.xctoolchain/usr/lib/swift -enable-anonymous-context-mangled-names -file-compilation-dir /Users/chaalpritam/Blockbase/type -Xcc -D_LIBCPP_HARDENING_MODE\=_LIBCPP_HARDENING_MODE_DEBUG -Xcc -ivfsstatcache -Xcc /Users/chaalpritam/Library/Developer/Xcode/DerivedData/SDKStatCaches.noindex/macosx15.1-24B75-26c8390a7c93c703a57fb2538426748e.sdkstatcache -Xcc -I/Users/chaalpritam/Library/Developer/Xcode/DerivedData/type-aackdwwuwxayolgleuusgbwkkpsp/Build/Intermediates.noindex/type.build/Debug/type.build/swift-overrides.hmap -Xcc -iquote -Xcc /Users/chaalpritam/Library/Developer/Xcode/DerivedData/type-aackdwwuwxayolgleuusgbwkkpsp/Build/Intermediates.noindex/type.build/Debug/type.build/type-generated-files.hmap -Xcc -I/Users/chaalpritam/Library/Developer/Xcode/DerivedData/type-aackdwwuwxayolgleuusgbwkkpsp/Build/Intermediates.noindex/type.build/Debug/type.build/type-own-target-headers.hmap -Xcc -I/Users/chaalpritam/Library/Developer/Xcode/DerivedData/type-aackdwwuwxayolgleuusgbwkkpsp/Build/Intermediates.noindex/type.build/Debug/type.build/type-all-target-headers.hmap -Xcc -iquote -Xcc /Users/chaalpritam/Library/Developer/Xcode/DerivedData/type-aackdwwuwxayolgleuusgbwkkpsp/Build/Intermediates.noindex/type.build/Debug/type.build/type-project-headers.hmap -Xcc -I/Users/chaalpritam/Library/Developer/Xcode/DerivedData/type-aackdwwuwxayolgleuusgbwkkpsp/Build/Products/Debug/include -Xcc -I/Users/chaalpritam/Library/Developer/Xcode/DerivedData/type-aackdwwuwxayolgleuusgbwkkpsp/Build/Intermediates.noindex/type.build/Debug/type.build/DerivedSources-normal/x86_64 -Xcc -I/Users/chaalpritam/Library/Developer/Xcode/DerivedData/type-aackdwwuwxayolgleuusgbwkkpsp/Build/Intermediates.noindex/type.build/Debug/type.build/DerivedSources/x86_64 -Xcc -I/Users/chaalpritam/Library/Developer/Xcode/DerivedData/type-aackdwwuwxayolgleuusgbwkkpsp/Build/Intermediates.noindex/type.build/Debug/type.build/DerivedSources -Xcc -DDEBUG\=1 -module-name type -frontend-parseable-output -disable-clang-spi -target-sdk-version 15.1 -target-sdk-name macosx15.1 -external-plugin-path /Applications/Xcode.app/Contents/Developer/Platforms/MacOSX.platform/Developer/usr/lib/swift/host/plugins\#/Applications/Xcode.app/Contents/Developer/Platforms/MacOSX.platform/Developer/usr/bin/swift-plugin-server -external-plugin-path /Applications/Xcode.app/Contents/Developer/Platforms/MacOSX.platform/Developer/usr/local/lib/swift/host/plugins\#/Applications/Xcode.app/Contents/Developer/Platforms/MacOSX.platform/Developer/usr/bin/swift-plugin-server -plugin-path /Applications/Xcode.app/Contents/Developer/Toolchains/XcodeDefault.xctoolchain/usr/lib/swift/host/plugins -plugin-path /Applications/Xcode.app/Contents/Developer/Toolchains/XcodeDefault.xctoolchain/usr/local/lib/swift/host/plugins -o /Users/chaalpritam/Library/Developer/Xcode/DerivedData/type-aackdwwuwxayolgleuusgbwkkpsp/Build/Intermediates.noindex/type.build/Debug/type.build/Objects-normal/x86_64/FileCoordinator.o -o /Users/chaalpritam/Library/Developer/Xcode/DerivedData/type-aackdwwuwxayolgleuusgbwkkpsp/Build/Intermediates.noindex/type.build/Debug/type.build/Objects-normal/x86_64/OutlineCoordinator.o -o /Users/chaalpritam/Library/Developer/Xcode/DerivedData/type-aackdwwuwxayolgleuusgbwkkpsp/Build/Intermediates.noindex/type.build/Debug/type.build/Objects-normal/x86_64/OutlineDatabase.o -o /Users/chaalpritam/Library/Developer/Xcode/DerivedData/type-aackdwwuwxayolgleuusgbwkkpsp/Build/Intermediates.noindex/type.build/Debug/type.build/Objects-normal/x86_64/OutlineDetailViews.o -o /Users/chaalpritam/Library/Developer/Xcode/DerivedData/type-aackdwwuwxayolgleuusgbwkkpsp/Build/Intermediates.noindex/type.build/Debug/type.build/Objects-normal/x86_64/OutlineViews.o -o /Users/chaalpritam/Library/Developer/Xcode/DerivedData/type-aackdwwuwxayolgleuusgbwkkpsp/Build/Intermediates.noindex/type.build/Debug/type.build/Objects-normal/x86_64/SceneDatabase.o -index-unit-output-path /type.build/Debug/type.build/Objects-normal/x86_64/FileCoordinator.o -index-unit-output-path /type.build/Debug/type.build/Objects-normal/x86_64/OutlineCoordinator.o -index-unit-output-path /type.build/Debug/type.build/Objects-normal/x86_64/OutlineDatabase.o -index-unit-output-path /type.build/Debug/type.build/Objects-normal/x86_64/OutlineDetailViews.o -index-unit-output-path /type.build/Debug/type.build/Objects-normal/x86_64/OutlineViews.o -index-unit-output-path /type.build/Debug/type.build/Objects-normal/x86_64/SceneDatabase.o -index-store-path /Users/chaalpritam/Library/Developer/Xcode/DerivedData/type-aackdwwuwxayolgleuusgbwkkpsp/Index.noindex/DataStore -index-system-modules
SwiftCompile normal x86_64 /Users/chaalpritam/Blockbase/type/type/Features/File/FileCoordinator.swift (in target 'type' from project 'type')
    cd /Users/chaalpritam/Blockbase/type
    /Applications/Xcode.app/Contents/Developer/Toolchains/XcodeDefault.xctoolchain/usr/bin/swift-frontend -c /Users/chaalpritam/Blockbase/type/type/Core/AppCoordinator.swift /Users/chaalpritam/Blockbase/type/type/Core/ModuleCoordinator.swift /Users/chaalpritam/Blockbase/type/type/Data/CharacterModels.swift /Users/chaalpritam/Blockbase/type/type/Data/OutlineModels.swift /Users/chaalpritam/Blockbase/type/type/Data/SceneModels.swift /Users/chaalpritam/Blockbase/type/type/Data/ScreenplayDocument.swift /Users/chaalpritam/Blockbase/type/type/Data/TimelineModels.swift /Users/chaalpritam/Blockbase/type/type/Features/Characters/CharacterCoordinator.swift /Users/chaalpritam/Blockbase/type/type/Features/Characters/CharacterDatabase.swift /Users/chaalpritam/Blockbase/type/type/Features/Characters/CharacterDetailViews.swift /Users/chaalpritam/Blockbase/type/type/Features/Characters/CharacterDetailViews2.swift /Users/chaalpritam/Blockbase/type/type/Features/Characters/CharacterEditViews.swift /Users/chaalpritam/Blockbase/type/type/Features/Characters/CharacterViews.swift /Users/chaalpritam/Blockbase/type/type/Features/Collaboration/CollaborationCoordinator.swift /Users/chaalpritam/Blockbase/type/type/Features/Collaboration/CollaborationManager.swift /Users/chaalpritam/Blockbase/type/type/Features/Collaboration/CollaborationViews.swift /Users/chaalpritam/Blockbase/type/type/Features/Editor/AdvancedEditorFeatures.swift /Users/chaalpritam/Blockbase/type/type/Features/Editor/AutoCompletionManager.swift /Users/chaalpritam/Blockbase/type/type/Features/Editor/CodeFoldingManager.swift /Users/chaalpritam/Blockbase/type/type/Features/Editor/EditorCoordinator.swift /Users/chaalpritam/Blockbase/type/type/Features/Editor/EnhancedFountainTextEditor.swift /Users/chaalpritam/Blockbase/type/type/Features/Editor/FindReplaceView.swift /Users/chaalpritam/Blockbase/type/type/Features/Editor/FountainHelpView.swift /Users/chaalpritam/Blockbase/type/type/Features/Editor/FountainParser.swift /Users/chaalpritam/Blockbase/type/type/Features/Editor/FountainSyntaxHighlighter.swift /Users/chaalpritam/Blockbase/type/type/Features/Editor/FountainTemplate.swift /Users/chaalpritam/Blockbase/type/type/Features/Editor/FountainTextEditor.swift /Users/chaalpritam/Blockbase/type/type/Features/Editor/MinimapView.swift /Users/chaalpritam/Blockbase/type/type/Features/Editor/MultipleCursorsTextEditor.swift /Users/chaalpritam/Blockbase/type/type/Features/Editor/ScreenplayPreview.swift /Users/chaalpritam/Blockbase/type/type/Features/Editor/SmartFormattingManager.swift /Users/chaalpritam/Blockbase/type/type/Features/Editor/SpellCheckTextEditor.swift /Users/chaalpritam/Blockbase/type/type/Features/Editor/TextHistoryManager.swift -primary-file /Users/chaalpritam/Blockbase/type/type/Features/File/FileCoordinator.swift -primary-file /Users/chaalpritam/Blockbase/type/type/Features/Outline/OutlineCoordinator.swift -primary-file /Users/chaalpritam/Blockbase/type/type/Features/Outline/OutlineDatabase.swift -primary-file /Users/chaalpritam/Blockbase/type/type/Features/Outline/OutlineDetailViews.swift -primary-file /Users/chaalpritam/Blockbase/type/type/Features/Outline/OutlineViews.swift -primary-file /Users/chaalpritam/Blockbase/type/type/Features/Scenes/SceneDatabase.swift /Users/chaalpritam/Blockbase/type/type/Features/Scenes/SceneDetailViews.swift /Users/chaalpritam/Blockbase/type/type/Features/Scenes/SceneViews.swift /Users/chaalpritam/Blockbase/type/type/Features/StoryProtocol/StoryProtocolCoordinator.swift /Users/chaalpritam/Blockbase/type/type/Features/StoryProtocol/StoryProtocolViews.swift /Users/chaalpritam/Blockbase/type/type/Features/Timeline/TimelineDatabase.swift /Users/chaalpritam/Blockbase/type/type/Features/Timeline/TimelineViews.swift /Users/chaalpritam/Blockbase/type/type/Features/Welcome/WelcomeView.swift /Users/chaalpritam/Blockbase/type/type/Services/DocumentService.swift /Users/chaalpritam/Blockbase/type/type/Services/FileManagementService.swift /Users/chaalpritam/Blockbase/type/type/Services/FileManager.swift /Users/chaalpritam/Blockbase/type/type/Services/SettingsService.swift /Users/chaalpritam/Blockbase/type/type/Services/StatisticsService.swift /Users/chaalpritam/Blockbase/type/type/Services/StoryProtocolService.swift /Users/chaalpritam/Blockbase/type/type/Shared/ModalLayout.swift /Users/chaalpritam/Blockbase/type/type/UI/EnhancedAppleComponents.swift /Users/chaalpritam/Blockbase/type/type/UI/ModularAppView.swift /Users/chaalpritam/Blockbase/type/type/UI/TemplateSelectorView.swift /Users/chaalpritam/Blockbase/type/type/UI/TypeStyleAppView.swift /Users/chaalpritam/Blockbase/type/type/UI/TypeStyleComponents.swift /Users/chaalpritam/Blockbase/type/type/UI/TypeStyleTheme.swift /Users/chaalpritam/Blockbase/type/type/Utils/KeyboardShortcutsManager.swift /Users/chaalpritam/Blockbase/type/type/SceneEditViews.swift /Users/chaalpritam/Blockbase/type/type/typeApp.swift /Users/chaalpritam/Library/Developer/Xcode/DerivedData/type-aackdwwuwxayolgleuusgbwkkpsp/Build/Intermediates.noindex/type.build/Debug/type.build/DerivedSources/GeneratedAssetSymbols.swift -supplementary-output-file-map /Users/chaalpritam/Library/Developer/Xcode/DerivedData/type-aackdwwuwxayolgleuusgbwkkpsp/Build/Intermediates.noindex/type.build/Debug/type.build/Objects-normal/x86_64/supplementaryOutputs-6 -emit-localized-strings -emit-localized-strings-path /Users/chaalpritam/Library/Developer/Xcode/DerivedData/type-aackdwwuwxayolgleuusgbwkkpsp/Build/Intermediates.noindex/type.build/Debug/type.build/Objects-normal/x86_64 -target x86_64-apple-macos15.0 -enable-objc-interop -stack-check -sdk /Applications/Xcode.app/Contents/Developer/Platforms/MacOSX.platform/Developer/SDKs/MacOSX15.1.sdk -I /Users/chaalpritam/Library/Developer/Xcode/DerivedData/type-aackdwwuwxayolgleuusgbwkkpsp/Build/Products/Debug -F /Users/chaalpritam/Library/Developer/Xcode/DerivedData/type-aackdwwuwxayolgleuusgbwkkpsp/Build/Products/Debug -no-color-diagnostics -enable-testing -g -debug-info-format\=dwarf -dwarf-version\=5 -module-cache-path /Users/chaalpritam/Library/Developer/Xcode/DerivedData/ModuleCache.noindex -profile-generate -profile-coverage-mapping -swift-version 5 -enforce-exclusivity\=checked -Onone -D DEBUG -serialize-debugging-options -const-gather-protocols-file /Users/chaalpritam/Library/Developer/Xcode/DerivedData/type-aackdwwuwxayolgleuusgbwkkpsp/Build/Intermediates.noindex/type.build/Debug/type.build/Objects-normal/x86_64/type_const_extract_protocols.json -enable-experimental-feature DebugDescriptionMacro -enable-experimental-feature OpaqueTypeErasure -enable-bare-slash-regex -empty-abi-descriptor -validate-clang-modules-once -clang-build-session-file /Users/chaalpritam/Library/Developer/Xcode/DerivedData/ModuleCache.noindex/Session.modulevalidation -Xcc -working-directory -Xcc /Users/chaalpritam/Blockbase/type -resource-dir /Applications/Xcode.app/Contents/Developer/Toolchains/XcodeDefault.xctoolchain/usr/lib/swift -enable-anonymous-context-mangled-names -file-compilation-dir /Users/chaalpritam/Blockbase/type -Xcc -D_LIBCPP_HARDENING_MODE\=_LIBCPP_HARDENING_MODE_DEBUG -Xcc -ivfsstatcache -Xcc /Users/chaalpritam/Library/Developer/Xcode/DerivedData/SDKStatCaches.noindex/macosx15.1-24B75-26c8390a7c93c703a57fb2538426748e.sdkstatcache -Xcc -I/Users/chaalpritam/Library/Developer/Xcode/DerivedData/type-aackdwwuwxayolgleuusgbwkkpsp/Build/Intermediates.noindex/type.build/Debug/type.build/swift-overrides.hmap -Xcc -iquote -Xcc /Users/chaalpritam/Library/Developer/Xcode/DerivedData/type-aackdwwuwxayolgleuusgbwkkpsp/Build/Intermediates.noindex/type.build/Debug/type.build/type-generated-files.hmap -Xcc -I/Users/chaalpritam/Library/Developer/Xcode/DerivedData/type-aackdwwuwxayolgleuusgbwkkpsp/Build/Intermediates.noindex/type.build/Debug/type.build/type-own-target-headers.hmap -Xcc -I/Users/chaalpritam/Library/Developer/Xcode/DerivedData/type-aackdwwuwxayolgleuusgbwkkpsp/Build/Intermediates.noindex/type.build/Debug/type.build/type-all-target-headers.hmap -Xcc -iquote -Xcc /Users/chaalpritam/Library/Developer/Xcode/DerivedData/type-aackdwwuwxayolgleuusgbwkkpsp/Build/Intermediates.noindex/type.build/Debug/type.build/type-project-headers.hmap -Xcc -I/Users/chaalpritam/Library/Developer/Xcode/DerivedData/type-aackdwwuwxayolgleuusgbwkkpsp/Build/Products/Debug/include -Xcc -I/Users/chaalpritam/Library/Developer/Xcode/DerivedData/type-aackdwwuwxayolgleuusgbwkkpsp/Build/Intermediates.noindex/type.build/Debug/type.build/DerivedSources-normal/x86_64 -Xcc -I/Users/chaalpritam/Library/Developer/Xcode/DerivedData/type-aackdwwuwxayolgleuusgbwkkpsp/Build/Intermediates.noindex/type.build/Debug/type.build/DerivedSources/x86_64 -Xcc -I/Users/chaalpritam/Library/Developer/Xcode/DerivedData/type-aackdwwuwxayolgleuusgbwkkpsp/Build/Intermediates.noindex/type.build/Debug/type.build/DerivedSources -Xcc -DDEBUG\=1 -module-name type -frontend-parseable-output -disable-clang-spi -target-sdk-version 15.1 -target-sdk-name macosx15.1 -external-plugin-path /Applications/Xcode.app/Contents/Developer/Platforms/MacOSX.platform/Developer/usr/lib/swift/host/plugins\#/Applications/Xcode.app/Contents/Developer/Platforms/MacOSX.platform/Developer/usr/bin/swift-plugin-server -external-plugin-path /Applications/Xcode.app/Contents/Developer/Platforms/MacOSX.platform/Developer/usr/local/lib/swift/host/plugins\#/Applications/Xcode.app/Contents/Developer/Platforms/MacOSX.platform/Developer/usr/bin/swift-plugin-server -plugin-path /Applications/Xcode.app/Contents/Developer/Toolchains/XcodeDefault.xctoolchain/usr/lib/swift/host/plugins -plugin-path /Applications/Xcode.app/Contents/Developer/Toolchains/XcodeDefault.xctoolchain/usr/local/lib/swift/host/plugins -o /Users/chaalpritam/Library/Developer/Xcode/DerivedData/type-aackdwwuwxayolgleuusgbwkkpsp/Build/Intermediates.noindex/type.build/Debug/type.build/Objects-normal/x86_64/FileCoordinator.o -o /Users/chaalpritam/Library/Developer/Xcode/DerivedData/type-aackdwwuwxayolgleuusgbwkkpsp/Build/Intermediates.noindex/type.build/Debug/type.build/Objects-normal/x86_64/OutlineCoordinator.o -o /Users/chaalpritam/Library/Developer/Xcode/DerivedData/type-aackdwwuwxayolgleuusgbwkkpsp/Build/Intermediates.noindex/type.build/Debug/type.build/Objects-normal/x86_64/OutlineDatabase.o -o /Users/chaalpritam/Library/Developer/Xcode/DerivedData/type-aackdwwuwxayolgleuusgbwkkpsp/Build/Intermediates.noindex/type.build/Debug/type.build/Objects-normal/x86_64/OutlineDetailViews.o -o /Users/chaalpritam/Library/Developer/Xcode/DerivedData/type-aackdwwuwxayolgleuusgbwkkpsp/Build/Intermediates.noindex/type.build/Debug/type.build/Objects-normal/x86_64/OutlineViews.o -o /Users/chaalpritam/Library/Developer/Xcode/DerivedData/type-aackdwwuwxayolgleuusgbwkkpsp/Build/Intermediates.noindex/type.build/Debug/type.build/Objects-normal/x86_64/SceneDatabase.o -index-unit-output-path /type.build/Debug/type.build/Objects-normal/x86_64/FileCoordinator.o -index-unit-output-path /type.build/Debug/type.build/Objects-normal/x86_64/OutlineCoordinator.o -index-unit-output-path /type.build/Debug/type.build/Objects-normal/x86_64/OutlineDatabase.o -index-unit-output-path /type.build/Debug/type.build/Objects-normal/x86_64/OutlineDetailViews.o -index-unit-output-path /type.build/Debug/type.build/Objects-normal/x86_64/OutlineViews.o -index-unit-output-path /type.build/Debug/type.build/Objects-normal/x86_64/SceneDatabase.o -index-store-path /Users/chaalpritam/Library/Developer/Xcode/DerivedData/type-aackdwwuwxayolgleuusgbwkkpsp/Index.noindex/DataStore -index-system-modules

SwiftCompile normal x86_64 /Users/chaalpritam/Blockbase/type/type/Features/Outline/OutlineCoordinator.swift (in target 'type' from project 'type')
    cd /Users/chaalpritam/Blockbase/type
    /Applications/Xcode.app/Contents/Developer/Toolchains/XcodeDefault.xctoolchain/usr/bin/swift-frontend -c /Users/chaalpritam/Blockbase/type/type/Core/AppCoordinator.swift /Users/chaalpritam/Blockbase/type/type/Core/ModuleCoordinator.swift /Users/chaalpritam/Blockbase/type/type/Data/CharacterModels.swift /Users/chaalpritam/Blockbase/type/type/Data/OutlineModels.swift /Users/chaalpritam/Blockbase/type/type/Data/SceneModels.swift /Users/chaalpritam/Blockbase/type/type/Data/ScreenplayDocument.swift /Users/chaalpritam/Blockbase/type/type/Data/TimelineModels.swift /Users/chaalpritam/Blockbase/type/type/Features/Characters/CharacterCoordinator.swift /Users/chaalpritam/Blockbase/type/type/Features/Characters/CharacterDatabase.swift /Users/chaalpritam/Blockbase/type/type/Features/Characters/CharacterDetailViews.swift /Users/chaalpritam/Blockbase/type/type/Features/Characters/CharacterDetailViews2.swift /Users/chaalpritam/Blockbase/type/type/Features/Characters/CharacterEditViews.swift /Users/chaalpritam/Blockbase/type/type/Features/Characters/CharacterViews.swift /Users/chaalpritam/Blockbase/type/type/Features/Collaboration/CollaborationCoordinator.swift /Users/chaalpritam/Blockbase/type/type/Features/Collaboration/CollaborationManager.swift /Users/chaalpritam/Blockbase/type/type/Features/Collaboration/CollaborationViews.swift /Users/chaalpritam/Blockbase/type/type/Features/Editor/AdvancedEditorFeatures.swift /Users/chaalpritam/Blockbase/type/type/Features/Editor/AutoCompletionManager.swift /Users/chaalpritam/Blockbase/type/type/Features/Editor/CodeFoldingManager.swift /Users/chaalpritam/Blockbase/type/type/Features/Editor/EditorCoordinator.swift /Users/chaalpritam/Blockbase/type/type/Features/Editor/EnhancedFountainTextEditor.swift /Users/chaalpritam/Blockbase/type/type/Features/Editor/FindReplaceView.swift /Users/chaalpritam/Blockbase/type/type/Features/Editor/FountainHelpView.swift /Users/chaalpritam/Blockbase/type/type/Features/Editor/FountainParser.swift /Users/chaalpritam/Blockbase/type/type/Features/Editor/FountainSyntaxHighlighter.swift /Users/chaalpritam/Blockbase/type/type/Features/Editor/FountainTemplate.swift /Users/chaalpritam/Blockbase/type/type/Features/Editor/FountainTextEditor.swift /Users/chaalpritam/Blockbase/type/type/Features/Editor/MinimapView.swift /Users/chaalpritam/Blockbase/type/type/Features/Editor/MultipleCursorsTextEditor.swift /Users/chaalpritam/Blockbase/type/type/Features/Editor/ScreenplayPreview.swift /Users/chaalpritam/Blockbase/type/type/Features/Editor/SmartFormattingManager.swift /Users/chaalpritam/Blockbase/type/type/Features/Editor/SpellCheckTextEditor.swift /Users/chaalpritam/Blockbase/type/type/Features/Editor/TextHistoryManager.swift -primary-file /Users/chaalpritam/Blockbase/type/type/Features/File/FileCoordinator.swift -primary-file /Users/chaalpritam/Blockbase/type/type/Features/Outline/OutlineCoordinator.swift -primary-file /Users/chaalpritam/Blockbase/type/type/Features/Outline/OutlineDatabase.swift -primary-file /Users/chaalpritam/Blockbase/type/type/Features/Outline/OutlineDetailViews.swift -primary-file /Users/chaalpritam/Blockbase/type/type/Features/Outline/OutlineViews.swift -primary-file /Users/chaalpritam/Blockbase/type/type/Features/Scenes/SceneDatabase.swift /Users/chaalpritam/Blockbase/type/type/Features/Scenes/SceneDetailViews.swift /Users/chaalpritam/Blockbase/type/type/Features/Scenes/SceneViews.swift /Users/chaalpritam/Blockbase/type/type/Features/StoryProtocol/StoryProtocolCoordinator.swift /Users/chaalpritam/Blockbase/type/type/Features/StoryProtocol/StoryProtocolViews.swift /Users/chaalpritam/Blockbase/type/type/Features/Timeline/TimelineDatabase.swift /Users/chaalpritam/Blockbase/type/type/Features/Timeline/TimelineViews.swift /Users/chaalpritam/Blockbase/type/type/Features/Welcome/WelcomeView.swift /Users/chaalpritam/Blockbase/type/type/Services/DocumentService.swift /Users/chaalpritam/Blockbase/type/type/Services/FileManagementService.swift /Users/chaalpritam/Blockbase/type/type/Services/FileManager.swift /Users/chaalpritam/Blockbase/type/type/Services/SettingsService.swift /Users/chaalpritam/Blockbase/type/type/Services/StatisticsService.swift /Users/chaalpritam/Blockbase/type/type/Services/StoryProtocolService.swift /Users/chaalpritam/Blockbase/type/type/Shared/ModalLayout.swift /Users/chaalpritam/Blockbase/type/type/UI/EnhancedAppleComponents.swift /Users/chaalpritam/Blockbase/type/type/UI/ModularAppView.swift /Users/chaalpritam/Blockbase/type/type/UI/TemplateSelectorView.swift /Users/chaalpritam/Blockbase/type/type/UI/TypeStyleAppView.swift /Users/chaalpritam/Blockbase/type/type/UI/TypeStyleComponents.swift /Users/chaalpritam/Blockbase/type/type/UI/TypeStyleTheme.swift /Users/chaalpritam/Blockbase/type/type/Utils/KeyboardShortcutsManager.swift /Users/chaalpritam/Blockbase/type/type/SceneEditViews.swift /Users/chaalpritam/Blockbase/type/type/typeApp.swift /Users/chaalpritam/Library/Developer/Xcode/DerivedData/type-aackdwwuwxayolgleuusgbwkkpsp/Build/Intermediates.noindex/type.build/Debug/type.build/DerivedSources/GeneratedAssetSymbols.swift -supplementary-output-file-map /Users/chaalpritam/Library/Developer/Xcode/DerivedData/type-aackdwwuwxayolgleuusgbwkkpsp/Build/Intermediates.noindex/type.build/Debug/type.build/Objects-normal/x86_64/supplementaryOutputs-6 -emit-localized-strings -emit-localized-strings-path /Users/chaalpritam/Library/Developer/Xcode/DerivedData/type-aackdwwuwxayolgleuusgbwkkpsp/Build/Intermediates.noindex/type.build/Debug/type.build/Objects-normal/x86_64 -target x86_64-apple-macos15.0 -enable-objc-interop -stack-check -sdk /Applications/Xcode.app/Contents/Developer/Platforms/MacOSX.platform/Developer/SDKs/MacOSX15.1.sdk -I /Users/chaalpritam/Library/Developer/Xcode/DerivedData/type-aackdwwuwxayolgleuusgbwkkpsp/Build/Products/Debug -F /Users/chaalpritam/Library/Developer/Xcode/DerivedData/type-aackdwwuwxayolgleuusgbwkkpsp/Build/Products/Debug -no-color-diagnostics -enable-testing -g -debug-info-format\=dwarf -dwarf-version\=5 -module-cache-path /Users/chaalpritam/Library/Developer/Xcode/DerivedData/ModuleCache.noindex -profile-generate -profile-coverage-mapping -swift-version 5 -enforce-exclusivity\=checked -Onone -D DEBUG -serialize-debugging-options -const-gather-protocols-file /Users/chaalpritam/Library/Developer/Xcode/DerivedData/type-aackdwwuwxayolgleuusgbwkkpsp/Build/Intermediates.noindex/type.build/Debug/type.build/Objects-normal/x86_64/type_const_extract_protocols.json -enable-experimental-feature DebugDescriptionMacro -enable-experimental-feature OpaqueTypeErasure -enable-bare-slash-regex -empty-abi-descriptor -validate-clang-modules-once -clang-build-session-file /Users/chaalpritam/Library/Developer/Xcode/DerivedData/ModuleCache.noindex/Session.modulevalidation -Xcc -working-directory -Xcc /Users/chaalpritam/Blockbase/type -resource-dir /Applications/Xcode.app/Contents/Developer/Toolchains/XcodeDefault.xctoolchain/usr/lib/swift -enable-anonymous-context-mangled-names -file-compilation-dir /Users/chaalpritam/Blockbase/type -Xcc -D_LIBCPP_HARDENING_MODE\=_LIBCPP_HARDENING_MODE_DEBUG -Xcc -ivfsstatcache -Xcc /Users/chaalpritam/Library/Developer/Xcode/DerivedData/SDKStatCaches.noindex/macosx15.1-24B75-26c8390a7c93c703a57fb2538426748e.sdkstatcache -Xcc -I/Users/chaalpritam/Library/Developer/Xcode/DerivedData/type-aackdwwuwxayolgleuusgbwkkpsp/Build/Intermediates.noindex/type.build/Debug/type.build/swift-overrides.hmap -Xcc -iquote -Xcc /Users/chaalpritam/Library/Developer/Xcode/DerivedData/type-aackdwwuwxayolgleuusgbwkkpsp/Build/Intermediates.noindex/type.build/Debug/type.build/type-generated-files.hmap -Xcc -I/Users/chaalpritam/Library/Developer/Xcode/DerivedData/type-aackdwwuwxayolgleuusgbwkkpsp/Build/Intermediates.noindex/type.build/Debug/type.build/type-own-target-headers.hmap -Xcc -I/Users/chaalpritam/Library/Developer/Xcode/DerivedData/type-aackdwwuwxayolgleuusgbwkkpsp/Build/Intermediates.noindex/type.build/Debug/type.build/type-all-target-headers.hmap -Xcc -iquote -Xcc /Users/chaalpritam/Library/Developer/Xcode/DerivedData/type-aackdwwuwxayolgleuusgbwkkpsp/Build/Intermediates.noindex/type.build/Debug/type.build/type-project-headers.hmap -Xcc -I/Users/chaalpritam/Library/Developer/Xcode/DerivedData/type-aackdwwuwxayolgleuusgbwkkpsp/Build/Products/Debug/include -Xcc -I/Users/chaalpritam/Library/Developer/Xcode/DerivedData/type-aackdwwuwxayolgleuusgbwkkpsp/Build/Intermediates.noindex/type.build/Debug/type.build/DerivedSources-normal/x86_64 -Xcc -I/Users/chaalpritam/Library/Developer/Xcode/DerivedData/type-aackdwwuwxayolgleuusgbwkkpsp/Build/Intermediates.noindex/type.build/Debug/type.build/DerivedSources/x86_64 -Xcc -I/Users/chaalpritam/Library/Developer/Xcode/DerivedData/type-aackdwwuwxayolgleuusgbwkkpsp/Build/Intermediates.noindex/type.build/Debug/type.build/DerivedSources -Xcc -DDEBUG\=1 -module-name type -frontend-parseable-output -disable-clang-spi -target-sdk-version 15.1 -target-sdk-name macosx15.1 -external-plugin-path /Applications/Xcode.app/Contents/Developer/Platforms/MacOSX.platform/Developer/usr/lib/swift/host/plugins\#/Applications/Xcode.app/Contents/Developer/Platforms/MacOSX.platform/Developer/usr/bin/swift-plugin-server -external-plugin-path /Applications/Xcode.app/Contents/Developer/Platforms/MacOSX.platform/Developer/usr/local/lib/swift/host/plugins\#/Applications/Xcode.app/Contents/Developer/Platforms/MacOSX.platform/Developer/usr/bin/swift-plugin-server -plugin-path /Applications/Xcode.app/Contents/Developer/Toolchains/XcodeDefault.xctoolchain/usr/lib/swift/host/plugins -plugin-path /Applications/Xcode.app/Contents/Developer/Toolchains/XcodeDefault.xctoolchain/usr/local/lib/swift/host/plugins -o /Users/chaalpritam/Library/Developer/Xcode/DerivedData/type-aackdwwuwxayolgleuusgbwkkpsp/Build/Intermediates.noindex/type.build/Debug/type.build/Objects-normal/x86_64/FileCoordinator.o -o /Users/chaalpritam/Library/Developer/Xcode/DerivedData/type-aackdwwuwxayolgleuusgbwkkpsp/Build/Intermediates.noindex/type.build/Debug/type.build/Objects-normal/x86_64/OutlineCoordinator.o -o /Users/chaalpritam/Library/Developer/Xcode/DerivedData/type-aackdwwuwxayolgleuusgbwkkpsp/Build/Intermediates.noindex/type.build/Debug/type.build/Objects-normal/x86_64/OutlineDatabase.o -o /Users/chaalpritam/Library/Developer/Xcode/DerivedData/type-aackdwwuwxayolgleuusgbwkkpsp/Build/Intermediates.noindex/type.build/Debug/type.build/Objects-normal/x86_64/OutlineDetailViews.o -o /Users/chaalpritam/Library/Developer/Xcode/DerivedData/type-aackdwwuwxayolgleuusgbwkkpsp/Build/Intermediates.noindex/type.build/Debug/type.build/Objects-normal/x86_64/OutlineViews.o -o /Users/chaalpritam/Library/Developer/Xcode/DerivedData/type-aackdwwuwxayolgleuusgbwkkpsp/Build/Intermediates.noindex/type.build/Debug/type.build/Objects-normal/x86_64/SceneDatabase.o -index-unit-output-path /type.build/Debug/type.build/Objects-normal/x86_64/FileCoordinator.o -index-unit-output-path /type.build/Debug/type.build/Objects-normal/x86_64/OutlineCoordinator.o -index-unit-output-path /type.build/Debug/type.build/Objects-normal/x86_64/OutlineDatabase.o -index-unit-output-path /type.build/Debug/type.build/Objects-normal/x86_64/OutlineDetailViews.o -index-unit-output-path /type.build/Debug/type.build/Objects-normal/x86_64/OutlineViews.o -index-unit-output-path /type.build/Debug/type.build/Objects-normal/x86_64/SceneDatabase.o -index-store-path /Users/chaalpritam/Library/Developer/Xcode/DerivedData/type-aackdwwuwxayolgleuusgbwkkpsp/Index.noindex/DataStore -index-system-modules

SwiftCompile normal x86_64 /Users/chaalpritam/Blockbase/type/type/Features/Outline/OutlineDatabase.swift (in target 'type' from project 'type')
    cd /Users/chaalpritam/Blockbase/type
    /Applications/Xcode.app/Contents/Developer/Toolchains/XcodeDefault.xctoolchain/usr/bin/swift-frontend -c /Users/chaalpritam/Blockbase/type/type/Core/AppCoordinator.swift /Users/chaalpritam/Blockbase/type/type/Core/ModuleCoordinator.swift /Users/chaalpritam/Blockbase/type/type/Data/CharacterModels.swift /Users/chaalpritam/Blockbase/type/type/Data/OutlineModels.swift /Users/chaalpritam/Blockbase/type/type/Data/SceneModels.swift /Users/chaalpritam/Blockbase/type/type/Data/ScreenplayDocument.swift /Users/chaalpritam/Blockbase/type/type/Data/TimelineModels.swift /Users/chaalpritam/Blockbase/type/type/Features/Characters/CharacterCoordinator.swift /Users/chaalpritam/Blockbase/type/type/Features/Characters/CharacterDatabase.swift /Users/chaalpritam/Blockbase/type/type/Features/Characters/CharacterDetailViews.swift /Users/chaalpritam/Blockbase/type/type/Features/Characters/CharacterDetailViews2.swift /Users/chaalpritam/Blockbase/type/type/Features/Characters/CharacterEditViews.swift /Users/chaalpritam/Blockbase/type/type/Features/Characters/CharacterViews.swift /Users/chaalpritam/Blockbase/type/type/Features/Collaboration/CollaborationCoordinator.swift /Users/chaalpritam/Blockbase/type/type/Features/Collaboration/CollaborationManager.swift /Users/chaalpritam/Blockbase/type/type/Features/Collaboration/CollaborationViews.swift /Users/chaalpritam/Blockbase/type/type/Features/Editor/AdvancedEditorFeatures.swift /Users/chaalpritam/Blockbase/type/type/Features/Editor/AutoCompletionManager.swift /Users/chaalpritam/Blockbase/type/type/Features/Editor/CodeFoldingManager.swift /Users/chaalpritam/Blockbase/type/type/Features/Editor/EditorCoordinator.swift /Users/chaalpritam/Blockbase/type/type/Features/Editor/EnhancedFountainTextEditor.swift /Users/chaalpritam/Blockbase/type/type/Features/Editor/FindReplaceView.swift /Users/chaalpritam/Blockbase/type/type/Features/Editor/FountainHelpView.swift /Users/chaalpritam/Blockbase/type/type/Features/Editor/FountainParser.swift /Users/chaalpritam/Blockbase/type/type/Features/Editor/FountainSyntaxHighlighter.swift /Users/chaalpritam/Blockbase/type/type/Features/Editor/FountainTemplate.swift /Users/chaalpritam/Blockbase/type/type/Features/Editor/FountainTextEditor.swift /Users/chaalpritam/Blockbase/type/type/Features/Editor/MinimapView.swift /Users/chaalpritam/Blockbase/type/type/Features/Editor/MultipleCursorsTextEditor.swift /Users/chaalpritam/Blockbase/type/type/Features/Editor/ScreenplayPreview.swift /Users/chaalpritam/Blockbase/type/type/Features/Editor/SmartFormattingManager.swift /Users/chaalpritam/Blockbase/type/type/Features/Editor/SpellCheckTextEditor.swift /Users/chaalpritam/Blockbase/type/type/Features/Editor/TextHistoryManager.swift -primary-file /Users/chaalpritam/Blockbase/type/type/Features/File/FileCoordinator.swift -primary-file /Users/chaalpritam/Blockbase/type/type/Features/Outline/OutlineCoordinator.swift -primary-file /Users/chaalpritam/Blockbase/type/type/Features/Outline/OutlineDatabase.swift -primary-file /Users/chaalpritam/Blockbase/type/type/Features/Outline/OutlineDetailViews.swift -primary-file /Users/chaalpritam/Blockbase/type/type/Features/Outline/OutlineViews.swift -primary-file /Users/chaalpritam/Blockbase/type/type/Features/Scenes/SceneDatabase.swift /Users/chaalpritam/Blockbase/type/type/Features/Scenes/SceneDetailViews.swift /Users/chaalpritam/Blockbase/type/type/Features/Scenes/SceneViews.swift /Users/chaalpritam/Blockbase/type/type/Features/StoryProtocol/StoryProtocolCoordinator.swift /Users/chaalpritam/Blockbase/type/type/Features/StoryProtocol/StoryProtocolViews.swift /Users/chaalpritam/Blockbase/type/type/Features/Timeline/TimelineDatabase.swift /Users/chaalpritam/Blockbase/type/type/Features/Timeline/TimelineViews.swift /Users/chaalpritam/Blockbase/type/type/Features/Welcome/WelcomeView.swift /Users/chaalpritam/Blockbase/type/type/Services/DocumentService.swift /Users/chaalpritam/Blockbase/type/type/Services/FileManagementService.swift /Users/chaalpritam/Blockbase/type/type/Services/FileManager.swift /Users/chaalpritam/Blockbase/type/type/Services/SettingsService.swift /Users/chaalpritam/Blockbase/type/type/Services/StatisticsService.swift /Users/chaalpritam/Blockbase/type/type/Services/StoryProtocolService.swift /Users/chaalpritam/Blockbase/type/type/Shared/ModalLayout.swift /Users/chaalpritam/Blockbase/type/type/UI/EnhancedAppleComponents.swift /Users/chaalpritam/Blockbase/type/type/UI/ModularAppView.swift /Users/chaalpritam/Blockbase/type/type/UI/TemplateSelectorView.swift /Users/chaalpritam/Blockbase/type/type/UI/TypeStyleAppView.swift /Users/chaalpritam/Blockbase/type/type/UI/TypeStyleComponents.swift /Users/chaalpritam/Blockbase/type/type/UI/TypeStyleTheme.swift /Users/chaalpritam/Blockbase/type/type/Utils/KeyboardShortcutsManager.swift /Users/chaalpritam/Blockbase/type/type/SceneEditViews.swift /Users/chaalpritam/Blockbase/type/type/typeApp.swift /Users/chaalpritam/Library/Developer/Xcode/DerivedData/type-aackdwwuwxayolgleuusgbwkkpsp/Build/Intermediates.noindex/type.build/Debug/type.build/DerivedSources/GeneratedAssetSymbols.swift -supplementary-output-file-map /Users/chaalpritam/Library/Developer/Xcode/DerivedData/type-aackdwwuwxayolgleuusgbwkkpsp/Build/Intermediates.noindex/type.build/Debug/type.build/Objects-normal/x86_64/supplementaryOutputs-6 -emit-localized-strings -emit-localized-strings-path /Users/chaalpritam/Library/Developer/Xcode/DerivedData/type-aackdwwuwxayolgleuusgbwkkpsp/Build/Intermediates.noindex/type.build/Debug/type.build/Objects-normal/x86_64 -target x86_64-apple-macos15.0 -enable-objc-interop -stack-check -sdk /Applications/Xcode.app/Contents/Developer/Platforms/MacOSX.platform/Developer/SDKs/MacOSX15.1.sdk -I /Users/chaalpritam/Library/Developer/Xcode/DerivedData/type-aackdwwuwxayolgleuusgbwkkpsp/Build/Products/Debug -F /Users/chaalpritam/Library/Developer/Xcode/DerivedData/type-aackdwwuwxayolgleuusgbwkkpsp/Build/Products/Debug -no-color-diagnostics -enable-testing -g -debug-info-format\=dwarf -dwarf-version\=5 -module-cache-path /Users/chaalpritam/Library/Developer/Xcode/DerivedData/ModuleCache.noindex -profile-generate -profile-coverage-mapping -swift-version 5 -enforce-exclusivity\=checked -Onone -D DEBUG -serialize-debugging-options -const-gather-protocols-file /Users/chaalpritam/Library/Developer/Xcode/DerivedData/type-aackdwwuwxayolgleuusgbwkkpsp/Build/Intermediates.noindex/type.build/Debug/type.build/Objects-normal/x86_64/type_const_extract_protocols.json -enable-experimental-feature DebugDescriptionMacro -enable-experimental-feature OpaqueTypeErasure -enable-bare-slash-regex -empty-abi-descriptor -validate-clang-modules-once -clang-build-session-file /Users/chaalpritam/Library/Developer/Xcode/DerivedData/ModuleCache.noindex/Session.modulevalidation -Xcc -working-directory -Xcc /Users/chaalpritam/Blockbase/type -resource-dir /Applications/Xcode.app/Contents/Developer/Toolchains/XcodeDefault.xctoolchain/usr/lib/swift -enable-anonymous-context-mangled-names -file-compilation-dir /Users/chaalpritam/Blockbase/type -Xcc -D_LIBCPP_HARDENING_MODE\=_LIBCPP_HARDENING_MODE_DEBUG -Xcc -ivfsstatcache -Xcc /Users/chaalpritam/Library/Developer/Xcode/DerivedData/SDKStatCaches.noindex/macosx15.1-24B75-26c8390a7c93c703a57fb2538426748e.sdkstatcache -Xcc -I/Users/chaalpritam/Library/Developer/Xcode/DerivedData/type-aackdwwuwxayolgleuusgbwkkpsp/Build/Intermediates.noindex/type.build/Debug/type.build/swift-overrides.hmap -Xcc -iquote -Xcc /Users/chaalpritam/Library/Developer/Xcode/DerivedData/type-aackdwwuwxayolgleuusgbwkkpsp/Build/Intermediates.noindex/type.build/Debug/type.build/type-generated-files.hmap -Xcc -I/Users/chaalpritam/Library/Developer/Xcode/DerivedData/type-aackdwwuwxayolgleuusgbwkkpsp/Build/Intermediates.noindex/type.build/Debug/type.build/type-own-target-headers.hmap -Xcc -I/Users/chaalpritam/Library/Developer/Xcode/DerivedData/type-aackdwwuwxayolgleuusgbwkkpsp/Build/Intermediates.noindex/type.build/Debug/type.build/type-all-target-headers.hmap -Xcc -iquote -Xcc /Users/chaalpritam/Library/Developer/Xcode/DerivedData/type-aackdwwuwxayolgleuusgbwkkpsp/Build/Intermediates.noindex/type.build/Debug/type.build/type-project-headers.hmap -Xcc -I/Users/chaalpritam/Library/Developer/Xcode/DerivedData/type-aackdwwuwxayolgleuusgbwkkpsp/Build/Products/Debug/include -Xcc -I/Users/chaalpritam/Library/Developer/Xcode/DerivedData/type-aackdwwuwxayolgleuusgbwkkpsp/Build/Intermediates.noindex/type.build/Debug/type.build/DerivedSources-normal/x86_64 -Xcc -I/Users/chaalpritam/Library/Developer/Xcode/DerivedData/type-aackdwwuwxayolgleuusgbwkkpsp/Build/Intermediates.noindex/type.build/Debug/type.build/DerivedSources/x86_64 -Xcc -I/Users/chaalpritam/Library/Developer/Xcode/DerivedData/type-aackdwwuwxayolgleuusgbwkkpsp/Build/Intermediates.noindex/type.build/Debug/type.build/DerivedSources -Xcc -DDEBUG\=1 -module-name type -frontend-parseable-output -disable-clang-spi -target-sdk-version 15.1 -target-sdk-name macosx15.1 -external-plugin-path /Applications/Xcode.app/Contents/Developer/Platforms/MacOSX.platform/Developer/usr/lib/swift/host/plugins\#/Applications/Xcode.app/Contents/Developer/Platforms/MacOSX.platform/Developer/usr/bin/swift-plugin-server -external-plugin-path /Applications/Xcode.app/Contents/Developer/Platforms/MacOSX.platform/Developer/usr/local/lib/swift/host/plugins\#/Applications/Xcode.app/Contents/Developer/Platforms/MacOSX.platform/Developer/usr/bin/swift-plugin-server -plugin-path /Applications/Xcode.app/Contents/Developer/Toolchains/XcodeDefault.xctoolchain/usr/lib/swift/host/plugins -plugin-path /Applications/Xcode.app/Contents/Developer/Toolchains/XcodeDefault.xctoolchain/usr/local/lib/swift/host/plugins -o /Users/chaalpritam/Library/Developer/Xcode/DerivedData/type-aackdwwuwxayolgleuusgbwkkpsp/Build/Intermediates.noindex/type.build/Debug/type.build/Objects-normal/x86_64/FileCoordinator.o -o /Users/chaalpritam/Library/Developer/Xcode/DerivedData/type-aackdwwuwxayolgleuusgbwkkpsp/Build/Intermediates.noindex/type.build/Debug/type.build/Objects-normal/x86_64/OutlineCoordinator.o -o /Users/chaalpritam/Library/Developer/Xcode/DerivedData/type-aackdwwuwxayolgleuusgbwkkpsp/Build/Intermediates.noindex/type.build/Debug/type.build/Objects-normal/x86_64/OutlineDatabase.o -o /Users/chaalpritam/Library/Developer/Xcode/DerivedData/type-aackdwwuwxayolgleuusgbwkkpsp/Build/Intermediates.noindex/type.build/Debug/type.build/Objects-normal/x86_64/OutlineDetailViews.o -o /Users/chaalpritam/Library/Developer/Xcode/DerivedData/type-aackdwwuwxayolgleuusgbwkkpsp/Build/Intermediates.noindex/type.build/Debug/type.build/Objects-normal/x86_64/OutlineViews.o -o /Users/chaalpritam/Library/Developer/Xcode/DerivedData/type-aackdwwuwxayolgleuusgbwkkpsp/Build/Intermediates.noindex/type.build/Debug/type.build/Objects-normal/x86_64/SceneDatabase.o -index-unit-output-path /type.build/Debug/type.build/Objects-normal/x86_64/FileCoordinator.o -index-unit-output-path /type.build/Debug/type.build/Objects-normal/x86_64/OutlineCoordinator.o -index-unit-output-path /type.build/Debug/type.build/Objects-normal/x86_64/OutlineDatabase.o -index-unit-output-path /type.build/Debug/type.build/Objects-normal/x86_64/OutlineDetailViews.o -index-unit-output-path /type.build/Debug/type.build/Objects-normal/x86_64/OutlineViews.o -index-unit-output-path /type.build/Debug/type.build/Objects-normal/x86_64/SceneDatabase.o -index-store-path /Users/chaalpritam/Library/Developer/Xcode/DerivedData/type-aackdwwuwxayolgleuusgbwkkpsp/Index.noindex/DataStore -index-system-modules

SwiftCompile normal x86_64 /Users/chaalpritam/Blockbase/type/type/Features/Outline/OutlineDetailViews.swift (in target 'type' from project 'type')
    cd /Users/chaalpritam/Blockbase/type
    /Applications/Xcode.app/Contents/Developer/Toolchains/XcodeDefault.xctoolchain/usr/bin/swift-frontend -c /Users/chaalpritam/Blockbase/type/type/Core/AppCoordinator.swift /Users/chaalpritam/Blockbase/type/type/Core/ModuleCoordinator.swift /Users/chaalpritam/Blockbase/type/type/Data/CharacterModels.swift /Users/chaalpritam/Blockbase/type/type/Data/OutlineModels.swift /Users/chaalpritam/Blockbase/type/type/Data/SceneModels.swift /Users/chaalpritam/Blockbase/type/type/Data/ScreenplayDocument.swift /Users/chaalpritam/Blockbase/type/type/Data/TimelineModels.swift /Users/chaalpritam/Blockbase/type/type/Features/Characters/CharacterCoordinator.swift /Users/chaalpritam/Blockbase/type/type/Features/Characters/CharacterDatabase.swift /Users/chaalpritam/Blockbase/type/type/Features/Characters/CharacterDetailViews.swift /Users/chaalpritam/Blockbase/type/type/Features/Characters/CharacterDetailViews2.swift /Users/chaalpritam/Blockbase/type/type/Features/Characters/CharacterEditViews.swift /Users/chaalpritam/Blockbase/type/type/Features/Characters/CharacterViews.swift /Users/chaalpritam/Blockbase/type/type/Features/Collaboration/CollaborationCoordinator.swift /Users/chaalpritam/Blockbase/type/type/Features/Collaboration/CollaborationManager.swift /Users/chaalpritam/Blockbase/type/type/Features/Collaboration/CollaborationViews.swift /Users/chaalpritam/Blockbase/type/type/Features/Editor/AdvancedEditorFeatures.swift /Users/chaalpritam/Blockbase/type/type/Features/Editor/AutoCompletionManager.swift /Users/chaalpritam/Blockbase/type/type/Features/Editor/CodeFoldingManager.swift /Users/chaalpritam/Blockbase/type/type/Features/Editor/EditorCoordinator.swift /Users/chaalpritam/Blockbase/type/type/Features/Editor/EnhancedFountainTextEditor.swift /Users/chaalpritam/Blockbase/type/type/Features/Editor/FindReplaceView.swift /Users/chaalpritam/Blockbase/type/type/Features/Editor/FountainHelpView.swift /Users/chaalpritam/Blockbase/type/type/Features/Editor/FountainParser.swift /Users/chaalpritam/Blockbase/type/type/Features/Editor/FountainSyntaxHighlighter.swift /Users/chaalpritam/Blockbase/type/type/Features/Editor/FountainTemplate.swift /Users/chaalpritam/Blockbase/type/type/Features/Editor/FountainTextEditor.swift /Users/chaalpritam/Blockbase/type/type/Features/Editor/MinimapView.swift /Users/chaalpritam/Blockbase/type/type/Features/Editor/MultipleCursorsTextEditor.swift /Users/chaalpritam/Blockbase/type/type/Features/Editor/ScreenplayPreview.swift /Users/chaalpritam/Blockbase/type/type/Features/Editor/SmartFormattingManager.swift /Users/chaalpritam/Blockbase/type/type/Features/Editor/SpellCheckTextEditor.swift /Users/chaalpritam/Blockbase/type/type/Features/Editor/TextHistoryManager.swift -primary-file /Users/chaalpritam/Blockbase/type/type/Features/File/FileCoordinator.swift -primary-file /Users/chaalpritam/Blockbase/type/type/Features/Outline/OutlineCoordinator.swift -primary-file /Users/chaalpritam/Blockbase/type/type/Features/Outline/OutlineDatabase.swift -primary-file /Users/chaalpritam/Blockbase/type/type/Features/Outline/OutlineDetailViews.swift -primary-file /Users/chaalpritam/Blockbase/type/type/Features/Outline/OutlineViews.swift -primary-file /Users/chaalpritam/Blockbase/type/type/Features/Scenes/SceneDatabase.swift /Users/chaalpritam/Blockbase/type/type/Features/Scenes/SceneDetailViews.swift /Users/chaalpritam/Blockbase/type/type/Features/Scenes/SceneViews.swift /Users/chaalpritam/Blockbase/type/type/Features/StoryProtocol/StoryProtocolCoordinator.swift /Users/chaalpritam/Blockbase/type/type/Features/StoryProtocol/StoryProtocolViews.swift /Users/chaalpritam/Blockbase/type/type/Features/Timeline/TimelineDatabase.swift /Users/chaalpritam/Blockbase/type/type/Features/Timeline/TimelineViews.swift /Users/chaalpritam/Blockbase/type/type/Features/Welcome/WelcomeView.swift /Users/chaalpritam/Blockbase/type/type/Services/DocumentService.swift /Users/chaalpritam/Blockbase/type/type/Services/FileManagementService.swift /Users/chaalpritam/Blockbase/type/type/Services/FileManager.swift /Users/chaalpritam/Blockbase/type/type/Services/SettingsService.swift /Users/chaalpritam/Blockbase/type/type/Services/StatisticsService.swift /Users/chaalpritam/Blockbase/type/type/Services/StoryProtocolService.swift /Users/chaalpritam/Blockbase/type/type/Shared/ModalLayout.swift /Users/chaalpritam/Blockbase/type/type/UI/EnhancedAppleComponents.swift /Users/chaalpritam/Blockbase/type/type/UI/ModularAppView.swift /Users/chaalpritam/Blockbase/type/type/UI/TemplateSelectorView.swift /Users/chaalpritam/Blockbase/type/type/UI/TypeStyleAppView.swift /Users/chaalpritam/Blockbase/type/type/UI/TypeStyleComponents.swift /Users/chaalpritam/Blockbase/type/type/UI/TypeStyleTheme.swift /Users/chaalpritam/Blockbase/type/type/Utils/KeyboardShortcutsManager.swift /Users/chaalpritam/Blockbase/type/type/SceneEditViews.swift /Users/chaalpritam/Blockbase/type/type/typeApp.swift /Users/chaalpritam/Library/Developer/Xcode/DerivedData/type-aackdwwuwxayolgleuusgbwkkpsp/Build/Intermediates.noindex/type.build/Debug/type.build/DerivedSources/GeneratedAssetSymbols.swift -supplementary-output-file-map /Users/chaalpritam/Library/Developer/Xcode/DerivedData/type-aackdwwuwxayolgleuusgbwkkpsp/Build/Intermediates.noindex/type.build/Debug/type.build/Objects-normal/x86_64/supplementaryOutputs-6 -emit-localized-strings -emit-localized-strings-path /Users/chaalpritam/Library/Developer/Xcode/DerivedData/type-aackdwwuwxayolgleuusgbwkkpsp/Build/Intermediates.noindex/type.build/Debug/type.build/Objects-normal/x86_64 -target x86_64-apple-macos15.0 -enable-objc-interop -stack-check -sdk /Applications/Xcode.app/Contents/Developer/Platforms/MacOSX.platform/Developer/SDKs/MacOSX15.1.sdk -I /Users/chaalpritam/Library/Developer/Xcode/DerivedData/type-aackdwwuwxayolgleuusgbwkkpsp/Build/Products/Debug -F /Users/chaalpritam/Library/Developer/Xcode/DerivedData/type-aackdwwuwxayolgleuusgbwkkpsp/Build/Products/Debug -no-color-diagnostics -enable-testing -g -debug-info-format\=dwarf -dwarf-version\=5 -module-cache-path /Users/chaalpritam/Library/Developer/Xcode/DerivedData/ModuleCache.noindex -profile-generate -profile-coverage-mapping -swift-version 5 -enforce-exclusivity\=checked -Onone -D DEBUG -serialize-debugging-options -const-gather-protocols-file /Users/chaalpritam/Library/Developer/Xcode/DerivedData/type-aackdwwuwxayolgleuusgbwkkpsp/Build/Intermediates.noindex/type.build/Debug/type.build/Objects-normal/x86_64/type_const_extract_protocols.json -enable-experimental-feature DebugDescriptionMacro -enable-experimental-feature OpaqueTypeErasure -enable-bare-slash-regex -empty-abi-descriptor -validate-clang-modules-once -clang-build-session-file /Users/chaalpritam/Library/Developer/Xcode/DerivedData/ModuleCache.noindex/Session.modulevalidation -Xcc -working-directory -Xcc /Users/chaalpritam/Blockbase/type -resource-dir /Applications/Xcode.app/Contents/Developer/Toolchains/XcodeDefault.xctoolchain/usr/lib/swift -enable-anonymous-context-mangled-names -file-compilation-dir /Users/chaalpritam/Blockbase/type -Xcc -D_LIBCPP_HARDENING_MODE\=_LIBCPP_HARDENING_MODE_DEBUG -Xcc -ivfsstatcache -Xcc /Users/chaalpritam/Library/Developer/Xcode/DerivedData/SDKStatCaches.noindex/macosx15.1-24B75-26c8390a7c93c703a57fb2538426748e.sdkstatcache -Xcc -I/Users/chaalpritam/Library/Developer/Xcode/DerivedData/type-aackdwwuwxayolgleuusgbwkkpsp/Build/Intermediates.noindex/type.build/Debug/type.build/swift-overrides.hmap -Xcc -iquote -Xcc /Users/chaalpritam/Library/Developer/Xcode/DerivedData/type-aackdwwuwxayolgleuusgbwkkpsp/Build/Intermediates.noindex/type.build/Debug/type.build/type-generated-files.hmap -Xcc -I/Users/chaalpritam/Library/Developer/Xcode/DerivedData/type-aackdwwuwxayolgleuusgbwkkpsp/Build/Intermediates.noindex/type.build/Debug/type.build/type-own-target-headers.hmap -Xcc -I/Users/chaalpritam/Library/Developer/Xcode/DerivedData/type-aackdwwuwxayolgleuusgbwkkpsp/Build/Intermediates.noindex/type.build/Debug/type.build/type-all-target-headers.hmap -Xcc -iquote -Xcc /Users/chaalpritam/Library/Developer/Xcode/DerivedData/type-aackdwwuwxayolgleuusgbwkkpsp/Build/Intermediates.noindex/type.build/Debug/type.build/type-project-headers.hmap -Xcc -I/Users/chaalpritam/Library/Developer/Xcode/DerivedData/type-aackdwwuwxayolgleuusgbwkkpsp/Build/Products/Debug/include -Xcc -I/Users/chaalpritam/Library/Developer/Xcode/DerivedData/type-aackdwwuwxayolgleuusgbwkkpsp/Build/Intermediates.noindex/type.build/Debug/type.build/DerivedSources-normal/x86_64 -Xcc -I/Users/chaalpritam/Library/Developer/Xcode/DerivedData/type-aackdwwuwxayolgleuusgbwkkpsp/Build/Intermediates.noindex/type.build/Debug/type.build/DerivedSources/x86_64 -Xcc -I/Users/chaalpritam/Library/Developer/Xcode/DerivedData/type-aackdwwuwxayolgleuusgbwkkpsp/Build/Intermediates.noindex/type.build/Debug/type.build/DerivedSources -Xcc -DDEBUG\=1 -module-name type -frontend-parseable-output -disable-clang-spi -target-sdk-version 15.1 -target-sdk-name macosx15.1 -external-plugin-path /Applications/Xcode.app/Contents/Developer/Platforms/MacOSX.platform/Developer/usr/lib/swift/host/plugins\#/Applications/Xcode.app/Contents/Developer/Platforms/MacOSX.platform/Developer/usr/bin/swift-plugin-server -external-plugin-path /Applications/Xcode.app/Contents/Developer/Platforms/MacOSX.platform/Developer/usr/local/lib/swift/host/plugins\#/Applications/Xcode.app/Contents/Developer/Platforms/MacOSX.platform/Developer/usr/bin/swift-plugin-server -plugin-path /Applications/Xcode.app/Contents/Developer/Toolchains/XcodeDefault.xctoolchain/usr/lib/swift/host/plugins -plugin-path /Applications/Xcode.app/Contents/Developer/Toolchains/XcodeDefault.xctoolchain/usr/local/lib/swift/host/plugins -o /Users/chaalpritam/Library/Developer/Xcode/DerivedData/type-aackdwwuwxayolgleuusgbwkkpsp/Build/Intermediates.noindex/type.build/Debug/type.build/Objects-normal/x86_64/FileCoordinator.o -o /Users/chaalpritam/Library/Developer/Xcode/DerivedData/type-aackdwwuwxayolgleuusgbwkkpsp/Build/Intermediates.noindex/type.build/Debug/type.build/Objects-normal/x86_64/OutlineCoordinator.o -o /Users/chaalpritam/Library/Developer/Xcode/DerivedData/type-aackdwwuwxayolgleuusgbwkkpsp/Build/Intermediates.noindex/type.build/Debug/type.build/Objects-normal/x86_64/OutlineDatabase.o -o /Users/chaalpritam/Library/Developer/Xcode/DerivedData/type-aackdwwuwxayolgleuusgbwkkpsp/Build/Intermediates.noindex/type.build/Debug/type.build/Objects-normal/x86_64/OutlineDetailViews.o -o /Users/chaalpritam/Library/Developer/Xcode/DerivedData/type-aackdwwuwxayolgleuusgbwkkpsp/Build/Intermediates.noindex/type.build/Debug/type.build/Objects-normal/x86_64/OutlineViews.o -o /Users/chaalpritam/Library/Developer/Xcode/DerivedData/type-aackdwwuwxayolgleuusgbwkkpsp/Build/Intermediates.noindex/type.build/Debug/type.build/Objects-normal/x86_64/SceneDatabase.o -index-unit-output-path /type.build/Debug/type.build/Objects-normal/x86_64/FileCoordinator.o -index-unit-output-path /type.build/Debug/type.build/Objects-normal/x86_64/OutlineCoordinator.o -index-unit-output-path /type.build/Debug/type.build/Objects-normal/x86_64/OutlineDatabase.o -index-unit-output-path /type.build/Debug/type.build/Objects-normal/x86_64/OutlineDetailViews.o -index-unit-output-path /type.build/Debug/type.build/Objects-normal/x86_64/OutlineViews.o -index-unit-output-path /type.build/Debug/type.build/Objects-normal/x86_64/SceneDatabase.o -index-store-path /Users/chaalpritam/Library/Developer/Xcode/DerivedData/type-aackdwwuwxayolgleuusgbwkkpsp/Index.noindex/DataStore -index-system-modules

SwiftCompile normal x86_64 /Users/chaalpritam/Blockbase/type/type/Features/Outline/OutlineViews.swift (in target 'type' from project 'type')
    cd /Users/chaalpritam/Blockbase/type
    /Applications/Xcode.app/Contents/Developer/Toolchains/XcodeDefault.xctoolchain/usr/bin/swift-frontend -c /Users/chaalpritam/Blockbase/type/type/Core/AppCoordinator.swift /Users/chaalpritam/Blockbase/type/type/Core/ModuleCoordinator.swift /Users/chaalpritam/Blockbase/type/type/Data/CharacterModels.swift /Users/chaalpritam/Blockbase/type/type/Data/OutlineModels.swift /Users/chaalpritam/Blockbase/type/type/Data/SceneModels.swift /Users/chaalpritam/Blockbase/type/type/Data/ScreenplayDocument.swift /Users/chaalpritam/Blockbase/type/type/Data/TimelineModels.swift /Users/chaalpritam/Blockbase/type/type/Features/Characters/CharacterCoordinator.swift /Users/chaalpritam/Blockbase/type/type/Features/Characters/CharacterDatabase.swift /Users/chaalpritam/Blockbase/type/type/Features/Characters/CharacterDetailViews.swift /Users/chaalpritam/Blockbase/type/type/Features/Characters/CharacterDetailViews2.swift /Users/chaalpritam/Blockbase/type/type/Features/Characters/CharacterEditViews.swift /Users/chaalpritam/Blockbase/type/type/Features/Characters/CharacterViews.swift /Users/chaalpritam/Blockbase/type/type/Features/Collaboration/CollaborationCoordinator.swift /Users/chaalpritam/Blockbase/type/type/Features/Collaboration/CollaborationManager.swift /Users/chaalpritam/Blockbase/type/type/Features/Collaboration/CollaborationViews.swift /Users/chaalpritam/Blockbase/type/type/Features/Editor/AdvancedEditorFeatures.swift /Users/chaalpritam/Blockbase/type/type/Features/Editor/AutoCompletionManager.swift /Users/chaalpritam/Blockbase/type/type/Features/Editor/CodeFoldingManager.swift /Users/chaalpritam/Blockbase/type/type/Features/Editor/EditorCoordinator.swift /Users/chaalpritam/Blockbase/type/type/Features/Editor/EnhancedFountainTextEditor.swift /Users/chaalpritam/Blockbase/type/type/Features/Editor/FindReplaceView.swift /Users/chaalpritam/Blockbase/type/type/Features/Editor/FountainHelpView.swift /Users/chaalpritam/Blockbase/type/type/Features/Editor/FountainParser.swift /Users/chaalpritam/Blockbase/type/type/Features/Editor/FountainSyntaxHighlighter.swift /Users/chaalpritam/Blockbase/type/type/Features/Editor/FountainTemplate.swift /Users/chaalpritam/Blockbase/type/type/Features/Editor/FountainTextEditor.swift /Users/chaalpritam/Blockbase/type/type/Features/Editor/MinimapView.swift /Users/chaalpritam/Blockbase/type/type/Features/Editor/MultipleCursorsTextEditor.swift /Users/chaalpritam/Blockbase/type/type/Features/Editor/ScreenplayPreview.swift /Users/chaalpritam/Blockbase/type/type/Features/Editor/SmartFormattingManager.swift /Users/chaalpritam/Blockbase/type/type/Features/Editor/SpellCheckTextEditor.swift /Users/chaalpritam/Blockbase/type/type/Features/Editor/TextHistoryManager.swift -primary-file /Users/chaalpritam/Blockbase/type/type/Features/File/FileCoordinator.swift -primary-file /Users/chaalpritam/Blockbase/type/type/Features/Outline/OutlineCoordinator.swift -primary-file /Users/chaalpritam/Blockbase/type/type/Features/Outline/OutlineDatabase.swift -primary-file /Users/chaalpritam/Blockbase/type/type/Features/Outline/OutlineDetailViews.swift -primary-file /Users/chaalpritam/Blockbase/type/type/Features/Outline/OutlineViews.swift -primary-file /Users/chaalpritam/Blockbase/type/type/Features/Scenes/SceneDatabase.swift /Users/chaalpritam/Blockbase/type/type/Features/Scenes/SceneDetailViews.swift /Users/chaalpritam/Blockbase/type/type/Features/Scenes/SceneViews.swift /Users/chaalpritam/Blockbase/type/type/Features/StoryProtocol/StoryProtocolCoordinator.swift /Users/chaalpritam/Blockbase/type/type/Features/StoryProtocol/StoryProtocolViews.swift /Users/chaalpritam/Blockbase/type/type/Features/Timeline/TimelineDatabase.swift /Users/chaalpritam/Blockbase/type/type/Features/Timeline/TimelineViews.swift /Users/chaalpritam/Blockbase/type/type/Features/Welcome/WelcomeView.swift /Users/chaalpritam/Blockbase/type/type/Services/DocumentService.swift /Users/chaalpritam/Blockbase/type/type/Services/FileManagementService.swift /Users/chaalpritam/Blockbase/type/type/Services/FileManager.swift /Users/chaalpritam/Blockbase/type/type/Services/SettingsService.swift /Users/chaalpritam/Blockbase/type/type/Services/StatisticsService.swift /Users/chaalpritam/Blockbase/type/type/Services/StoryProtocolService.swift /Users/chaalpritam/Blockbase/type/type/Shared/ModalLayout.swift /Users/chaalpritam/Blockbase/type/type/UI/EnhancedAppleComponents.swift /Users/chaalpritam/Blockbase/type/type/UI/ModularAppView.swift /Users/chaalpritam/Blockbase/type/type/UI/TemplateSelectorView.swift /Users/chaalpritam/Blockbase/type/type/UI/TypeStyleAppView.swift /Users/chaalpritam/Blockbase/type/type/UI/TypeStyleComponents.swift /Users/chaalpritam/Blockbase/type/type/UI/TypeStyleTheme.swift /Users/chaalpritam/Blockbase/type/type/Utils/KeyboardShortcutsManager.swift /Users/chaalpritam/Blockbase/type/type/SceneEditViews.swift /Users/chaalpritam/Blockbase/type/type/typeApp.swift /Users/chaalpritam/Library/Developer/Xcode/DerivedData/type-aackdwwuwxayolgleuusgbwkkpsp/Build/Intermediates.noindex/type.build/Debug/type.build/DerivedSources/GeneratedAssetSymbols.swift -supplementary-output-file-map /Users/chaalpritam/Library/Developer/Xcode/DerivedData/type-aackdwwuwxayolgleuusgbwkkpsp/Build/Intermediates.noindex/type.build/Debug/type.build/Objects-normal/x86_64/supplementaryOutputs-6 -emit-localized-strings -emit-localized-strings-path /Users/chaalpritam/Library/Developer/Xcode/DerivedData/type-aackdwwuwxayolgleuusgbwkkpsp/Build/Intermediates.noindex/type.build/Debug/type.build/Objects-normal/x86_64 -target x86_64-apple-macos15.0 -enable-objc-interop -stack-check -sdk /Applications/Xcode.app/Contents/Developer/Platforms/MacOSX.platform/Developer/SDKs/MacOSX15.1.sdk -I /Users/chaalpritam/Library/Developer/Xcode/DerivedData/type-aackdwwuwxayolgleuusgbwkkpsp/Build/Products/Debug -F /Users/chaalpritam/Library/Developer/Xcode/DerivedData/type-aackdwwuwxayolgleuusgbwkkpsp/Build/Products/Debug -no-color-diagnostics -enable-testing -g -debug-info-format\=dwarf -dwarf-version\=5 -module-cache-path /Users/chaalpritam/Library/Developer/Xcode/DerivedData/ModuleCache.noindex -profile-generate -profile-coverage-mapping -swift-version 5 -enforce-exclusivity\=checked -Onone -D DEBUG -serialize-debugging-options -const-gather-protocols-file /Users/chaalpritam/Library/Developer/Xcode/DerivedData/type-aackdwwuwxayolgleuusgbwkkpsp/Build/Intermediates.noindex/type.build/Debug/type.build/Objects-normal/x86_64/type_const_extract_protocols.json -enable-experimental-feature DebugDescriptionMacro -enable-experimental-feature OpaqueTypeErasure -enable-bare-slash-regex -empty-abi-descriptor -validate-clang-modules-once -clang-build-session-file /Users/chaalpritam/Library/Developer/Xcode/DerivedData/ModuleCache.noindex/Session.modulevalidation -Xcc -working-directory -Xcc /Users/chaalpritam/Blockbase/type -resource-dir /Applications/Xcode.app/Contents/Developer/Toolchains/XcodeDefault.xctoolchain/usr/lib/swift -enable-anonymous-context-mangled-names -file-compilation-dir /Users/chaalpritam/Blockbase/type -Xcc -D_LIBCPP_HARDENING_MODE\=_LIBCPP_HARDENING_MODE_DEBUG -Xcc -ivfsstatcache -Xcc /Users/chaalpritam/Library/Developer/Xcode/DerivedData/SDKStatCaches.noindex/macosx15.1-24B75-26c8390a7c93c703a57fb2538426748e.sdkstatcache -Xcc -I/Users/chaalpritam/Library/Developer/Xcode/DerivedData/type-aackdwwuwxayolgleuusgbwkkpsp/Build/Intermediates.noindex/type.build/Debug/type.build/swift-overrides.hmap -Xcc -iquote -Xcc /Users/chaalpritam/Library/Developer/Xcode/DerivedData/type-aackdwwuwxayolgleuusgbwkkpsp/Build/Intermediates.noindex/type.build/Debug/type.build/type-generated-files.hmap -Xcc -I/Users/chaalpritam/Library/Developer/Xcode/DerivedData/type-aackdwwuwxayolgleuusgbwkkpsp/Build/Intermediates.noindex/type.build/Debug/type.build/type-own-target-headers.hmap -Xcc -I/Users/chaalpritam/Library/Developer/Xcode/DerivedData/type-aackdwwuwxayolgleuusgbwkkpsp/Build/Intermediates.noindex/type.build/Debug/type.build/type-all-target-headers.hmap -Xcc -iquote -Xcc /Users/chaalpritam/Library/Developer/Xcode/DerivedData/type-aackdwwuwxayolgleuusgbwkkpsp/Build/Intermediates.noindex/type.build/Debug/type.build/type-project-headers.hmap -Xcc -I/Users/chaalpritam/Library/Developer/Xcode/DerivedData/type-aackdwwuwxayolgleuusgbwkkpsp/Build/Products/Debug/include -Xcc -I/Users/chaalpritam/Library/Developer/Xcode/DerivedData/type-aackdwwuwxayolgleuusgbwkkpsp/Build/Intermediates.noindex/type.build/Debug/type.build/DerivedSources-normal/x86_64 -Xcc -I/Users/chaalpritam/Library/Developer/Xcode/DerivedData/type-aackdwwuwxayolgleuusgbwkkpsp/Build/Intermediates.noindex/type.build/Debug/type.build/DerivedSources/x86_64 -Xcc -I/Users/chaalpritam/Library/Developer/Xcode/DerivedData/type-aackdwwuwxayolgleuusgbwkkpsp/Build/Intermediates.noindex/type.build/Debug/type.build/DerivedSources -Xcc -DDEBUG\=1 -module-name type -frontend-parseable-output -disable-clang-spi -target-sdk-version 15.1 -target-sdk-name macosx15.1 -external-plugin-path /Applications/Xcode.app/Contents/Developer/Platforms/MacOSX.platform/Developer/usr/lib/swift/host/plugins\#/Applications/Xcode.app/Contents/Developer/Platforms/MacOSX.platform/Developer/usr/bin/swift-plugin-server -external-plugin-path /Applications/Xcode.app/Contents/Developer/Platforms/MacOSX.platform/Developer/usr/local/lib/swift/host/plugins\#/Applications/Xcode.app/Contents/Developer/Platforms/MacOSX.platform/Developer/usr/bin/swift-plugin-server -plugin-path /Applications/Xcode.app/Contents/Developer/Toolchains/XcodeDefault.xctoolchain/usr/lib/swift/host/plugins -plugin-path /Applications/Xcode.app/Contents/Developer/Toolchains/XcodeDefault.xctoolchain/usr/local/lib/swift/host/plugins -o /Users/chaalpritam/Library/Developer/Xcode/DerivedData/type-aackdwwuwxayolgleuusgbwkkpsp/Build/Intermediates.noindex/type.build/Debug/type.build/Objects-normal/x86_64/FileCoordinator.o -o /Users/chaalpritam/Library/Developer/Xcode/DerivedData/type-aackdwwuwxayolgleuusgbwkkpsp/Build/Intermediates.noindex/type.build/Debug/type.build/Objects-normal/x86_64/OutlineCoordinator.o -o /Users/chaalpritam/Library/Developer/Xcode/DerivedData/type-aackdwwuwxayolgleuusgbwkkpsp/Build/Intermediates.noindex/type.build/Debug/type.build/Objects-normal/x86_64/OutlineDatabase.o -o /Users/chaalpritam/Library/Developer/Xcode/DerivedData/type-aackdwwuwxayolgleuusgbwkkpsp/Build/Intermediates.noindex/type.build/Debug/type.build/Objects-normal/x86_64/OutlineDetailViews.o -o /Users/chaalpritam/Library/Developer/Xcode/DerivedData/type-aackdwwuwxayolgleuusgbwkkpsp/Build/Intermediates.noindex/type.build/Debug/type.build/Objects-normal/x86_64/OutlineViews.o -o /Users/chaalpritam/Library/Developer/Xcode/DerivedData/type-aackdwwuwxayolgleuusgbwkkpsp/Build/Intermediates.noindex/type.build/Debug/type.build/Objects-normal/x86_64/SceneDatabase.o -index-unit-output-path /type.build/Debug/type.build/Objects-normal/x86_64/FileCoordinator.o -index-unit-output-path /type.build/Debug/type.build/Objects-normal/x86_64/OutlineCoordinator.o -index-unit-output-path /type.build/Debug/type.build/Objects-normal/x86_64/OutlineDatabase.o -index-unit-output-path /type.build/Debug/type.build/Objects-normal/x86_64/OutlineDetailViews.o -index-unit-output-path /type.build/Debug/type.build/Objects-normal/x86_64/OutlineViews.o -index-unit-output-path /type.build/Debug/type.build/Objects-normal/x86_64/SceneDatabase.o -index-store-path /Users/chaalpritam/Library/Developer/Xcode/DerivedData/type-aackdwwuwxayolgleuusgbwkkpsp/Index.noindex/DataStore -index-system-modules

SwiftCompile normal x86_64 /Users/chaalpritam/Blockbase/type/type/Features/Scenes/SceneDatabase.swift (in target 'type' from project 'type')
    cd /Users/chaalpritam/Blockbase/type
    /Applications/Xcode.app/Contents/Developer/Toolchains/XcodeDefault.xctoolchain/usr/bin/swift-frontend -c /Users/chaalpritam/Blockbase/type/type/Core/AppCoordinator.swift /Users/chaalpritam/Blockbase/type/type/Core/ModuleCoordinator.swift /Users/chaalpritam/Blockbase/type/type/Data/CharacterModels.swift /Users/chaalpritam/Blockbase/type/type/Data/OutlineModels.swift /Users/chaalpritam/Blockbase/type/type/Data/SceneModels.swift /Users/chaalpritam/Blockbase/type/type/Data/ScreenplayDocument.swift /Users/chaalpritam/Blockbase/type/type/Data/TimelineModels.swift /Users/chaalpritam/Blockbase/type/type/Features/Characters/CharacterCoordinator.swift /Users/chaalpritam/Blockbase/type/type/Features/Characters/CharacterDatabase.swift /Users/chaalpritam/Blockbase/type/type/Features/Characters/CharacterDetailViews.swift /Users/chaalpritam/Blockbase/type/type/Features/Characters/CharacterDetailViews2.swift /Users/chaalpritam/Blockbase/type/type/Features/Characters/CharacterEditViews.swift /Users/chaalpritam/Blockbase/type/type/Features/Characters/CharacterViews.swift /Users/chaalpritam/Blockbase/type/type/Features/Collaboration/CollaborationCoordinator.swift /Users/chaalpritam/Blockbase/type/type/Features/Collaboration/CollaborationManager.swift /Users/chaalpritam/Blockbase/type/type/Features/Collaboration/CollaborationViews.swift /Users/chaalpritam/Blockbase/type/type/Features/Editor/AdvancedEditorFeatures.swift /Users/chaalpritam/Blockbase/type/type/Features/Editor/AutoCompletionManager.swift /Users/chaalpritam/Blockbase/type/type/Features/Editor/CodeFoldingManager.swift /Users/chaalpritam/Blockbase/type/type/Features/Editor/EditorCoordinator.swift /Users/chaalpritam/Blockbase/type/type/Features/Editor/EnhancedFountainTextEditor.swift /Users/chaalpritam/Blockbase/type/type/Features/Editor/FindReplaceView.swift /Users/chaalpritam/Blockbase/type/type/Features/Editor/FountainHelpView.swift /Users/chaalpritam/Blockbase/type/type/Features/Editor/FountainParser.swift /Users/chaalpritam/Blockbase/type/type/Features/Editor/FountainSyntaxHighlighter.swift /Users/chaalpritam/Blockbase/type/type/Features/Editor/FountainTemplate.swift /Users/chaalpritam/Blockbase/type/type/Features/Editor/FountainTextEditor.swift /Users/chaalpritam/Blockbase/type/type/Features/Editor/MinimapView.swift /Users/chaalpritam/Blockbase/type/type/Features/Editor/MultipleCursorsTextEditor.swift /Users/chaalpritam/Blockbase/type/type/Features/Editor/ScreenplayPreview.swift /Users/chaalpritam/Blockbase/type/type/Features/Editor/SmartFormattingManager.swift /Users/chaalpritam/Blockbase/type/type/Features/Editor/SpellCheckTextEditor.swift /Users/chaalpritam/Blockbase/type/type/Features/Editor/TextHistoryManager.swift -primary-file /Users/chaalpritam/Blockbase/type/type/Features/File/FileCoordinator.swift -primary-file /Users/chaalpritam/Blockbase/type/type/Features/Outline/OutlineCoordinator.swift -primary-file /Users/chaalpritam/Blockbase/type/type/Features/Outline/OutlineDatabase.swift -primary-file /Users/chaalpritam/Blockbase/type/type/Features/Outline/OutlineDetailViews.swift -primary-file /Users/chaalpritam/Blockbase/type/type/Features/Outline/OutlineViews.swift -primary-file /Users/chaalpritam/Blockbase/type/type/Features/Scenes/SceneDatabase.swift /Users/chaalpritam/Blockbase/type/type/Features/Scenes/SceneDetailViews.swift /Users/chaalpritam/Blockbase/type/type/Features/Scenes/SceneViews.swift /Users/chaalpritam/Blockbase/type/type/Features/StoryProtocol/StoryProtocolCoordinator.swift /Users/chaalpritam/Blockbase/type/type/Features/StoryProtocol/StoryProtocolViews.swift /Users/chaalpritam/Blockbase/type/type/Features/Timeline/TimelineDatabase.swift /Users/chaalpritam/Blockbase/type/type/Features/Timeline/TimelineViews.swift /Users/chaalpritam/Blockbase/type/type/Features/Welcome/WelcomeView.swift /Users/chaalpritam/Blockbase/type/type/Services/DocumentService.swift /Users/chaalpritam/Blockbase/type/type/Services/FileManagementService.swift /Users/chaalpritam/Blockbase/type/type/Services/FileManager.swift /Users/chaalpritam/Blockbase/type/type/Services/SettingsService.swift /Users/chaalpritam/Blockbase/type/type/Services/StatisticsService.swift /Users/chaalpritam/Blockbase/type/type/Services/StoryProtocolService.swift /Users/chaalpritam/Blockbase/type/type/Shared/ModalLayout.swift /Users/chaalpritam/Blockbase/type/type/UI/EnhancedAppleComponents.swift /Users/chaalpritam/Blockbase/type/type/UI/ModularAppView.swift /Users/chaalpritam/Blockbase/type/type/UI/TemplateSelectorView.swift /Users/chaalpritam/Blockbase/type/type/UI/TypeStyleAppView.swift /Users/chaalpritam/Blockbase/type/type/UI/TypeStyleComponents.swift /Users/chaalpritam/Blockbase/type/type/UI/TypeStyleTheme.swift /Users/chaalpritam/Blockbase/type/type/Utils/KeyboardShortcutsManager.swift /Users/chaalpritam/Blockbase/type/type/SceneEditViews.swift /Users/chaalpritam/Blockbase/type/type/typeApp.swift /Users/chaalpritam/Library/Developer/Xcode/DerivedData/type-aackdwwuwxayolgleuusgbwkkpsp/Build/Intermediates.noindex/type.build/Debug/type.build/DerivedSources/GeneratedAssetSymbols.swift -supplementary-output-file-map /Users/chaalpritam/Library/Developer/Xcode/DerivedData/type-aackdwwuwxayolgleuusgbwkkpsp/Build/Intermediates.noindex/type.build/Debug/type.build/Objects-normal/x86_64/supplementaryOutputs-6 -emit-localized-strings -emit-localized-strings-path /Users/chaalpritam/Library/Developer/Xcode/DerivedData/type-aackdwwuwxayolgleuusgbwkkpsp/Build/Intermediates.noindex/type.build/Debug/type.build/Objects-normal/x86_64 -target x86_64-apple-macos15.0 -enable-objc-interop -stack-check -sdk /Applications/Xcode.app/Contents/Developer/Platforms/MacOSX.platform/Developer/SDKs/MacOSX15.1.sdk -I /Users/chaalpritam/Library/Developer/Xcode/DerivedData/type-aackdwwuwxayolgleuusgbwkkpsp/Build/Products/Debug -F /Users/chaalpritam/Library/Developer/Xcode/DerivedData/type-aackdwwuwxayolgleuusgbwkkpsp/Build/Products/Debug -no-color-diagnostics -enable-testing -g -debug-info-format\=dwarf -dwarf-version\=5 -module-cache-path /Users/chaalpritam/Library/Developer/Xcode/DerivedData/ModuleCache.noindex -profile-generate -profile-coverage-mapping -swift-version 5 -enforce-exclusivity\=checked -Onone -D DEBUG -serialize-debugging-options -const-gather-protocols-file /Users/chaalpritam/Library/Developer/Xcode/DerivedData/type-aackdwwuwxayolgleuusgbwkkpsp/Build/Intermediates.noindex/type.build/Debug/type.build/Objects-normal/x86_64/type_const_extract_protocols.json -enable-experimental-feature DebugDescriptionMacro -enable-experimental-feature OpaqueTypeErasure -enable-bare-slash-regex -empty-abi-descriptor -validate-clang-modules-once -clang-build-session-file /Users/chaalpritam/Library/Developer/Xcode/DerivedData/ModuleCache.noindex/Session.modulevalidation -Xcc -working-directory -Xcc /Users/chaalpritam/Blockbase/type -resource-dir /Applications/Xcode.app/Contents/Developer/Toolchains/XcodeDefault.xctoolchain/usr/lib/swift -enable-anonymous-context-mangled-names -file-compilation-dir /Users/chaalpritam/Blockbase/type -Xcc -D_LIBCPP_HARDENING_MODE\=_LIBCPP_HARDENING_MODE_DEBUG -Xcc -ivfsstatcache -Xcc /Users/chaalpritam/Library/Developer/Xcode/DerivedData/SDKStatCaches.noindex/macosx15.1-24B75-26c8390a7c93c703a57fb2538426748e.sdkstatcache -Xcc -I/Users/chaalpritam/Library/Developer/Xcode/DerivedData/type-aackdwwuwxayolgleuusgbwkkpsp/Build/Intermediates.noindex/type.build/Debug/type.build/swift-overrides.hmap -Xcc -iquote -Xcc /Users/chaalpritam/Library/Developer/Xcode/DerivedData/type-aackdwwuwxayolgleuusgbwkkpsp/Build/Intermediates.noindex/type.build/Debug/type.build/type-generated-files.hmap -Xcc -I/Users/chaalpritam/Library/Developer/Xcode/DerivedData/type-aackdwwuwxayolgleuusgbwkkpsp/Build/Intermediates.noindex/type.build/Debug/type.build/type-own-target-headers.hmap -Xcc -I/Users/chaalpritam/Library/Developer/Xcode/DerivedData/type-aackdwwuwxayolgleuusgbwkkpsp/Build/Intermediates.noindex/type.build/Debug/type.build/type-all-target-headers.hmap -Xcc -iquote -Xcc /Users/chaalpritam/Library/Developer/Xcode/DerivedData/type-aackdwwuwxayolgleuusgbwkkpsp/Build/Intermediates.noindex/type.build/Debug/type.build/type-project-headers.hmap -Xcc -I/Users/chaalpritam/Library/Developer/Xcode/DerivedData/type-aackdwwuwxayolgleuusgbwkkpsp/Build/Products/Debug/include -Xcc -I/Users/chaalpritam/Library/Developer/Xcode/DerivedData/type-aackdwwuwxayolgleuusgbwkkpsp/Build/Intermediates.noindex/type.build/Debug/type.build/DerivedSources-normal/x86_64 -Xcc -I/Users/chaalpritam/Library/Developer/Xcode/DerivedData/type-aackdwwuwxayolgleuusgbwkkpsp/Build/Intermediates.noindex/type.build/Debug/type.build/DerivedSources/x86_64 -Xcc -I/Users/chaalpritam/Library/Developer/Xcode/DerivedData/type-aackdwwuwxayolgleuusgbwkkpsp/Build/Intermediates.noindex/type.build/Debug/type.build/DerivedSources -Xcc -DDEBUG\=1 -module-name type -frontend-parseable-output -disable-clang-spi -target-sdk-version 15.1 -target-sdk-name macosx15.1 -external-plugin-path /Applications/Xcode.app/Contents/Developer/Platforms/MacOSX.platform/Developer/usr/lib/swift/host/plugins\#/Applications/Xcode.app/Contents/Developer/Platforms/MacOSX.platform/Developer/usr/bin/swift-plugin-server -external-plugin-path /Applications/Xcode.app/Contents/Developer/Platforms/MacOSX.platform/Developer/usr/local/lib/swift/host/plugins\#/Applications/Xcode.app/Contents/Developer/Platforms/MacOSX.platform/Developer/usr/bin/swift-plugin-server -plugin-path /Applications/Xcode.app/Contents/Developer/Toolchains/XcodeDefault.xctoolchain/usr/lib/swift/host/plugins -plugin-path /Applications/Xcode.app/Contents/Developer/Toolchains/XcodeDefault.xctoolchain/usr/local/lib/swift/host/plugins -o /Users/chaalpritam/Library/Developer/Xcode/DerivedData/type-aackdwwuwxayolgleuusgbwkkpsp/Build/Intermediates.noindex/type.build/Debug/type.build/Objects-normal/x86_64/FileCoordinator.o -o /Users/chaalpritam/Library/Developer/Xcode/DerivedData/type-aackdwwuwxayolgleuusgbwkkpsp/Build/Intermediates.noindex/type.build/Debug/type.build/Objects-normal/x86_64/OutlineCoordinator.o -o /Users/chaalpritam/Library/Developer/Xcode/DerivedData/type-aackdwwuwxayolgleuusgbwkkpsp/Build/Intermediates.noindex/type.build/Debug/type.build/Objects-normal/x86_64/OutlineDatabase.o -o /Users/chaalpritam/Library/Developer/Xcode/DerivedData/type-aackdwwuwxayolgleuusgbwkkpsp/Build/Intermediates.noindex/type.build/Debug/type.build/Objects-normal/x86_64/OutlineDetailViews.o -o /Users/chaalpritam/Library/Developer/Xcode/DerivedData/type-aackdwwuwxayolgleuusgbwkkpsp/Build/Intermediates.noindex/type.build/Debug/type.build/Objects-normal/x86_64/OutlineViews.o -o /Users/chaalpritam/Library/Developer/Xcode/DerivedData/type-aackdwwuwxayolgleuusgbwkkpsp/Build/Intermediates.noindex/type.build/Debug/type.build/Objects-normal/x86_64/SceneDatabase.o -index-unit-output-path /type.build/Debug/type.build/Objects-normal/x86_64/FileCoordinator.o -index-unit-output-path /type.build/Debug/type.build/Objects-normal/x86_64/OutlineCoordinator.o -index-unit-output-path /type.build/Debug/type.build/Objects-normal/x86_64/OutlineDatabase.o -index-unit-output-path /type.build/Debug/type.build/Objects-normal/x86_64/OutlineDetailViews.o -index-unit-output-path /type.build/Debug/type.build/Objects-normal/x86_64/OutlineViews.o -index-unit-output-path /type.build/Debug/type.build/Objects-normal/x86_64/SceneDatabase.o -index-store-path /Users/chaalpritam/Library/Developer/Xcode/DerivedData/type-aackdwwuwxayolgleuusgbwkkpsp/Index.noindex/DataStore -index-system-modules

SwiftCompile normal x86_64 Compiling\ WelcomeView.swift,\ DocumentService.swift,\ FileManagementService.swift,\ FileManager.swift,\ SettingsService.swift,\ StatisticsService.swift /Users/chaalpritam/Blockbase/type/type/Features/Welcome/WelcomeView.swift /Users/chaalpritam/Blockbase/type/type/Services/DocumentService.swift /Users/chaalpritam/Blockbase/type/type/Services/FileManagementService.swift /Users/chaalpritam/Blockbase/type/type/Services/FileManager.swift /Users/chaalpritam/Blockbase/type/type/Services/SettingsService.swift /Users/chaalpritam/Blockbase/type/type/Services/StatisticsService.swift (in target 'type' from project 'type')
    cd /Users/chaalpritam/Blockbase/type
    builtin-swiftTaskExecution -- /Applications/Xcode.app/Contents/Developer/Toolchains/XcodeDefault.xctoolchain/usr/bin/swift-frontend -frontend -c /Users/chaalpritam/Blockbase/type/type/Core/AppCoordinator.swift /Users/chaalpritam/Blockbase/type/type/Core/ModuleCoordinator.swift /Users/chaalpritam/Blockbase/type/type/Data/CharacterModels.swift /Users/chaalpritam/Blockbase/type/type/Data/OutlineModels.swift /Users/chaalpritam/Blockbase/type/type/Data/SceneModels.swift /Users/chaalpritam/Blockbase/type/type/Data/ScreenplayDocument.swift /Users/chaalpritam/Blockbase/type/type/Data/TimelineModels.swift /Users/chaalpritam/Blockbase/type/type/Features/Characters/CharacterCoordinator.swift /Users/chaalpritam/Blockbase/type/type/Features/Characters/CharacterDatabase.swift /Users/chaalpritam/Blockbase/type/type/Features/Characters/CharacterDetailViews.swift /Users/chaalpritam/Blockbase/type/type/Features/Characters/CharacterDetailViews2.swift /Users/chaalpritam/Blockbase/type/type/Features/Characters/CharacterEditViews.swift /Users/chaalpritam/Blockbase/type/type/Features/Characters/CharacterViews.swift /Users/chaalpritam/Blockbase/type/type/Features/Collaboration/CollaborationCoordinator.swift /Users/chaalpritam/Blockbase/type/type/Features/Collaboration/CollaborationManager.swift /Users/chaalpritam/Blockbase/type/type/Features/Collaboration/CollaborationViews.swift /Users/chaalpritam/Blockbase/type/type/Features/Editor/AdvancedEditorFeatures.swift /Users/chaalpritam/Blockbase/type/type/Features/Editor/AutoCompletionManager.swift /Users/chaalpritam/Blockbase/type/type/Features/Editor/CodeFoldingManager.swift /Users/chaalpritam/Blockbase/type/type/Features/Editor/EditorCoordinator.swift /Users/chaalpritam/Blockbase/type/type/Features/Editor/EnhancedFountainTextEditor.swift /Users/chaalpritam/Blockbase/type/type/Features/Editor/FindReplaceView.swift /Users/chaalpritam/Blockbase/type/type/Features/Editor/FountainHelpView.swift /Users/chaalpritam/Blockbase/type/type/Features/Editor/FountainParser.swift /Users/chaalpritam/Blockbase/type/type/Features/Editor/FountainSyntaxHighlighter.swift /Users/chaalpritam/Blockbase/type/type/Features/Editor/FountainTemplate.swift /Users/chaalpritam/Blockbase/type/type/Features/Editor/FountainTextEditor.swift /Users/chaalpritam/Blockbase/type/type/Features/Editor/MinimapView.swift /Users/chaalpritam/Blockbase/type/type/Features/Editor/MultipleCursorsTextEditor.swift /Users/chaalpritam/Blockbase/type/type/Features/Editor/ScreenplayPreview.swift /Users/chaalpritam/Blockbase/type/type/Features/Editor/SmartFormattingManager.swift /Users/chaalpritam/Blockbase/type/type/Features/Editor/SpellCheckTextEditor.swift /Users/chaalpritam/Blockbase/type/type/Features/Editor/TextHistoryManager.swift /Users/chaalpritam/Blockbase/type/type/Features/File/FileCoordinator.swift /Users/chaalpritam/Blockbase/type/type/Features/Outline/OutlineCoordinator.swift /Users/chaalpritam/Blockbase/type/type/Features/Outline/OutlineDatabase.swift /Users/chaalpritam/Blockbase/type/type/Features/Outline/OutlineDetailViews.swift /Users/chaalpritam/Blockbase/type/type/Features/Outline/OutlineViews.swift /Users/chaalpritam/Blockbase/type/type/Features/Scenes/SceneDatabase.swift /Users/chaalpritam/Blockbase/type/type/Features/Scenes/SceneDetailViews.swift /Users/chaalpritam/Blockbase/type/type/Features/Scenes/SceneViews.swift /Users/chaalpritam/Blockbase/type/type/Features/StoryProtocol/StoryProtocolCoordinator.swift /Users/chaalpritam/Blockbase/type/type/Features/StoryProtocol/StoryProtocolViews.swift /Users/chaalpritam/Blockbase/type/type/Features/Timeline/TimelineDatabase.swift /Users/chaalpritam/Blockbase/type/type/Features/Timeline/TimelineViews.swift -primary-file /Users/chaalpritam/Blockbase/type/type/Features/Welcome/WelcomeView.swift -primary-file /Users/chaalpritam/Blockbase/type/type/Services/DocumentService.swift -primary-file /Users/chaalpritam/Blockbase/type/type/Services/FileManagementService.swift -primary-file /Users/chaalpritam/Blockbase/type/type/Services/FileManager.swift -primary-file /Users/chaalpritam/Blockbase/type/type/Services/SettingsService.swift -primary-file /Users/chaalpritam/Blockbase/type/type/Services/StatisticsService.swift /Users/chaalpritam/Blockbase/type/type/Services/StoryProtocolService.swift /Users/chaalpritam/Blockbase/type/type/Shared/ModalLayout.swift /Users/chaalpritam/Blockbase/type/type/UI/EnhancedAppleComponents.swift /Users/chaalpritam/Blockbase/type/type/UI/ModularAppView.swift /Users/chaalpritam/Blockbase/type/type/UI/TemplateSelectorView.swift /Users/chaalpritam/Blockbase/type/type/UI/TypeStyleAppView.swift /Users/chaalpritam/Blockbase/type/type/UI/TypeStyleComponents.swift /Users/chaalpritam/Blockbase/type/type/UI/TypeStyleTheme.swift /Users/chaalpritam/Blockbase/type/type/Utils/KeyboardShortcutsManager.swift /Users/chaalpritam/Blockbase/type/type/SceneEditViews.swift /Users/chaalpritam/Blockbase/type/type/typeApp.swift /Users/chaalpritam/Library/Developer/Xcode/DerivedData/type-aackdwwuwxayolgleuusgbwkkpsp/Build/Intermediates.noindex/type.build/Debug/type.build/DerivedSources/GeneratedAssetSymbols.swift -supplementary-output-file-map /Users/chaalpritam/Library/Developer/Xcode/DerivedData/type-aackdwwuwxayolgleuusgbwkkpsp/Build/Intermediates.noindex/type.build/Debug/type.build/Objects-normal/x86_64/supplementaryOutputs-8 -emit-localized-strings -emit-localized-strings-path /Users/chaalpritam/Library/Developer/Xcode/DerivedData/type-aackdwwuwxayolgleuusgbwkkpsp/Build/Intermediates.noindex/type.build/Debug/type.build/Objects-normal/x86_64 -target x86_64-apple-macos15.0 -enable-objc-interop -stack-check -sdk /Applications/Xcode.app/Contents/Developer/Platforms/MacOSX.platform/Developer/SDKs/MacOSX15.1.sdk -I /Users/chaalpritam/Library/Developer/Xcode/DerivedData/type-aackdwwuwxayolgleuusgbwkkpsp/Build/Products/Debug -F /Users/chaalpritam/Library/Developer/Xcode/DerivedData/type-aackdwwuwxayolgleuusgbwkkpsp/Build/Products/Debug -no-color-diagnostics -enable-testing -g -debug-info-format\=dwarf -dwarf-version\=5 -module-cache-path /Users/chaalpritam/Library/Developer/Xcode/DerivedData/ModuleCache.noindex -profile-generate -profile-coverage-mapping -swift-version 5 -enforce-exclusivity\=checked -Onone -D DEBUG -serialize-debugging-options -const-gather-protocols-file /Users/chaalpritam/Library/Developer/Xcode/DerivedData/type-aackdwwuwxayolgleuusgbwkkpsp/Build/Intermediates.noindex/type.build/Debug/type.build/Objects-normal/x86_64/type_const_extract_protocols.json -enable-experimental-feature DebugDescriptionMacro -enable-experimental-feature OpaqueTypeErasure -enable-bare-slash-regex -empty-abi-descriptor -validate-clang-modules-once -clang-build-session-file /Users/chaalpritam/Library/Developer/Xcode/DerivedData/ModuleCache.noindex/Session.modulevalidation -Xcc -working-directory -Xcc /Users/chaalpritam/Blockbase/type -resource-dir /Applications/Xcode.app/Contents/Developer/Toolchains/XcodeDefault.xctoolchain/usr/lib/swift -enable-anonymous-context-mangled-names -file-compilation-dir /Users/chaalpritam/Blockbase/type -Xcc -D_LIBCPP_HARDENING_MODE\=_LIBCPP_HARDENING_MODE_DEBUG -Xcc -ivfsstatcache -Xcc /Users/chaalpritam/Library/Developer/Xcode/DerivedData/SDKStatCaches.noindex/macosx15.1-24B75-26c8390a7c93c703a57fb2538426748e.sdkstatcache -Xcc -I/Users/chaalpritam/Library/Developer/Xcode/DerivedData/type-aackdwwuwxayolgleuusgbwkkpsp/Build/Intermediates.noindex/type.build/Debug/type.build/swift-overrides.hmap -Xcc -iquote -Xcc /Users/chaalpritam/Library/Developer/Xcode/DerivedData/type-aackdwwuwxayolgleuusgbwkkpsp/Build/Intermediates.noindex/type.build/Debug/type.build/type-generated-files.hmap -Xcc -I/Users/chaalpritam/Library/Developer/Xcode/DerivedData/type-aackdwwuwxayolgleuusgbwkkpsp/Build/Intermediates.noindex/type.build/Debug/type.build/type-own-target-headers.hmap -Xcc -I/Users/chaalpritam/Library/Developer/Xcode/DerivedData/type-aackdwwuwxayolgleuusgbwkkpsp/Build/Intermediates.noindex/type.build/Debug/type.build/type-all-target-headers.hmap -Xcc -iquote -Xcc /Users/chaalpritam/Library/Developer/Xcode/DerivedData/type-aackdwwuwxayolgleuusgbwkkpsp/Build/Intermediates.noindex/type.build/Debug/type.build/type-project-headers.hmap -Xcc -I/Users/chaalpritam/Library/Developer/Xcode/DerivedData/type-aackdwwuwxayolgleuusgbwkkpsp/Build/Products/Debug/include -Xcc -I/Users/chaalpritam/Library/Developer/Xcode/DerivedData/type-aackdwwuwxayolgleuusgbwkkpsp/Build/Intermediates.noindex/type.build/Debug/type.build/DerivedSources-normal/x86_64 -Xcc -I/Users/chaalpritam/Library/Developer/Xcode/DerivedData/type-aackdwwuwxayolgleuusgbwkkpsp/Build/Intermediates.noindex/type.build/Debug/type.build/DerivedSources/x86_64 -Xcc -I/Users/chaalpritam/Library/Developer/Xcode/DerivedData/type-aackdwwuwxayolgleuusgbwkkpsp/Build/Intermediates.noindex/type.build/Debug/type.build/DerivedSources -Xcc -DDEBUG\=1 -module-name type -frontend-parseable-output -disable-clang-spi -target-sdk-version 15.1 -target-sdk-name macosx15.1 -external-plugin-path /Applications/Xcode.app/Contents/Developer/Platforms/MacOSX.platform/Developer/usr/lib/swift/host/plugins\#/Applications/Xcode.app/Contents/Developer/Platforms/MacOSX.platform/Developer/usr/bin/swift-plugin-server -external-plugin-path /Applications/Xcode.app/Contents/Developer/Platforms/MacOSX.platform/Developer/usr/local/lib/swift/host/plugins\#/Applications/Xcode.app/Contents/Developer/Platforms/MacOSX.platform/Developer/usr/bin/swift-plugin-server -plugin-path /Applications/Xcode.app/Contents/Developer/Toolchains/XcodeDefault.xctoolchain/usr/lib/swift/host/plugins -plugin-path /Applications/Xcode.app/Contents/Developer/Toolchains/XcodeDefault.xctoolchain/usr/local/lib/swift/host/plugins -o /Users/chaalpritam/Library/Developer/Xcode/DerivedData/type-aackdwwuwxayolgleuusgbwkkpsp/Build/Intermediates.noindex/type.build/Debug/type.build/Objects-normal/x86_64/WelcomeView.o -o /Users/chaalpritam/Library/Developer/Xcode/DerivedData/type-aackdwwuwxayolgleuusgbwkkpsp/Build/Intermediates.noindex/type.build/Debug/type.build/Objects-normal/x86_64/DocumentService.o -o /Users/chaalpritam/Library/Developer/Xcode/DerivedData/type-aackdwwuwxayolgleuusgbwkkpsp/Build/Intermediates.noindex/type.build/Debug/type.build/Objects-normal/x86_64/FileManagementService.o -o /Users/chaalpritam/Library/Developer/Xcode/DerivedData/type-aackdwwuwxayolgleuusgbwkkpsp/Build/Intermediates.noindex/type.build/Debug/type.build/Objects-normal/x86_64/FileManager.o -o /Users/chaalpritam/Library/Developer/Xcode/DerivedData/type-aackdwwuwxayolgleuusgbwkkpsp/Build/Intermediates.noindex/type.build/Debug/type.build/Objects-normal/x86_64/SettingsService.o -o /Users/chaalpritam/Library/Developer/Xcode/DerivedData/type-aackdwwuwxayolgleuusgbwkkpsp/Build/Intermediates.noindex/type.build/Debug/type.build/Objects-normal/x86_64/StatisticsService.o -index-unit-output-path /type.build/Debug/type.build/Objects-normal/x86_64/WelcomeView.o -index-unit-output-path /type.build/Debug/type.build/Objects-normal/x86_64/DocumentService.o -index-unit-output-path /type.build/Debug/type.build/Objects-normal/x86_64/FileManagementService.o -index-unit-output-path /type.build/Debug/type.build/Objects-normal/x86_64/FileManager.o -index-unit-output-path /type.build/Debug/type.build/Objects-normal/x86_64/SettingsService.o -index-unit-output-path /type.build/Debug/type.build/Objects-normal/x86_64/StatisticsService.o -index-store-path /Users/chaalpritam/Library/Developer/Xcode/DerivedData/type-aackdwwuwxayolgleuusgbwkkpsp/Index.noindex/DataStore -index-system-modules

SwiftCompile normal x86_64 /Users/chaalpritam/Blockbase/type/type/Features/Welcome/WelcomeView.swift (in target 'type' from project 'type')
    cd /Users/chaalpritam/Blockbase/type
    /Applications/Xcode.app/Contents/Developer/Toolchains/XcodeDefault.xctoolchain/usr/bin/swift-frontend -c /Users/chaalpritam/Blockbase/type/type/Core/AppCoordinator.swift /Users/chaalpritam/Blockbase/type/type/Core/ModuleCoordinator.swift /Users/chaalpritam/Blockbase/type/type/Data/CharacterModels.swift /Users/chaalpritam/Blockbase/type/type/Data/OutlineModels.swift /Users/chaalpritam/Blockbase/type/type/Data/SceneModels.swift /Users/chaalpritam/Blockbase/type/type/Data/ScreenplayDocument.swift /Users/chaalpritam/Blockbase/type/type/Data/TimelineModels.swift /Users/chaalpritam/Blockbase/type/type/Features/Characters/CharacterCoordinator.swift /Users/chaalpritam/Blockbase/type/type/Features/Characters/CharacterDatabase.swift /Users/chaalpritam/Blockbase/type/type/Features/Characters/CharacterDetailViews.swift /Users/chaalpritam/Blockbase/type/type/Features/Characters/CharacterDetailViews2.swift /Users/chaalpritam/Blockbase/type/type/Features/Characters/CharacterEditViews.swift /Users/chaalpritam/Blockbase/type/type/Features/Characters/CharacterViews.swift /Users/chaalpritam/Blockbase/type/type/Features/Collaboration/CollaborationCoordinator.swift /Users/chaalpritam/Blockbase/type/type/Features/Collaboration/CollaborationManager.swift /Users/chaalpritam/Blockbase/type/type/Features/Collaboration/CollaborationViews.swift /Users/chaalpritam/Blockbase/type/type/Features/Editor/AdvancedEditorFeatures.swift /Users/chaalpritam/Blockbase/type/type/Features/Editor/AutoCompletionManager.swift /Users/chaalpritam/Blockbase/type/type/Features/Editor/CodeFoldingManager.swift /Users/chaalpritam/Blockbase/type/type/Features/Editor/EditorCoordinator.swift /Users/chaalpritam/Blockbase/type/type/Features/Editor/EnhancedFountainTextEditor.swift /Users/chaalpritam/Blockbase/type/type/Features/Editor/FindReplaceView.swift /Users/chaalpritam/Blockbase/type/type/Features/Editor/FountainHelpView.swift /Users/chaalpritam/Blockbase/type/type/Features/Editor/FountainParser.swift /Users/chaalpritam/Blockbase/type/type/Features/Editor/FountainSyntaxHighlighter.swift /Users/chaalpritam/Blockbase/type/type/Features/Editor/FountainTemplate.swift /Users/chaalpritam/Blockbase/type/type/Features/Editor/FountainTextEditor.swift /Users/chaalpritam/Blockbase/type/type/Features/Editor/MinimapView.swift /Users/chaalpritam/Blockbase/type/type/Features/Editor/MultipleCursorsTextEditor.swift /Users/chaalpritam/Blockbase/type/type/Features/Editor/ScreenplayPreview.swift /Users/chaalpritam/Blockbase/type/type/Features/Editor/SmartFormattingManager.swift /Users/chaalpritam/Blockbase/type/type/Features/Editor/SpellCheckTextEditor.swift /Users/chaalpritam/Blockbase/type/type/Features/Editor/TextHistoryManager.swift /Users/chaalpritam/Blockbase/type/type/Features/File/FileCoordinator.swift /Users/chaalpritam/Blockbase/type/type/Features/Outline/OutlineCoordinator.swift /Users/chaalpritam/Blockbase/type/type/Features/Outline/OutlineDatabase.swift /Users/chaalpritam/Blockbase/type/type/Features/Outline/OutlineDetailViews.swift /Users/chaalpritam/Blockbase/type/type/Features/Outline/OutlineViews.swift /Users/chaalpritam/Blockbase/type/type/Features/Scenes/SceneDatabase.swift /Users/chaalpritam/Blockbase/type/type/Features/Scenes/SceneDetailViews.swift /Users/chaalpritam/Blockbase/type/type/Features/Scenes/SceneViews.swift /Users/chaalpritam/Blockbase/type/type/Features/StoryProtocol/StoryProtocolCoordinator.swift /Users/chaalpritam/Blockbase/type/type/Features/StoryProtocol/StoryProtocolViews.swift /Users/chaalpritam/Blockbase/type/type/Features/Timeline/TimelineDatabase.swift /Users/chaalpritam/Blockbase/type/type/Features/Timeline/TimelineViews.swift -primary-file /Users/chaalpritam/Blockbase/type/type/Features/Welcome/WelcomeView.swift -primary-file /Users/chaalpritam/Blockbase/type/type/Services/DocumentService.swift -primary-file /Users/chaalpritam/Blockbase/type/type/Services/FileManagementService.swift -primary-file /Users/chaalpritam/Blockbase/type/type/Services/FileManager.swift -primary-file /Users/chaalpritam/Blockbase/type/type/Services/SettingsService.swift -primary-file /Users/chaalpritam/Blockbase/type/type/Services/StatisticsService.swift /Users/chaalpritam/Blockbase/type/type/Services/StoryProtocolService.swift /Users/chaalpritam/Blockbase/type/type/Shared/ModalLayout.swift /Users/chaalpritam/Blockbase/type/type/UI/EnhancedAppleComponents.swift /Users/chaalpritam/Blockbase/type/type/UI/ModularAppView.swift /Users/chaalpritam/Blockbase/type/type/UI/TemplateSelectorView.swift /Users/chaalpritam/Blockbase/type/type/UI/TypeStyleAppView.swift /Users/chaalpritam/Blockbase/type/type/UI/TypeStyleComponents.swift /Users/chaalpritam/Blockbase/type/type/UI/TypeStyleTheme.swift /Users/chaalpritam/Blockbase/type/type/Utils/KeyboardShortcutsManager.swift /Users/chaalpritam/Blockbase/type/type/SceneEditViews.swift /Users/chaalpritam/Blockbase/type/type/typeApp.swift /Users/chaalpritam/Library/Developer/Xcode/DerivedData/type-aackdwwuwxayolgleuusgbwkkpsp/Build/Intermediates.noindex/type.build/Debug/type.build/DerivedSources/GeneratedAssetSymbols.swift -supplementary-output-file-map /Users/chaalpritam/Library/Developer/Xcode/DerivedData/type-aackdwwuwxayolgleuusgbwkkpsp/Build/Intermediates.noindex/type.build/Debug/type.build/Objects-normal/x86_64/supplementaryOutputs-8 -emit-localized-strings -emit-localized-strings-path /Users/chaalpritam/Library/Developer/Xcode/DerivedData/type-aackdwwuwxayolgleuusgbwkkpsp/Build/Intermediates.noindex/type.build/Debug/type.build/Objects-normal/x86_64 -target x86_64-apple-macos15.0 -enable-objc-interop -stack-check -sdk /Applications/Xcode.app/Contents/Developer/Platforms/MacOSX.platform/Developer/SDKs/MacOSX15.1.sdk -I /Users/chaalpritam/Library/Developer/Xcode/DerivedData/type-aackdwwuwxayolgleuusgbwkkpsp/Build/Products/Debug -F /Users/chaalpritam/Library/Developer/Xcode/DerivedData/type-aackdwwuwxayolgleuusgbwkkpsp/Build/Products/Debug -no-color-diagnostics -enable-testing -g -debug-info-format\=dwarf -dwarf-version\=5 -module-cache-path /Users/chaalpritam/Library/Developer/Xcode/DerivedData/ModuleCache.noindex -profile-generate -profile-coverage-mapping -swift-version 5 -enforce-exclusivity\=checked -Onone -D DEBUG -serialize-debugging-options -const-gather-protocols-file /Users/chaalpritam/Library/Developer/Xcode/DerivedData/type-aackdwwuwxayolgleuusgbwkkpsp/Build/Intermediates.noindex/type.build/Debug/type.build/Objects-normal/x86_64/type_const_extract_protocols.json -enable-experimental-feature DebugDescriptionMacro -enable-experimental-feature OpaqueTypeErasure -enable-bare-slash-regex -empty-abi-descriptor -validate-clang-modules-once -clang-build-session-file /Users/chaalpritam/Library/Developer/Xcode/DerivedData/ModuleCache.noindex/Session.modulevalidation -Xcc -working-directory -Xcc /Users/chaalpritam/Blockbase/type -resource-dir /Applications/Xcode.app/Contents/Developer/Toolchains/XcodeDefault.xctoolchain/usr/lib/swift -enable-anonymous-context-mangled-names -file-compilation-dir /Users/chaalpritam/Blockbase/type -Xcc -D_LIBCPP_HARDENING_MODE\=_LIBCPP_HARDENING_MODE_DEBUG -Xcc -ivfsstatcache -Xcc /Users/chaalpritam/Library/Developer/Xcode/DerivedData/SDKStatCaches.noindex/macosx15.1-24B75-26c8390a7c93c703a57fb2538426748e.sdkstatcache -Xcc -I/Users/chaalpritam/Library/Developer/Xcode/DerivedData/type-aackdwwuwxayolgleuusgbwkkpsp/Build/Intermediates.noindex/type.build/Debug/type.build/swift-overrides.hmap -Xcc -iquote -Xcc /Users/chaalpritam/Library/Developer/Xcode/DerivedData/type-aackdwwuwxayolgleuusgbwkkpsp/Build/Intermediates.noindex/type.build/Debug/type.build/type-generated-files.hmap -Xcc -I/Users/chaalpritam/Library/Developer/Xcode/DerivedData/type-aackdwwuwxayolgleuusgbwkkpsp/Build/Intermediates.noindex/type.build/Debug/type.build/type-own-target-headers.hmap -Xcc -I/Users/chaalpritam/Library/Developer/Xcode/DerivedData/type-aackdwwuwxayolgleuusgbwkkpsp/Build/Intermediates.noindex/type.build/Debug/type.build/type-all-target-headers.hmap -Xcc -iquote -Xcc /Users/chaalpritam/Library/Developer/Xcode/DerivedData/type-aackdwwuwxayolgleuusgbwkkpsp/Build/Intermediates.noindex/type.build/Debug/type.build/type-project-headers.hmap -Xcc -I/Users/chaalpritam/Library/Developer/Xcode/DerivedData/type-aackdwwuwxayolgleuusgbwkkpsp/Build/Products/Debug/include -Xcc -I/Users/chaalpritam/Library/Developer/Xcode/DerivedData/type-aackdwwuwxayolgleuusgbwkkpsp/Build/Intermediates.noindex/type.build/Debug/type.build/DerivedSources-normal/x86_64 -Xcc -I/Users/chaalpritam/Library/Developer/Xcode/DerivedData/type-aackdwwuwxayolgleuusgbwkkpsp/Build/Intermediates.noindex/type.build/Debug/type.build/DerivedSources/x86_64 -Xcc -I/Users/chaalpritam/Library/Developer/Xcode/DerivedData/type-aackdwwuwxayolgleuusgbwkkpsp/Build/Intermediates.noindex/type.build/Debug/type.build/DerivedSources -Xcc -DDEBUG\=1 -module-name type -frontend-parseable-output -disable-clang-spi -target-sdk-version 15.1 -target-sdk-name macosx15.1 -external-plugin-path /Applications/Xcode.app/Contents/Developer/Platforms/MacOSX.platform/Developer/usr/lib/swift/host/plugins\#/Applications/Xcode.app/Contents/Developer/Platforms/MacOSX.platform/Developer/usr/bin/swift-plugin-server -external-plugin-path /Applications/Xcode.app/Contents/Developer/Platforms/MacOSX.platform/Developer/usr/local/lib/swift/host/plugins\#/Applications/Xcode.app/Contents/Developer/Platforms/MacOSX.platform/Developer/usr/bin/swift-plugin-server -plugin-path /Applications/Xcode.app/Contents/Developer/Toolchains/XcodeDefault.xctoolchain/usr/lib/swift/host/plugins -plugin-path /Applications/Xcode.app/Contents/Developer/Toolchains/XcodeDefault.xctoolchain/usr/local/lib/swift/host/plugins -o /Users/chaalpritam/Library/Developer/Xcode/DerivedData/type-aackdwwuwxayolgleuusgbwkkpsp/Build/Intermediates.noindex/type.build/Debug/type.build/Objects-normal/x86_64/WelcomeView.o -o /Users/chaalpritam/Library/Developer/Xcode/DerivedData/type-aackdwwuwxayolgleuusgbwkkpsp/Build/Intermediates.noindex/type.build/Debug/type.build/Objects-normal/x86_64/DocumentService.o -o /Users/chaalpritam/Library/Developer/Xcode/DerivedData/type-aackdwwuwxayolgleuusgbwkkpsp/Build/Intermediates.noindex/type.build/Debug/type.build/Objects-normal/x86_64/FileManagementService.o -o /Users/chaalpritam/Library/Developer/Xcode/DerivedData/type-aackdwwuwxayolgleuusgbwkkpsp/Build/Intermediates.noindex/type.build/Debug/type.build/Objects-normal/x86_64/FileManager.o -o /Users/chaalpritam/Library/Developer/Xcode/DerivedData/type-aackdwwuwxayolgleuusgbwkkpsp/Build/Intermediates.noindex/type.build/Debug/type.build/Objects-normal/x86_64/SettingsService.o -o /Users/chaalpritam/Library/Developer/Xcode/DerivedData/type-aackdwwuwxayolgleuusgbwkkpsp/Build/Intermediates.noindex/type.build/Debug/type.build/Objects-normal/x86_64/StatisticsService.o -index-unit-output-path /type.build/Debug/type.build/Objects-normal/x86_64/WelcomeView.o -index-unit-output-path /type.build/Debug/type.build/Objects-normal/x86_64/DocumentService.o -index-unit-output-path /type.build/Debug/type.build/Objects-normal/x86_64/FileManagementService.o -index-unit-output-path /type.build/Debug/type.build/Objects-normal/x86_64/FileManager.o -index-unit-output-path /type.build/Debug/type.build/Objects-normal/x86_64/SettingsService.o -index-unit-output-path /type.build/Debug/type.build/Objects-normal/x86_64/StatisticsService.o -index-store-path /Users/chaalpritam/Library/Developer/Xcode/DerivedData/type-aackdwwuwxayolgleuusgbwkkpsp/Index.noindex/DataStore -index-system-modules
/Users/chaalpritam/Blockbase/type/type/Features/Welcome/WelcomeView.swift:457:9: error: switch must be exhaustive
        switch template {
        ^
/Users/chaalpritam/Blockbase/type/type/Features/Welcome/WelcomeView.swift:457:9: note: add missing case: '.stagePlay'
        switch template {
        ^
/Users/chaalpritam/Blockbase/type/type/Features/Welcome/WelcomeView.swift:457:9: note: add missing case: '.podcast'
        switch template {
        ^
/Users/chaalpritam/Blockbase/type/type/Features/Welcome/WelcomeView.swift:457:9: note: add missing case: '.documentary'
        switch template {
        ^
/Users/chaalpritam/Blockbase/type/type/Features/Welcome/WelcomeView.swift:471:9: error: switch must be exhaustive
        switch template {
        ^
/Users/chaalpritam/Blockbase/type/type/Features/Welcome/WelcomeView.swift:471:9: note: add missing case: '.stagePlay'
        switch template {
        ^
/Users/chaalpritam/Blockbase/type/type/Features/Welcome/WelcomeView.swift:471:9: note: add missing case: '.podcast'
        switch template {
        ^
/Users/chaalpritam/Blockbase/type/type/Features/Welcome/WelcomeView.swift:471:9: note: add missing case: '.documentary'
        switch template {
        ^

SwiftCompile normal x86_64 /Users/chaalpritam/Blockbase/type/type/Services/DocumentService.swift (in target 'type' from project 'type')
    cd /Users/chaalpritam/Blockbase/type
    /Applications/Xcode.app/Contents/Developer/Toolchains/XcodeDefault.xctoolchain/usr/bin/swift-frontend -c /Users/chaalpritam/Blockbase/type/type/Core/AppCoordinator.swift /Users/chaalpritam/Blockbase/type/type/Core/ModuleCoordinator.swift /Users/chaalpritam/Blockbase/type/type/Data/CharacterModels.swift /Users/chaalpritam/Blockbase/type/type/Data/OutlineModels.swift /Users/chaalpritam/Blockbase/type/type/Data/SceneModels.swift /Users/chaalpritam/Blockbase/type/type/Data/ScreenplayDocument.swift /Users/chaalpritam/Blockbase/type/type/Data/TimelineModels.swift /Users/chaalpritam/Blockbase/type/type/Features/Characters/CharacterCoordinator.swift /Users/chaalpritam/Blockbase/type/type/Features/Characters/CharacterDatabase.swift /Users/chaalpritam/Blockbase/type/type/Features/Characters/CharacterDetailViews.swift /Users/chaalpritam/Blockbase/type/type/Features/Characters/CharacterDetailViews2.swift /Users/chaalpritam/Blockbase/type/type/Features/Characters/CharacterEditViews.swift /Users/chaalpritam/Blockbase/type/type/Features/Characters/CharacterViews.swift /Users/chaalpritam/Blockbase/type/type/Features/Collaboration/CollaborationCoordinator.swift /Users/chaalpritam/Blockbase/type/type/Features/Collaboration/CollaborationManager.swift /Users/chaalpritam/Blockbase/type/type/Features/Collaboration/CollaborationViews.swift /Users/chaalpritam/Blockbase/type/type/Features/Editor/AdvancedEditorFeatures.swift /Users/chaalpritam/Blockbase/type/type/Features/Editor/AutoCompletionManager.swift /Users/chaalpritam/Blockbase/type/type/Features/Editor/CodeFoldingManager.swift /Users/chaalpritam/Blockbase/type/type/Features/Editor/EditorCoordinator.swift /Users/chaalpritam/Blockbase/type/type/Features/Editor/EnhancedFountainTextEditor.swift /Users/chaalpritam/Blockbase/type/type/Features/Editor/FindReplaceView.swift /Users/chaalpritam/Blockbase/type/type/Features/Editor/FountainHelpView.swift /Users/chaalpritam/Blockbase/type/type/Features/Editor/FountainParser.swift /Users/chaalpritam/Blockbase/type/type/Features/Editor/FountainSyntaxHighlighter.swift /Users/chaalpritam/Blockbase/type/type/Features/Editor/FountainTemplate.swift /Users/chaalpritam/Blockbase/type/type/Features/Editor/FountainTextEditor.swift /Users/chaalpritam/Blockbase/type/type/Features/Editor/MinimapView.swift /Users/chaalpritam/Blockbase/type/type/Features/Editor/MultipleCursorsTextEditor.swift /Users/chaalpritam/Blockbase/type/type/Features/Editor/ScreenplayPreview.swift /Users/chaalpritam/Blockbase/type/type/Features/Editor/SmartFormattingManager.swift /Users/chaalpritam/Blockbase/type/type/Features/Editor/SpellCheckTextEditor.swift /Users/chaalpritam/Blockbase/type/type/Features/Editor/TextHistoryManager.swift /Users/chaalpritam/Blockbase/type/type/Features/File/FileCoordinator.swift /Users/chaalpritam/Blockbase/type/type/Features/Outline/OutlineCoordinator.swift /Users/chaalpritam/Blockbase/type/type/Features/Outline/OutlineDatabase.swift /Users/chaalpritam/Blockbase/type/type/Features/Outline/OutlineDetailViews.swift /Users/chaalpritam/Blockbase/type/type/Features/Outline/OutlineViews.swift /Users/chaalpritam/Blockbase/type/type/Features/Scenes/SceneDatabase.swift /Users/chaalpritam/Blockbase/type/type/Features/Scenes/SceneDetailViews.swift /Users/chaalpritam/Blockbase/type/type/Features/Scenes/SceneViews.swift /Users/chaalpritam/Blockbase/type/type/Features/StoryProtocol/StoryProtocolCoordinator.swift /Users/chaalpritam/Blockbase/type/type/Features/StoryProtocol/StoryProtocolViews.swift /Users/chaalpritam/Blockbase/type/type/Features/Timeline/TimelineDatabase.swift /Users/chaalpritam/Blockbase/type/type/Features/Timeline/TimelineViews.swift -primary-file /Users/chaalpritam/Blockbase/type/type/Features/Welcome/WelcomeView.swift -primary-file /Users/chaalpritam/Blockbase/type/type/Services/DocumentService.swift -primary-file /Users/chaalpritam/Blockbase/type/type/Services/FileManagementService.swift -primary-file /Users/chaalpritam/Blockbase/type/type/Services/FileManager.swift -primary-file /Users/chaalpritam/Blockbase/type/type/Services/SettingsService.swift -primary-file /Users/chaalpritam/Blockbase/type/type/Services/StatisticsService.swift /Users/chaalpritam/Blockbase/type/type/Services/StoryProtocolService.swift /Users/chaalpritam/Blockbase/type/type/Shared/ModalLayout.swift /Users/chaalpritam/Blockbase/type/type/UI/EnhancedAppleComponents.swift /Users/chaalpritam/Blockbase/type/type/UI/ModularAppView.swift /Users/chaalpritam/Blockbase/type/type/UI/TemplateSelectorView.swift /Users/chaalpritam/Blockbase/type/type/UI/TypeStyleAppView.swift /Users/chaalpritam/Blockbase/type/type/UI/TypeStyleComponents.swift /Users/chaalpritam/Blockbase/type/type/UI/TypeStyleTheme.swift /Users/chaalpritam/Blockbase/type/type/Utils/KeyboardShortcutsManager.swift /Users/chaalpritam/Blockbase/type/type/SceneEditViews.swift /Users/chaalpritam/Blockbase/type/type/typeApp.swift /Users/chaalpritam/Library/Developer/Xcode/DerivedData/type-aackdwwuwxayolgleuusgbwkkpsp/Build/Intermediates.noindex/type.build/Debug/type.build/DerivedSources/GeneratedAssetSymbols.swift -supplementary-output-file-map /Users/chaalpritam/Library/Developer/Xcode/DerivedData/type-aackdwwuwxayolgleuusgbwkkpsp/Build/Intermediates.noindex/type.build/Debug/type.build/Objects-normal/x86_64/supplementaryOutputs-8 -emit-localized-strings -emit-localized-strings-path /Users/chaalpritam/Library/Developer/Xcode/DerivedData/type-aackdwwuwxayolgleuusgbwkkpsp/Build/Intermediates.noindex/type.build/Debug/type.build/Objects-normal/x86_64 -target x86_64-apple-macos15.0 -enable-objc-interop -stack-check -sdk /Applications/Xcode.app/Contents/Developer/Platforms/MacOSX.platform/Developer/SDKs/MacOSX15.1.sdk -I /Users/chaalpritam/Library/Developer/Xcode/DerivedData/type-aackdwwuwxayolgleuusgbwkkpsp/Build/Products/Debug -F /Users/chaalpritam/Library/Developer/Xcode/DerivedData/type-aackdwwuwxayolgleuusgbwkkpsp/Build/Products/Debug -no-color-diagnostics -enable-testing -g -debug-info-format\=dwarf -dwarf-version\=5 -module-cache-path /Users/chaalpritam/Library/Developer/Xcode/DerivedData/ModuleCache.noindex -profile-generate -profile-coverage-mapping -swift-version 5 -enforce-exclusivity\=checked -Onone -D DEBUG -serialize-debugging-options -const-gather-protocols-file /Users/chaalpritam/Library/Developer/Xcode/DerivedData/type-aackdwwuwxayolgleuusgbwkkpsp/Build/Intermediates.noindex/type.build/Debug/type.build/Objects-normal/x86_64/type_const_extract_protocols.json -enable-experimental-feature DebugDescriptionMacro -enable-experimental-feature OpaqueTypeErasure -enable-bare-slash-regex -empty-abi-descriptor -validate-clang-modules-once -clang-build-session-file /Users/chaalpritam/Library/Developer/Xcode/DerivedData/ModuleCache.noindex/Session.modulevalidation -Xcc -working-directory -Xcc /Users/chaalpritam/Blockbase/type -resource-dir /Applications/Xcode.app/Contents/Developer/Toolchains/XcodeDefault.xctoolchain/usr/lib/swift -enable-anonymous-context-mangled-names -file-compilation-dir /Users/chaalpritam/Blockbase/type -Xcc -D_LIBCPP_HARDENING_MODE\=_LIBCPP_HARDENING_MODE_DEBUG -Xcc -ivfsstatcache -Xcc /Users/chaalpritam/Library/Developer/Xcode/DerivedData/SDKStatCaches.noindex/macosx15.1-24B75-26c8390a7c93c703a57fb2538426748e.sdkstatcache -Xcc -I/Users/chaalpritam/Library/Developer/Xcode/DerivedData/type-aackdwwuwxayolgleuusgbwkkpsp/Build/Intermediates.noindex/type.build/Debug/type.build/swift-overrides.hmap -Xcc -iquote -Xcc /Users/chaalpritam/Library/Developer/Xcode/DerivedData/type-aackdwwuwxayolgleuusgbwkkpsp/Build/Intermediates.noindex/type.build/Debug/type.build/type-generated-files.hmap -Xcc -I/Users/chaalpritam/Library/Developer/Xcode/DerivedData/type-aackdwwuwxayolgleuusgbwkkpsp/Build/Intermediates.noindex/type.build/Debug/type.build/type-own-target-headers.hmap -Xcc -I/Users/chaalpritam/Library/Developer/Xcode/DerivedData/type-aackdwwuwxayolgleuusgbwkkpsp/Build/Intermediates.noindex/type.build/Debug/type.build/type-all-target-headers.hmap -Xcc -iquote -Xcc /Users/chaalpritam/Library/Developer/Xcode/DerivedData/type-aackdwwuwxayolgleuusgbwkkpsp/Build/Intermediates.noindex/type.build/Debug/type.build/type-project-headers.hmap -Xcc -I/Users/chaalpritam/Library/Developer/Xcode/DerivedData/type-aackdwwuwxayolgleuusgbwkkpsp/Build/Products/Debug/include -Xcc -I/Users/chaalpritam/Library/Developer/Xcode/DerivedData/type-aackdwwuwxayolgleuusgbwkkpsp/Build/Intermediates.noindex/type.build/Debug/type.build/DerivedSources-normal/x86_64 -Xcc -I/Users/chaalpritam/Library/Developer/Xcode/DerivedData/type-aackdwwuwxayolgleuusgbwkkpsp/Build/Intermediates.noindex/type.build/Debug/type.build/DerivedSources/x86_64 -Xcc -I/Users/chaalpritam/Library/Developer/Xcode/DerivedData/type-aackdwwuwxayolgleuusgbwkkpsp/Build/Intermediates.noindex/type.build/Debug/type.build/DerivedSources -Xcc -DDEBUG\=1 -module-name type -frontend-parseable-output -disable-clang-spi -target-sdk-version 15.1 -target-sdk-name macosx15.1 -external-plugin-path /Applications/Xcode.app/Contents/Developer/Platforms/MacOSX.platform/Developer/usr/lib/swift/host/plugins\#/Applications/Xcode.app/Contents/Developer/Platforms/MacOSX.platform/Developer/usr/bin/swift-plugin-server -external-plugin-path /Applications/Xcode.app/Contents/Developer/Platforms/MacOSX.platform/Developer/usr/local/lib/swift/host/plugins\#/Applications/Xcode.app/Contents/Developer/Platforms/MacOSX.platform/Developer/usr/bin/swift-plugin-server -plugin-path /Applications/Xcode.app/Contents/Developer/Toolchains/XcodeDefault.xctoolchain/usr/lib/swift/host/plugins -plugin-path /Applications/Xcode.app/Contents/Developer/Toolchains/XcodeDefault.xctoolchain/usr/local/lib/swift/host/plugins -o /Users/chaalpritam/Library/Developer/Xcode/DerivedData/type-aackdwwuwxayolgleuusgbwkkpsp/Build/Intermediates.noindex/type.build/Debug/type.build/Objects-normal/x86_64/WelcomeView.o -o /Users/chaalpritam/Library/Developer/Xcode/DerivedData/type-aackdwwuwxayolgleuusgbwkkpsp/Build/Intermediates.noindex/type.build/Debug/type.build/Objects-normal/x86_64/DocumentService.o -o /Users/chaalpritam/Library/Developer/Xcode/DerivedData/type-aackdwwuwxayolgleuusgbwkkpsp/Build/Intermediates.noindex/type.build/Debug/type.build/Objects-normal/x86_64/FileManagementService.o -o /Users/chaalpritam/Library/Developer/Xcode/DerivedData/type-aackdwwuwxayolgleuusgbwkkpsp/Build/Intermediates.noindex/type.build/Debug/type.build/Objects-normal/x86_64/FileManager.o -o /Users/chaalpritam/Library/Developer/Xcode/DerivedData/type-aackdwwuwxayolgleuusgbwkkpsp/Build/Intermediates.noindex/type.build/Debug/type.build/Objects-normal/x86_64/SettingsService.o -o /Users/chaalpritam/Library/Developer/Xcode/DerivedData/type-aackdwwuwxayolgleuusgbwkkpsp/Build/Intermediates.noindex/type.build/Debug/type.build/Objects-normal/x86_64/StatisticsService.o -index-unit-output-path /type.build/Debug/type.build/Objects-normal/x86_64/WelcomeView.o -index-unit-output-path /type.build/Debug/type.build/Objects-normal/x86_64/DocumentService.o -index-unit-output-path /type.build/Debug/type.build/Objects-normal/x86_64/FileManagementService.o -index-unit-output-path /type.build/Debug/type.build/Objects-normal/x86_64/FileManager.o -index-unit-output-path /type.build/Debug/type.build/Objects-normal/x86_64/SettingsService.o -index-unit-output-path /type.build/Debug/type.build/Objects-normal/x86_64/StatisticsService.o -index-store-path /Users/chaalpritam/Library/Developer/Xcode/DerivedData/type-aackdwwuwxayolgleuusgbwkkpsp/Index.noindex/DataStore -index-system-modules

SwiftCompile normal x86_64 /Users/chaalpritam/Blockbase/type/type/Services/FileManagementService.swift (in target 'type' from project 'type')
    cd /Users/chaalpritam/Blockbase/type
    /Applications/Xcode.app/Contents/Developer/Toolchains/XcodeDefault.xctoolchain/usr/bin/swift-frontend -c /Users/chaalpritam/Blockbase/type/type/Core/AppCoordinator.swift /Users/chaalpritam/Blockbase/type/type/Core/ModuleCoordinator.swift /Users/chaalpritam/Blockbase/type/type/Data/CharacterModels.swift /Users/chaalpritam/Blockbase/type/type/Data/OutlineModels.swift /Users/chaalpritam/Blockbase/type/type/Data/SceneModels.swift /Users/chaalpritam/Blockbase/type/type/Data/ScreenplayDocument.swift /Users/chaalpritam/Blockbase/type/type/Data/TimelineModels.swift /Users/chaalpritam/Blockbase/type/type/Features/Characters/CharacterCoordinator.swift /Users/chaalpritam/Blockbase/type/type/Features/Characters/CharacterDatabase.swift /Users/chaalpritam/Blockbase/type/type/Features/Characters/CharacterDetailViews.swift /Users/chaalpritam/Blockbase/type/type/Features/Characters/CharacterDetailViews2.swift /Users/chaalpritam/Blockbase/type/type/Features/Characters/CharacterEditViews.swift /Users/chaalpritam/Blockbase/type/type/Features/Characters/CharacterViews.swift /Users/chaalpritam/Blockbase/type/type/Features/Collaboration/CollaborationCoordinator.swift /Users/chaalpritam/Blockbase/type/type/Features/Collaboration/CollaborationManager.swift /Users/chaalpritam/Blockbase/type/type/Features/Collaboration/CollaborationViews.swift /Users/chaalpritam/Blockbase/type/type/Features/Editor/AdvancedEditorFeatures.swift /Users/chaalpritam/Blockbase/type/type/Features/Editor/AutoCompletionManager.swift /Users/chaalpritam/Blockbase/type/type/Features/Editor/CodeFoldingManager.swift /Users/chaalpritam/Blockbase/type/type/Features/Editor/EditorCoordinator.swift /Users/chaalpritam/Blockbase/type/type/Features/Editor/EnhancedFountainTextEditor.swift /Users/chaalpritam/Blockbase/type/type/Features/Editor/FindReplaceView.swift /Users/chaalpritam/Blockbase/type/type/Features/Editor/FountainHelpView.swift /Users/chaalpritam/Blockbase/type/type/Features/Editor/FountainParser.swift /Users/chaalpritam/Blockbase/type/type/Features/Editor/FountainSyntaxHighlighter.swift /Users/chaalpritam/Blockbase/type/type/Features/Editor/FountainTemplate.swift /Users/chaalpritam/Blockbase/type/type/Features/Editor/FountainTextEditor.swift /Users/chaalpritam/Blockbase/type/type/Features/Editor/MinimapView.swift /Users/chaalpritam/Blockbase/type/type/Features/Editor/MultipleCursorsTextEditor.swift /Users/chaalpritam/Blockbase/type/type/Features/Editor/ScreenplayPreview.swift /Users/chaalpritam/Blockbase/type/type/Features/Editor/SmartFormattingManager.swift /Users/chaalpritam/Blockbase/type/type/Features/Editor/SpellCheckTextEditor.swift /Users/chaalpritam/Blockbase/type/type/Features/Editor/TextHistoryManager.swift /Users/chaalpritam/Blockbase/type/type/Features/File/FileCoordinator.swift /Users/chaalpritam/Blockbase/type/type/Features/Outline/OutlineCoordinator.swift /Users/chaalpritam/Blockbase/type/type/Features/Outline/OutlineDatabase.swift /Users/chaalpritam/Blockbase/type/type/Features/Outline/OutlineDetailViews.swift /Users/chaalpritam/Blockbase/type/type/Features/Outline/OutlineViews.swift /Users/chaalpritam/Blockbase/type/type/Features/Scenes/SceneDatabase.swift /Users/chaalpritam/Blockbase/type/type/Features/Scenes/SceneDetailViews.swift /Users/chaalpritam/Blockbase/type/type/Features/Scenes/SceneViews.swift /Users/chaalpritam/Blockbase/type/type/Features/StoryProtocol/StoryProtocolCoordinator.swift /Users/chaalpritam/Blockbase/type/type/Features/StoryProtocol/StoryProtocolViews.swift /Users/chaalpritam/Blockbase/type/type/Features/Timeline/TimelineDatabase.swift /Users/chaalpritam/Blockbase/type/type/Features/Timeline/TimelineViews.swift -primary-file /Users/chaalpritam/Blockbase/type/type/Features/Welcome/WelcomeView.swift -primary-file /Users/chaalpritam/Blockbase/type/type/Services/DocumentService.swift -primary-file /Users/chaalpritam/Blockbase/type/type/Services/FileManagementService.swift -primary-file /Users/chaalpritam/Blockbase/type/type/Services/FileManager.swift -primary-file /Users/chaalpritam/Blockbase/type/type/Services/SettingsService.swift -primary-file /Users/chaalpritam/Blockbase/type/type/Services/StatisticsService.swift /Users/chaalpritam/Blockbase/type/type/Services/StoryProtocolService.swift /Users/chaalpritam/Blockbase/type/type/Shared/ModalLayout.swift /Users/chaalpritam/Blockbase/type/type/UI/EnhancedAppleComponents.swift /Users/chaalpritam/Blockbase/type/type/UI/ModularAppView.swift /Users/chaalpritam/Blockbase/type/type/UI/TemplateSelectorView.swift /Users/chaalpritam/Blockbase/type/type/UI/TypeStyleAppView.swift /Users/chaalpritam/Blockbase/type/type/UI/TypeStyleComponents.swift /Users/chaalpritam/Blockbase/type/type/UI/TypeStyleTheme.swift /Users/chaalpritam/Blockbase/type/type/Utils/KeyboardShortcutsManager.swift /Users/chaalpritam/Blockbase/type/type/SceneEditViews.swift /Users/chaalpritam/Blockbase/type/type/typeApp.swift /Users/chaalpritam/Library/Developer/Xcode/DerivedData/type-aackdwwuwxayolgleuusgbwkkpsp/Build/Intermediates.noindex/type.build/Debug/type.build/DerivedSources/GeneratedAssetSymbols.swift -supplementary-output-file-map /Users/chaalpritam/Library/Developer/Xcode/DerivedData/type-aackdwwuwxayolgleuusgbwkkpsp/Build/Intermediates.noindex/type.build/Debug/type.build/Objects-normal/x86_64/supplementaryOutputs-8 -emit-localized-strings -emit-localized-strings-path /Users/chaalpritam/Library/Developer/Xcode/DerivedData/type-aackdwwuwxayolgleuusgbwkkpsp/Build/Intermediates.noindex/type.build/Debug/type.build/Objects-normal/x86_64 -target x86_64-apple-macos15.0 -enable-objc-interop -stack-check -sdk /Applications/Xcode.app/Contents/Developer/Platforms/MacOSX.platform/Developer/SDKs/MacOSX15.1.sdk -I /Users/chaalpritam/Library/Developer/Xcode/DerivedData/type-aackdwwuwxayolgleuusgbwkkpsp/Build/Products/Debug -F /Users/chaalpritam/Library/Developer/Xcode/DerivedData/type-aackdwwuwxayolgleuusgbwkkpsp/Build/Products/Debug -no-color-diagnostics -enable-testing -g -debug-info-format\=dwarf -dwarf-version\=5 -module-cache-path /Users/chaalpritam/Library/Developer/Xcode/DerivedData/ModuleCache.noindex -profile-generate -profile-coverage-mapping -swift-version 5 -enforce-exclusivity\=checked -Onone -D DEBUG -serialize-debugging-options -const-gather-protocols-file /Users/chaalpritam/Library/Developer/Xcode/DerivedData/type-aackdwwuwxayolgleuusgbwkkpsp/Build/Intermediates.noindex/type.build/Debug/type.build/Objects-normal/x86_64/type_const_extract_protocols.json -enable-experimental-feature DebugDescriptionMacro -enable-experimental-feature OpaqueTypeErasure -enable-bare-slash-regex -empty-abi-descriptor -validate-clang-modules-once -clang-build-session-file /Users/chaalpritam/Library/Developer/Xcode/DerivedData/ModuleCache.noindex/Session.modulevalidation -Xcc -working-directory -Xcc /Users/chaalpritam/Blockbase/type -resource-dir /Applications/Xcode.app/Contents/Developer/Toolchains/XcodeDefault.xctoolchain/usr/lib/swift -enable-anonymous-context-mangled-names -file-compilation-dir /Users/chaalpritam/Blockbase/type -Xcc -D_LIBCPP_HARDENING_MODE\=_LIBCPP_HARDENING_MODE_DEBUG -Xcc -ivfsstatcache -Xcc /Users/chaalpritam/Library/Developer/Xcode/DerivedData/SDKStatCaches.noindex/macosx15.1-24B75-26c8390a7c93c703a57fb2538426748e.sdkstatcache -Xcc -I/Users/chaalpritam/Library/Developer/Xcode/DerivedData/type-aackdwwuwxayolgleuusgbwkkpsp/Build/Intermediates.noindex/type.build/Debug/type.build/swift-overrides.hmap -Xcc -iquote -Xcc /Users/chaalpritam/Library/Developer/Xcode/DerivedData/type-aackdwwuwxayolgleuusgbwkkpsp/Build/Intermediates.noindex/type.build/Debug/type.build/type-generated-files.hmap -Xcc -I/Users/chaalpritam/Library/Developer/Xcode/DerivedData/type-aackdwwuwxayolgleuusgbwkkpsp/Build/Intermediates.noindex/type.build/Debug/type.build/type-own-target-headers.hmap -Xcc -I/Users/chaalpritam/Library/Developer/Xcode/DerivedData/type-aackdwwuwxayolgleuusgbwkkpsp/Build/Intermediates.noindex/type.build/Debug/type.build/type-all-target-headers.hmap -Xcc -iquote -Xcc /Users/chaalpritam/Library/Developer/Xcode/DerivedData/type-aackdwwuwxayolgleuusgbwkkpsp/Build/Intermediates.noindex/type.build/Debug/type.build/type-project-headers.hmap -Xcc -I/Users/chaalpritam/Library/Developer/Xcode/DerivedData/type-aackdwwuwxayolgleuusgbwkkpsp/Build/Products/Debug/include -Xcc -I/Users/chaalpritam/Library/Developer/Xcode/DerivedData/type-aackdwwuwxayolgleuusgbwkkpsp/Build/Intermediates.noindex/type.build/Debug/type.build/DerivedSources-normal/x86_64 -Xcc -I/Users/chaalpritam/Library/Developer/Xcode/DerivedData/type-aackdwwuwxayolgleuusgbwkkpsp/Build/Intermediates.noindex/type.build/Debug/type.build/DerivedSources/x86_64 -Xcc -I/Users/chaalpritam/Library/Developer/Xcode/DerivedData/type-aackdwwuwxayolgleuusgbwkkpsp/Build/Intermediates.noindex/type.build/Debug/type.build/DerivedSources -Xcc -DDEBUG\=1 -module-name type -frontend-parseable-output -disable-clang-spi -target-sdk-version 15.1 -target-sdk-name macosx15.1 -external-plugin-path /Applications/Xcode.app/Contents/Developer/Platforms/MacOSX.platform/Developer/usr/lib/swift/host/plugins\#/Applications/Xcode.app/Contents/Developer/Platforms/MacOSX.platform/Developer/usr/bin/swift-plugin-server -external-plugin-path /Applications/Xcode.app/Contents/Developer/Platforms/MacOSX.platform/Developer/usr/local/lib/swift/host/plugins\#/Applications/Xcode.app/Contents/Developer/Platforms/MacOSX.platform/Developer/usr/bin/swift-plugin-server -plugin-path /Applications/Xcode.app/Contents/Developer/Toolchains/XcodeDefault.xctoolchain/usr/lib/swift/host/plugins -plugin-path /Applications/Xcode.app/Contents/Developer/Toolchains/XcodeDefault.xctoolchain/usr/local/lib/swift/host/plugins -o /Users/chaalpritam/Library/Developer/Xcode/DerivedData/type-aackdwwuwxayolgleuusgbwkkpsp/Build/Intermediates.noindex/type.build/Debug/type.build/Objects-normal/x86_64/WelcomeView.o -o /Users/chaalpritam/Library/Developer/Xcode/DerivedData/type-aackdwwuwxayolgleuusgbwkkpsp/Build/Intermediates.noindex/type.build/Debug/type.build/Objects-normal/x86_64/DocumentService.o -o /Users/chaalpritam/Library/Developer/Xcode/DerivedData/type-aackdwwuwxayolgleuusgbwkkpsp/Build/Intermediates.noindex/type.build/Debug/type.build/Objects-normal/x86_64/FileManagementService.o -o /Users/chaalpritam/Library/Developer/Xcode/DerivedData/type-aackdwwuwxayolgleuusgbwkkpsp/Build/Intermediates.noindex/type.build/Debug/type.build/Objects-normal/x86_64/FileManager.o -o /Users/chaalpritam/Library/Developer/Xcode/DerivedData/type-aackdwwuwxayolgleuusgbwkkpsp/Build/Intermediates.noindex/type.build/Debug/type.build/Objects-normal/x86_64/SettingsService.o -o /Users/chaalpritam/Library/Developer/Xcode/DerivedData/type-aackdwwuwxayolgleuusgbwkkpsp/Build/Intermediates.noindex/type.build/Debug/type.build/Objects-normal/x86_64/StatisticsService.o -index-unit-output-path /type.build/Debug/type.build/Objects-normal/x86_64/WelcomeView.o -index-unit-output-path /type.build/Debug/type.build/Objects-normal/x86_64/DocumentService.o -index-unit-output-path /type.build/Debug/type.build/Objects-normal/x86_64/FileManagementService.o -index-unit-output-path /type.build/Debug/type.build/Objects-normal/x86_64/FileManager.o -index-unit-output-path /type.build/Debug/type.build/Objects-normal/x86_64/SettingsService.o -index-unit-output-path /type.build/Debug/type.build/Objects-normal/x86_64/StatisticsService.o -index-store-path /Users/chaalpritam/Library/Developer/Xcode/DerivedData/type-aackdwwuwxayolgleuusgbwkkpsp/Index.noindex/DataStore -index-system-modules

SwiftCompile normal x86_64 /Users/chaalpritam/Blockbase/type/type/Services/FileManager.swift (in target 'type' from project 'type')
    cd /Users/chaalpritam/Blockbase/type
    /Applications/Xcode.app/Contents/Developer/Toolchains/XcodeDefault.xctoolchain/usr/bin/swift-frontend -c /Users/chaalpritam/Blockbase/type/type/Core/AppCoordinator.swift /Users/chaalpritam/Blockbase/type/type/Core/ModuleCoordinator.swift /Users/chaalpritam/Blockbase/type/type/Data/CharacterModels.swift /Users/chaalpritam/Blockbase/type/type/Data/OutlineModels.swift /Users/chaalpritam/Blockbase/type/type/Data/SceneModels.swift /Users/chaalpritam/Blockbase/type/type/Data/ScreenplayDocument.swift /Users/chaalpritam/Blockbase/type/type/Data/TimelineModels.swift /Users/chaalpritam/Blockbase/type/type/Features/Characters/CharacterCoordinator.swift /Users/chaalpritam/Blockbase/type/type/Features/Characters/CharacterDatabase.swift /Users/chaalpritam/Blockbase/type/type/Features/Characters/CharacterDetailViews.swift /Users/chaalpritam/Blockbase/type/type/Features/Characters/CharacterDetailViews2.swift /Users/chaalpritam/Blockbase/type/type/Features/Characters/CharacterEditViews.swift /Users/chaalpritam/Blockbase/type/type/Features/Characters/CharacterViews.swift /Users/chaalpritam/Blockbase/type/type/Features/Collaboration/CollaborationCoordinator.swift /Users/chaalpritam/Blockbase/type/type/Features/Collaboration/CollaborationManager.swift /Users/chaalpritam/Blockbase/type/type/Features/Collaboration/CollaborationViews.swift /Users/chaalpritam/Blockbase/type/type/Features/Editor/AdvancedEditorFeatures.swift /Users/chaalpritam/Blockbase/type/type/Features/Editor/AutoCompletionManager.swift /Users/chaalpritam/Blockbase/type/type/Features/Editor/CodeFoldingManager.swift /Users/chaalpritam/Blockbase/type/type/Features/Editor/EditorCoordinator.swift /Users/chaalpritam/Blockbase/type/type/Features/Editor/EnhancedFountainTextEditor.swift /Users/chaalpritam/Blockbase/type/type/Features/Editor/FindReplaceView.swift /Users/chaalpritam/Blockbase/type/type/Features/Editor/FountainHelpView.swift /Users/chaalpritam/Blockbase/type/type/Features/Editor/FountainParser.swift /Users/chaalpritam/Blockbase/type/type/Features/Editor/FountainSyntaxHighlighter.swift /Users/chaalpritam/Blockbase/type/type/Features/Editor/FountainTemplate.swift /Users/chaalpritam/Blockbase/type/type/Features/Editor/FountainTextEditor.swift /Users/chaalpritam/Blockbase/type/type/Features/Editor/MinimapView.swift /Users/chaalpritam/Blockbase/type/type/Features/Editor/MultipleCursorsTextEditor.swift /Users/chaalpritam/Blockbase/type/type/Features/Editor/ScreenplayPreview.swift /Users/chaalpritam/Blockbase/type/type/Features/Editor/SmartFormattingManager.swift /Users/chaalpritam/Blockbase/type/type/Features/Editor/SpellCheckTextEditor.swift /Users/chaalpritam/Blockbase/type/type/Features/Editor/TextHistoryManager.swift /Users/chaalpritam/Blockbase/type/type/Features/File/FileCoordinator.swift /Users/chaalpritam/Blockbase/type/type/Features/Outline/OutlineCoordinator.swift /Users/chaalpritam/Blockbase/type/type/Features/Outline/OutlineDatabase.swift /Users/chaalpritam/Blockbase/type/type/Features/Outline/OutlineDetailViews.swift /Users/chaalpritam/Blockbase/type/type/Features/Outline/OutlineViews.swift /Users/chaalpritam/Blockbase/type/type/Features/Scenes/SceneDatabase.swift /Users/chaalpritam/Blockbase/type/type/Features/Scenes/SceneDetailViews.swift /Users/chaalpritam/Blockbase/type/type/Features/Scenes/SceneViews.swift /Users/chaalpritam/Blockbase/type/type/Features/StoryProtocol/StoryProtocolCoordinator.swift /Users/chaalpritam/Blockbase/type/type/Features/StoryProtocol/StoryProtocolViews.swift /Users/chaalpritam/Blockbase/type/type/Features/Timeline/TimelineDatabase.swift /Users/chaalpritam/Blockbase/type/type/Features/Timeline/TimelineViews.swift -primary-file /Users/chaalpritam/Blockbase/type/type/Features/Welcome/WelcomeView.swift -primary-file /Users/chaalpritam/Blockbase/type/type/Services/DocumentService.swift -primary-file /Users/chaalpritam/Blockbase/type/type/Services/FileManagementService.swift -primary-file /Users/chaalpritam/Blockbase/type/type/Services/FileManager.swift -primary-file /Users/chaalpritam/Blockbase/type/type/Services/SettingsService.swift -primary-file /Users/chaalpritam/Blockbase/type/type/Services/StatisticsService.swift /Users/chaalpritam/Blockbase/type/type/Services/StoryProtocolService.swift /Users/chaalpritam/Blockbase/type/type/Shared/ModalLayout.swift /Users/chaalpritam/Blockbase/type/type/UI/EnhancedAppleComponents.swift /Users/chaalpritam/Blockbase/type/type/UI/ModularAppView.swift /Users/chaalpritam/Blockbase/type/type/UI/TemplateSelectorView.swift /Users/chaalpritam/Blockbase/type/type/UI/TypeStyleAppView.swift /Users/chaalpritam/Blockbase/type/type/UI/TypeStyleComponents.swift /Users/chaalpritam/Blockbase/type/type/UI/TypeStyleTheme.swift /Users/chaalpritam/Blockbase/type/type/Utils/KeyboardShortcutsManager.swift /Users/chaalpritam/Blockbase/type/type/SceneEditViews.swift /Users/chaalpritam/Blockbase/type/type/typeApp.swift /Users/chaalpritam/Library/Developer/Xcode/DerivedData/type-aackdwwuwxayolgleuusgbwkkpsp/Build/Intermediates.noindex/type.build/Debug/type.build/DerivedSources/GeneratedAssetSymbols.swift -supplementary-output-file-map /Users/chaalpritam/Library/Developer/Xcode/DerivedData/type-aackdwwuwxayolgleuusgbwkkpsp/Build/Intermediates.noindex/type.build/Debug/type.build/Objects-normal/x86_64/supplementaryOutputs-8 -emit-localized-strings -emit-localized-strings-path /Users/chaalpritam/Library/Developer/Xcode/DerivedData/type-aackdwwuwxayolgleuusgbwkkpsp/Build/Intermediates.noindex/type.build/Debug/type.build/Objects-normal/x86_64 -target x86_64-apple-macos15.0 -enable-objc-interop -stack-check -sdk /Applications/Xcode.app/Contents/Developer/Platforms/MacOSX.platform/Developer/SDKs/MacOSX15.1.sdk -I /Users/chaalpritam/Library/Developer/Xcode/DerivedData/type-aackdwwuwxayolgleuusgbwkkpsp/Build/Products/Debug -F /Users/chaalpritam/Library/Developer/Xcode/DerivedData/type-aackdwwuwxayolgleuusgbwkkpsp/Build/Products/Debug -no-color-diagnostics -enable-testing -g -debug-info-format\=dwarf -dwarf-version\=5 -module-cache-path /Users/chaalpritam/Library/Developer/Xcode/DerivedData/ModuleCache.noindex -profile-generate -profile-coverage-mapping -swift-version 5 -enforce-exclusivity\=checked -Onone -D DEBUG -serialize-debugging-options -const-gather-protocols-file /Users/chaalpritam/Library/Developer/Xcode/DerivedData/type-aackdwwuwxayolgleuusgbwkkpsp/Build/Intermediates.noindex/type.build/Debug/type.build/Objects-normal/x86_64/type_const_extract_protocols.json -enable-experimental-feature DebugDescriptionMacro -enable-experimental-feature OpaqueTypeErasure -enable-bare-slash-regex -empty-abi-descriptor -validate-clang-modules-once -clang-build-session-file /Users/chaalpritam/Library/Developer/Xcode/DerivedData/ModuleCache.noindex/Session.modulevalidation -Xcc -working-directory -Xcc /Users/chaalpritam/Blockbase/type -resource-dir /Applications/Xcode.app/Contents/Developer/Toolchains/XcodeDefault.xctoolchain/usr/lib/swift -enable-anonymous-context-mangled-names -file-compilation-dir /Users/chaalpritam/Blockbase/type -Xcc -D_LIBCPP_HARDENING_MODE\=_LIBCPP_HARDENING_MODE_DEBUG -Xcc -ivfsstatcache -Xcc /Users/chaalpritam/Library/Developer/Xcode/DerivedData/SDKStatCaches.noindex/macosx15.1-24B75-26c8390a7c93c703a57fb2538426748e.sdkstatcache -Xcc -I/Users/chaalpritam/Library/Developer/Xcode/DerivedData/type-aackdwwuwxayolgleuusgbwkkpsp/Build/Intermediates.noindex/type.build/Debug/type.build/swift-overrides.hmap -Xcc -iquote -Xcc /Users/chaalpritam/Library/Developer/Xcode/DerivedData/type-aackdwwuwxayolgleuusgbwkkpsp/Build/Intermediates.noindex/type.build/Debug/type.build/type-generated-files.hmap -Xcc -I/Users/chaalpritam/Library/Developer/Xcode/DerivedData/type-aackdwwuwxayolgleuusgbwkkpsp/Build/Intermediates.noindex/type.build/Debug/type.build/type-own-target-headers.hmap -Xcc -I/Users/chaalpritam/Library/Developer/Xcode/DerivedData/type-aackdwwuwxayolgleuusgbwkkpsp/Build/Intermediates.noindex/type.build/Debug/type.build/type-all-target-headers.hmap -Xcc -iquote -Xcc /Users/chaalpritam/Library/Developer/Xcode/DerivedData/type-aackdwwuwxayolgleuusgbwkkpsp/Build/Intermediates.noindex/type.build/Debug/type.build/type-project-headers.hmap -Xcc -I/Users/chaalpritam/Library/Developer/Xcode/DerivedData/type-aackdwwuwxayolgleuusgbwkkpsp/Build/Products/Debug/include -Xcc -I/Users/chaalpritam/Library/Developer/Xcode/DerivedData/type-aackdwwuwxayolgleuusgbwkkpsp/Build/Intermediates.noindex/type.build/Debug/type.build/DerivedSources-normal/x86_64 -Xcc -I/Users/chaalpritam/Library/Developer/Xcode/DerivedData/type-aackdwwuwxayolgleuusgbwkkpsp/Build/Intermediates.noindex/type.build/Debug/type.build/DerivedSources/x86_64 -Xcc -I/Users/chaalpritam/Library/Developer/Xcode/DerivedData/type-aackdwwuwxayolgleuusgbwkkpsp/Build/Intermediates.noindex/type.build/Debug/type.build/DerivedSources -Xcc -DDEBUG\=1 -module-name type -frontend-parseable-output -disable-clang-spi -target-sdk-version 15.1 -target-sdk-name macosx15.1 -external-plugin-path /Applications/Xcode.app/Contents/Developer/Platforms/MacOSX.platform/Developer/usr/lib/swift/host/plugins\#/Applications/Xcode.app/Contents/Developer/Platforms/MacOSX.platform/Developer/usr/bin/swift-plugin-server -external-plugin-path /Applications/Xcode.app/Contents/Developer/Platforms/MacOSX.platform/Developer/usr/local/lib/swift/host/plugins\#/Applications/Xcode.app/Contents/Developer/Platforms/MacOSX.platform/Developer/usr/bin/swift-plugin-server -plugin-path /Applications/Xcode.app/Contents/Developer/Toolchains/XcodeDefault.xctoolchain/usr/lib/swift/host/plugins -plugin-path /Applications/Xcode.app/Contents/Developer/Toolchains/XcodeDefault.xctoolchain/usr/local/lib/swift/host/plugins -o /Users/chaalpritam/Library/Developer/Xcode/DerivedData/type-aackdwwuwxayolgleuusgbwkkpsp/Build/Intermediates.noindex/type.build/Debug/type.build/Objects-normal/x86_64/WelcomeView.o -o /Users/chaalpritam/Library/Developer/Xcode/DerivedData/type-aackdwwuwxayolgleuusgbwkkpsp/Build/Intermediates.noindex/type.build/Debug/type.build/Objects-normal/x86_64/DocumentService.o -o /Users/chaalpritam/Library/Developer/Xcode/DerivedData/type-aackdwwuwxayolgleuusgbwkkpsp/Build/Intermediates.noindex/type.build/Debug/type.build/Objects-normal/x86_64/FileManagementService.o -o /Users/chaalpritam/Library/Developer/Xcode/DerivedData/type-aackdwwuwxayolgleuusgbwkkpsp/Build/Intermediates.noindex/type.build/Debug/type.build/Objects-normal/x86_64/FileManager.o -o /Users/chaalpritam/Library/Developer/Xcode/DerivedData/type-aackdwwuwxayolgleuusgbwkkpsp/Build/Intermediates.noindex/type.build/Debug/type.build/Objects-normal/x86_64/SettingsService.o -o /Users/chaalpritam/Library/Developer/Xcode/DerivedData/type-aackdwwuwxayolgleuusgbwkkpsp/Build/Intermediates.noindex/type.build/Debug/type.build/Objects-normal/x86_64/StatisticsService.o -index-unit-output-path /type.build/Debug/type.build/Objects-normal/x86_64/WelcomeView.o -index-unit-output-path /type.build/Debug/type.build/Objects-normal/x86_64/DocumentService.o -index-unit-output-path /type.build/Debug/type.build/Objects-normal/x86_64/FileManagementService.o -index-unit-output-path /type.build/Debug/type.build/Objects-normal/x86_64/FileManager.o -index-unit-output-path /type.build/Debug/type.build/Objects-normal/x86_64/SettingsService.o -index-unit-output-path /type.build/Debug/type.build/Objects-normal/x86_64/StatisticsService.o -index-store-path /Users/chaalpritam/Library/Developer/Xcode/DerivedData/type-aackdwwuwxayolgleuusgbwkkpsp/Index.noindex/DataStore -index-system-modules

SwiftCompile normal x86_64 /Users/chaalpritam/Blockbase/type/type/Services/SettingsService.swift (in target 'type' from project 'type')
    cd /Users/chaalpritam/Blockbase/type
    /Applications/Xcode.app/Contents/Developer/Toolchains/XcodeDefault.xctoolchain/usr/bin/swift-frontend -c /Users/chaalpritam/Blockbase/type/type/Core/AppCoordinator.swift /Users/chaalpritam/Blockbase/type/type/Core/ModuleCoordinator.swift /Users/chaalpritam/Blockbase/type/type/Data/CharacterModels.swift /Users/chaalpritam/Blockbase/type/type/Data/OutlineModels.swift /Users/chaalpritam/Blockbase/type/type/Data/SceneModels.swift /Users/chaalpritam/Blockbase/type/type/Data/ScreenplayDocument.swift /Users/chaalpritam/Blockbase/type/type/Data/TimelineModels.swift /Users/chaalpritam/Blockbase/type/type/Features/Characters/CharacterCoordinator.swift /Users/chaalpritam/Blockbase/type/type/Features/Characters/CharacterDatabase.swift /Users/chaalpritam/Blockbase/type/type/Features/Characters/CharacterDetailViews.swift /Users/chaalpritam/Blockbase/type/type/Features/Characters/CharacterDetailViews2.swift /Users/chaalpritam/Blockbase/type/type/Features/Characters/CharacterEditViews.swift /Users/chaalpritam/Blockbase/type/type/Features/Characters/CharacterViews.swift /Users/chaalpritam/Blockbase/type/type/Features/Collaboration/CollaborationCoordinator.swift /Users/chaalpritam/Blockbase/type/type/Features/Collaboration/CollaborationManager.swift /Users/chaalpritam/Blockbase/type/type/Features/Collaboration/CollaborationViews.swift /Users/chaalpritam/Blockbase/type/type/Features/Editor/AdvancedEditorFeatures.swift /Users/chaalpritam/Blockbase/type/type/Features/Editor/AutoCompletionManager.swift /Users/chaalpritam/Blockbase/type/type/Features/Editor/CodeFoldingManager.swift /Users/chaalpritam/Blockbase/type/type/Features/Editor/EditorCoordinator.swift /Users/chaalpritam/Blockbase/type/type/Features/Editor/EnhancedFountainTextEditor.swift /Users/chaalpritam/Blockbase/type/type/Features/Editor/FindReplaceView.swift /Users/chaalpritam/Blockbase/type/type/Features/Editor/FountainHelpView.swift /Users/chaalpritam/Blockbase/type/type/Features/Editor/FountainParser.swift /Users/chaalpritam/Blockbase/type/type/Features/Editor/FountainSyntaxHighlighter.swift /Users/chaalpritam/Blockbase/type/type/Features/Editor/FountainTemplate.swift /Users/chaalpritam/Blockbase/type/type/Features/Editor/FountainTextEditor.swift /Users/chaalpritam/Blockbase/type/type/Features/Editor/MinimapView.swift /Users/chaalpritam/Blockbase/type/type/Features/Editor/MultipleCursorsTextEditor.swift /Users/chaalpritam/Blockbase/type/type/Features/Editor/ScreenplayPreview.swift /Users/chaalpritam/Blockbase/type/type/Features/Editor/SmartFormattingManager.swift /Users/chaalpritam/Blockbase/type/type/Features/Editor/SpellCheckTextEditor.swift /Users/chaalpritam/Blockbase/type/type/Features/Editor/TextHistoryManager.swift /Users/chaalpritam/Blockbase/type/type/Features/File/FileCoordinator.swift /Users/chaalpritam/Blockbase/type/type/Features/Outline/OutlineCoordinator.swift /Users/chaalpritam/Blockbase/type/type/Features/Outline/OutlineDatabase.swift /Users/chaalpritam/Blockbase/type/type/Features/Outline/OutlineDetailViews.swift /Users/chaalpritam/Blockbase/type/type/Features/Outline/OutlineViews.swift /Users/chaalpritam/Blockbase/type/type/Features/Scenes/SceneDatabase.swift /Users/chaalpritam/Blockbase/type/type/Features/Scenes/SceneDetailViews.swift /Users/chaalpritam/Blockbase/type/type/Features/Scenes/SceneViews.swift /Users/chaalpritam/Blockbase/type/type/Features/StoryProtocol/StoryProtocolCoordinator.swift /Users/chaalpritam/Blockbase/type/type/Features/StoryProtocol/StoryProtocolViews.swift /Users/chaalpritam/Blockbase/type/type/Features/Timeline/TimelineDatabase.swift /Users/chaalpritam/Blockbase/type/type/Features/Timeline/TimelineViews.swift -primary-file /Users/chaalpritam/Blockbase/type/type/Features/Welcome/WelcomeView.swift -primary-file /Users/chaalpritam/Blockbase/type/type/Services/DocumentService.swift -primary-file /Users/chaalpritam/Blockbase/type/type/Services/FileManagementService.swift -primary-file /Users/chaalpritam/Blockbase/type/type/Services/FileManager.swift -primary-file /Users/chaalpritam/Blockbase/type/type/Services/SettingsService.swift -primary-file /Users/chaalpritam/Blockbase/type/type/Services/StatisticsService.swift /Users/chaalpritam/Blockbase/type/type/Services/StoryProtocolService.swift /Users/chaalpritam/Blockbase/type/type/Shared/ModalLayout.swift /Users/chaalpritam/Blockbase/type/type/UI/EnhancedAppleComponents.swift /Users/chaalpritam/Blockbase/type/type/UI/ModularAppView.swift /Users/chaalpritam/Blockbase/type/type/UI/TemplateSelectorView.swift /Users/chaalpritam/Blockbase/type/type/UI/TypeStyleAppView.swift /Users/chaalpritam/Blockbase/type/type/UI/TypeStyleComponents.swift /Users/chaalpritam/Blockbase/type/type/UI/TypeStyleTheme.swift /Users/chaalpritam/Blockbase/type/type/Utils/KeyboardShortcutsManager.swift /Users/chaalpritam/Blockbase/type/type/SceneEditViews.swift /Users/chaalpritam/Blockbase/type/type/typeApp.swift /Users/chaalpritam/Library/Developer/Xcode/DerivedData/type-aackdwwuwxayolgleuusgbwkkpsp/Build/Intermediates.noindex/type.build/Debug/type.build/DerivedSources/GeneratedAssetSymbols.swift -supplementary-output-file-map /Users/chaalpritam/Library/Developer/Xcode/DerivedData/type-aackdwwuwxayolgleuusgbwkkpsp/Build/Intermediates.noindex/type.build/Debug/type.build/Objects-normal/x86_64/supplementaryOutputs-8 -emit-localized-strings -emit-localized-strings-path /Users/chaalpritam/Library/Developer/Xcode/DerivedData/type-aackdwwuwxayolgleuusgbwkkpsp/Build/Intermediates.noindex/type.build/Debug/type.build/Objects-normal/x86_64 -target x86_64-apple-macos15.0 -enable-objc-interop -stack-check -sdk /Applications/Xcode.app/Contents/Developer/Platforms/MacOSX.platform/Developer/SDKs/MacOSX15.1.sdk -I /Users/chaalpritam/Library/Developer/Xcode/DerivedData/type-aackdwwuwxayolgleuusgbwkkpsp/Build/Products/Debug -F /Users/chaalpritam/Library/Developer/Xcode/DerivedData/type-aackdwwuwxayolgleuusgbwkkpsp/Build/Products/Debug -no-color-diagnostics -enable-testing -g -debug-info-format\=dwarf -dwarf-version\=5 -module-cache-path /Users/chaalpritam/Library/Developer/Xcode/DerivedData/ModuleCache.noindex -profile-generate -profile-coverage-mapping -swift-version 5 -enforce-exclusivity\=checked -Onone -D DEBUG -serialize-debugging-options -const-gather-protocols-file /Users/chaalpritam/Library/Developer/Xcode/DerivedData/type-aackdwwuwxayolgleuusgbwkkpsp/Build/Intermediates.noindex/type.build/Debug/type.build/Objects-normal/x86_64/type_const_extract_protocols.json -enable-experimental-feature DebugDescriptionMacro -enable-experimental-feature OpaqueTypeErasure -enable-bare-slash-regex -empty-abi-descriptor -validate-clang-modules-once -clang-build-session-file /Users/chaalpritam/Library/Developer/Xcode/DerivedData/ModuleCache.noindex/Session.modulevalidation -Xcc -working-directory -Xcc /Users/chaalpritam/Blockbase/type -resource-dir /Applications/Xcode.app/Contents/Developer/Toolchains/XcodeDefault.xctoolchain/usr/lib/swift -enable-anonymous-context-mangled-names -file-compilation-dir /Users/chaalpritam/Blockbase/type -Xcc -D_LIBCPP_HARDENING_MODE\=_LIBCPP_HARDENING_MODE_DEBUG -Xcc -ivfsstatcache -Xcc /Users/chaalpritam/Library/Developer/Xcode/DerivedData/SDKStatCaches.noindex/macosx15.1-24B75-26c8390a7c93c703a57fb2538426748e.sdkstatcache -Xcc -I/Users/chaalpritam/Library/Developer/Xcode/DerivedData/type-aackdwwuwxayolgleuusgbwkkpsp/Build/Intermediates.noindex/type.build/Debug/type.build/swift-overrides.hmap -Xcc -iquote -Xcc /Users/chaalpritam/Library/Developer/Xcode/DerivedData/type-aackdwwuwxayolgleuusgbwkkpsp/Build/Intermediates.noindex/type.build/Debug/type.build/type-generated-files.hmap -Xcc -I/Users/chaalpritam/Library/Developer/Xcode/DerivedData/type-aackdwwuwxayolgleuusgbwkkpsp/Build/Intermediates.noindex/type.build/Debug/type.build/type-own-target-headers.hmap -Xcc -I/Users/chaalpritam/Library/Developer/Xcode/DerivedData/type-aackdwwuwxayolgleuusgbwkkpsp/Build/Intermediates.noindex/type.build/Debug/type.build/type-all-target-headers.hmap -Xcc -iquote -Xcc /Users/chaalpritam/Library/Developer/Xcode/DerivedData/type-aackdwwuwxayolgleuusgbwkkpsp/Build/Intermediates.noindex/type.build/Debug/type.build/type-project-headers.hmap -Xcc -I/Users/chaalpritam/Library/Developer/Xcode/DerivedData/type-aackdwwuwxayolgleuusgbwkkpsp/Build/Products/Debug/include -Xcc -I/Users/chaalpritam/Library/Developer/Xcode/DerivedData/type-aackdwwuwxayolgleuusgbwkkpsp/Build/Intermediates.noindex/type.build/Debug/type.build/DerivedSources-normal/x86_64 -Xcc -I/Users/chaalpritam/Library/Developer/Xcode/DerivedData/type-aackdwwuwxayolgleuusgbwkkpsp/Build/Intermediates.noindex/type.build/Debug/type.build/DerivedSources/x86_64 -Xcc -I/Users/chaalpritam/Library/Developer/Xcode/DerivedData/type-aackdwwuwxayolgleuusgbwkkpsp/Build/Intermediates.noindex/type.build/Debug/type.build/DerivedSources -Xcc -DDEBUG\=1 -module-name type -frontend-parseable-output -disable-clang-spi -target-sdk-version 15.1 -target-sdk-name macosx15.1 -external-plugin-path /Applications/Xcode.app/Contents/Developer/Platforms/MacOSX.platform/Developer/usr/lib/swift/host/plugins\#/Applications/Xcode.app/Contents/Developer/Platforms/MacOSX.platform/Developer/usr/bin/swift-plugin-server -external-plugin-path /Applications/Xcode.app/Contents/Developer/Platforms/MacOSX.platform/Developer/usr/local/lib/swift/host/plugins\#/Applications/Xcode.app/Contents/Developer/Platforms/MacOSX.platform/Developer/usr/bin/swift-plugin-server -plugin-path /Applications/Xcode.app/Contents/Developer/Toolchains/XcodeDefault.xctoolchain/usr/lib/swift/host/plugins -plugin-path /Applications/Xcode.app/Contents/Developer/Toolchains/XcodeDefault.xctoolchain/usr/local/lib/swift/host/plugins -o /Users/chaalpritam/Library/Developer/Xcode/DerivedData/type-aackdwwuwxayolgleuusgbwkkpsp/Build/Intermediates.noindex/type.build/Debug/type.build/Objects-normal/x86_64/WelcomeView.o -o /Users/chaalpritam/Library/Developer/Xcode/DerivedData/type-aackdwwuwxayolgleuusgbwkkpsp/Build/Intermediates.noindex/type.build/Debug/type.build/Objects-normal/x86_64/DocumentService.o -o /Users/chaalpritam/Library/Developer/Xcode/DerivedData/type-aackdwwuwxayolgleuusgbwkkpsp/Build/Intermediates.noindex/type.build/Debug/type.build/Objects-normal/x86_64/FileManagementService.o -o /Users/chaalpritam/Library/Developer/Xcode/DerivedData/type-aackdwwuwxayolgleuusgbwkkpsp/Build/Intermediates.noindex/type.build/Debug/type.build/Objects-normal/x86_64/FileManager.o -o /Users/chaalpritam/Library/Developer/Xcode/DerivedData/type-aackdwwuwxayolgleuusgbwkkpsp/Build/Intermediates.noindex/type.build/Debug/type.build/Objects-normal/x86_64/SettingsService.o -o /Users/chaalpritam/Library/Developer/Xcode/DerivedData/type-aackdwwuwxayolgleuusgbwkkpsp/Build/Intermediates.noindex/type.build/Debug/type.build/Objects-normal/x86_64/StatisticsService.o -index-unit-output-path /type.build/Debug/type.build/Objects-normal/x86_64/WelcomeView.o -index-unit-output-path /type.build/Debug/type.build/Objects-normal/x86_64/DocumentService.o -index-unit-output-path /type.build/Debug/type.build/Objects-normal/x86_64/FileManagementService.o -index-unit-output-path /type.build/Debug/type.build/Objects-normal/x86_64/FileManager.o -index-unit-output-path /type.build/Debug/type.build/Objects-normal/x86_64/SettingsService.o -index-unit-output-path /type.build/Debug/type.build/Objects-normal/x86_64/StatisticsService.o -index-store-path /Users/chaalpritam/Library/Developer/Xcode/DerivedData/type-aackdwwuwxayolgleuusgbwkkpsp/Index.noindex/DataStore -index-system-modules

SwiftCompile normal x86_64 /Users/chaalpritam/Blockbase/type/type/Services/StatisticsService.swift (in target 'type' from project 'type')
    cd /Users/chaalpritam/Blockbase/type
    /Applications/Xcode.app/Contents/Developer/Toolchains/XcodeDefault.xctoolchain/usr/bin/swift-frontend -c /Users/chaalpritam/Blockbase/type/type/Core/AppCoordinator.swift /Users/chaalpritam/Blockbase/type/type/Core/ModuleCoordinator.swift /Users/chaalpritam/Blockbase/type/type/Data/CharacterModels.swift /Users/chaalpritam/Blockbase/type/type/Data/OutlineModels.swift /Users/chaalpritam/Blockbase/type/type/Data/SceneModels.swift /Users/chaalpritam/Blockbase/type/type/Data/ScreenplayDocument.swift /Users/chaalpritam/Blockbase/type/type/Data/TimelineModels.swift /Users/chaalpritam/Blockbase/type/type/Features/Characters/CharacterCoordinator.swift /Users/chaalpritam/Blockbase/type/type/Features/Characters/CharacterDatabase.swift /Users/chaalpritam/Blockbase/type/type/Features/Characters/CharacterDetailViews.swift /Users/chaalpritam/Blockbase/type/type/Features/Characters/CharacterDetailViews2.swift /Users/chaalpritam/Blockbase/type/type/Features/Characters/CharacterEditViews.swift /Users/chaalpritam/Blockbase/type/type/Features/Characters/CharacterViews.swift /Users/chaalpritam/Blockbase/type/type/Features/Collaboration/CollaborationCoordinator.swift /Users/chaalpritam/Blockbase/type/type/Features/Collaboration/CollaborationManager.swift /Users/chaalpritam/Blockbase/type/type/Features/Collaboration/CollaborationViews.swift /Users/chaalpritam/Blockbase/type/type/Features/Editor/AdvancedEditorFeatures.swift /Users/chaalpritam/Blockbase/type/type/Features/Editor/AutoCompletionManager.swift /Users/chaalpritam/Blockbase/type/type/Features/Editor/CodeFoldingManager.swift /Users/chaalpritam/Blockbase/type/type/Features/Editor/EditorCoordinator.swift /Users/chaalpritam/Blockbase/type/type/Features/Editor/EnhancedFountainTextEditor.swift /Users/chaalpritam/Blockbase/type/type/Features/Editor/FindReplaceView.swift /Users/chaalpritam/Blockbase/type/type/Features/Editor/FountainHelpView.swift /Users/chaalpritam/Blockbase/type/type/Features/Editor/FountainParser.swift /Users/chaalpritam/Blockbase/type/type/Features/Editor/FountainSyntaxHighlighter.swift /Users/chaalpritam/Blockbase/type/type/Features/Editor/FountainTemplate.swift /Users/chaalpritam/Blockbase/type/type/Features/Editor/FountainTextEditor.swift /Users/chaalpritam/Blockbase/type/type/Features/Editor/MinimapView.swift /Users/chaalpritam/Blockbase/type/type/Features/Editor/MultipleCursorsTextEditor.swift /Users/chaalpritam/Blockbase/type/type/Features/Editor/ScreenplayPreview.swift /Users/chaalpritam/Blockbase/type/type/Features/Editor/SmartFormattingManager.swift /Users/chaalpritam/Blockbase/type/type/Features/Editor/SpellCheckTextEditor.swift /Users/chaalpritam/Blockbase/type/type/Features/Editor/TextHistoryManager.swift /Users/chaalpritam/Blockbase/type/type/Features/File/FileCoordinator.swift /Users/chaalpritam/Blockbase/type/type/Features/Outline/OutlineCoordinator.swift /Users/chaalpritam/Blockbase/type/type/Features/Outline/OutlineDatabase.swift /Users/chaalpritam/Blockbase/type/type/Features/Outline/OutlineDetailViews.swift /Users/chaalpritam/Blockbase/type/type/Features/Outline/OutlineViews.swift /Users/chaalpritam/Blockbase/type/type/Features/Scenes/SceneDatabase.swift /Users/chaalpritam/Blockbase/type/type/Features/Scenes/SceneDetailViews.swift /Users/chaalpritam/Blockbase/type/type/Features/Scenes/SceneViews.swift /Users/chaalpritam/Blockbase/type/type/Features/StoryProtocol/StoryProtocolCoordinator.swift /Users/chaalpritam/Blockbase/type/type/Features/StoryProtocol/StoryProtocolViews.swift /Users/chaalpritam/Blockbase/type/type/Features/Timeline/TimelineDatabase.swift /Users/chaalpritam/Blockbase/type/type/Features/Timeline/TimelineViews.swift -primary-file /Users/chaalpritam/Blockbase/type/type/Features/Welcome/WelcomeView.swift -primary-file /Users/chaalpritam/Blockbase/type/type/Services/DocumentService.swift -primary-file /Users/chaalpritam/Blockbase/type/type/Services/FileManagementService.swift -primary-file /Users/chaalpritam/Blockbase/type/type/Services/FileManager.swift -primary-file /Users/chaalpritam/Blockbase/type/type/Services/SettingsService.swift -primary-file /Users/chaalpritam/Blockbase/type/type/Services/StatisticsService.swift /Users/chaalpritam/Blockbase/type/type/Services/StoryProtocolService.swift /Users/chaalpritam/Blockbase/type/type/Shared/ModalLayout.swift /Users/chaalpritam/Blockbase/type/type/UI/EnhancedAppleComponents.swift /Users/chaalpritam/Blockbase/type/type/UI/ModularAppView.swift /Users/chaalpritam/Blockbase/type/type/UI/TemplateSelectorView.swift /Users/chaalpritam/Blockbase/type/type/UI/TypeStyleAppView.swift /Users/chaalpritam/Blockbase/type/type/UI/TypeStyleComponents.swift /Users/chaalpritam/Blockbase/type/type/UI/TypeStyleTheme.swift /Users/chaalpritam/Blockbase/type/type/Utils/KeyboardShortcutsManager.swift /Users/chaalpritam/Blockbase/type/type/SceneEditViews.swift /Users/chaalpritam/Blockbase/type/type/typeApp.swift /Users/chaalpritam/Library/Developer/Xcode/DerivedData/type-aackdwwuwxayolgleuusgbwkkpsp/Build/Intermediates.noindex/type.build/Debug/type.build/DerivedSources/GeneratedAssetSymbols.swift -supplementary-output-file-map /Users/chaalpritam/Library/Developer/Xcode/DerivedData/type-aackdwwuwxayolgleuusgbwkkpsp/Build/Intermediates.noindex/type.build/Debug/type.build/Objects-normal/x86_64/supplementaryOutputs-8 -emit-localized-strings -emit-localized-strings-path /Users/chaalpritam/Library/Developer/Xcode/DerivedData/type-aackdwwuwxayolgleuusgbwkkpsp/Build/Intermediates.noindex/type.build/Debug/type.build/Objects-normal/x86_64 -target x86_64-apple-macos15.0 -enable-objc-interop -stack-check -sdk /Applications/Xcode.app/Contents/Developer/Platforms/MacOSX.platform/Developer/SDKs/MacOSX15.1.sdk -I /Users/chaalpritam/Library/Developer/Xcode/DerivedData/type-aackdwwuwxayolgleuusgbwkkpsp/Build/Products/Debug -F /Users/chaalpritam/Library/Developer/Xcode/DerivedData/type-aackdwwuwxayolgleuusgbwkkpsp/Build/Products/Debug -no-color-diagnostics -enable-testing -g -debug-info-format\=dwarf -dwarf-version\=5 -module-cache-path /Users/chaalpritam/Library/Developer/Xcode/DerivedData/ModuleCache.noindex -profile-generate -profile-coverage-mapping -swift-version 5 -enforce-exclusivity\=checked -Onone -D DEBUG -serialize-debugging-options -const-gather-protocols-file /Users/chaalpritam/Library/Developer/Xcode/DerivedData/type-aackdwwuwxayolgleuusgbwkkpsp/Build/Intermediates.noindex/type.build/Debug/type.build/Objects-normal/x86_64/type_const_extract_protocols.json -enable-experimental-feature DebugDescriptionMacro -enable-experimental-feature OpaqueTypeErasure -enable-bare-slash-regex -empty-abi-descriptor -validate-clang-modules-once -clang-build-session-file /Users/chaalpritam/Library/Developer/Xcode/DerivedData/ModuleCache.noindex/Session.modulevalidation -Xcc -working-directory -Xcc /Users/chaalpritam/Blockbase/type -resource-dir /Applications/Xcode.app/Contents/Developer/Toolchains/XcodeDefault.xctoolchain/usr/lib/swift -enable-anonymous-context-mangled-names -file-compilation-dir /Users/chaalpritam/Blockbase/type -Xcc -D_LIBCPP_HARDENING_MODE\=_LIBCPP_HARDENING_MODE_DEBUG -Xcc -ivfsstatcache -Xcc /Users/chaalpritam/Library/Developer/Xcode/DerivedData/SDKStatCaches.noindex/macosx15.1-24B75-26c8390a7c93c703a57fb2538426748e.sdkstatcache -Xcc -I/Users/chaalpritam/Library/Developer/Xcode/DerivedData/type-aackdwwuwxayolgleuusgbwkkpsp/Build/Intermediates.noindex/type.build/Debug/type.build/swift-overrides.hmap -Xcc -iquote -Xcc /Users/chaalpritam/Library/Developer/Xcode/DerivedData/type-aackdwwuwxayolgleuusgbwkkpsp/Build/Intermediates.noindex/type.build/Debug/type.build/type-generated-files.hmap -Xcc -I/Users/chaalpritam/Library/Developer/Xcode/DerivedData/type-aackdwwuwxayolgleuusgbwkkpsp/Build/Intermediates.noindex/type.build/Debug/type.build/type-own-target-headers.hmap -Xcc -I/Users/chaalpritam/Library/Developer/Xcode/DerivedData/type-aackdwwuwxayolgleuusgbwkkpsp/Build/Intermediates.noindex/type.build/Debug/type.build/type-all-target-headers.hmap -Xcc -iquote -Xcc /Users/chaalpritam/Library/Developer/Xcode/DerivedData/type-aackdwwuwxayolgleuusgbwkkpsp/Build/Intermediates.noindex/type.build/Debug/type.build/type-project-headers.hmap -Xcc -I/Users/chaalpritam/Library/Developer/Xcode/DerivedData/type-aackdwwuwxayolgleuusgbwkkpsp/Build/Products/Debug/include -Xcc -I/Users/chaalpritam/Library/Developer/Xcode/DerivedData/type-aackdwwuwxayolgleuusgbwkkpsp/Build/Intermediates.noindex/type.build/Debug/type.build/DerivedSources-normal/x86_64 -Xcc -I/Users/chaalpritam/Library/Developer/Xcode/DerivedData/type-aackdwwuwxayolgleuusgbwkkpsp/Build/Intermediates.noindex/type.build/Debug/type.build/DerivedSources/x86_64 -Xcc -I/Users/chaalpritam/Library/Developer/Xcode/DerivedData/type-aackdwwuwxayolgleuusgbwkkpsp/Build/Intermediates.noindex/type.build/Debug/type.build/DerivedSources -Xcc -DDEBUG\=1 -module-name type -frontend-parseable-output -disable-clang-spi -target-sdk-version 15.1 -target-sdk-name macosx15.1 -external-plugin-path /Applications/Xcode.app/Contents/Developer/Platforms/MacOSX.platform/Developer/usr/lib/swift/host/plugins\#/Applications/Xcode.app/Contents/Developer/Platforms/MacOSX.platform/Developer/usr/bin/swift-plugin-server -external-plugin-path /Applications/Xcode.app/Contents/Developer/Platforms/MacOSX.platform/Developer/usr/local/lib/swift/host/plugins\#/Applications/Xcode.app/Contents/Developer/Platforms/MacOSX.platform/Developer/usr/bin/swift-plugin-server -plugin-path /Applications/Xcode.app/Contents/Developer/Toolchains/XcodeDefault.xctoolchain/usr/lib/swift/host/plugins -plugin-path /Applications/Xcode.app/Contents/Developer/Toolchains/XcodeDefault.xctoolchain/usr/local/lib/swift/host/plugins -o /Users/chaalpritam/Library/Developer/Xcode/DerivedData/type-aackdwwuwxayolgleuusgbwkkpsp/Build/Intermediates.noindex/type.build/Debug/type.build/Objects-normal/x86_64/WelcomeView.o -o /Users/chaalpritam/Library/Developer/Xcode/DerivedData/type-aackdwwuwxayolgleuusgbwkkpsp/Build/Intermediates.noindex/type.build/Debug/type.build/Objects-normal/x86_64/DocumentService.o -o /Users/chaalpritam/Library/Developer/Xcode/DerivedData/type-aackdwwuwxayolgleuusgbwkkpsp/Build/Intermediates.noindex/type.build/Debug/type.build/Objects-normal/x86_64/FileManagementService.o -o /Users/chaalpritam/Library/Developer/Xcode/DerivedData/type-aackdwwuwxayolgleuusgbwkkpsp/Build/Intermediates.noindex/type.build/Debug/type.build/Objects-normal/x86_64/FileManager.o -o /Users/chaalpritam/Library/Developer/Xcode/DerivedData/type-aackdwwuwxayolgleuusgbwkkpsp/Build/Intermediates.noindex/type.build/Debug/type.build/Objects-normal/x86_64/SettingsService.o -o /Users/chaalpritam/Library/Developer/Xcode/DerivedData/type-aackdwwuwxayolgleuusgbwkkpsp/Build/Intermediates.noindex/type.build/Debug/type.build/Objects-normal/x86_64/StatisticsService.o -index-unit-output-path /type.build/Debug/type.build/Objects-normal/x86_64/WelcomeView.o -index-unit-output-path /type.build/Debug/type.build/Objects-normal/x86_64/DocumentService.o -index-unit-output-path /type.build/Debug/type.build/Objects-normal/x86_64/FileManagementService.o -index-unit-output-path /type.build/Debug/type.build/Objects-normal/x86_64/FileManager.o -index-unit-output-path /type.build/Debug/type.build/Objects-normal/x86_64/SettingsService.o -index-unit-output-path /type.build/Debug/type.build/Objects-normal/x86_64/StatisticsService.o -index-store-path /Users/chaalpritam/Library/Developer/Xcode/DerivedData/type-aackdwwuwxayolgleuusgbwkkpsp/Index.noindex/DataStore -index-system-modules

SwiftCompile normal x86_64 Compiling\ SceneDetailViews.swift,\ SceneViews.swift,\ StoryProtocolCoordinator.swift,\ StoryProtocolViews.swift,\ TimelineDatabase.swift,\ TimelineViews.swift /Users/chaalpritam/Blockbase/type/type/Features/Scenes/SceneDetailViews.swift /Users/chaalpritam/Blockbase/type/type/Features/Scenes/SceneViews.swift /Users/chaalpritam/Blockbase/type/type/Features/StoryProtocol/StoryProtocolCoordinator.swift /Users/chaalpritam/Blockbase/type/type/Features/StoryProtocol/StoryProtocolViews.swift /Users/chaalpritam/Blockbase/type/type/Features/Timeline/TimelineDatabase.swift /Users/chaalpritam/Blockbase/type/type/Features/Timeline/TimelineViews.swift (in target 'type' from project 'type')
    cd /Users/chaalpritam/Blockbase/type
    builtin-swiftTaskExecution -- /Applications/Xcode.app/Contents/Developer/Toolchains/XcodeDefault.xctoolchain/usr/bin/swift-frontend -frontend -c /Users/chaalpritam/Blockbase/type/type/Core/AppCoordinator.swift /Users/chaalpritam/Blockbase/type/type/Core/ModuleCoordinator.swift /Users/chaalpritam/Blockbase/type/type/Data/CharacterModels.swift /Users/chaalpritam/Blockbase/type/type/Data/OutlineModels.swift /Users/chaalpritam/Blockbase/type/type/Data/SceneModels.swift /Users/chaalpritam/Blockbase/type/type/Data/ScreenplayDocument.swift /Users/chaalpritam/Blockbase/type/type/Data/TimelineModels.swift /Users/chaalpritam/Blockbase/type/type/Features/Characters/CharacterCoordinator.swift /Users/chaalpritam/Blockbase/type/type/Features/Characters/CharacterDatabase.swift /Users/chaalpritam/Blockbase/type/type/Features/Characters/CharacterDetailViews.swift /Users/chaalpritam/Blockbase/type/type/Features/Characters/CharacterDetailViews2.swift /Users/chaalpritam/Blockbase/type/type/Features/Characters/CharacterEditViews.swift /Users/chaalpritam/Blockbase/type/type/Features/Characters/CharacterViews.swift /Users/chaalpritam/Blockbase/type/type/Features/Collaboration/CollaborationCoordinator.swift /Users/chaalpritam/Blockbase/type/type/Features/Collaboration/CollaborationManager.swift /Users/chaalpritam/Blockbase/type/type/Features/Collaboration/CollaborationViews.swift /Users/chaalpritam/Blockbase/type/type/Features/Editor/AdvancedEditorFeatures.swift /Users/chaalpritam/Blockbase/type/type/Features/Editor/AutoCompletionManager.swift /Users/chaalpritam/Blockbase/type/type/Features/Editor/CodeFoldingManager.swift /Users/chaalpritam/Blockbase/type/type/Features/Editor/EditorCoordinator.swift /Users/chaalpritam/Blockbase/type/type/Features/Editor/EnhancedFountainTextEditor.swift /Users/chaalpritam/Blockbase/type/type/Features/Editor/FindReplaceView.swift /Users/chaalpritam/Blockbase/type/type/Features/Editor/FountainHelpView.swift /Users/chaalpritam/Blockbase/type/type/Features/Editor/FountainParser.swift /Users/chaalpritam/Blockbase/type/type/Features/Editor/FountainSyntaxHighlighter.swift /Users/chaalpritam/Blockbase/type/type/Features/Editor/FountainTemplate.swift /Users/chaalpritam/Blockbase/type/type/Features/Editor/FountainTextEditor.swift /Users/chaalpritam/Blockbase/type/type/Features/Editor/MinimapView.swift /Users/chaalpritam/Blockbase/type/type/Features/Editor/MultipleCursorsTextEditor.swift /Users/chaalpritam/Blockbase/type/type/Features/Editor/ScreenplayPreview.swift /Users/chaalpritam/Blockbase/type/type/Features/Editor/SmartFormattingManager.swift /Users/chaalpritam/Blockbase/type/type/Features/Editor/SpellCheckTextEditor.swift /Users/chaalpritam/Blockbase/type/type/Features/Editor/TextHistoryManager.swift /Users/chaalpritam/Blockbase/type/type/Features/File/FileCoordinator.swift /Users/chaalpritam/Blockbase/type/type/Features/Outline/OutlineCoordinator.swift /Users/chaalpritam/Blockbase/type/type/Features/Outline/OutlineDatabase.swift /Users/chaalpritam/Blockbase/type/type/Features/Outline/OutlineDetailViews.swift /Users/chaalpritam/Blockbase/type/type/Features/Outline/OutlineViews.swift /Users/chaalpritam/Blockbase/type/type/Features/Scenes/SceneDatabase.swift -primary-file /Users/chaalpritam/Blockbase/type/type/Features/Scenes/SceneDetailViews.swift -primary-file /Users/chaalpritam/Blockbase/type/type/Features/Scenes/SceneViews.swift -primary-file /Users/chaalpritam/Blockbase/type/type/Features/StoryProtocol/StoryProtocolCoordinator.swift -primary-file /Users/chaalpritam/Blockbase/type/type/Features/StoryProtocol/StoryProtocolViews.swift -primary-file /Users/chaalpritam/Blockbase/type/type/Features/Timeline/TimelineDatabase.swift -primary-file /Users/chaalpritam/Blockbase/type/type/Features/Timeline/TimelineViews.swift /Users/chaalpritam/Blockbase/type/type/Features/Welcome/WelcomeView.swift /Users/chaalpritam/Blockbase/type/type/Services/DocumentService.swift /Users/chaalpritam/Blockbase/type/type/Services/FileManagementService.swift /Users/chaalpritam/Blockbase/type/type/Services/FileManager.swift /Users/chaalpritam/Blockbase/type/type/Services/SettingsService.swift /Users/chaalpritam/Blockbase/type/type/Services/StatisticsService.swift /Users/chaalpritam/Blockbase/type/type/Services/StoryProtocolService.swift /Users/chaalpritam/Blockbase/type/type/Shared/ModalLayout.swift /Users/chaalpritam/Blockbase/type/type/UI/EnhancedAppleComponents.swift /Users/chaalpritam/Blockbase/type/type/UI/ModularAppView.swift /Users/chaalpritam/Blockbase/type/type/UI/TemplateSelectorView.swift /Users/chaalpritam/Blockbase/type/type/UI/TypeStyleAppView.swift /Users/chaalpritam/Blockbase/type/type/UI/TypeStyleComponents.swift /Users/chaalpritam/Blockbase/type/type/UI/TypeStyleTheme.swift /Users/chaalpritam/Blockbase/type/type/Utils/KeyboardShortcutsManager.swift /Users/chaalpritam/Blockbase/type/type/SceneEditViews.swift /Users/chaalpritam/Blockbase/type/type/typeApp.swift /Users/chaalpritam/Library/Developer/Xcode/DerivedData/type-aackdwwuwxayolgleuusgbwkkpsp/Build/Intermediates.noindex/type.build/Debug/type.build/DerivedSources/GeneratedAssetSymbols.swift -supplementary-output-file-map /Users/chaalpritam/Library/Developer/Xcode/DerivedData/type-aackdwwuwxayolgleuusgbwkkpsp/Build/Intermediates.noindex/type.build/Debug/type.build/Objects-normal/x86_64/supplementaryOutputs-7 -emit-localized-strings -emit-localized-strings-path /Users/chaalpritam/Library/Developer/Xcode/DerivedData/type-aackdwwuwxayolgleuusgbwkkpsp/Build/Intermediates.noindex/type.build/Debug/type.build/Objects-normal/x86_64 -target x86_64-apple-macos15.0 -enable-objc-interop -stack-check -sdk /Applications/Xcode.app/Contents/Developer/Platforms/MacOSX.platform/Developer/SDKs/MacOSX15.1.sdk -I /Users/chaalpritam/Library/Developer/Xcode/DerivedData/type-aackdwwuwxayolgleuusgbwkkpsp/Build/Products/Debug -F /Users/chaalpritam/Library/Developer/Xcode/DerivedData/type-aackdwwuwxayolgleuusgbwkkpsp/Build/Products/Debug -no-color-diagnostics -enable-testing -g -debug-info-format\=dwarf -dwarf-version\=5 -module-cache-path /Users/chaalpritam/Library/Developer/Xcode/DerivedData/ModuleCache.noindex -profile-generate -profile-coverage-mapping -swift-version 5 -enforce-exclusivity\=checked -Onone -D DEBUG -serialize-debugging-options -const-gather-protocols-file /Users/chaalpritam/Library/Developer/Xcode/DerivedData/type-aackdwwuwxayolgleuusgbwkkpsp/Build/Intermediates.noindex/type.build/Debug/type.build/Objects-normal/x86_64/type_const_extract_protocols.json -enable-experimental-feature DebugDescriptionMacro -enable-experimental-feature OpaqueTypeErasure -enable-bare-slash-regex -empty-abi-descriptor -validate-clang-modules-once -clang-build-session-file /Users/chaalpritam/Library/Developer/Xcode/DerivedData/ModuleCache.noindex/Session.modulevalidation -Xcc -working-directory -Xcc /Users/chaalpritam/Blockbase/type -resource-dir /Applications/Xcode.app/Contents/Developer/Toolchains/XcodeDefault.xctoolchain/usr/lib/swift -enable-anonymous-context-mangled-names -file-compilation-dir /Users/chaalpritam/Blockbase/type -Xcc -D_LIBCPP_HARDENING_MODE\=_LIBCPP_HARDENING_MODE_DEBUG -Xcc -ivfsstatcache -Xcc /Users/chaalpritam/Library/Developer/Xcode/DerivedData/SDKStatCaches.noindex/macosx15.1-24B75-26c8390a7c93c703a57fb2538426748e.sdkstatcache -Xcc -I/Users/chaalpritam/Library/Developer/Xcode/DerivedData/type-aackdwwuwxayolgleuusgbwkkpsp/Build/Intermediates.noindex/type.build/Debug/type.build/swift-overrides.hmap -Xcc -iquote -Xcc /Users/chaalpritam/Library/Developer/Xcode/DerivedData/type-aackdwwuwxayolgleuusgbwkkpsp/Build/Intermediates.noindex/type.build/Debug/type.build/type-generated-files.hmap -Xcc -I/Users/chaalpritam/Library/Developer/Xcode/DerivedData/type-aackdwwuwxayolgleuusgbwkkpsp/Build/Intermediates.noindex/type.build/Debug/type.build/type-own-target-headers.hmap -Xcc -I/Users/chaalpritam/Library/Developer/Xcode/DerivedData/type-aackdwwuwxayolgleuusgbwkkpsp/Build/Intermediates.noindex/type.build/Debug/type.build/type-all-target-headers.hmap -Xcc -iquote -Xcc /Users/chaalpritam/Library/Developer/Xcode/DerivedData/type-aackdwwuwxayolgleuusgbwkkpsp/Build/Intermediates.noindex/type.build/Debug/type.build/type-project-headers.hmap -Xcc -I/Users/chaalpritam/Library/Developer/Xcode/DerivedData/type-aackdwwuwxayolgleuusgbwkkpsp/Build/Products/Debug/include -Xcc -I/Users/chaalpritam/Library/Developer/Xcode/DerivedData/type-aackdwwuwxayolgleuusgbwkkpsp/Build/Intermediates.noindex/type.build/Debug/type.build/DerivedSources-normal/x86_64 -Xcc -I/Users/chaalpritam/Library/Developer/Xcode/DerivedData/type-aackdwwuwxayolgleuusgbwkkpsp/Build/Intermediates.noindex/type.build/Debug/type.build/DerivedSources/x86_64 -Xcc -I/Users/chaalpritam/Library/Developer/Xcode/DerivedData/type-aackdwwuwxayolgleuusgbwkkpsp/Build/Intermediates.noindex/type.build/Debug/type.build/DerivedSources -Xcc -DDEBUG\=1 -module-name type -frontend-parseable-output -disable-clang-spi -target-sdk-version 15.1 -target-sdk-name macosx15.1 -external-plugin-path /Applications/Xcode.app/Contents/Developer/Platforms/MacOSX.platform/Developer/usr/lib/swift/host/plugins\#/Applications/Xcode.app/Contents/Developer/Platforms/MacOSX.platform/Developer/usr/bin/swift-plugin-server -external-plugin-path /Applications/Xcode.app/Contents/Developer/Platforms/MacOSX.platform/Developer/usr/local/lib/swift/host/plugins\#/Applications/Xcode.app/Contents/Developer/Platforms/MacOSX.platform/Developer/usr/bin/swift-plugin-server -plugin-path /Applications/Xcode.app/Contents/Developer/Toolchains/XcodeDefault.xctoolchain/usr/lib/swift/host/plugins -plugin-path /Applications/Xcode.app/Contents/Developer/Toolchains/XcodeDefault.xctoolchain/usr/local/lib/swift/host/plugins -o /Users/chaalpritam/Library/Developer/Xcode/DerivedData/type-aackdwwuwxayolgleuusgbwkkpsp/Build/Intermediates.noindex/type.build/Debug/type.build/Objects-normal/x86_64/SceneDetailViews.o -o /Users/chaalpritam/Library/Developer/Xcode/DerivedData/type-aackdwwuwxayolgleuusgbwkkpsp/Build/Intermediates.noindex/type.build/Debug/type.build/Objects-normal/x86_64/SceneViews.o -o /Users/chaalpritam/Library/Developer/Xcode/DerivedData/type-aackdwwuwxayolgleuusgbwkkpsp/Build/Intermediates.noindex/type.build/Debug/type.build/Objects-normal/x86_64/StoryProtocolCoordinator.o -o /Users/chaalpritam/Library/Developer/Xcode/DerivedData/type-aackdwwuwxayolgleuusgbwkkpsp/Build/Intermediates.noindex/type.build/Debug/type.build/Objects-normal/x86_64/StoryProtocolViews.o -o /Users/chaalpritam/Library/Developer/Xcode/DerivedData/type-aackdwwuwxayolgleuusgbwkkpsp/Build/Intermediates.noindex/type.build/Debug/type.build/Objects-normal/x86_64/TimelineDatabase.o -o /Users/chaalpritam/Library/Developer/Xcode/DerivedData/type-aackdwwuwxayolgleuusgbwkkpsp/Build/Intermediates.noindex/type.build/Debug/type.build/Objects-normal/x86_64/TimelineViews.o -index-unit-output-path /type.build/Debug/type.build/Objects-normal/x86_64/SceneDetailViews.o -index-unit-output-path /type.build/Debug/type.build/Objects-normal/x86_64/SceneViews.o -index-unit-output-path /type.build/Debug/type.build/Objects-normal/x86_64/StoryProtocolCoordinator.o -index-unit-output-path /type.build/Debug/type.build/Objects-normal/x86_64/StoryProtocolViews.o -index-unit-output-path /type.build/Debug/type.build/Objects-normal/x86_64/TimelineDatabase.o -index-unit-output-path /type.build/Debug/type.build/Objects-normal/x86_64/TimelineViews.o -index-store-path /Users/chaalpritam/Library/Developer/Xcode/DerivedData/type-aackdwwuwxayolgleuusgbwkkpsp/Index.noindex/DataStore -index-system-modules
SwiftCompile normal x86_64 /Users/chaalpritam/Blockbase/type/type/Features/Scenes/SceneDetailViews.swift (in target 'type' from project 'type')
    cd /Users/chaalpritam/Blockbase/type
    /Applications/Xcode.app/Contents/Developer/Toolchains/XcodeDefault.xctoolchain/usr/bin/swift-frontend -c /Users/chaalpritam/Blockbase/type/type/Core/AppCoordinator.swift /Users/chaalpritam/Blockbase/type/type/Core/ModuleCoordinator.swift /Users/chaalpritam/Blockbase/type/type/Data/CharacterModels.swift /Users/chaalpritam/Blockbase/type/type/Data/OutlineModels.swift /Users/chaalpritam/Blockbase/type/type/Data/SceneModels.swift /Users/chaalpritam/Blockbase/type/type/Data/ScreenplayDocument.swift /Users/chaalpritam/Blockbase/type/type/Data/TimelineModels.swift /Users/chaalpritam/Blockbase/type/type/Features/Characters/CharacterCoordinator.swift /Users/chaalpritam/Blockbase/type/type/Features/Characters/CharacterDatabase.swift /Users/chaalpritam/Blockbase/type/type/Features/Characters/CharacterDetailViews.swift /Users/chaalpritam/Blockbase/type/type/Features/Characters/CharacterDetailViews2.swift /Users/chaalpritam/Blockbase/type/type/Features/Characters/CharacterEditViews.swift /Users/chaalpritam/Blockbase/type/type/Features/Characters/CharacterViews.swift /Users/chaalpritam/Blockbase/type/type/Features/Collaboration/CollaborationCoordinator.swift /Users/chaalpritam/Blockbase/type/type/Features/Collaboration/CollaborationManager.swift /Users/chaalpritam/Blockbase/type/type/Features/Collaboration/CollaborationViews.swift /Users/chaalpritam/Blockbase/type/type/Features/Editor/AdvancedEditorFeatures.swift /Users/chaalpritam/Blockbase/type/type/Features/Editor/AutoCompletionManager.swift /Users/chaalpritam/Blockbase/type/type/Features/Editor/CodeFoldingManager.swift /Users/chaalpritam/Blockbase/type/type/Features/Editor/EditorCoordinator.swift /Users/chaalpritam/Blockbase/type/type/Features/Editor/EnhancedFountainTextEditor.swift /Users/chaalpritam/Blockbase/type/type/Features/Editor/FindReplaceView.swift /Users/chaalpritam/Blockbase/type/type/Features/Editor/FountainHelpView.swift /Users/chaalpritam/Blockbase/type/type/Features/Editor/FountainParser.swift /Users/chaalpritam/Blockbase/type/type/Features/Editor/FountainSyntaxHighlighter.swift /Users/chaalpritam/Blockbase/type/type/Features/Editor/FountainTemplate.swift /Users/chaalpritam/Blockbase/type/type/Features/Editor/FountainTextEditor.swift /Users/chaalpritam/Blockbase/type/type/Features/Editor/MinimapView.swift /Users/chaalpritam/Blockbase/type/type/Features/Editor/MultipleCursorsTextEditor.swift /Users/chaalpritam/Blockbase/type/type/Features/Editor/ScreenplayPreview.swift /Users/chaalpritam/Blockbase/type/type/Features/Editor/SmartFormattingManager.swift /Users/chaalpritam/Blockbase/type/type/Features/Editor/SpellCheckTextEditor.swift /Users/chaalpritam/Blockbase/type/type/Features/Editor/TextHistoryManager.swift /Users/chaalpritam/Blockbase/type/type/Features/File/FileCoordinator.swift /Users/chaalpritam/Blockbase/type/type/Features/Outline/OutlineCoordinator.swift /Users/chaalpritam/Blockbase/type/type/Features/Outline/OutlineDatabase.swift /Users/chaalpritam/Blockbase/type/type/Features/Outline/OutlineDetailViews.swift /Users/chaalpritam/Blockbase/type/type/Features/Outline/OutlineViews.swift /Users/chaalpritam/Blockbase/type/type/Features/Scenes/SceneDatabase.swift -primary-file /Users/chaalpritam/Blockbase/type/type/Features/Scenes/SceneDetailViews.swift -primary-file /Users/chaalpritam/Blockbase/type/type/Features/Scenes/SceneViews.swift -primary-file /Users/chaalpritam/Blockbase/type/type/Features/StoryProtocol/StoryProtocolCoordinator.swift -primary-file /Users/chaalpritam/Blockbase/type/type/Features/StoryProtocol/StoryProtocolViews.swift -primary-file /Users/chaalpritam/Blockbase/type/type/Features/Timeline/TimelineDatabase.swift -primary-file /Users/chaalpritam/Blockbase/type/type/Features/Timeline/TimelineViews.swift /Users/chaalpritam/Blockbase/type/type/Features/Welcome/WelcomeView.swift /Users/chaalpritam/Blockbase/type/type/Services/DocumentService.swift /Users/chaalpritam/Blockbase/type/type/Services/FileManagementService.swift /Users/chaalpritam/Blockbase/type/type/Services/FileManager.swift /Users/chaalpritam/Blockbase/type/type/Services/SettingsService.swift /Users/chaalpritam/Blockbase/type/type/Services/StatisticsService.swift /Users/chaalpritam/Blockbase/type/type/Services/StoryProtocolService.swift /Users/chaalpritam/Blockbase/type/type/Shared/ModalLayout.swift /Users/chaalpritam/Blockbase/type/type/UI/EnhancedAppleComponents.swift /Users/chaalpritam/Blockbase/type/type/UI/ModularAppView.swift /Users/chaalpritam/Blockbase/type/type/UI/TemplateSelectorView.swift /Users/chaalpritam/Blockbase/type/type/UI/TypeStyleAppView.swift /Users/chaalpritam/Blockbase/type/type/UI/TypeStyleComponents.swift /Users/chaalpritam/Blockbase/type/type/UI/TypeStyleTheme.swift /Users/chaalpritam/Blockbase/type/type/Utils/KeyboardShortcutsManager.swift /Users/chaalpritam/Blockbase/type/type/SceneEditViews.swift /Users/chaalpritam/Blockbase/type/type/typeApp.swift /Users/chaalpritam/Library/Developer/Xcode/DerivedData/type-aackdwwuwxayolgleuusgbwkkpsp/Build/Intermediates.noindex/type.build/Debug/type.build/DerivedSources/GeneratedAssetSymbols.swift -supplementary-output-file-map /Users/chaalpritam/Library/Developer/Xcode/DerivedData/type-aackdwwuwxayolgleuusgbwkkpsp/Build/Intermediates.noindex/type.build/Debug/type.build/Objects-normal/x86_64/supplementaryOutputs-7 -emit-localized-strings -emit-localized-strings-path /Users/chaalpritam/Library/Developer/Xcode/DerivedData/type-aackdwwuwxayolgleuusgbwkkpsp/Build/Intermediates.noindex/type.build/Debug/type.build/Objects-normal/x86_64 -target x86_64-apple-macos15.0 -enable-objc-interop -stack-check -sdk /Applications/Xcode.app/Contents/Developer/Platforms/MacOSX.platform/Developer/SDKs/MacOSX15.1.sdk -I /Users/chaalpritam/Library/Developer/Xcode/DerivedData/type-aackdwwuwxayolgleuusgbwkkpsp/Build/Products/Debug -F /Users/chaalpritam/Library/Developer/Xcode/DerivedData/type-aackdwwuwxayolgleuusgbwkkpsp/Build/Products/Debug -no-color-diagnostics -enable-testing -g -debug-info-format\=dwarf -dwarf-version\=5 -module-cache-path /Users/chaalpritam/Library/Developer/Xcode/DerivedData/ModuleCache.noindex -profile-generate -profile-coverage-mapping -swift-version 5 -enforce-exclusivity\=checked -Onone -D DEBUG -serialize-debugging-options -const-gather-protocols-file /Users/chaalpritam/Library/Developer/Xcode/DerivedData/type-aackdwwuwxayolgleuusgbwkkpsp/Build/Intermediates.noindex/type.build/Debug/type.build/Objects-normal/x86_64/type_const_extract_protocols.json -enable-experimental-feature DebugDescriptionMacro -enable-experimental-feature OpaqueTypeErasure -enable-bare-slash-regex -empty-abi-descriptor -validate-clang-modules-once -clang-build-session-file /Users/chaalpritam/Library/Developer/Xcode/DerivedData/ModuleCache.noindex/Session.modulevalidation -Xcc -working-directory -Xcc /Users/chaalpritam/Blockbase/type -resource-dir /Applications/Xcode.app/Contents/Developer/Toolchains/XcodeDefault.xctoolchain/usr/lib/swift -enable-anonymous-context-mangled-names -file-compilation-dir /Users/chaalpritam/Blockbase/type -Xcc -D_LIBCPP_HARDENING_MODE\=_LIBCPP_HARDENING_MODE_DEBUG -Xcc -ivfsstatcache -Xcc /Users/chaalpritam/Library/Developer/Xcode/DerivedData/SDKStatCaches.noindex/macosx15.1-24B75-26c8390a7c93c703a57fb2538426748e.sdkstatcache -Xcc -I/Users/chaalpritam/Library/Developer/Xcode/DerivedData/type-aackdwwuwxayolgleuusgbwkkpsp/Build/Intermediates.noindex/type.build/Debug/type.build/swift-overrides.hmap -Xcc -iquote -Xcc /Users/chaalpritam/Library/Developer/Xcode/DerivedData/type-aackdwwuwxayolgleuusgbwkkpsp/Build/Intermediates.noindex/type.build/Debug/type.build/type-generated-files.hmap -Xcc -I/Users/chaalpritam/Library/Developer/Xcode/DerivedData/type-aackdwwuwxayolgleuusgbwkkpsp/Build/Intermediates.noindex/type.build/Debug/type.build/type-own-target-headers.hmap -Xcc -I/Users/chaalpritam/Library/Developer/Xcode/DerivedData/type-aackdwwuwxayolgleuusgbwkkpsp/Build/Intermediates.noindex/type.build/Debug/type.build/type-all-target-headers.hmap -Xcc -iquote -Xcc /Users/chaalpritam/Library/Developer/Xcode/DerivedData/type-aackdwwuwxayolgleuusgbwkkpsp/Build/Intermediates.noindex/type.build/Debug/type.build/type-project-headers.hmap -Xcc -I/Users/chaalpritam/Library/Developer/Xcode/DerivedData/type-aackdwwuwxayolgleuusgbwkkpsp/Build/Products/Debug/include -Xcc -I/Users/chaalpritam/Library/Developer/Xcode/DerivedData/type-aackdwwuwxayolgleuusgbwkkpsp/Build/Intermediates.noindex/type.build/Debug/type.build/DerivedSources-normal/x86_64 -Xcc -I/Users/chaalpritam/Library/Developer/Xcode/DerivedData/type-aackdwwuwxayolgleuusgbwkkpsp/Build/Intermediates.noindex/type.build/Debug/type.build/DerivedSources/x86_64 -Xcc -I/Users/chaalpritam/Library/Developer/Xcode/DerivedData/type-aackdwwuwxayolgleuusgbwkkpsp/Build/Intermediates.noindex/type.build/Debug/type.build/DerivedSources -Xcc -DDEBUG\=1 -module-name type -frontend-parseable-output -disable-clang-spi -target-sdk-version 15.1 -target-sdk-name macosx15.1 -external-plugin-path /Applications/Xcode.app/Contents/Developer/Platforms/MacOSX.platform/Developer/usr/lib/swift/host/plugins\#/Applications/Xcode.app/Contents/Developer/Platforms/MacOSX.platform/Developer/usr/bin/swift-plugin-server -external-plugin-path /Applications/Xcode.app/Contents/Developer/Platforms/MacOSX.platform/Developer/usr/local/lib/swift/host/plugins\#/Applications/Xcode.app/Contents/Developer/Platforms/MacOSX.platform/Developer/usr/bin/swift-plugin-server -plugin-path /Applications/Xcode.app/Contents/Developer/Toolchains/XcodeDefault.xctoolchain/usr/lib/swift/host/plugins -plugin-path /Applications/Xcode.app/Contents/Developer/Toolchains/XcodeDefault.xctoolchain/usr/local/lib/swift/host/plugins -o /Users/chaalpritam/Library/Developer/Xcode/DerivedData/type-aackdwwuwxayolgleuusgbwkkpsp/Build/Intermediates.noindex/type.build/Debug/type.build/Objects-normal/x86_64/SceneDetailViews.o -o /Users/chaalpritam/Library/Developer/Xcode/DerivedData/type-aackdwwuwxayolgleuusgbwkkpsp/Build/Intermediates.noindex/type.build/Debug/type.build/Objects-normal/x86_64/SceneViews.o -o /Users/chaalpritam/Library/Developer/Xcode/DerivedData/type-aackdwwuwxayolgleuusgbwkkpsp/Build/Intermediates.noindex/type.build/Debug/type.build/Objects-normal/x86_64/StoryProtocolCoordinator.o -o /Users/chaalpritam/Library/Developer/Xcode/DerivedData/type-aackdwwuwxayolgleuusgbwkkpsp/Build/Intermediates.noindex/type.build/Debug/type.build/Objects-normal/x86_64/StoryProtocolViews.o -o /Users/chaalpritam/Library/Developer/Xcode/DerivedData/type-aackdwwuwxayolgleuusgbwkkpsp/Build/Intermediates.noindex/type.build/Debug/type.build/Objects-normal/x86_64/TimelineDatabase.o -o /Users/chaalpritam/Library/Developer/Xcode/DerivedData/type-aackdwwuwxayolgleuusgbwkkpsp/Build/Intermediates.noindex/type.build/Debug/type.build/Objects-normal/x86_64/TimelineViews.o -index-unit-output-path /type.build/Debug/type.build/Objects-normal/x86_64/SceneDetailViews.o -index-unit-output-path /type.build/Debug/type.build/Objects-normal/x86_64/SceneViews.o -index-unit-output-path /type.build/Debug/type.build/Objects-normal/x86_64/StoryProtocolCoordinator.o -index-unit-output-path /type.build/Debug/type.build/Objects-normal/x86_64/StoryProtocolViews.o -index-unit-output-path /type.build/Debug/type.build/Objects-normal/x86_64/TimelineDatabase.o -index-unit-output-path /type.build/Debug/type.build/Objects-normal/x86_64/TimelineViews.o -index-store-path /Users/chaalpritam/Library/Developer/Xcode/DerivedData/type-aackdwwuwxayolgleuusgbwkkpsp/Index.noindex/DataStore -index-system-modules

SwiftCompile normal x86_64 /Users/chaalpritam/Blockbase/type/type/Features/Scenes/SceneViews.swift (in target 'type' from project 'type')
    cd /Users/chaalpritam/Blockbase/type
    /Applications/Xcode.app/Contents/Developer/Toolchains/XcodeDefault.xctoolchain/usr/bin/swift-frontend -c /Users/chaalpritam/Blockbase/type/type/Core/AppCoordinator.swift /Users/chaalpritam/Blockbase/type/type/Core/ModuleCoordinator.swift /Users/chaalpritam/Blockbase/type/type/Data/CharacterModels.swift /Users/chaalpritam/Blockbase/type/type/Data/OutlineModels.swift /Users/chaalpritam/Blockbase/type/type/Data/SceneModels.swift /Users/chaalpritam/Blockbase/type/type/Data/ScreenplayDocument.swift /Users/chaalpritam/Blockbase/type/type/Data/TimelineModels.swift /Users/chaalpritam/Blockbase/type/type/Features/Characters/CharacterCoordinator.swift /Users/chaalpritam/Blockbase/type/type/Features/Characters/CharacterDatabase.swift /Users/chaalpritam/Blockbase/type/type/Features/Characters/CharacterDetailViews.swift /Users/chaalpritam/Blockbase/type/type/Features/Characters/CharacterDetailViews2.swift /Users/chaalpritam/Blockbase/type/type/Features/Characters/CharacterEditViews.swift /Users/chaalpritam/Blockbase/type/type/Features/Characters/CharacterViews.swift /Users/chaalpritam/Blockbase/type/type/Features/Collaboration/CollaborationCoordinator.swift /Users/chaalpritam/Blockbase/type/type/Features/Collaboration/CollaborationManager.swift /Users/chaalpritam/Blockbase/type/type/Features/Collaboration/CollaborationViews.swift /Users/chaalpritam/Blockbase/type/type/Features/Editor/AdvancedEditorFeatures.swift /Users/chaalpritam/Blockbase/type/type/Features/Editor/AutoCompletionManager.swift /Users/chaalpritam/Blockbase/type/type/Features/Editor/CodeFoldingManager.swift /Users/chaalpritam/Blockbase/type/type/Features/Editor/EditorCoordinator.swift /Users/chaalpritam/Blockbase/type/type/Features/Editor/EnhancedFountainTextEditor.swift /Users/chaalpritam/Blockbase/type/type/Features/Editor/FindReplaceView.swift /Users/chaalpritam/Blockbase/type/type/Features/Editor/FountainHelpView.swift /Users/chaalpritam/Blockbase/type/type/Features/Editor/FountainParser.swift /Users/chaalpritam/Blockbase/type/type/Features/Editor/FountainSyntaxHighlighter.swift /Users/chaalpritam/Blockbase/type/type/Features/Editor/FountainTemplate.swift /Users/chaalpritam/Blockbase/type/type/Features/Editor/FountainTextEditor.swift /Users/chaalpritam/Blockbase/type/type/Features/Editor/MinimapView.swift /Users/chaalpritam/Blockbase/type/type/Features/Editor/MultipleCursorsTextEditor.swift /Users/chaalpritam/Blockbase/type/type/Features/Editor/ScreenplayPreview.swift /Users/chaalpritam/Blockbase/type/type/Features/Editor/SmartFormattingManager.swift /Users/chaalpritam/Blockbase/type/type/Features/Editor/SpellCheckTextEditor.swift /Users/chaalpritam/Blockbase/type/type/Features/Editor/TextHistoryManager.swift /Users/chaalpritam/Blockbase/type/type/Features/File/FileCoordinator.swift /Users/chaalpritam/Blockbase/type/type/Features/Outline/OutlineCoordinator.swift /Users/chaalpritam/Blockbase/type/type/Features/Outline/OutlineDatabase.swift /Users/chaalpritam/Blockbase/type/type/Features/Outline/OutlineDetailViews.swift /Users/chaalpritam/Blockbase/type/type/Features/Outline/OutlineViews.swift /Users/chaalpritam/Blockbase/type/type/Features/Scenes/SceneDatabase.swift -primary-file /Users/chaalpritam/Blockbase/type/type/Features/Scenes/SceneDetailViews.swift -primary-file /Users/chaalpritam/Blockbase/type/type/Features/Scenes/SceneViews.swift -primary-file /Users/chaalpritam/Blockbase/type/type/Features/StoryProtocol/StoryProtocolCoordinator.swift -primary-file /Users/chaalpritam/Blockbase/type/type/Features/StoryProtocol/StoryProtocolViews.swift -primary-file /Users/chaalpritam/Blockbase/type/type/Features/Timeline/TimelineDatabase.swift -primary-file /Users/chaalpritam/Blockbase/type/type/Features/Timeline/TimelineViews.swift /Users/chaalpritam/Blockbase/type/type/Features/Welcome/WelcomeView.swift /Users/chaalpritam/Blockbase/type/type/Services/DocumentService.swift /Users/chaalpritam/Blockbase/type/type/Services/FileManagementService.swift /Users/chaalpritam/Blockbase/type/type/Services/FileManager.swift /Users/chaalpritam/Blockbase/type/type/Services/SettingsService.swift /Users/chaalpritam/Blockbase/type/type/Services/StatisticsService.swift /Users/chaalpritam/Blockbase/type/type/Services/StoryProtocolService.swift /Users/chaalpritam/Blockbase/type/type/Shared/ModalLayout.swift /Users/chaalpritam/Blockbase/type/type/UI/EnhancedAppleComponents.swift /Users/chaalpritam/Blockbase/type/type/UI/ModularAppView.swift /Users/chaalpritam/Blockbase/type/type/UI/TemplateSelectorView.swift /Users/chaalpritam/Blockbase/type/type/UI/TypeStyleAppView.swift /Users/chaalpritam/Blockbase/type/type/UI/TypeStyleComponents.swift /Users/chaalpritam/Blockbase/type/type/UI/TypeStyleTheme.swift /Users/chaalpritam/Blockbase/type/type/Utils/KeyboardShortcutsManager.swift /Users/chaalpritam/Blockbase/type/type/SceneEditViews.swift /Users/chaalpritam/Blockbase/type/type/typeApp.swift /Users/chaalpritam/Library/Developer/Xcode/DerivedData/type-aackdwwuwxayolgleuusgbwkkpsp/Build/Intermediates.noindex/type.build/Debug/type.build/DerivedSources/GeneratedAssetSymbols.swift -supplementary-output-file-map /Users/chaalpritam/Library/Developer/Xcode/DerivedData/type-aackdwwuwxayolgleuusgbwkkpsp/Build/Intermediates.noindex/type.build/Debug/type.build/Objects-normal/x86_64/supplementaryOutputs-7 -emit-localized-strings -emit-localized-strings-path /Users/chaalpritam/Library/Developer/Xcode/DerivedData/type-aackdwwuwxayolgleuusgbwkkpsp/Build/Intermediates.noindex/type.build/Debug/type.build/Objects-normal/x86_64 -target x86_64-apple-macos15.0 -enable-objc-interop -stack-check -sdk /Applications/Xcode.app/Contents/Developer/Platforms/MacOSX.platform/Developer/SDKs/MacOSX15.1.sdk -I /Users/chaalpritam/Library/Developer/Xcode/DerivedData/type-aackdwwuwxayolgleuusgbwkkpsp/Build/Products/Debug -F /Users/chaalpritam/Library/Developer/Xcode/DerivedData/type-aackdwwuwxayolgleuusgbwkkpsp/Build/Products/Debug -no-color-diagnostics -enable-testing -g -debug-info-format\=dwarf -dwarf-version\=5 -module-cache-path /Users/chaalpritam/Library/Developer/Xcode/DerivedData/ModuleCache.noindex -profile-generate -profile-coverage-mapping -swift-version 5 -enforce-exclusivity\=checked -Onone -D DEBUG -serialize-debugging-options -const-gather-protocols-file /Users/chaalpritam/Library/Developer/Xcode/DerivedData/type-aackdwwuwxayolgleuusgbwkkpsp/Build/Intermediates.noindex/type.build/Debug/type.build/Objects-normal/x86_64/type_const_extract_protocols.json -enable-experimental-feature DebugDescriptionMacro -enable-experimental-feature OpaqueTypeErasure -enable-bare-slash-regex -empty-abi-descriptor -validate-clang-modules-once -clang-build-session-file /Users/chaalpritam/Library/Developer/Xcode/DerivedData/ModuleCache.noindex/Session.modulevalidation -Xcc -working-directory -Xcc /Users/chaalpritam/Blockbase/type -resource-dir /Applications/Xcode.app/Contents/Developer/Toolchains/XcodeDefault.xctoolchain/usr/lib/swift -enable-anonymous-context-mangled-names -file-compilation-dir /Users/chaalpritam/Blockbase/type -Xcc -D_LIBCPP_HARDENING_MODE\=_LIBCPP_HARDENING_MODE_DEBUG -Xcc -ivfsstatcache -Xcc /Users/chaalpritam/Library/Developer/Xcode/DerivedData/SDKStatCaches.noindex/macosx15.1-24B75-26c8390a7c93c703a57fb2538426748e.sdkstatcache -Xcc -I/Users/chaalpritam/Library/Developer/Xcode/DerivedData/type-aackdwwuwxayolgleuusgbwkkpsp/Build/Intermediates.noindex/type.build/Debug/type.build/swift-overrides.hmap -Xcc -iquote -Xcc /Users/chaalpritam/Library/Developer/Xcode/DerivedData/type-aackdwwuwxayolgleuusgbwkkpsp/Build/Intermediates.noindex/type.build/Debug/type.build/type-generated-files.hmap -Xcc -I/Users/chaalpritam/Library/Developer/Xcode/DerivedData/type-aackdwwuwxayolgleuusgbwkkpsp/Build/Intermediates.noindex/type.build/Debug/type.build/type-own-target-headers.hmap -Xcc -I/Users/chaalpritam/Library/Developer/Xcode/DerivedData/type-aackdwwuwxayolgleuusgbwkkpsp/Build/Intermediates.noindex/type.build/Debug/type.build/type-all-target-headers.hmap -Xcc -iquote -Xcc /Users/chaalpritam/Library/Developer/Xcode/DerivedData/type-aackdwwuwxayolgleuusgbwkkpsp/Build/Intermediates.noindex/type.build/Debug/type.build/type-project-headers.hmap -Xcc -I/Users/chaalpritam/Library/Developer/Xcode/DerivedData/type-aackdwwuwxayolgleuusgbwkkpsp/Build/Products/Debug/include -Xcc -I/Users/chaalpritam/Library/Developer/Xcode/DerivedData/type-aackdwwuwxayolgleuusgbwkkpsp/Build/Intermediates.noindex/type.build/Debug/type.build/DerivedSources-normal/x86_64 -Xcc -I/Users/chaalpritam/Library/Developer/Xcode/DerivedData/type-aackdwwuwxayolgleuusgbwkkpsp/Build/Intermediates.noindex/type.build/Debug/type.build/DerivedSources/x86_64 -Xcc -I/Users/chaalpritam/Library/Developer/Xcode/DerivedData/type-aackdwwuwxayolgleuusgbwkkpsp/Build/Intermediates.noindex/type.build/Debug/type.build/DerivedSources -Xcc -DDEBUG\=1 -module-name type -frontend-parseable-output -disable-clang-spi -target-sdk-version 15.1 -target-sdk-name macosx15.1 -external-plugin-path /Applications/Xcode.app/Contents/Developer/Platforms/MacOSX.platform/Developer/usr/lib/swift/host/plugins\#/Applications/Xcode.app/Contents/Developer/Platforms/MacOSX.platform/Developer/usr/bin/swift-plugin-server -external-plugin-path /Applications/Xcode.app/Contents/Developer/Platforms/MacOSX.platform/Developer/usr/local/lib/swift/host/plugins\#/Applications/Xcode.app/Contents/Developer/Platforms/MacOSX.platform/Developer/usr/bin/swift-plugin-server -plugin-path /Applications/Xcode.app/Contents/Developer/Toolchains/XcodeDefault.xctoolchain/usr/lib/swift/host/plugins -plugin-path /Applications/Xcode.app/Contents/Developer/Toolchains/XcodeDefault.xctoolchain/usr/local/lib/swift/host/plugins -o /Users/chaalpritam/Library/Developer/Xcode/DerivedData/type-aackdwwuwxayolgleuusgbwkkpsp/Build/Intermediates.noindex/type.build/Debug/type.build/Objects-normal/x86_64/SceneDetailViews.o -o /Users/chaalpritam/Library/Developer/Xcode/DerivedData/type-aackdwwuwxayolgleuusgbwkkpsp/Build/Intermediates.noindex/type.build/Debug/type.build/Objects-normal/x86_64/SceneViews.o -o /Users/chaalpritam/Library/Developer/Xcode/DerivedData/type-aackdwwuwxayolgleuusgbwkkpsp/Build/Intermediates.noindex/type.build/Debug/type.build/Objects-normal/x86_64/StoryProtocolCoordinator.o -o /Users/chaalpritam/Library/Developer/Xcode/DerivedData/type-aackdwwuwxayolgleuusgbwkkpsp/Build/Intermediates.noindex/type.build/Debug/type.build/Objects-normal/x86_64/StoryProtocolViews.o -o /Users/chaalpritam/Library/Developer/Xcode/DerivedData/type-aackdwwuwxayolgleuusgbwkkpsp/Build/Intermediates.noindex/type.build/Debug/type.build/Objects-normal/x86_64/TimelineDatabase.o -o /Users/chaalpritam/Library/Developer/Xcode/DerivedData/type-aackdwwuwxayolgleuusgbwkkpsp/Build/Intermediates.noindex/type.build/Debug/type.build/Objects-normal/x86_64/TimelineViews.o -index-unit-output-path /type.build/Debug/type.build/Objects-normal/x86_64/SceneDetailViews.o -index-unit-output-path /type.build/Debug/type.build/Objects-normal/x86_64/SceneViews.o -index-unit-output-path /type.build/Debug/type.build/Objects-normal/x86_64/StoryProtocolCoordinator.o -index-unit-output-path /type.build/Debug/type.build/Objects-normal/x86_64/StoryProtocolViews.o -index-unit-output-path /type.build/Debug/type.build/Objects-normal/x86_64/TimelineDatabase.o -index-unit-output-path /type.build/Debug/type.build/Objects-normal/x86_64/TimelineViews.o -index-store-path /Users/chaalpritam/Library/Developer/Xcode/DerivedData/type-aackdwwuwxayolgleuusgbwkkpsp/Index.noindex/DataStore -index-system-modules

SwiftCompile normal x86_64 /Users/chaalpritam/Blockbase/type/type/Features/StoryProtocol/StoryProtocolCoordinator.swift (in target 'type' from project 'type')
    cd /Users/chaalpritam/Blockbase/type
    /Applications/Xcode.app/Contents/Developer/Toolchains/XcodeDefault.xctoolchain/usr/bin/swift-frontend -c /Users/chaalpritam/Blockbase/type/type/Core/AppCoordinator.swift /Users/chaalpritam/Blockbase/type/type/Core/ModuleCoordinator.swift /Users/chaalpritam/Blockbase/type/type/Data/CharacterModels.swift /Users/chaalpritam/Blockbase/type/type/Data/OutlineModels.swift /Users/chaalpritam/Blockbase/type/type/Data/SceneModels.swift /Users/chaalpritam/Blockbase/type/type/Data/ScreenplayDocument.swift /Users/chaalpritam/Blockbase/type/type/Data/TimelineModels.swift /Users/chaalpritam/Blockbase/type/type/Features/Characters/CharacterCoordinator.swift /Users/chaalpritam/Blockbase/type/type/Features/Characters/CharacterDatabase.swift /Users/chaalpritam/Blockbase/type/type/Features/Characters/CharacterDetailViews.swift /Users/chaalpritam/Blockbase/type/type/Features/Characters/CharacterDetailViews2.swift /Users/chaalpritam/Blockbase/type/type/Features/Characters/CharacterEditViews.swift /Users/chaalpritam/Blockbase/type/type/Features/Characters/CharacterViews.swift /Users/chaalpritam/Blockbase/type/type/Features/Collaboration/CollaborationCoordinator.swift /Users/chaalpritam/Blockbase/type/type/Features/Collaboration/CollaborationManager.swift /Users/chaalpritam/Blockbase/type/type/Features/Collaboration/CollaborationViews.swift /Users/chaalpritam/Blockbase/type/type/Features/Editor/AdvancedEditorFeatures.swift /Users/chaalpritam/Blockbase/type/type/Features/Editor/AutoCompletionManager.swift /Users/chaalpritam/Blockbase/type/type/Features/Editor/CodeFoldingManager.swift /Users/chaalpritam/Blockbase/type/type/Features/Editor/EditorCoordinator.swift /Users/chaalpritam/Blockbase/type/type/Features/Editor/EnhancedFountainTextEditor.swift /Users/chaalpritam/Blockbase/type/type/Features/Editor/FindReplaceView.swift /Users/chaalpritam/Blockbase/type/type/Features/Editor/FountainHelpView.swift /Users/chaalpritam/Blockbase/type/type/Features/Editor/FountainParser.swift /Users/chaalpritam/Blockbase/type/type/Features/Editor/FountainSyntaxHighlighter.swift /Users/chaalpritam/Blockbase/type/type/Features/Editor/FountainTemplate.swift /Users/chaalpritam/Blockbase/type/type/Features/Editor/FountainTextEditor.swift /Users/chaalpritam/Blockbase/type/type/Features/Editor/MinimapView.swift /Users/chaalpritam/Blockbase/type/type/Features/Editor/MultipleCursorsTextEditor.swift /Users/chaalpritam/Blockbase/type/type/Features/Editor/ScreenplayPreview.swift /Users/chaalpritam/Blockbase/type/type/Features/Editor/SmartFormattingManager.swift /Users/chaalpritam/Blockbase/type/type/Features/Editor/SpellCheckTextEditor.swift /Users/chaalpritam/Blockbase/type/type/Features/Editor/TextHistoryManager.swift /Users/chaalpritam/Blockbase/type/type/Features/File/FileCoordinator.swift /Users/chaalpritam/Blockbase/type/type/Features/Outline/OutlineCoordinator.swift /Users/chaalpritam/Blockbase/type/type/Features/Outline/OutlineDatabase.swift /Users/chaalpritam/Blockbase/type/type/Features/Outline/OutlineDetailViews.swift /Users/chaalpritam/Blockbase/type/type/Features/Outline/OutlineViews.swift /Users/chaalpritam/Blockbase/type/type/Features/Scenes/SceneDatabase.swift -primary-file /Users/chaalpritam/Blockbase/type/type/Features/Scenes/SceneDetailViews.swift -primary-file /Users/chaalpritam/Blockbase/type/type/Features/Scenes/SceneViews.swift -primary-file /Users/chaalpritam/Blockbase/type/type/Features/StoryProtocol/StoryProtocolCoordinator.swift -primary-file /Users/chaalpritam/Blockbase/type/type/Features/StoryProtocol/StoryProtocolViews.swift -primary-file /Users/chaalpritam/Blockbase/type/type/Features/Timeline/TimelineDatabase.swift -primary-file /Users/chaalpritam/Blockbase/type/type/Features/Timeline/TimelineViews.swift /Users/chaalpritam/Blockbase/type/type/Features/Welcome/WelcomeView.swift /Users/chaalpritam/Blockbase/type/type/Services/DocumentService.swift /Users/chaalpritam/Blockbase/type/type/Services/FileManagementService.swift /Users/chaalpritam/Blockbase/type/type/Services/FileManager.swift /Users/chaalpritam/Blockbase/type/type/Services/SettingsService.swift /Users/chaalpritam/Blockbase/type/type/Services/StatisticsService.swift /Users/chaalpritam/Blockbase/type/type/Services/StoryProtocolService.swift /Users/chaalpritam/Blockbase/type/type/Shared/ModalLayout.swift /Users/chaalpritam/Blockbase/type/type/UI/EnhancedAppleComponents.swift /Users/chaalpritam/Blockbase/type/type/UI/ModularAppView.swift /Users/chaalpritam/Blockbase/type/type/UI/TemplateSelectorView.swift /Users/chaalpritam/Blockbase/type/type/UI/TypeStyleAppView.swift /Users/chaalpritam/Blockbase/type/type/UI/TypeStyleComponents.swift /Users/chaalpritam/Blockbase/type/type/UI/TypeStyleTheme.swift /Users/chaalpritam/Blockbase/type/type/Utils/KeyboardShortcutsManager.swift /Users/chaalpritam/Blockbase/type/type/SceneEditViews.swift /Users/chaalpritam/Blockbase/type/type/typeApp.swift /Users/chaalpritam/Library/Developer/Xcode/DerivedData/type-aackdwwuwxayolgleuusgbwkkpsp/Build/Intermediates.noindex/type.build/Debug/type.build/DerivedSources/GeneratedAssetSymbols.swift -supplementary-output-file-map /Users/chaalpritam/Library/Developer/Xcode/DerivedData/type-aackdwwuwxayolgleuusgbwkkpsp/Build/Intermediates.noindex/type.build/Debug/type.build/Objects-normal/x86_64/supplementaryOutputs-7 -emit-localized-strings -emit-localized-strings-path /Users/chaalpritam/Library/Developer/Xcode/DerivedData/type-aackdwwuwxayolgleuusgbwkkpsp/Build/Intermediates.noindex/type.build/Debug/type.build/Objects-normal/x86_64 -target x86_64-apple-macos15.0 -enable-objc-interop -stack-check -sdk /Applications/Xcode.app/Contents/Developer/Platforms/MacOSX.platform/Developer/SDKs/MacOSX15.1.sdk -I /Users/chaalpritam/Library/Developer/Xcode/DerivedData/type-aackdwwuwxayolgleuusgbwkkpsp/Build/Products/Debug -F /Users/chaalpritam/Library/Developer/Xcode/DerivedData/type-aackdwwuwxayolgleuusgbwkkpsp/Build/Products/Debug -no-color-diagnostics -enable-testing -g -debug-info-format\=dwarf -dwarf-version\=5 -module-cache-path /Users/chaalpritam/Library/Developer/Xcode/DerivedData/ModuleCache.noindex -profile-generate -profile-coverage-mapping -swift-version 5 -enforce-exclusivity\=checked -Onone -D DEBUG -serialize-debugging-options -const-gather-protocols-file /Users/chaalpritam/Library/Developer/Xcode/DerivedData/type-aackdwwuwxayolgleuusgbwkkpsp/Build/Intermediates.noindex/type.build/Debug/type.build/Objects-normal/x86_64/type_const_extract_protocols.json -enable-experimental-feature DebugDescriptionMacro -enable-experimental-feature OpaqueTypeErasure -enable-bare-slash-regex -empty-abi-descriptor -validate-clang-modules-once -clang-build-session-file /Users/chaalpritam/Library/Developer/Xcode/DerivedData/ModuleCache.noindex/Session.modulevalidation -Xcc -working-directory -Xcc /Users/chaalpritam/Blockbase/type -resource-dir /Applications/Xcode.app/Contents/Developer/Toolchains/XcodeDefault.xctoolchain/usr/lib/swift -enable-anonymous-context-mangled-names -file-compilation-dir /Users/chaalpritam/Blockbase/type -Xcc -D_LIBCPP_HARDENING_MODE\=_LIBCPP_HARDENING_MODE_DEBUG -Xcc -ivfsstatcache -Xcc /Users/chaalpritam/Library/Developer/Xcode/DerivedData/SDKStatCaches.noindex/macosx15.1-24B75-26c8390a7c93c703a57fb2538426748e.sdkstatcache -Xcc -I/Users/chaalpritam/Library/Developer/Xcode/DerivedData/type-aackdwwuwxayolgleuusgbwkkpsp/Build/Intermediates.noindex/type.build/Debug/type.build/swift-overrides.hmap -Xcc -iquote -Xcc /Users/chaalpritam/Library/Developer/Xcode/DerivedData/type-aackdwwuwxayolgleuusgbwkkpsp/Build/Intermediates.noindex/type.build/Debug/type.build/type-generated-files.hmap -Xcc -I/Users/chaalpritam/Library/Developer/Xcode/DerivedData/type-aackdwwuwxayolgleuusgbwkkpsp/Build/Intermediates.noindex/type.build/Debug/type.build/type-own-target-headers.hmap -Xcc -I/Users/chaalpritam/Library/Developer/Xcode/DerivedData/type-aackdwwuwxayolgleuusgbwkkpsp/Build/Intermediates.noindex/type.build/Debug/type.build/type-all-target-headers.hmap -Xcc -iquote -Xcc /Users/chaalpritam/Library/Developer/Xcode/DerivedData/type-aackdwwuwxayolgleuusgbwkkpsp/Build/Intermediates.noindex/type.build/Debug/type.build/type-project-headers.hmap -Xcc -I/Users/chaalpritam/Library/Developer/Xcode/DerivedData/type-aackdwwuwxayolgleuusgbwkkpsp/Build/Products/Debug/include -Xcc -I/Users/chaalpritam/Library/Developer/Xcode/DerivedData/type-aackdwwuwxayolgleuusgbwkkpsp/Build/Intermediates.noindex/type.build/Debug/type.build/DerivedSources-normal/x86_64 -Xcc -I/Users/chaalpritam/Library/Developer/Xcode/DerivedData/type-aackdwwuwxayolgleuusgbwkkpsp/Build/Intermediates.noindex/type.build/Debug/type.build/DerivedSources/x86_64 -Xcc -I/Users/chaalpritam/Library/Developer/Xcode/DerivedData/type-aackdwwuwxayolgleuusgbwkkpsp/Build/Intermediates.noindex/type.build/Debug/type.build/DerivedSources -Xcc -DDEBUG\=1 -module-name type -frontend-parseable-output -disable-clang-spi -target-sdk-version 15.1 -target-sdk-name macosx15.1 -external-plugin-path /Applications/Xcode.app/Contents/Developer/Platforms/MacOSX.platform/Developer/usr/lib/swift/host/plugins\#/Applications/Xcode.app/Contents/Developer/Platforms/MacOSX.platform/Developer/usr/bin/swift-plugin-server -external-plugin-path /Applications/Xcode.app/Contents/Developer/Platforms/MacOSX.platform/Developer/usr/local/lib/swift/host/plugins\#/Applications/Xcode.app/Contents/Developer/Platforms/MacOSX.platform/Developer/usr/bin/swift-plugin-server -plugin-path /Applications/Xcode.app/Contents/Developer/Toolchains/XcodeDefault.xctoolchain/usr/lib/swift/host/plugins -plugin-path /Applications/Xcode.app/Contents/Developer/Toolchains/XcodeDefault.xctoolchain/usr/local/lib/swift/host/plugins -o /Users/chaalpritam/Library/Developer/Xcode/DerivedData/type-aackdwwuwxayolgleuusgbwkkpsp/Build/Intermediates.noindex/type.build/Debug/type.build/Objects-normal/x86_64/SceneDetailViews.o -o /Users/chaalpritam/Library/Developer/Xcode/DerivedData/type-aackdwwuwxayolgleuusgbwkkpsp/Build/Intermediates.noindex/type.build/Debug/type.build/Objects-normal/x86_64/SceneViews.o -o /Users/chaalpritam/Library/Developer/Xcode/DerivedData/type-aackdwwuwxayolgleuusgbwkkpsp/Build/Intermediates.noindex/type.build/Debug/type.build/Objects-normal/x86_64/StoryProtocolCoordinator.o -o /Users/chaalpritam/Library/Developer/Xcode/DerivedData/type-aackdwwuwxayolgleuusgbwkkpsp/Build/Intermediates.noindex/type.build/Debug/type.build/Objects-normal/x86_64/StoryProtocolViews.o -o /Users/chaalpritam/Library/Developer/Xcode/DerivedData/type-aackdwwuwxayolgleuusgbwkkpsp/Build/Intermediates.noindex/type.build/Debug/type.build/Objects-normal/x86_64/TimelineDatabase.o -o /Users/chaalpritam/Library/Developer/Xcode/DerivedData/type-aackdwwuwxayolgleuusgbwkkpsp/Build/Intermediates.noindex/type.build/Debug/type.build/Objects-normal/x86_64/TimelineViews.o -index-unit-output-path /type.build/Debug/type.build/Objects-normal/x86_64/SceneDetailViews.o -index-unit-output-path /type.build/Debug/type.build/Objects-normal/x86_64/SceneViews.o -index-unit-output-path /type.build/Debug/type.build/Objects-normal/x86_64/StoryProtocolCoordinator.o -index-unit-output-path /type.build/Debug/type.build/Objects-normal/x86_64/StoryProtocolViews.o -index-unit-output-path /type.build/Debug/type.build/Objects-normal/x86_64/TimelineDatabase.o -index-unit-output-path /type.build/Debug/type.build/Objects-normal/x86_64/TimelineViews.o -index-store-path /Users/chaalpritam/Library/Developer/Xcode/DerivedData/type-aackdwwuwxayolgleuusgbwkkpsp/Index.noindex/DataStore -index-system-modules

SwiftCompile normal x86_64 /Users/chaalpritam/Blockbase/type/type/Features/StoryProtocol/StoryProtocolViews.swift (in target 'type' from project 'type')
    cd /Users/chaalpritam/Blockbase/type
    /Applications/Xcode.app/Contents/Developer/Toolchains/XcodeDefault.xctoolchain/usr/bin/swift-frontend -c /Users/chaalpritam/Blockbase/type/type/Core/AppCoordinator.swift /Users/chaalpritam/Blockbase/type/type/Core/ModuleCoordinator.swift /Users/chaalpritam/Blockbase/type/type/Data/CharacterModels.swift /Users/chaalpritam/Blockbase/type/type/Data/OutlineModels.swift /Users/chaalpritam/Blockbase/type/type/Data/SceneModels.swift /Users/chaalpritam/Blockbase/type/type/Data/ScreenplayDocument.swift /Users/chaalpritam/Blockbase/type/type/Data/TimelineModels.swift /Users/chaalpritam/Blockbase/type/type/Features/Characters/CharacterCoordinator.swift /Users/chaalpritam/Blockbase/type/type/Features/Characters/CharacterDatabase.swift /Users/chaalpritam/Blockbase/type/type/Features/Characters/CharacterDetailViews.swift /Users/chaalpritam/Blockbase/type/type/Features/Characters/CharacterDetailViews2.swift /Users/chaalpritam/Blockbase/type/type/Features/Characters/CharacterEditViews.swift /Users/chaalpritam/Blockbase/type/type/Features/Characters/CharacterViews.swift /Users/chaalpritam/Blockbase/type/type/Features/Collaboration/CollaborationCoordinator.swift /Users/chaalpritam/Blockbase/type/type/Features/Collaboration/CollaborationManager.swift /Users/chaalpritam/Blockbase/type/type/Features/Collaboration/CollaborationViews.swift /Users/chaalpritam/Blockbase/type/type/Features/Editor/AdvancedEditorFeatures.swift /Users/chaalpritam/Blockbase/type/type/Features/Editor/AutoCompletionManager.swift /Users/chaalpritam/Blockbase/type/type/Features/Editor/CodeFoldingManager.swift /Users/chaalpritam/Blockbase/type/type/Features/Editor/EditorCoordinator.swift /Users/chaalpritam/Blockbase/type/type/Features/Editor/EnhancedFountainTextEditor.swift /Users/chaalpritam/Blockbase/type/type/Features/Editor/FindReplaceView.swift /Users/chaalpritam/Blockbase/type/type/Features/Editor/FountainHelpView.swift /Users/chaalpritam/Blockbase/type/type/Features/Editor/FountainParser.swift /Users/chaalpritam/Blockbase/type/type/Features/Editor/FountainSyntaxHighlighter.swift /Users/chaalpritam/Blockbase/type/type/Features/Editor/FountainTemplate.swift /Users/chaalpritam/Blockbase/type/type/Features/Editor/FountainTextEditor.swift /Users/chaalpritam/Blockbase/type/type/Features/Editor/MinimapView.swift /Users/chaalpritam/Blockbase/type/type/Features/Editor/MultipleCursorsTextEditor.swift /Users/chaalpritam/Blockbase/type/type/Features/Editor/ScreenplayPreview.swift /Users/chaalpritam/Blockbase/type/type/Features/Editor/SmartFormattingManager.swift /Users/chaalpritam/Blockbase/type/type/Features/Editor/SpellCheckTextEditor.swift /Users/chaalpritam/Blockbase/type/type/Features/Editor/TextHistoryManager.swift /Users/chaalpritam/Blockbase/type/type/Features/File/FileCoordinator.swift /Users/chaalpritam/Blockbase/type/type/Features/Outline/OutlineCoordinator.swift /Users/chaalpritam/Blockbase/type/type/Features/Outline/OutlineDatabase.swift /Users/chaalpritam/Blockbase/type/type/Features/Outline/OutlineDetailViews.swift /Users/chaalpritam/Blockbase/type/type/Features/Outline/OutlineViews.swift /Users/chaalpritam/Blockbase/type/type/Features/Scenes/SceneDatabase.swift -primary-file /Users/chaalpritam/Blockbase/type/type/Features/Scenes/SceneDetailViews.swift -primary-file /Users/chaalpritam/Blockbase/type/type/Features/Scenes/SceneViews.swift -primary-file /Users/chaalpritam/Blockbase/type/type/Features/StoryProtocol/StoryProtocolCoordinator.swift -primary-file /Users/chaalpritam/Blockbase/type/type/Features/StoryProtocol/StoryProtocolViews.swift -primary-file /Users/chaalpritam/Blockbase/type/type/Features/Timeline/TimelineDatabase.swift -primary-file /Users/chaalpritam/Blockbase/type/type/Features/Timeline/TimelineViews.swift /Users/chaalpritam/Blockbase/type/type/Features/Welcome/WelcomeView.swift /Users/chaalpritam/Blockbase/type/type/Services/DocumentService.swift /Users/chaalpritam/Blockbase/type/type/Services/FileManagementService.swift /Users/chaalpritam/Blockbase/type/type/Services/FileManager.swift /Users/chaalpritam/Blockbase/type/type/Services/SettingsService.swift /Users/chaalpritam/Blockbase/type/type/Services/StatisticsService.swift /Users/chaalpritam/Blockbase/type/type/Services/StoryProtocolService.swift /Users/chaalpritam/Blockbase/type/type/Shared/ModalLayout.swift /Users/chaalpritam/Blockbase/type/type/UI/EnhancedAppleComponents.swift /Users/chaalpritam/Blockbase/type/type/UI/ModularAppView.swift /Users/chaalpritam/Blockbase/type/type/UI/TemplateSelectorView.swift /Users/chaalpritam/Blockbase/type/type/UI/TypeStyleAppView.swift /Users/chaalpritam/Blockbase/type/type/UI/TypeStyleComponents.swift /Users/chaalpritam/Blockbase/type/type/UI/TypeStyleTheme.swift /Users/chaalpritam/Blockbase/type/type/Utils/KeyboardShortcutsManager.swift /Users/chaalpritam/Blockbase/type/type/SceneEditViews.swift /Users/chaalpritam/Blockbase/type/type/typeApp.swift /Users/chaalpritam/Library/Developer/Xcode/DerivedData/type-aackdwwuwxayolgleuusgbwkkpsp/Build/Intermediates.noindex/type.build/Debug/type.build/DerivedSources/GeneratedAssetSymbols.swift -supplementary-output-file-map /Users/chaalpritam/Library/Developer/Xcode/DerivedData/type-aackdwwuwxayolgleuusgbwkkpsp/Build/Intermediates.noindex/type.build/Debug/type.build/Objects-normal/x86_64/supplementaryOutputs-7 -emit-localized-strings -emit-localized-strings-path /Users/chaalpritam/Library/Developer/Xcode/DerivedData/type-aackdwwuwxayolgleuusgbwkkpsp/Build/Intermediates.noindex/type.build/Debug/type.build/Objects-normal/x86_64 -target x86_64-apple-macos15.0 -enable-objc-interop -stack-check -sdk /Applications/Xcode.app/Contents/Developer/Platforms/MacOSX.platform/Developer/SDKs/MacOSX15.1.sdk -I /Users/chaalpritam/Library/Developer/Xcode/DerivedData/type-aackdwwuwxayolgleuusgbwkkpsp/Build/Products/Debug -F /Users/chaalpritam/Library/Developer/Xcode/DerivedData/type-aackdwwuwxayolgleuusgbwkkpsp/Build/Products/Debug -no-color-diagnostics -enable-testing -g -debug-info-format\=dwarf -dwarf-version\=5 -module-cache-path /Users/chaalpritam/Library/Developer/Xcode/DerivedData/ModuleCache.noindex -profile-generate -profile-coverage-mapping -swift-version 5 -enforce-exclusivity\=checked -Onone -D DEBUG -serialize-debugging-options -const-gather-protocols-file /Users/chaalpritam/Library/Developer/Xcode/DerivedData/type-aackdwwuwxayolgleuusgbwkkpsp/Build/Intermediates.noindex/type.build/Debug/type.build/Objects-normal/x86_64/type_const_extract_protocols.json -enable-experimental-feature DebugDescriptionMacro -enable-experimental-feature OpaqueTypeErasure -enable-bare-slash-regex -empty-abi-descriptor -validate-clang-modules-once -clang-build-session-file /Users/chaalpritam/Library/Developer/Xcode/DerivedData/ModuleCache.noindex/Session.modulevalidation -Xcc -working-directory -Xcc /Users/chaalpritam/Blockbase/type -resource-dir /Applications/Xcode.app/Contents/Developer/Toolchains/XcodeDefault.xctoolchain/usr/lib/swift -enable-anonymous-context-mangled-names -file-compilation-dir /Users/chaalpritam/Blockbase/type -Xcc -D_LIBCPP_HARDENING_MODE\=_LIBCPP_HARDENING_MODE_DEBUG -Xcc -ivfsstatcache -Xcc /Users/chaalpritam/Library/Developer/Xcode/DerivedData/SDKStatCaches.noindex/macosx15.1-24B75-26c8390a7c93c703a57fb2538426748e.sdkstatcache -Xcc -I/Users/chaalpritam/Library/Developer/Xcode/DerivedData/type-aackdwwuwxayolgleuusgbwkkpsp/Build/Intermediates.noindex/type.build/Debug/type.build/swift-overrides.hmap -Xcc -iquote -Xcc /Users/chaalpritam/Library/Developer/Xcode/DerivedData/type-aackdwwuwxayolgleuusgbwkkpsp/Build/Intermediates.noindex/type.build/Debug/type.build/type-generated-files.hmap -Xcc -I/Users/chaalpritam/Library/Developer/Xcode/DerivedData/type-aackdwwuwxayolgleuusgbwkkpsp/Build/Intermediates.noindex/type.build/Debug/type.build/type-own-target-headers.hmap -Xcc -I/Users/chaalpritam/Library/Developer/Xcode/DerivedData/type-aackdwwuwxayolgleuusgbwkkpsp/Build/Intermediates.noindex/type.build/Debug/type.build/type-all-target-headers.hmap -Xcc -iquote -Xcc /Users/chaalpritam/Library/Developer/Xcode/DerivedData/type-aackdwwuwxayolgleuusgbwkkpsp/Build/Intermediates.noindex/type.build/Debug/type.build/type-project-headers.hmap -Xcc -I/Users/chaalpritam/Library/Developer/Xcode/DerivedData/type-aackdwwuwxayolgleuusgbwkkpsp/Build/Products/Debug/include -Xcc -I/Users/chaalpritam/Library/Developer/Xcode/DerivedData/type-aackdwwuwxayolgleuusgbwkkpsp/Build/Intermediates.noindex/type.build/Debug/type.build/DerivedSources-normal/x86_64 -Xcc -I/Users/chaalpritam/Library/Developer/Xcode/DerivedData/type-aackdwwuwxayolgleuusgbwkkpsp/Build/Intermediates.noindex/type.build/Debug/type.build/DerivedSources/x86_64 -Xcc -I/Users/chaalpritam/Library/Developer/Xcode/DerivedData/type-aackdwwuwxayolgleuusgbwkkpsp/Build/Intermediates.noindex/type.build/Debug/type.build/DerivedSources -Xcc -DDEBUG\=1 -module-name type -frontend-parseable-output -disable-clang-spi -target-sdk-version 15.1 -target-sdk-name macosx15.1 -external-plugin-path /Applications/Xcode.app/Contents/Developer/Platforms/MacOSX.platform/Developer/usr/lib/swift/host/plugins\#/Applications/Xcode.app/Contents/Developer/Platforms/MacOSX.platform/Developer/usr/bin/swift-plugin-server -external-plugin-path /Applications/Xcode.app/Contents/Developer/Platforms/MacOSX.platform/Developer/usr/local/lib/swift/host/plugins\#/Applications/Xcode.app/Contents/Developer/Platforms/MacOSX.platform/Developer/usr/bin/swift-plugin-server -plugin-path /Applications/Xcode.app/Contents/Developer/Toolchains/XcodeDefault.xctoolchain/usr/lib/swift/host/plugins -plugin-path /Applications/Xcode.app/Contents/Developer/Toolchains/XcodeDefault.xctoolchain/usr/local/lib/swift/host/plugins -o /Users/chaalpritam/Library/Developer/Xcode/DerivedData/type-aackdwwuwxayolgleuusgbwkkpsp/Build/Intermediates.noindex/type.build/Debug/type.build/Objects-normal/x86_64/SceneDetailViews.o -o /Users/chaalpritam/Library/Developer/Xcode/DerivedData/type-aackdwwuwxayolgleuusgbwkkpsp/Build/Intermediates.noindex/type.build/Debug/type.build/Objects-normal/x86_64/SceneViews.o -o /Users/chaalpritam/Library/Developer/Xcode/DerivedData/type-aackdwwuwxayolgleuusgbwkkpsp/Build/Intermediates.noindex/type.build/Debug/type.build/Objects-normal/x86_64/StoryProtocolCoordinator.o -o /Users/chaalpritam/Library/Developer/Xcode/DerivedData/type-aackdwwuwxayolgleuusgbwkkpsp/Build/Intermediates.noindex/type.build/Debug/type.build/Objects-normal/x86_64/StoryProtocolViews.o -o /Users/chaalpritam/Library/Developer/Xcode/DerivedData/type-aackdwwuwxayolgleuusgbwkkpsp/Build/Intermediates.noindex/type.build/Debug/type.build/Objects-normal/x86_64/TimelineDatabase.o -o /Users/chaalpritam/Library/Developer/Xcode/DerivedData/type-aackdwwuwxayolgleuusgbwkkpsp/Build/Intermediates.noindex/type.build/Debug/type.build/Objects-normal/x86_64/TimelineViews.o -index-unit-output-path /type.build/Debug/type.build/Objects-normal/x86_64/SceneDetailViews.o -index-unit-output-path /type.build/Debug/type.build/Objects-normal/x86_64/SceneViews.o -index-unit-output-path /type.build/Debug/type.build/Objects-normal/x86_64/StoryProtocolCoordinator.o -index-unit-output-path /type.build/Debug/type.build/Objects-normal/x86_64/StoryProtocolViews.o -index-unit-output-path /type.build/Debug/type.build/Objects-normal/x86_64/TimelineDatabase.o -index-unit-output-path /type.build/Debug/type.build/Objects-normal/x86_64/TimelineViews.o -index-store-path /Users/chaalpritam/Library/Developer/Xcode/DerivedData/type-aackdwwuwxayolgleuusgbwkkpsp/Index.noindex/DataStore -index-system-modules

SwiftCompile normal x86_64 /Users/chaalpritam/Blockbase/type/type/Features/Timeline/TimelineDatabase.swift (in target 'type' from project 'type')
    cd /Users/chaalpritam/Blockbase/type
    /Applications/Xcode.app/Contents/Developer/Toolchains/XcodeDefault.xctoolchain/usr/bin/swift-frontend -c /Users/chaalpritam/Blockbase/type/type/Core/AppCoordinator.swift /Users/chaalpritam/Blockbase/type/type/Core/ModuleCoordinator.swift /Users/chaalpritam/Blockbase/type/type/Data/CharacterModels.swift /Users/chaalpritam/Blockbase/type/type/Data/OutlineModels.swift /Users/chaalpritam/Blockbase/type/type/Data/SceneModels.swift /Users/chaalpritam/Blockbase/type/type/Data/ScreenplayDocument.swift /Users/chaalpritam/Blockbase/type/type/Data/TimelineModels.swift /Users/chaalpritam/Blockbase/type/type/Features/Characters/CharacterCoordinator.swift /Users/chaalpritam/Blockbase/type/type/Features/Characters/CharacterDatabase.swift /Users/chaalpritam/Blockbase/type/type/Features/Characters/CharacterDetailViews.swift /Users/chaalpritam/Blockbase/type/type/Features/Characters/CharacterDetailViews2.swift /Users/chaalpritam/Blockbase/type/type/Features/Characters/CharacterEditViews.swift /Users/chaalpritam/Blockbase/type/type/Features/Characters/CharacterViews.swift /Users/chaalpritam/Blockbase/type/type/Features/Collaboration/CollaborationCoordinator.swift /Users/chaalpritam/Blockbase/type/type/Features/Collaboration/CollaborationManager.swift /Users/chaalpritam/Blockbase/type/type/Features/Collaboration/CollaborationViews.swift /Users/chaalpritam/Blockbase/type/type/Features/Editor/AdvancedEditorFeatures.swift /Users/chaalpritam/Blockbase/type/type/Features/Editor/AutoCompletionManager.swift /Users/chaalpritam/Blockbase/type/type/Features/Editor/CodeFoldingManager.swift /Users/chaalpritam/Blockbase/type/type/Features/Editor/EditorCoordinator.swift /Users/chaalpritam/Blockbase/type/type/Features/Editor/EnhancedFountainTextEditor.swift /Users/chaalpritam/Blockbase/type/type/Features/Editor/FindReplaceView.swift /Users/chaalpritam/Blockbase/type/type/Features/Editor/FountainHelpView.swift /Users/chaalpritam/Blockbase/type/type/Features/Editor/FountainParser.swift /Users/chaalpritam/Blockbase/type/type/Features/Editor/FountainSyntaxHighlighter.swift /Users/chaalpritam/Blockbase/type/type/Features/Editor/FountainTemplate.swift /Users/chaalpritam/Blockbase/type/type/Features/Editor/FountainTextEditor.swift /Users/chaalpritam/Blockbase/type/type/Features/Editor/MinimapView.swift /Users/chaalpritam/Blockbase/type/type/Features/Editor/MultipleCursorsTextEditor.swift /Users/chaalpritam/Blockbase/type/type/Features/Editor/ScreenplayPreview.swift /Users/chaalpritam/Blockbase/type/type/Features/Editor/SmartFormattingManager.swift /Users/chaalpritam/Blockbase/type/type/Features/Editor/SpellCheckTextEditor.swift /Users/chaalpritam/Blockbase/type/type/Features/Editor/TextHistoryManager.swift /Users/chaalpritam/Blockbase/type/type/Features/File/FileCoordinator.swift /Users/chaalpritam/Blockbase/type/type/Features/Outline/OutlineCoordinator.swift /Users/chaalpritam/Blockbase/type/type/Features/Outline/OutlineDatabase.swift /Users/chaalpritam/Blockbase/type/type/Features/Outline/OutlineDetailViews.swift /Users/chaalpritam/Blockbase/type/type/Features/Outline/OutlineViews.swift /Users/chaalpritam/Blockbase/type/type/Features/Scenes/SceneDatabase.swift -primary-file /Users/chaalpritam/Blockbase/type/type/Features/Scenes/SceneDetailViews.swift -primary-file /Users/chaalpritam/Blockbase/type/type/Features/Scenes/SceneViews.swift -primary-file /Users/chaalpritam/Blockbase/type/type/Features/StoryProtocol/StoryProtocolCoordinator.swift -primary-file /Users/chaalpritam/Blockbase/type/type/Features/StoryProtocol/StoryProtocolViews.swift -primary-file /Users/chaalpritam/Blockbase/type/type/Features/Timeline/TimelineDatabase.swift -primary-file /Users/chaalpritam/Blockbase/type/type/Features/Timeline/TimelineViews.swift /Users/chaalpritam/Blockbase/type/type/Features/Welcome/WelcomeView.swift /Users/chaalpritam/Blockbase/type/type/Services/DocumentService.swift /Users/chaalpritam/Blockbase/type/type/Services/FileManagementService.swift /Users/chaalpritam/Blockbase/type/type/Services/FileManager.swift /Users/chaalpritam/Blockbase/type/type/Services/SettingsService.swift /Users/chaalpritam/Blockbase/type/type/Services/StatisticsService.swift /Users/chaalpritam/Blockbase/type/type/Services/StoryProtocolService.swift /Users/chaalpritam/Blockbase/type/type/Shared/ModalLayout.swift /Users/chaalpritam/Blockbase/type/type/UI/EnhancedAppleComponents.swift /Users/chaalpritam/Blockbase/type/type/UI/ModularAppView.swift /Users/chaalpritam/Blockbase/type/type/UI/TemplateSelectorView.swift /Users/chaalpritam/Blockbase/type/type/UI/TypeStyleAppView.swift /Users/chaalpritam/Blockbase/type/type/UI/TypeStyleComponents.swift /Users/chaalpritam/Blockbase/type/type/UI/TypeStyleTheme.swift /Users/chaalpritam/Blockbase/type/type/Utils/KeyboardShortcutsManager.swift /Users/chaalpritam/Blockbase/type/type/SceneEditViews.swift /Users/chaalpritam/Blockbase/type/type/typeApp.swift /Users/chaalpritam/Library/Developer/Xcode/DerivedData/type-aackdwwuwxayolgleuusgbwkkpsp/Build/Intermediates.noindex/type.build/Debug/type.build/DerivedSources/GeneratedAssetSymbols.swift -supplementary-output-file-map /Users/chaalpritam/Library/Developer/Xcode/DerivedData/type-aackdwwuwxayolgleuusgbwkkpsp/Build/Intermediates.noindex/type.build/Debug/type.build/Objects-normal/x86_64/supplementaryOutputs-7 -emit-localized-strings -emit-localized-strings-path /Users/chaalpritam/Library/Developer/Xcode/DerivedData/type-aackdwwuwxayolgleuusgbwkkpsp/Build/Intermediates.noindex/type.build/Debug/type.build/Objects-normal/x86_64 -target x86_64-apple-macos15.0 -enable-objc-interop -stack-check -sdk /Applications/Xcode.app/Contents/Developer/Platforms/MacOSX.platform/Developer/SDKs/MacOSX15.1.sdk -I /Users/chaalpritam/Library/Developer/Xcode/DerivedData/type-aackdwwuwxayolgleuusgbwkkpsp/Build/Products/Debug -F /Users/chaalpritam/Library/Developer/Xcode/DerivedData/type-aackdwwuwxayolgleuusgbwkkpsp/Build/Products/Debug -no-color-diagnostics -enable-testing -g -debug-info-format\=dwarf -dwarf-version\=5 -module-cache-path /Users/chaalpritam/Library/Developer/Xcode/DerivedData/ModuleCache.noindex -profile-generate -profile-coverage-mapping -swift-version 5 -enforce-exclusivity\=checked -Onone -D DEBUG -serialize-debugging-options -const-gather-protocols-file /Users/chaalpritam/Library/Developer/Xcode/DerivedData/type-aackdwwuwxayolgleuusgbwkkpsp/Build/Intermediates.noindex/type.build/Debug/type.build/Objects-normal/x86_64/type_const_extract_protocols.json -enable-experimental-feature DebugDescriptionMacro -enable-experimental-feature OpaqueTypeErasure -enable-bare-slash-regex -empty-abi-descriptor -validate-clang-modules-once -clang-build-session-file /Users/chaalpritam/Library/Developer/Xcode/DerivedData/ModuleCache.noindex/Session.modulevalidation -Xcc -working-directory -Xcc /Users/chaalpritam/Blockbase/type -resource-dir /Applications/Xcode.app/Contents/Developer/Toolchains/XcodeDefault.xctoolchain/usr/lib/swift -enable-anonymous-context-mangled-names -file-compilation-dir /Users/chaalpritam/Blockbase/type -Xcc -D_LIBCPP_HARDENING_MODE\=_LIBCPP_HARDENING_MODE_DEBUG -Xcc -ivfsstatcache -Xcc /Users/chaalpritam/Library/Developer/Xcode/DerivedData/SDKStatCaches.noindex/macosx15.1-24B75-26c8390a7c93c703a57fb2538426748e.sdkstatcache -Xcc -I/Users/chaalpritam/Library/Developer/Xcode/DerivedData/type-aackdwwuwxayolgleuusgbwkkpsp/Build/Intermediates.noindex/type.build/Debug/type.build/swift-overrides.hmap -Xcc -iquote -Xcc /Users/chaalpritam/Library/Developer/Xcode/DerivedData/type-aackdwwuwxayolgleuusgbwkkpsp/Build/Intermediates.noindex/type.build/Debug/type.build/type-generated-files.hmap -Xcc -I/Users/chaalpritam/Library/Developer/Xcode/DerivedData/type-aackdwwuwxayolgleuusgbwkkpsp/Build/Intermediates.noindex/type.build/Debug/type.build/type-own-target-headers.hmap -Xcc -I/Users/chaalpritam/Library/Developer/Xcode/DerivedData/type-aackdwwuwxayolgleuusgbwkkpsp/Build/Intermediates.noindex/type.build/Debug/type.build/type-all-target-headers.hmap -Xcc -iquote -Xcc /Users/chaalpritam/Library/Developer/Xcode/DerivedData/type-aackdwwuwxayolgleuusgbwkkpsp/Build/Intermediates.noindex/type.build/Debug/type.build/type-project-headers.hmap -Xcc -I/Users/chaalpritam/Library/Developer/Xcode/DerivedData/type-aackdwwuwxayolgleuusgbwkkpsp/Build/Products/Debug/include -Xcc -I/Users/chaalpritam/Library/Developer/Xcode/DerivedData/type-aackdwwuwxayolgleuusgbwkkpsp/Build/Intermediates.noindex/type.build/Debug/type.build/DerivedSources-normal/x86_64 -Xcc -I/Users/chaalpritam/Library/Developer/Xcode/DerivedData/type-aackdwwuwxayolgleuusgbwkkpsp/Build/Intermediates.noindex/type.build/Debug/type.build/DerivedSources/x86_64 -Xcc -I/Users/chaalpritam/Library/Developer/Xcode/DerivedData/type-aackdwwuwxayolgleuusgbwkkpsp/Build/Intermediates.noindex/type.build/Debug/type.build/DerivedSources -Xcc -DDEBUG\=1 -module-name type -frontend-parseable-output -disable-clang-spi -target-sdk-version 15.1 -target-sdk-name macosx15.1 -external-plugin-path /Applications/Xcode.app/Contents/Developer/Platforms/MacOSX.platform/Developer/usr/lib/swift/host/plugins\#/Applications/Xcode.app/Contents/Developer/Platforms/MacOSX.platform/Developer/usr/bin/swift-plugin-server -external-plugin-path /Applications/Xcode.app/Contents/Developer/Platforms/MacOSX.platform/Developer/usr/local/lib/swift/host/plugins\#/Applications/Xcode.app/Contents/Developer/Platforms/MacOSX.platform/Developer/usr/bin/swift-plugin-server -plugin-path /Applications/Xcode.app/Contents/Developer/Toolchains/XcodeDefault.xctoolchain/usr/lib/swift/host/plugins -plugin-path /Applications/Xcode.app/Contents/Developer/Toolchains/XcodeDefault.xctoolchain/usr/local/lib/swift/host/plugins -o /Users/chaalpritam/Library/Developer/Xcode/DerivedData/type-aackdwwuwxayolgleuusgbwkkpsp/Build/Intermediates.noindex/type.build/Debug/type.build/Objects-normal/x86_64/SceneDetailViews.o -o /Users/chaalpritam/Library/Developer/Xcode/DerivedData/type-aackdwwuwxayolgleuusgbwkkpsp/Build/Intermediates.noindex/type.build/Debug/type.build/Objects-normal/x86_64/SceneViews.o -o /Users/chaalpritam/Library/Developer/Xcode/DerivedData/type-aackdwwuwxayolgleuusgbwkkpsp/Build/Intermediates.noindex/type.build/Debug/type.build/Objects-normal/x86_64/StoryProtocolCoordinator.o -o /Users/chaalpritam/Library/Developer/Xcode/DerivedData/type-aackdwwuwxayolgleuusgbwkkpsp/Build/Intermediates.noindex/type.build/Debug/type.build/Objects-normal/x86_64/StoryProtocolViews.o -o /Users/chaalpritam/Library/Developer/Xcode/DerivedData/type-aackdwwuwxayolgleuusgbwkkpsp/Build/Intermediates.noindex/type.build/Debug/type.build/Objects-normal/x86_64/TimelineDatabase.o -o /Users/chaalpritam/Library/Developer/Xcode/DerivedData/type-aackdwwuwxayolgleuusgbwkkpsp/Build/Intermediates.noindex/type.build/Debug/type.build/Objects-normal/x86_64/TimelineViews.o -index-unit-output-path /type.build/Debug/type.build/Objects-normal/x86_64/SceneDetailViews.o -index-unit-output-path /type.build/Debug/type.build/Objects-normal/x86_64/SceneViews.o -index-unit-output-path /type.build/Debug/type.build/Objects-normal/x86_64/StoryProtocolCoordinator.o -index-unit-output-path /type.build/Debug/type.build/Objects-normal/x86_64/StoryProtocolViews.o -index-unit-output-path /type.build/Debug/type.build/Objects-normal/x86_64/TimelineDatabase.o -index-unit-output-path /type.build/Debug/type.build/Objects-normal/x86_64/TimelineViews.o -index-store-path /Users/chaalpritam/Library/Developer/Xcode/DerivedData/type-aackdwwuwxayolgleuusgbwkkpsp/Index.noindex/DataStore -index-system-modules

SwiftCompile normal x86_64 /Users/chaalpritam/Blockbase/type/type/Features/Timeline/TimelineViews.swift (in target 'type' from project 'type')
    cd /Users/chaalpritam/Blockbase/type
    /Applications/Xcode.app/Contents/Developer/Toolchains/XcodeDefault.xctoolchain/usr/bin/swift-frontend -c /Users/chaalpritam/Blockbase/type/type/Core/AppCoordinator.swift /Users/chaalpritam/Blockbase/type/type/Core/ModuleCoordinator.swift /Users/chaalpritam/Blockbase/type/type/Data/CharacterModels.swift /Users/chaalpritam/Blockbase/type/type/Data/OutlineModels.swift /Users/chaalpritam/Blockbase/type/type/Data/SceneModels.swift /Users/chaalpritam/Blockbase/type/type/Data/ScreenplayDocument.swift /Users/chaalpritam/Blockbase/type/type/Data/TimelineModels.swift /Users/chaalpritam/Blockbase/type/type/Features/Characters/CharacterCoordinator.swift /Users/chaalpritam/Blockbase/type/type/Features/Characters/CharacterDatabase.swift /Users/chaalpritam/Blockbase/type/type/Features/Characters/CharacterDetailViews.swift /Users/chaalpritam/Blockbase/type/type/Features/Characters/CharacterDetailViews2.swift /Users/chaalpritam/Blockbase/type/type/Features/Characters/CharacterEditViews.swift /Users/chaalpritam/Blockbase/type/type/Features/Characters/CharacterViews.swift /Users/chaalpritam/Blockbase/type/type/Features/Collaboration/CollaborationCoordinator.swift /Users/chaalpritam/Blockbase/type/type/Features/Collaboration/CollaborationManager.swift /Users/chaalpritam/Blockbase/type/type/Features/Collaboration/CollaborationViews.swift /Users/chaalpritam/Blockbase/type/type/Features/Editor/AdvancedEditorFeatures.swift /Users/chaalpritam/Blockbase/type/type/Features/Editor/AutoCompletionManager.swift /Users/chaalpritam/Blockbase/type/type/Features/Editor/CodeFoldingManager.swift /Users/chaalpritam/Blockbase/type/type/Features/Editor/EditorCoordinator.swift /Users/chaalpritam/Blockbase/type/type/Features/Editor/EnhancedFountainTextEditor.swift /Users/chaalpritam/Blockbase/type/type/Features/Editor/FindReplaceView.swift /Users/chaalpritam/Blockbase/type/type/Features/Editor/FountainHelpView.swift /Users/chaalpritam/Blockbase/type/type/Features/Editor/FountainParser.swift /Users/chaalpritam/Blockbase/type/type/Features/Editor/FountainSyntaxHighlighter.swift /Users/chaalpritam/Blockbase/type/type/Features/Editor/FountainTemplate.swift /Users/chaalpritam/Blockbase/type/type/Features/Editor/FountainTextEditor.swift /Users/chaalpritam/Blockbase/type/type/Features/Editor/MinimapView.swift /Users/chaalpritam/Blockbase/type/type/Features/Editor/MultipleCursorsTextEditor.swift /Users/chaalpritam/Blockbase/type/type/Features/Editor/ScreenplayPreview.swift /Users/chaalpritam/Blockbase/type/type/Features/Editor/SmartFormattingManager.swift /Users/chaalpritam/Blockbase/type/type/Features/Editor/SpellCheckTextEditor.swift /Users/chaalpritam/Blockbase/type/type/Features/Editor/TextHistoryManager.swift /Users/chaalpritam/Blockbase/type/type/Features/File/FileCoordinator.swift /Users/chaalpritam/Blockbase/type/type/Features/Outline/OutlineCoordinator.swift /Users/chaalpritam/Blockbase/type/type/Features/Outline/OutlineDatabase.swift /Users/chaalpritam/Blockbase/type/type/Features/Outline/OutlineDetailViews.swift /Users/chaalpritam/Blockbase/type/type/Features/Outline/OutlineViews.swift /Users/chaalpritam/Blockbase/type/type/Features/Scenes/SceneDatabase.swift -primary-file /Users/chaalpritam/Blockbase/type/type/Features/Scenes/SceneDetailViews.swift -primary-file /Users/chaalpritam/Blockbase/type/type/Features/Scenes/SceneViews.swift -primary-file /Users/chaalpritam/Blockbase/type/type/Features/StoryProtocol/StoryProtocolCoordinator.swift -primary-file /Users/chaalpritam/Blockbase/type/type/Features/StoryProtocol/StoryProtocolViews.swift -primary-file /Users/chaalpritam/Blockbase/type/type/Features/Timeline/TimelineDatabase.swift -primary-file /Users/chaalpritam/Blockbase/type/type/Features/Timeline/TimelineViews.swift /Users/chaalpritam/Blockbase/type/type/Features/Welcome/WelcomeView.swift /Users/chaalpritam/Blockbase/type/type/Services/DocumentService.swift /Users/chaalpritam/Blockbase/type/type/Services/FileManagementService.swift /Users/chaalpritam/Blockbase/type/type/Services/FileManager.swift /Users/chaalpritam/Blockbase/type/type/Services/SettingsService.swift /Users/chaalpritam/Blockbase/type/type/Services/StatisticsService.swift /Users/chaalpritam/Blockbase/type/type/Services/StoryProtocolService.swift /Users/chaalpritam/Blockbase/type/type/Shared/ModalLayout.swift /Users/chaalpritam/Blockbase/type/type/UI/EnhancedAppleComponents.swift /Users/chaalpritam/Blockbase/type/type/UI/ModularAppView.swift /Users/chaalpritam/Blockbase/type/type/UI/TemplateSelectorView.swift /Users/chaalpritam/Blockbase/type/type/UI/TypeStyleAppView.swift /Users/chaalpritam/Blockbase/type/type/UI/TypeStyleComponents.swift /Users/chaalpritam/Blockbase/type/type/UI/TypeStyleTheme.swift /Users/chaalpritam/Blockbase/type/type/Utils/KeyboardShortcutsManager.swift /Users/chaalpritam/Blockbase/type/type/SceneEditViews.swift /Users/chaalpritam/Blockbase/type/type/typeApp.swift /Users/chaalpritam/Library/Developer/Xcode/DerivedData/type-aackdwwuwxayolgleuusgbwkkpsp/Build/Intermediates.noindex/type.build/Debug/type.build/DerivedSources/GeneratedAssetSymbols.swift -supplementary-output-file-map /Users/chaalpritam/Library/Developer/Xcode/DerivedData/type-aackdwwuwxayolgleuusgbwkkpsp/Build/Intermediates.noindex/type.build/Debug/type.build/Objects-normal/x86_64/supplementaryOutputs-7 -emit-localized-strings -emit-localized-strings-path /Users/chaalpritam/Library/Developer/Xcode/DerivedData/type-aackdwwuwxayolgleuusgbwkkpsp/Build/Intermediates.noindex/type.build/Debug/type.build/Objects-normal/x86_64 -target x86_64-apple-macos15.0 -enable-objc-interop -stack-check -sdk /Applications/Xcode.app/Contents/Developer/Platforms/MacOSX.platform/Developer/SDKs/MacOSX15.1.sdk -I /Users/chaalpritam/Library/Developer/Xcode/DerivedData/type-aackdwwuwxayolgleuusgbwkkpsp/Build/Products/Debug -F /Users/chaalpritam/Library/Developer/Xcode/DerivedData/type-aackdwwuwxayolgleuusgbwkkpsp/Build/Products/Debug -no-color-diagnostics -enable-testing -g -debug-info-format\=dwarf -dwarf-version\=5 -module-cache-path /Users/chaalpritam/Library/Developer/Xcode/DerivedData/ModuleCache.noindex -profile-generate -profile-coverage-mapping -swift-version 5 -enforce-exclusivity\=checked -Onone -D DEBUG -serialize-debugging-options -const-gather-protocols-file /Users/chaalpritam/Library/Developer/Xcode/DerivedData/type-aackdwwuwxayolgleuusgbwkkpsp/Build/Intermediates.noindex/type.build/Debug/type.build/Objects-normal/x86_64/type_const_extract_protocols.json -enable-experimental-feature DebugDescriptionMacro -enable-experimental-feature OpaqueTypeErasure -enable-bare-slash-regex -empty-abi-descriptor -validate-clang-modules-once -clang-build-session-file /Users/chaalpritam/Library/Developer/Xcode/DerivedData/ModuleCache.noindex/Session.modulevalidation -Xcc -working-directory -Xcc /Users/chaalpritam/Blockbase/type -resource-dir /Applications/Xcode.app/Contents/Developer/Toolchains/XcodeDefault.xctoolchain/usr/lib/swift -enable-anonymous-context-mangled-names -file-compilation-dir /Users/chaalpritam/Blockbase/type -Xcc -D_LIBCPP_HARDENING_MODE\=_LIBCPP_HARDENING_MODE_DEBUG -Xcc -ivfsstatcache -Xcc /Users/chaalpritam/Library/Developer/Xcode/DerivedData/SDKStatCaches.noindex/macosx15.1-24B75-26c8390a7c93c703a57fb2538426748e.sdkstatcache -Xcc -I/Users/chaalpritam/Library/Developer/Xcode/DerivedData/type-aackdwwuwxayolgleuusgbwkkpsp/Build/Intermediates.noindex/type.build/Debug/type.build/swift-overrides.hmap -Xcc -iquote -Xcc /Users/chaalpritam/Library/Developer/Xcode/DerivedData/type-aackdwwuwxayolgleuusgbwkkpsp/Build/Intermediates.noindex/type.build/Debug/type.build/type-generated-files.hmap -Xcc -I/Users/chaalpritam/Library/Developer/Xcode/DerivedData/type-aackdwwuwxayolgleuusgbwkkpsp/Build/Intermediates.noindex/type.build/Debug/type.build/type-own-target-headers.hmap -Xcc -I/Users/chaalpritam/Library/Developer/Xcode/DerivedData/type-aackdwwuwxayolgleuusgbwkkpsp/Build/Intermediates.noindex/type.build/Debug/type.build/type-all-target-headers.hmap -Xcc -iquote -Xcc /Users/chaalpritam/Library/Developer/Xcode/DerivedData/type-aackdwwuwxayolgleuusgbwkkpsp/Build/Intermediates.noindex/type.build/Debug/type.build/type-project-headers.hmap -Xcc -I/Users/chaalpritam/Library/Developer/Xcode/DerivedData/type-aackdwwuwxayolgleuusgbwkkpsp/Build/Products/Debug/include -Xcc -I/Users/chaalpritam/Library/Developer/Xcode/DerivedData/type-aackdwwuwxayolgleuusgbwkkpsp/Build/Intermediates.noindex/type.build/Debug/type.build/DerivedSources-normal/x86_64 -Xcc -I/Users/chaalpritam/Library/Developer/Xcode/DerivedData/type-aackdwwuwxayolgleuusgbwkkpsp/Build/Intermediates.noindex/type.build/Debug/type.build/DerivedSources/x86_64 -Xcc -I/Users/chaalpritam/Library/Developer/Xcode/DerivedData/type-aackdwwuwxayolgleuusgbwkkpsp/Build/Intermediates.noindex/type.build/Debug/type.build/DerivedSources -Xcc -DDEBUG\=1 -module-name type -frontend-parseable-output -disable-clang-spi -target-sdk-version 15.1 -target-sdk-name macosx15.1 -external-plugin-path /Applications/Xcode.app/Contents/Developer/Platforms/MacOSX.platform/Developer/usr/lib/swift/host/plugins\#/Applications/Xcode.app/Contents/Developer/Platforms/MacOSX.platform/Developer/usr/bin/swift-plugin-server -external-plugin-path /Applications/Xcode.app/Contents/Developer/Platforms/MacOSX.platform/Developer/usr/local/lib/swift/host/plugins\#/Applications/Xcode.app/Contents/Developer/Platforms/MacOSX.platform/Developer/usr/bin/swift-plugin-server -plugin-path /Applications/Xcode.app/Contents/Developer/Toolchains/XcodeDefault.xctoolchain/usr/lib/swift/host/plugins -plugin-path /Applications/Xcode.app/Contents/Developer/Toolchains/XcodeDefault.xctoolchain/usr/local/lib/swift/host/plugins -o /Users/chaalpritam/Library/Developer/Xcode/DerivedData/type-aackdwwuwxayolgleuusgbwkkpsp/Build/Intermediates.noindex/type.build/Debug/type.build/Objects-normal/x86_64/SceneDetailViews.o -o /Users/chaalpritam/Library/Developer/Xcode/DerivedData/type-aackdwwuwxayolgleuusgbwkkpsp/Build/Intermediates.noindex/type.build/Debug/type.build/Objects-normal/x86_64/SceneViews.o -o /Users/chaalpritam/Library/Developer/Xcode/DerivedData/type-aackdwwuwxayolgleuusgbwkkpsp/Build/Intermediates.noindex/type.build/Debug/type.build/Objects-normal/x86_64/StoryProtocolCoordinator.o -o /Users/chaalpritam/Library/Developer/Xcode/DerivedData/type-aackdwwuwxayolgleuusgbwkkpsp/Build/Intermediates.noindex/type.build/Debug/type.build/Objects-normal/x86_64/StoryProtocolViews.o -o /Users/chaalpritam/Library/Developer/Xcode/DerivedData/type-aackdwwuwxayolgleuusgbwkkpsp/Build/Intermediates.noindex/type.build/Debug/type.build/Objects-normal/x86_64/TimelineDatabase.o -o /Users/chaalpritam/Library/Developer/Xcode/DerivedData/type-aackdwwuwxayolgleuusgbwkkpsp/Build/Intermediates.noindex/type.build/Debug/type.build/Objects-normal/x86_64/TimelineViews.o -index-unit-output-path /type.build/Debug/type.build/Objects-normal/x86_64/SceneDetailViews.o -index-unit-output-path /type.build/Debug/type.build/Objects-normal/x86_64/SceneViews.o -index-unit-output-path /type.build/Debug/type.build/Objects-normal/x86_64/StoryProtocolCoordinator.o -index-unit-output-path /type.build/Debug/type.build/Objects-normal/x86_64/StoryProtocolViews.o -index-unit-output-path /type.build/Debug/type.build/Objects-normal/x86_64/TimelineDatabase.o -index-unit-output-path /type.build/Debug/type.build/Objects-normal/x86_64/TimelineViews.o -index-store-path /Users/chaalpritam/Library/Developer/Xcode/DerivedData/type-aackdwwuwxayolgleuusgbwkkpsp/Index.noindex/DataStore -index-system-modules

SwiftCompile normal x86_64 Compiling\ CharacterCoordinator.swift,\ CharacterDatabase.swift,\ CharacterDetailViews.swift,\ CharacterDetailViews2.swift,\ CharacterEditViews.swift,\ CharacterViews.swift,\ CollaborationCoordinator.swift /Users/chaalpritam/Blockbase/type/type/Features/Characters/CharacterCoordinator.swift /Users/chaalpritam/Blockbase/type/type/Features/Characters/CharacterDatabase.swift /Users/chaalpritam/Blockbase/type/type/Features/Characters/CharacterDetailViews.swift /Users/chaalpritam/Blockbase/type/type/Features/Characters/CharacterDetailViews2.swift /Users/chaalpritam/Blockbase/type/type/Features/Characters/CharacterEditViews.swift /Users/chaalpritam/Blockbase/type/type/Features/Characters/CharacterViews.swift /Users/chaalpritam/Blockbase/type/type/Features/Collaboration/CollaborationCoordinator.swift (in target 'type' from project 'type')
    cd /Users/chaalpritam/Blockbase/type
    builtin-swiftTaskExecution -- /Applications/Xcode.app/Contents/Developer/Toolchains/XcodeDefault.xctoolchain/usr/bin/swift-frontend -frontend -c /Users/chaalpritam/Blockbase/type/type/Core/AppCoordinator.swift /Users/chaalpritam/Blockbase/type/type/Core/ModuleCoordinator.swift /Users/chaalpritam/Blockbase/type/type/Data/CharacterModels.swift /Users/chaalpritam/Blockbase/type/type/Data/OutlineModels.swift /Users/chaalpritam/Blockbase/type/type/Data/SceneModels.swift /Users/chaalpritam/Blockbase/type/type/Data/ScreenplayDocument.swift /Users/chaalpritam/Blockbase/type/type/Data/TimelineModels.swift -primary-file /Users/chaalpritam/Blockbase/type/type/Features/Characters/CharacterCoordinator.swift -primary-file /Users/chaalpritam/Blockbase/type/type/Features/Characters/CharacterDatabase.swift -primary-file /Users/chaalpritam/Blockbase/type/type/Features/Characters/CharacterDetailViews.swift -primary-file /Users/chaalpritam/Blockbase/type/type/Features/Characters/CharacterDetailViews2.swift -primary-file /Users/chaalpritam/Blockbase/type/type/Features/Characters/CharacterEditViews.swift -primary-file /Users/chaalpritam/Blockbase/type/type/Features/Characters/CharacterViews.swift -primary-file /Users/chaalpritam/Blockbase/type/type/Features/Collaboration/CollaborationCoordinator.swift /Users/chaalpritam/Blockbase/type/type/Features/Collaboration/CollaborationManager.swift /Users/chaalpritam/Blockbase/type/type/Features/Collaboration/CollaborationViews.swift /Users/chaalpritam/Blockbase/type/type/Features/Editor/AdvancedEditorFeatures.swift /Users/chaalpritam/Blockbase/type/type/Features/Editor/AutoCompletionManager.swift /Users/chaalpritam/Blockbase/type/type/Features/Editor/CodeFoldingManager.swift /Users/chaalpritam/Blockbase/type/type/Features/Editor/EditorCoordinator.swift /Users/chaalpritam/Blockbase/type/type/Features/Editor/EnhancedFountainTextEditor.swift /Users/chaalpritam/Blockbase/type/type/Features/Editor/FindReplaceView.swift /Users/chaalpritam/Blockbase/type/type/Features/Editor/FountainHelpView.swift /Users/chaalpritam/Blockbase/type/type/Features/Editor/FountainParser.swift /Users/chaalpritam/Blockbase/type/type/Features/Editor/FountainSyntaxHighlighter.swift /Users/chaalpritam/Blockbase/type/type/Features/Editor/FountainTemplate.swift /Users/chaalpritam/Blockbase/type/type/Features/Editor/FountainTextEditor.swift /Users/chaalpritam/Blockbase/type/type/Features/Editor/MinimapView.swift /Users/chaalpritam/Blockbase/type/type/Features/Editor/MultipleCursorsTextEditor.swift /Users/chaalpritam/Blockbase/type/type/Features/Editor/ScreenplayPreview.swift /Users/chaalpritam/Blockbase/type/type/Features/Editor/SmartFormattingManager.swift /Users/chaalpritam/Blockbase/type/type/Features/Editor/SpellCheckTextEditor.swift /Users/chaalpritam/Blockbase/type/type/Features/Editor/TextHistoryManager.swift /Users/chaalpritam/Blockbase/type/type/Features/File/FileCoordinator.swift /Users/chaalpritam/Blockbase/type/type/Features/Outline/OutlineCoordinator.swift /Users/chaalpritam/Blockbase/type/type/Features/Outline/OutlineDatabase.swift /Users/chaalpritam/Blockbase/type/type/Features/Outline/OutlineDetailViews.swift /Users/chaalpritam/Blockbase/type/type/Features/Outline/OutlineViews.swift /Users/chaalpritam/Blockbase/type/type/Features/Scenes/SceneDatabase.swift /Users/chaalpritam/Blockbase/type/type/Features/Scenes/SceneDetailViews.swift /Users/chaalpritam/Blockbase/type/type/Features/Scenes/SceneViews.swift /Users/chaalpritam/Blockbase/type/type/Features/StoryProtocol/StoryProtocolCoordinator.swift /Users/chaalpritam/Blockbase/type/type/Features/StoryProtocol/StoryProtocolViews.swift /Users/chaalpritam/Blockbase/type/type/Features/Timeline/TimelineDatabase.swift /Users/chaalpritam/Blockbase/type/type/Features/Timeline/TimelineViews.swift /Users/chaalpritam/Blockbase/type/type/Features/Welcome/WelcomeView.swift /Users/chaalpritam/Blockbase/type/type/Services/DocumentService.swift /Users/chaalpritam/Blockbase/type/type/Services/FileManagementService.swift /Users/chaalpritam/Blockbase/type/type/Services/FileManager.swift /Users/chaalpritam/Blockbase/type/type/Services/SettingsService.swift /Users/chaalpritam/Blockbase/type/type/Services/StatisticsService.swift /Users/chaalpritam/Blockbase/type/type/Services/StoryProtocolService.swift /Users/chaalpritam/Blockbase/type/type/Shared/ModalLayout.swift /Users/chaalpritam/Blockbase/type/type/UI/EnhancedAppleComponents.swift /Users/chaalpritam/Blockbase/type/type/UI/ModularAppView.swift /Users/chaalpritam/Blockbase/type/type/UI/TemplateSelectorView.swift /Users/chaalpritam/Blockbase/type/type/UI/TypeStyleAppView.swift /Users/chaalpritam/Blockbase/type/type/UI/TypeStyleComponents.swift /Users/chaalpritam/Blockbase/type/type/UI/TypeStyleTheme.swift /Users/chaalpritam/Blockbase/type/type/Utils/KeyboardShortcutsManager.swift /Users/chaalpritam/Blockbase/type/type/SceneEditViews.swift /Users/chaalpritam/Blockbase/type/type/typeApp.swift /Users/chaalpritam/Library/Developer/Xcode/DerivedData/type-aackdwwuwxayolgleuusgbwkkpsp/Build/Intermediates.noindex/type.build/Debug/type.build/DerivedSources/GeneratedAssetSymbols.swift -supplementary-output-file-map /Users/chaalpritam/Library/Developer/Xcode/DerivedData/type-aackdwwuwxayolgleuusgbwkkpsp/Build/Intermediates.noindex/type.build/Debug/type.build/Objects-normal/x86_64/supplementaryOutputs-2 -emit-localized-strings -emit-localized-strings-path /Users/chaalpritam/Library/Developer/Xcode/DerivedData/type-aackdwwuwxayolgleuusgbwkkpsp/Build/Intermediates.noindex/type.build/Debug/type.build/Objects-normal/x86_64 -target x86_64-apple-macos15.0 -enable-objc-interop -stack-check -sdk /Applications/Xcode.app/Contents/Developer/Platforms/MacOSX.platform/Developer/SDKs/MacOSX15.1.sdk -I /Users/chaalpritam/Library/Developer/Xcode/DerivedData/type-aackdwwuwxayolgleuusgbwkkpsp/Build/Products/Debug -F /Users/chaalpritam/Library/Developer/Xcode/DerivedData/type-aackdwwuwxayolgleuusgbwkkpsp/Build/Products/Debug -no-color-diagnostics -enable-testing -g -debug-info-format\=dwarf -dwarf-version\=5 -module-cache-path /Users/chaalpritam/Library/Developer/Xcode/DerivedData/ModuleCache.noindex -profile-generate -profile-coverage-mapping -swift-version 5 -enforce-exclusivity\=checked -Onone -D DEBUG -serialize-debugging-options -const-gather-protocols-file /Users/chaalpritam/Library/Developer/Xcode/DerivedData/type-aackdwwuwxayolgleuusgbwkkpsp/Build/Intermediates.noindex/type.build/Debug/type.build/Objects-normal/x86_64/type_const_extract_protocols.json -enable-experimental-feature DebugDescriptionMacro -enable-experimental-feature OpaqueTypeErasure -enable-bare-slash-regex -empty-abi-descriptor -validate-clang-modules-once -clang-build-session-file /Users/chaalpritam/Library/Developer/Xcode/DerivedData/ModuleCache.noindex/Session.modulevalidation -Xcc -working-directory -Xcc /Users/chaalpritam/Blockbase/type -resource-dir /Applications/Xcode.app/Contents/Developer/Toolchains/XcodeDefault.xctoolchain/usr/lib/swift -enable-anonymous-context-mangled-names -file-compilation-dir /Users/chaalpritam/Blockbase/type -Xcc -D_LIBCPP_HARDENING_MODE\=_LIBCPP_HARDENING_MODE_DEBUG -Xcc -ivfsstatcache -Xcc /Users/chaalpritam/Library/Developer/Xcode/DerivedData/SDKStatCaches.noindex/macosx15.1-24B75-26c8390a7c93c703a57fb2538426748e.sdkstatcache -Xcc -I/Users/chaalpritam/Library/Developer/Xcode/DerivedData/type-aackdwwuwxayolgleuusgbwkkpsp/Build/Intermediates.noindex/type.build/Debug/type.build/swift-overrides.hmap -Xcc -iquote -Xcc /Users/chaalpritam/Library/Developer/Xcode/DerivedData/type-aackdwwuwxayolgleuusgbwkkpsp/Build/Intermediates.noindex/type.build/Debug/type.build/type-generated-files.hmap -Xcc -I/Users/chaalpritam/Library/Developer/Xcode/DerivedData/type-aackdwwuwxayolgleuusgbwkkpsp/Build/Intermediates.noindex/type.build/Debug/type.build/type-own-target-headers.hmap -Xcc -I/Users/chaalpritam/Library/Developer/Xcode/DerivedData/type-aackdwwuwxayolgleuusgbwkkpsp/Build/Intermediates.noindex/type.build/Debug/type.build/type-all-target-headers.hmap -Xcc -iquote -Xcc /Users/chaalpritam/Library/Developer/Xcode/DerivedData/type-aackdwwuwxayolgleuusgbwkkpsp/Build/Intermediates.noindex/type.build/Debug/type.build/type-project-headers.hmap -Xcc -I/Users/chaalpritam/Library/Developer/Xcode/DerivedData/type-aackdwwuwxayolgleuusgbwkkpsp/Build/Products/Debug/include -Xcc -I/Users/chaalpritam/Library/Developer/Xcode/DerivedData/type-aackdwwuwxayolgleuusgbwkkpsp/Build/Intermediates.noindex/type.build/Debug/type.build/DerivedSources-normal/x86_64 -Xcc -I/Users/chaalpritam/Library/Developer/Xcode/DerivedData/type-aackdwwuwxayolgleuusgbwkkpsp/Build/Intermediates.noindex/type.build/Debug/type.build/DerivedSources/x86_64 -Xcc -I/Users/chaalpritam/Library/Developer/Xcode/DerivedData/type-aackdwwuwxayolgleuusgbwkkpsp/Build/Intermediates.noindex/type.build/Debug/type.build/DerivedSources -Xcc -DDEBUG\=1 -module-name type -frontend-parseable-output -disable-clang-spi -target-sdk-version 15.1 -target-sdk-name macosx15.1 -external-plugin-path /Applications/Xcode.app/Contents/Developer/Platforms/MacOSX.platform/Developer/usr/lib/swift/host/plugins\#/Applications/Xcode.app/Contents/Developer/Platforms/MacOSX.platform/Developer/usr/bin/swift-plugin-server -external-plugin-path /Applications/Xcode.app/Contents/Developer/Platforms/MacOSX.platform/Developer/usr/local/lib/swift/host/plugins\#/Applications/Xcode.app/Contents/Developer/Platforms/MacOSX.platform/Developer/usr/bin/swift-plugin-server -plugin-path /Applications/Xcode.app/Contents/Developer/Toolchains/XcodeDefault.xctoolchain/usr/lib/swift/host/plugins -plugin-path /Applications/Xcode.app/Contents/Developer/Toolchains/XcodeDefault.xctoolchain/usr/local/lib/swift/host/plugins -o /Users/chaalpritam/Library/Developer/Xcode/DerivedData/type-aackdwwuwxayolgleuusgbwkkpsp/Build/Intermediates.noindex/type.build/Debug/type.build/Objects-normal/x86_64/CharacterCoordinator.o -o /Users/chaalpritam/Library/Developer/Xcode/DerivedData/type-aackdwwuwxayolgleuusgbwkkpsp/Build/Intermediates.noindex/type.build/Debug/type.build/Objects-normal/x86_64/CharacterDatabase.o -o /Users/chaalpritam/Library/Developer/Xcode/DerivedData/type-aackdwwuwxayolgleuusgbwkkpsp/Build/Intermediates.noindex/type.build/Debug/type.build/Objects-normal/x86_64/CharacterDetailViews.o -o /Users/chaalpritam/Library/Developer/Xcode/DerivedData/type-aackdwwuwxayolgleuusgbwkkpsp/Build/Intermediates.noindex/type.build/Debug/type.build/Objects-normal/x86_64/CharacterDetailViews2.o -o /Users/chaalpritam/Library/Developer/Xcode/DerivedData/type-aackdwwuwxayolgleuusgbwkkpsp/Build/Intermediates.noindex/type.build/Debug/type.build/Objects-normal/x86_64/CharacterEditViews.o -o /Users/chaalpritam/Library/Developer/Xcode/DerivedData/type-aackdwwuwxayolgleuusgbwkkpsp/Build/Intermediates.noindex/type.build/Debug/type.build/Objects-normal/x86_64/CharacterViews.o -o /Users/chaalpritam/Library/Developer/Xcode/DerivedData/type-aackdwwuwxayolgleuusgbwkkpsp/Build/Intermediates.noindex/type.build/Debug/type.build/Objects-normal/x86_64/CollaborationCoordinator.o -index-unit-output-path /type.build/Debug/type.build/Objects-normal/x86_64/CharacterCoordinator.o -index-unit-output-path /type.build/Debug/type.build/Objects-normal/x86_64/CharacterDatabase.o -index-unit-output-path /type.build/Debug/type.build/Objects-normal/x86_64/CharacterDetailViews.o -index-unit-output-path /type.build/Debug/type.build/Objects-normal/x86_64/CharacterDetailViews2.o -index-unit-output-path /type.build/Debug/type.build/Objects-normal/x86_64/CharacterEditViews.o -index-unit-output-path /type.build/Debug/type.build/Objects-normal/x86_64/CharacterViews.o -index-unit-output-path /type.build/Debug/type.build/Objects-normal/x86_64/CollaborationCoordinator.o -index-store-path /Users/chaalpritam/Library/Developer/Xcode/DerivedData/type-aackdwwuwxayolgleuusgbwkkpsp/Index.noindex/DataStore -index-system-modules

SwiftCompile normal x86_64 /Users/chaalpritam/Blockbase/type/type/Features/Characters/CharacterCoordinator.swift (in target 'type' from project 'type')
    cd /Users/chaalpritam/Blockbase/type
    /Applications/Xcode.app/Contents/Developer/Toolchains/XcodeDefault.xctoolchain/usr/bin/swift-frontend -c /Users/chaalpritam/Blockbase/type/type/Core/AppCoordinator.swift /Users/chaalpritam/Blockbase/type/type/Core/ModuleCoordinator.swift /Users/chaalpritam/Blockbase/type/type/Data/CharacterModels.swift /Users/chaalpritam/Blockbase/type/type/Data/OutlineModels.swift /Users/chaalpritam/Blockbase/type/type/Data/SceneModels.swift /Users/chaalpritam/Blockbase/type/type/Data/ScreenplayDocument.swift /Users/chaalpritam/Blockbase/type/type/Data/TimelineModels.swift -primary-file /Users/chaalpritam/Blockbase/type/type/Features/Characters/CharacterCoordinator.swift -primary-file /Users/chaalpritam/Blockbase/type/type/Features/Characters/CharacterDatabase.swift -primary-file /Users/chaalpritam/Blockbase/type/type/Features/Characters/CharacterDetailViews.swift -primary-file /Users/chaalpritam/Blockbase/type/type/Features/Characters/CharacterDetailViews2.swift -primary-file /Users/chaalpritam/Blockbase/type/type/Features/Characters/CharacterEditViews.swift -primary-file /Users/chaalpritam/Blockbase/type/type/Features/Characters/CharacterViews.swift -primary-file /Users/chaalpritam/Blockbase/type/type/Features/Collaboration/CollaborationCoordinator.swift /Users/chaalpritam/Blockbase/type/type/Features/Collaboration/CollaborationManager.swift /Users/chaalpritam/Blockbase/type/type/Features/Collaboration/CollaborationViews.swift /Users/chaalpritam/Blockbase/type/type/Features/Editor/AdvancedEditorFeatures.swift /Users/chaalpritam/Blockbase/type/type/Features/Editor/AutoCompletionManager.swift /Users/chaalpritam/Blockbase/type/type/Features/Editor/CodeFoldingManager.swift /Users/chaalpritam/Blockbase/type/type/Features/Editor/EditorCoordinator.swift /Users/chaalpritam/Blockbase/type/type/Features/Editor/EnhancedFountainTextEditor.swift /Users/chaalpritam/Blockbase/type/type/Features/Editor/FindReplaceView.swift /Users/chaalpritam/Blockbase/type/type/Features/Editor/FountainHelpView.swift /Users/chaalpritam/Blockbase/type/type/Features/Editor/FountainParser.swift /Users/chaalpritam/Blockbase/type/type/Features/Editor/FountainSyntaxHighlighter.swift /Users/chaalpritam/Blockbase/type/type/Features/Editor/FountainTemplate.swift /Users/chaalpritam/Blockbase/type/type/Features/Editor/FountainTextEditor.swift /Users/chaalpritam/Blockbase/type/type/Features/Editor/MinimapView.swift /Users/chaalpritam/Blockbase/type/type/Features/Editor/MultipleCursorsTextEditor.swift /Users/chaalpritam/Blockbase/type/type/Features/Editor/ScreenplayPreview.swift /Users/chaalpritam/Blockbase/type/type/Features/Editor/SmartFormattingManager.swift /Users/chaalpritam/Blockbase/type/type/Features/Editor/SpellCheckTextEditor.swift /Users/chaalpritam/Blockbase/type/type/Features/Editor/TextHistoryManager.swift /Users/chaalpritam/Blockbase/type/type/Features/File/FileCoordinator.swift /Users/chaalpritam/Blockbase/type/type/Features/Outline/OutlineCoordinator.swift /Users/chaalpritam/Blockbase/type/type/Features/Outline/OutlineDatabase.swift /Users/chaalpritam/Blockbase/type/type/Features/Outline/OutlineDetailViews.swift /Users/chaalpritam/Blockbase/type/type/Features/Outline/OutlineViews.swift /Users/chaalpritam/Blockbase/type/type/Features/Scenes/SceneDatabase.swift /Users/chaalpritam/Blockbase/type/type/Features/Scenes/SceneDetailViews.swift /Users/chaalpritam/Blockbase/type/type/Features/Scenes/SceneViews.swift /Users/chaalpritam/Blockbase/type/type/Features/StoryProtocol/StoryProtocolCoordinator.swift /Users/chaalpritam/Blockbase/type/type/Features/StoryProtocol/StoryProtocolViews.swift /Users/chaalpritam/Blockbase/type/type/Features/Timeline/TimelineDatabase.swift /Users/chaalpritam/Blockbase/type/type/Features/Timeline/TimelineViews.swift /Users/chaalpritam/Blockbase/type/type/Features/Welcome/WelcomeView.swift /Users/chaalpritam/Blockbase/type/type/Services/DocumentService.swift /Users/chaalpritam/Blockbase/type/type/Services/FileManagementService.swift /Users/chaalpritam/Blockbase/type/type/Services/FileManager.swift /Users/chaalpritam/Blockbase/type/type/Services/SettingsService.swift /Users/chaalpritam/Blockbase/type/type/Services/StatisticsService.swift /Users/chaalpritam/Blockbase/type/type/Services/StoryProtocolService.swift /Users/chaalpritam/Blockbase/type/type/Shared/ModalLayout.swift /Users/chaalpritam/Blockbase/type/type/UI/EnhancedAppleComponents.swift /Users/chaalpritam/Blockbase/type/type/UI/ModularAppView.swift /Users/chaalpritam/Blockbase/type/type/UI/TemplateSelectorView.swift /Users/chaalpritam/Blockbase/type/type/UI/TypeStyleAppView.swift /Users/chaalpritam/Blockbase/type/type/UI/TypeStyleComponents.swift /Users/chaalpritam/Blockbase/type/type/UI/TypeStyleTheme.swift /Users/chaalpritam/Blockbase/type/type/Utils/KeyboardShortcutsManager.swift /Users/chaalpritam/Blockbase/type/type/SceneEditViews.swift /Users/chaalpritam/Blockbase/type/type/typeApp.swift /Users/chaalpritam/Library/Developer/Xcode/DerivedData/type-aackdwwuwxayolgleuusgbwkkpsp/Build/Intermediates.noindex/type.build/Debug/type.build/DerivedSources/GeneratedAssetSymbols.swift -supplementary-output-file-map /Users/chaalpritam/Library/Developer/Xcode/DerivedData/type-aackdwwuwxayolgleuusgbwkkpsp/Build/Intermediates.noindex/type.build/Debug/type.build/Objects-normal/x86_64/supplementaryOutputs-2 -emit-localized-strings -emit-localized-strings-path /Users/chaalpritam/Library/Developer/Xcode/DerivedData/type-aackdwwuwxayolgleuusgbwkkpsp/Build/Intermediates.noindex/type.build/Debug/type.build/Objects-normal/x86_64 -target x86_64-apple-macos15.0 -enable-objc-interop -stack-check -sdk /Applications/Xcode.app/Contents/Developer/Platforms/MacOSX.platform/Developer/SDKs/MacOSX15.1.sdk -I /Users/chaalpritam/Library/Developer/Xcode/DerivedData/type-aackdwwuwxayolgleuusgbwkkpsp/Build/Products/Debug -F /Users/chaalpritam/Library/Developer/Xcode/DerivedData/type-aackdwwuwxayolgleuusgbwkkpsp/Build/Products/Debug -no-color-diagnostics -enable-testing -g -debug-info-format\=dwarf -dwarf-version\=5 -module-cache-path /Users/chaalpritam/Library/Developer/Xcode/DerivedData/ModuleCache.noindex -profile-generate -profile-coverage-mapping -swift-version 5 -enforce-exclusivity\=checked -Onone -D DEBUG -serialize-debugging-options -const-gather-protocols-file /Users/chaalpritam/Library/Developer/Xcode/DerivedData/type-aackdwwuwxayolgleuusgbwkkpsp/Build/Intermediates.noindex/type.build/Debug/type.build/Objects-normal/x86_64/type_const_extract_protocols.json -enable-experimental-feature DebugDescriptionMacro -enable-experimental-feature OpaqueTypeErasure -enable-bare-slash-regex -empty-abi-descriptor -validate-clang-modules-once -clang-build-session-file /Users/chaalpritam/Library/Developer/Xcode/DerivedData/ModuleCache.noindex/Session.modulevalidation -Xcc -working-directory -Xcc /Users/chaalpritam/Blockbase/type -resource-dir /Applications/Xcode.app/Contents/Developer/Toolchains/XcodeDefault.xctoolchain/usr/lib/swift -enable-anonymous-context-mangled-names -file-compilation-dir /Users/chaalpritam/Blockbase/type -Xcc -D_LIBCPP_HARDENING_MODE\=_LIBCPP_HARDENING_MODE_DEBUG -Xcc -ivfsstatcache -Xcc /Users/chaalpritam/Library/Developer/Xcode/DerivedData/SDKStatCaches.noindex/macosx15.1-24B75-26c8390a7c93c703a57fb2538426748e.sdkstatcache -Xcc -I/Users/chaalpritam/Library/Developer/Xcode/DerivedData/type-aackdwwuwxayolgleuusgbwkkpsp/Build/Intermediates.noindex/type.build/Debug/type.build/swift-overrides.hmap -Xcc -iquote -Xcc /Users/chaalpritam/Library/Developer/Xcode/DerivedData/type-aackdwwuwxayolgleuusgbwkkpsp/Build/Intermediates.noindex/type.build/Debug/type.build/type-generated-files.hmap -Xcc -I/Users/chaalpritam/Library/Developer/Xcode/DerivedData/type-aackdwwuwxayolgleuusgbwkkpsp/Build/Intermediates.noindex/type.build/Debug/type.build/type-own-target-headers.hmap -Xcc -I/Users/chaalpritam/Library/Developer/Xcode/DerivedData/type-aackdwwuwxayolgleuusgbwkkpsp/Build/Intermediates.noindex/type.build/Debug/type.build/type-all-target-headers.hmap -Xcc -iquote -Xcc /Users/chaalpritam/Library/Developer/Xcode/DerivedData/type-aackdwwuwxayolgleuusgbwkkpsp/Build/Intermediates.noindex/type.build/Debug/type.build/type-project-headers.hmap -Xcc -I/Users/chaalpritam/Library/Developer/Xcode/DerivedData/type-aackdwwuwxayolgleuusgbwkkpsp/Build/Products/Debug/include -Xcc -I/Users/chaalpritam/Library/Developer/Xcode/DerivedData/type-aackdwwuwxayolgleuusgbwkkpsp/Build/Intermediates.noindex/type.build/Debug/type.build/DerivedSources-normal/x86_64 -Xcc -I/Users/chaalpritam/Library/Developer/Xcode/DerivedData/type-aackdwwuwxayolgleuusgbwkkpsp/Build/Intermediates.noindex/type.build/Debug/type.build/DerivedSources/x86_64 -Xcc -I/Users/chaalpritam/Library/Developer/Xcode/DerivedData/type-aackdwwuwxayolgleuusgbwkkpsp/Build/Intermediates.noindex/type.build/Debug/type.build/DerivedSources -Xcc -DDEBUG\=1 -module-name type -frontend-parseable-output -disable-clang-spi -target-sdk-version 15.1 -target-sdk-name macosx15.1 -external-plugin-path /Applications/Xcode.app/Contents/Developer/Platforms/MacOSX.platform/Developer/usr/lib/swift/host/plugins\#/Applications/Xcode.app/Contents/Developer/Platforms/MacOSX.platform/Developer/usr/bin/swift-plugin-server -external-plugin-path /Applications/Xcode.app/Contents/Developer/Platforms/MacOSX.platform/Developer/usr/local/lib/swift/host/plugins\#/Applications/Xcode.app/Contents/Developer/Platforms/MacOSX.platform/Developer/usr/bin/swift-plugin-server -plugin-path /Applications/Xcode.app/Contents/Developer/Toolchains/XcodeDefault.xctoolchain/usr/lib/swift/host/plugins -plugin-path /Applications/Xcode.app/Contents/Developer/Toolchains/XcodeDefault.xctoolchain/usr/local/lib/swift/host/plugins -o /Users/chaalpritam/Library/Developer/Xcode/DerivedData/type-aackdwwuwxayolgleuusgbwkkpsp/Build/Intermediates.noindex/type.build/Debug/type.build/Objects-normal/x86_64/CharacterCoordinator.o -o /Users/chaalpritam/Library/Developer/Xcode/DerivedData/type-aackdwwuwxayolgleuusgbwkkpsp/Build/Intermediates.noindex/type.build/Debug/type.build/Objects-normal/x86_64/CharacterDatabase.o -o /Users/chaalpritam/Library/Developer/Xcode/DerivedData/type-aackdwwuwxayolgleuusgbwkkpsp/Build/Intermediates.noindex/type.build/Debug/type.build/Objects-normal/x86_64/CharacterDetailViews.o -o /Users/chaalpritam/Library/Developer/Xcode/DerivedData/type-aackdwwuwxayolgleuusgbwkkpsp/Build/Intermediates.noindex/type.build/Debug/type.build/Objects-normal/x86_64/CharacterDetailViews2.o -o /Users/chaalpritam/Library/Developer/Xcode/DerivedData/type-aackdwwuwxayolgleuusgbwkkpsp/Build/Intermediates.noindex/type.build/Debug/type.build/Objects-normal/x86_64/CharacterEditViews.o -o /Users/chaalpritam/Library/Developer/Xcode/DerivedData/type-aackdwwuwxayolgleuusgbwkkpsp/Build/Intermediates.noindex/type.build/Debug/type.build/Objects-normal/x86_64/CharacterViews.o -o /Users/chaalpritam/Library/Developer/Xcode/DerivedData/type-aackdwwuwxayolgleuusgbwkkpsp/Build/Intermediates.noindex/type.build/Debug/type.build/Objects-normal/x86_64/CollaborationCoordinator.o -index-unit-output-path /type.build/Debug/type.build/Objects-normal/x86_64/CharacterCoordinator.o -index-unit-output-path /type.build/Debug/type.build/Objects-normal/x86_64/CharacterDatabase.o -index-unit-output-path /type.build/Debug/type.build/Objects-normal/x86_64/CharacterDetailViews.o -index-unit-output-path /type.build/Debug/type.build/Objects-normal/x86_64/CharacterDetailViews2.o -index-unit-output-path /type.build/Debug/type.build/Objects-normal/x86_64/CharacterEditViews.o -index-unit-output-path /type.build/Debug/type.build/Objects-normal/x86_64/CharacterViews.o -index-unit-output-path /type.build/Debug/type.build/Objects-normal/x86_64/CollaborationCoordinator.o -index-store-path /Users/chaalpritam/Library/Developer/Xcode/DerivedData/type-aackdwwuwxayolgleuusgbwkkpsp/Index.noindex/DataStore -index-system-modules

SwiftCompile normal x86_64 /Users/chaalpritam/Blockbase/type/type/Features/Characters/CharacterDatabase.swift (in target 'type' from project 'type')
    cd /Users/chaalpritam/Blockbase/type
    /Applications/Xcode.app/Contents/Developer/Toolchains/XcodeDefault.xctoolchain/usr/bin/swift-frontend -c /Users/chaalpritam/Blockbase/type/type/Core/AppCoordinator.swift /Users/chaalpritam/Blockbase/type/type/Core/ModuleCoordinator.swift /Users/chaalpritam/Blockbase/type/type/Data/CharacterModels.swift /Users/chaalpritam/Blockbase/type/type/Data/OutlineModels.swift /Users/chaalpritam/Blockbase/type/type/Data/SceneModels.swift /Users/chaalpritam/Blockbase/type/type/Data/ScreenplayDocument.swift /Users/chaalpritam/Blockbase/type/type/Data/TimelineModels.swift -primary-file /Users/chaalpritam/Blockbase/type/type/Features/Characters/CharacterCoordinator.swift -primary-file /Users/chaalpritam/Blockbase/type/type/Features/Characters/CharacterDatabase.swift -primary-file /Users/chaalpritam/Blockbase/type/type/Features/Characters/CharacterDetailViews.swift -primary-file /Users/chaalpritam/Blockbase/type/type/Features/Characters/CharacterDetailViews2.swift -primary-file /Users/chaalpritam/Blockbase/type/type/Features/Characters/CharacterEditViews.swift -primary-file /Users/chaalpritam/Blockbase/type/type/Features/Characters/CharacterViews.swift -primary-file /Users/chaalpritam/Blockbase/type/type/Features/Collaboration/CollaborationCoordinator.swift /Users/chaalpritam/Blockbase/type/type/Features/Collaboration/CollaborationManager.swift /Users/chaalpritam/Blockbase/type/type/Features/Collaboration/CollaborationViews.swift /Users/chaalpritam/Blockbase/type/type/Features/Editor/AdvancedEditorFeatures.swift /Users/chaalpritam/Blockbase/type/type/Features/Editor/AutoCompletionManager.swift /Users/chaalpritam/Blockbase/type/type/Features/Editor/CodeFoldingManager.swift /Users/chaalpritam/Blockbase/type/type/Features/Editor/EditorCoordinator.swift /Users/chaalpritam/Blockbase/type/type/Features/Editor/EnhancedFountainTextEditor.swift /Users/chaalpritam/Blockbase/type/type/Features/Editor/FindReplaceView.swift /Users/chaalpritam/Blockbase/type/type/Features/Editor/FountainHelpView.swift /Users/chaalpritam/Blockbase/type/type/Features/Editor/FountainParser.swift /Users/chaalpritam/Blockbase/type/type/Features/Editor/FountainSyntaxHighlighter.swift /Users/chaalpritam/Blockbase/type/type/Features/Editor/FountainTemplate.swift /Users/chaalpritam/Blockbase/type/type/Features/Editor/FountainTextEditor.swift /Users/chaalpritam/Blockbase/type/type/Features/Editor/MinimapView.swift /Users/chaalpritam/Blockbase/type/type/Features/Editor/MultipleCursorsTextEditor.swift /Users/chaalpritam/Blockbase/type/type/Features/Editor/ScreenplayPreview.swift /Users/chaalpritam/Blockbase/type/type/Features/Editor/SmartFormattingManager.swift /Users/chaalpritam/Blockbase/type/type/Features/Editor/SpellCheckTextEditor.swift /Users/chaalpritam/Blockbase/type/type/Features/Editor/TextHistoryManager.swift /Users/chaalpritam/Blockbase/type/type/Features/File/FileCoordinator.swift /Users/chaalpritam/Blockbase/type/type/Features/Outline/OutlineCoordinator.swift /Users/chaalpritam/Blockbase/type/type/Features/Outline/OutlineDatabase.swift /Users/chaalpritam/Blockbase/type/type/Features/Outline/OutlineDetailViews.swift /Users/chaalpritam/Blockbase/type/type/Features/Outline/OutlineViews.swift /Users/chaalpritam/Blockbase/type/type/Features/Scenes/SceneDatabase.swift /Users/chaalpritam/Blockbase/type/type/Features/Scenes/SceneDetailViews.swift /Users/chaalpritam/Blockbase/type/type/Features/Scenes/SceneViews.swift /Users/chaalpritam/Blockbase/type/type/Features/StoryProtocol/StoryProtocolCoordinator.swift /Users/chaalpritam/Blockbase/type/type/Features/StoryProtocol/StoryProtocolViews.swift /Users/chaalpritam/Blockbase/type/type/Features/Timeline/TimelineDatabase.swift /Users/chaalpritam/Blockbase/type/type/Features/Timeline/TimelineViews.swift /Users/chaalpritam/Blockbase/type/type/Features/Welcome/WelcomeView.swift /Users/chaalpritam/Blockbase/type/type/Services/DocumentService.swift /Users/chaalpritam/Blockbase/type/type/Services/FileManagementService.swift /Users/chaalpritam/Blockbase/type/type/Services/FileManager.swift /Users/chaalpritam/Blockbase/type/type/Services/SettingsService.swift /Users/chaalpritam/Blockbase/type/type/Services/StatisticsService.swift /Users/chaalpritam/Blockbase/type/type/Services/StoryProtocolService.swift /Users/chaalpritam/Blockbase/type/type/Shared/ModalLayout.swift /Users/chaalpritam/Blockbase/type/type/UI/EnhancedAppleComponents.swift /Users/chaalpritam/Blockbase/type/type/UI/ModularAppView.swift /Users/chaalpritam/Blockbase/type/type/UI/TemplateSelectorView.swift /Users/chaalpritam/Blockbase/type/type/UI/TypeStyleAppView.swift /Users/chaalpritam/Blockbase/type/type/UI/TypeStyleComponents.swift /Users/chaalpritam/Blockbase/type/type/UI/TypeStyleTheme.swift /Users/chaalpritam/Blockbase/type/type/Utils/KeyboardShortcutsManager.swift /Users/chaalpritam/Blockbase/type/type/SceneEditViews.swift /Users/chaalpritam/Blockbase/type/type/typeApp.swift /Users/chaalpritam/Library/Developer/Xcode/DerivedData/type-aackdwwuwxayolgleuusgbwkkpsp/Build/Intermediates.noindex/type.build/Debug/type.build/DerivedSources/GeneratedAssetSymbols.swift -supplementary-output-file-map /Users/chaalpritam/Library/Developer/Xcode/DerivedData/type-aackdwwuwxayolgleuusgbwkkpsp/Build/Intermediates.noindex/type.build/Debug/type.build/Objects-normal/x86_64/supplementaryOutputs-2 -emit-localized-strings -emit-localized-strings-path /Users/chaalpritam/Library/Developer/Xcode/DerivedData/type-aackdwwuwxayolgleuusgbwkkpsp/Build/Intermediates.noindex/type.build/Debug/type.build/Objects-normal/x86_64 -target x86_64-apple-macos15.0 -enable-objc-interop -stack-check -sdk /Applications/Xcode.app/Contents/Developer/Platforms/MacOSX.platform/Developer/SDKs/MacOSX15.1.sdk -I /Users/chaalpritam/Library/Developer/Xcode/DerivedData/type-aackdwwuwxayolgleuusgbwkkpsp/Build/Products/Debug -F /Users/chaalpritam/Library/Developer/Xcode/DerivedData/type-aackdwwuwxayolgleuusgbwkkpsp/Build/Products/Debug -no-color-diagnostics -enable-testing -g -debug-info-format\=dwarf -dwarf-version\=5 -module-cache-path /Users/chaalpritam/Library/Developer/Xcode/DerivedData/ModuleCache.noindex -profile-generate -profile-coverage-mapping -swift-version 5 -enforce-exclusivity\=checked -Onone -D DEBUG -serialize-debugging-options -const-gather-protocols-file /Users/chaalpritam/Library/Developer/Xcode/DerivedData/type-aackdwwuwxayolgleuusgbwkkpsp/Build/Intermediates.noindex/type.build/Debug/type.build/Objects-normal/x86_64/type_const_extract_protocols.json -enable-experimental-feature DebugDescriptionMacro -enable-experimental-feature OpaqueTypeErasure -enable-bare-slash-regex -empty-abi-descriptor -validate-clang-modules-once -clang-build-session-file /Users/chaalpritam/Library/Developer/Xcode/DerivedData/ModuleCache.noindex/Session.modulevalidation -Xcc -working-directory -Xcc /Users/chaalpritam/Blockbase/type -resource-dir /Applications/Xcode.app/Contents/Developer/Toolchains/XcodeDefault.xctoolchain/usr/lib/swift -enable-anonymous-context-mangled-names -file-compilation-dir /Users/chaalpritam/Blockbase/type -Xcc -D_LIBCPP_HARDENING_MODE\=_LIBCPP_HARDENING_MODE_DEBUG -Xcc -ivfsstatcache -Xcc /Users/chaalpritam/Library/Developer/Xcode/DerivedData/SDKStatCaches.noindex/macosx15.1-24B75-26c8390a7c93c703a57fb2538426748e.sdkstatcache -Xcc -I/Users/chaalpritam/Library/Developer/Xcode/DerivedData/type-aackdwwuwxayolgleuusgbwkkpsp/Build/Intermediates.noindex/type.build/Debug/type.build/swift-overrides.hmap -Xcc -iquote -Xcc /Users/chaalpritam/Library/Developer/Xcode/DerivedData/type-aackdwwuwxayolgleuusgbwkkpsp/Build/Intermediates.noindex/type.build/Debug/type.build/type-generated-files.hmap -Xcc -I/Users/chaalpritam/Library/Developer/Xcode/DerivedData/type-aackdwwuwxayolgleuusgbwkkpsp/Build/Intermediates.noindex/type.build/Debug/type.build/type-own-target-headers.hmap -Xcc -I/Users/chaalpritam/Library/Developer/Xcode/DerivedData/type-aackdwwuwxayolgleuusgbwkkpsp/Build/Intermediates.noindex/type.build/Debug/type.build/type-all-target-headers.hmap -Xcc -iquote -Xcc /Users/chaalpritam/Library/Developer/Xcode/DerivedData/type-aackdwwuwxayolgleuusgbwkkpsp/Build/Intermediates.noindex/type.build/Debug/type.build/type-project-headers.hmap -Xcc -I/Users/chaalpritam/Library/Developer/Xcode/DerivedData/type-aackdwwuwxayolgleuusgbwkkpsp/Build/Products/Debug/include -Xcc -I/Users/chaalpritam/Library/Developer/Xcode/DerivedData/type-aackdwwuwxayolgleuusgbwkkpsp/Build/Intermediates.noindex/type.build/Debug/type.build/DerivedSources-normal/x86_64 -Xcc -I/Users/chaalpritam/Library/Developer/Xcode/DerivedData/type-aackdwwuwxayolgleuusgbwkkpsp/Build/Intermediates.noindex/type.build/Debug/type.build/DerivedSources/x86_64 -Xcc -I/Users/chaalpritam/Library/Developer/Xcode/DerivedData/type-aackdwwuwxayolgleuusgbwkkpsp/Build/Intermediates.noindex/type.build/Debug/type.build/DerivedSources -Xcc -DDEBUG\=1 -module-name type -frontend-parseable-output -disable-clang-spi -target-sdk-version 15.1 -target-sdk-name macosx15.1 -external-plugin-path /Applications/Xcode.app/Contents/Developer/Platforms/MacOSX.platform/Developer/usr/lib/swift/host/plugins\#/Applications/Xcode.app/Contents/Developer/Platforms/MacOSX.platform/Developer/usr/bin/swift-plugin-server -external-plugin-path /Applications/Xcode.app/Contents/Developer/Platforms/MacOSX.platform/Developer/usr/local/lib/swift/host/plugins\#/Applications/Xcode.app/Contents/Developer/Platforms/MacOSX.platform/Developer/usr/bin/swift-plugin-server -plugin-path /Applications/Xcode.app/Contents/Developer/Toolchains/XcodeDefault.xctoolchain/usr/lib/swift/host/plugins -plugin-path /Applications/Xcode.app/Contents/Developer/Toolchains/XcodeDefault.xctoolchain/usr/local/lib/swift/host/plugins -o /Users/chaalpritam/Library/Developer/Xcode/DerivedData/type-aackdwwuwxayolgleuusgbwkkpsp/Build/Intermediates.noindex/type.build/Debug/type.build/Objects-normal/x86_64/CharacterCoordinator.o -o /Users/chaalpritam/Library/Developer/Xcode/DerivedData/type-aackdwwuwxayolgleuusgbwkkpsp/Build/Intermediates.noindex/type.build/Debug/type.build/Objects-normal/x86_64/CharacterDatabase.o -o /Users/chaalpritam/Library/Developer/Xcode/DerivedData/type-aackdwwuwxayolgleuusgbwkkpsp/Build/Intermediates.noindex/type.build/Debug/type.build/Objects-normal/x86_64/CharacterDetailViews.o -o /Users/chaalpritam/Library/Developer/Xcode/DerivedData/type-aackdwwuwxayolgleuusgbwkkpsp/Build/Intermediates.noindex/type.build/Debug/type.build/Objects-normal/x86_64/CharacterDetailViews2.o -o /Users/chaalpritam/Library/Developer/Xcode/DerivedData/type-aackdwwuwxayolgleuusgbwkkpsp/Build/Intermediates.noindex/type.build/Debug/type.build/Objects-normal/x86_64/CharacterEditViews.o -o /Users/chaalpritam/Library/Developer/Xcode/DerivedData/type-aackdwwuwxayolgleuusgbwkkpsp/Build/Intermediates.noindex/type.build/Debug/type.build/Objects-normal/x86_64/CharacterViews.o -o /Users/chaalpritam/Library/Developer/Xcode/DerivedData/type-aackdwwuwxayolgleuusgbwkkpsp/Build/Intermediates.noindex/type.build/Debug/type.build/Objects-normal/x86_64/CollaborationCoordinator.o -index-unit-output-path /type.build/Debug/type.build/Objects-normal/x86_64/CharacterCoordinator.o -index-unit-output-path /type.build/Debug/type.build/Objects-normal/x86_64/CharacterDatabase.o -index-unit-output-path /type.build/Debug/type.build/Objects-normal/x86_64/CharacterDetailViews.o -index-unit-output-path /type.build/Debug/type.build/Objects-normal/x86_64/CharacterDetailViews2.o -index-unit-output-path /type.build/Debug/type.build/Objects-normal/x86_64/CharacterEditViews.o -index-unit-output-path /type.build/Debug/type.build/Objects-normal/x86_64/CharacterViews.o -index-unit-output-path /type.build/Debug/type.build/Objects-normal/x86_64/CollaborationCoordinator.o -index-store-path /Users/chaalpritam/Library/Developer/Xcode/DerivedData/type-aackdwwuwxayolgleuusgbwkkpsp/Index.noindex/DataStore -index-system-modules

SwiftCompile normal x86_64 /Users/chaalpritam/Blockbase/type/type/Features/Characters/CharacterDetailViews.swift (in target 'type' from project 'type')
    cd /Users/chaalpritam/Blockbase/type
    /Applications/Xcode.app/Contents/Developer/Toolchains/XcodeDefault.xctoolchain/usr/bin/swift-frontend -c /Users/chaalpritam/Blockbase/type/type/Core/AppCoordinator.swift /Users/chaalpritam/Blockbase/type/type/Core/ModuleCoordinator.swift /Users/chaalpritam/Blockbase/type/type/Data/CharacterModels.swift /Users/chaalpritam/Blockbase/type/type/Data/OutlineModels.swift /Users/chaalpritam/Blockbase/type/type/Data/SceneModels.swift /Users/chaalpritam/Blockbase/type/type/Data/ScreenplayDocument.swift /Users/chaalpritam/Blockbase/type/type/Data/TimelineModels.swift -primary-file /Users/chaalpritam/Blockbase/type/type/Features/Characters/CharacterCoordinator.swift -primary-file /Users/chaalpritam/Blockbase/type/type/Features/Characters/CharacterDatabase.swift -primary-file /Users/chaalpritam/Blockbase/type/type/Features/Characters/CharacterDetailViews.swift -primary-file /Users/chaalpritam/Blockbase/type/type/Features/Characters/CharacterDetailViews2.swift -primary-file /Users/chaalpritam/Blockbase/type/type/Features/Characters/CharacterEditViews.swift -primary-file /Users/chaalpritam/Blockbase/type/type/Features/Characters/CharacterViews.swift -primary-file /Users/chaalpritam/Blockbase/type/type/Features/Collaboration/CollaborationCoordinator.swift /Users/chaalpritam/Blockbase/type/type/Features/Collaboration/CollaborationManager.swift /Users/chaalpritam/Blockbase/type/type/Features/Collaboration/CollaborationViews.swift /Users/chaalpritam/Blockbase/type/type/Features/Editor/AdvancedEditorFeatures.swift /Users/chaalpritam/Blockbase/type/type/Features/Editor/AutoCompletionManager.swift /Users/chaalpritam/Blockbase/type/type/Features/Editor/CodeFoldingManager.swift /Users/chaalpritam/Blockbase/type/type/Features/Editor/EditorCoordinator.swift /Users/chaalpritam/Blockbase/type/type/Features/Editor/EnhancedFountainTextEditor.swift /Users/chaalpritam/Blockbase/type/type/Features/Editor/FindReplaceView.swift /Users/chaalpritam/Blockbase/type/type/Features/Editor/FountainHelpView.swift /Users/chaalpritam/Blockbase/type/type/Features/Editor/FountainParser.swift /Users/chaalpritam/Blockbase/type/type/Features/Editor/FountainSyntaxHighlighter.swift /Users/chaalpritam/Blockbase/type/type/Features/Editor/FountainTemplate.swift /Users/chaalpritam/Blockbase/type/type/Features/Editor/FountainTextEditor.swift /Users/chaalpritam/Blockbase/type/type/Features/Editor/MinimapView.swift /Users/chaalpritam/Blockbase/type/type/Features/Editor/MultipleCursorsTextEditor.swift /Users/chaalpritam/Blockbase/type/type/Features/Editor/ScreenplayPreview.swift /Users/chaalpritam/Blockbase/type/type/Features/Editor/SmartFormattingManager.swift /Users/chaalpritam/Blockbase/type/type/Features/Editor/SpellCheckTextEditor.swift /Users/chaalpritam/Blockbase/type/type/Features/Editor/TextHistoryManager.swift /Users/chaalpritam/Blockbase/type/type/Features/File/FileCoordinator.swift /Users/chaalpritam/Blockbase/type/type/Features/Outline/OutlineCoordinator.swift /Users/chaalpritam/Blockbase/type/type/Features/Outline/OutlineDatabase.swift /Users/chaalpritam/Blockbase/type/type/Features/Outline/OutlineDetailViews.swift /Users/chaalpritam/Blockbase/type/type/Features/Outline/OutlineViews.swift /Users/chaalpritam/Blockbase/type/type/Features/Scenes/SceneDatabase.swift /Users/chaalpritam/Blockbase/type/type/Features/Scenes/SceneDetailViews.swift /Users/chaalpritam/Blockbase/type/type/Features/Scenes/SceneViews.swift /Users/chaalpritam/Blockbase/type/type/Features/StoryProtocol/StoryProtocolCoordinator.swift /Users/chaalpritam/Blockbase/type/type/Features/StoryProtocol/StoryProtocolViews.swift /Users/chaalpritam/Blockbase/type/type/Features/Timeline/TimelineDatabase.swift /Users/chaalpritam/Blockbase/type/type/Features/Timeline/TimelineViews.swift /Users/chaalpritam/Blockbase/type/type/Features/Welcome/WelcomeView.swift /Users/chaalpritam/Blockbase/type/type/Services/DocumentService.swift /Users/chaalpritam/Blockbase/type/type/Services/FileManagementService.swift /Users/chaalpritam/Blockbase/type/type/Services/FileManager.swift /Users/chaalpritam/Blockbase/type/type/Services/SettingsService.swift /Users/chaalpritam/Blockbase/type/type/Services/StatisticsService.swift /Users/chaalpritam/Blockbase/type/type/Services/StoryProtocolService.swift /Users/chaalpritam/Blockbase/type/type/Shared/ModalLayout.swift /Users/chaalpritam/Blockbase/type/type/UI/EnhancedAppleComponents.swift /Users/chaalpritam/Blockbase/type/type/UI/ModularAppView.swift /Users/chaalpritam/Blockbase/type/type/UI/TemplateSelectorView.swift /Users/chaalpritam/Blockbase/type/type/UI/TypeStyleAppView.swift /Users/chaalpritam/Blockbase/type/type/UI/TypeStyleComponents.swift /Users/chaalpritam/Blockbase/type/type/UI/TypeStyleTheme.swift /Users/chaalpritam/Blockbase/type/type/Utils/KeyboardShortcutsManager.swift /Users/chaalpritam/Blockbase/type/type/SceneEditViews.swift /Users/chaalpritam/Blockbase/type/type/typeApp.swift /Users/chaalpritam/Library/Developer/Xcode/DerivedData/type-aackdwwuwxayolgleuusgbwkkpsp/Build/Intermediates.noindex/type.build/Debug/type.build/DerivedSources/GeneratedAssetSymbols.swift -supplementary-output-file-map /Users/chaalpritam/Library/Developer/Xcode/DerivedData/type-aackdwwuwxayolgleuusgbwkkpsp/Build/Intermediates.noindex/type.build/Debug/type.build/Objects-normal/x86_64/supplementaryOutputs-2 -emit-localized-strings -emit-localized-strings-path /Users/chaalpritam/Library/Developer/Xcode/DerivedData/type-aackdwwuwxayolgleuusgbwkkpsp/Build/Intermediates.noindex/type.build/Debug/type.build/Objects-normal/x86_64 -target x86_64-apple-macos15.0 -enable-objc-interop -stack-check -sdk /Applications/Xcode.app/Contents/Developer/Platforms/MacOSX.platform/Developer/SDKs/MacOSX15.1.sdk -I /Users/chaalpritam/Library/Developer/Xcode/DerivedData/type-aackdwwuwxayolgleuusgbwkkpsp/Build/Products/Debug -F /Users/chaalpritam/Library/Developer/Xcode/DerivedData/type-aackdwwuwxayolgleuusgbwkkpsp/Build/Products/Debug -no-color-diagnostics -enable-testing -g -debug-info-format\=dwarf -dwarf-version\=5 -module-cache-path /Users/chaalpritam/Library/Developer/Xcode/DerivedData/ModuleCache.noindex -profile-generate -profile-coverage-mapping -swift-version 5 -enforce-exclusivity\=checked -Onone -D DEBUG -serialize-debugging-options -const-gather-protocols-file /Users/chaalpritam/Library/Developer/Xcode/DerivedData/type-aackdwwuwxayolgleuusgbwkkpsp/Build/Intermediates.noindex/type.build/Debug/type.build/Objects-normal/x86_64/type_const_extract_protocols.json -enable-experimental-feature DebugDescriptionMacro -enable-experimental-feature OpaqueTypeErasure -enable-bare-slash-regex -empty-abi-descriptor -validate-clang-modules-once -clang-build-session-file /Users/chaalpritam/Library/Developer/Xcode/DerivedData/ModuleCache.noindex/Session.modulevalidation -Xcc -working-directory -Xcc /Users/chaalpritam/Blockbase/type -resource-dir /Applications/Xcode.app/Contents/Developer/Toolchains/XcodeDefault.xctoolchain/usr/lib/swift -enable-anonymous-context-mangled-names -file-compilation-dir /Users/chaalpritam/Blockbase/type -Xcc -D_LIBCPP_HARDENING_MODE\=_LIBCPP_HARDENING_MODE_DEBUG -Xcc -ivfsstatcache -Xcc /Users/chaalpritam/Library/Developer/Xcode/DerivedData/SDKStatCaches.noindex/macosx15.1-24B75-26c8390a7c93c703a57fb2538426748e.sdkstatcache -Xcc -I/Users/chaalpritam/Library/Developer/Xcode/DerivedData/type-aackdwwuwxayolgleuusgbwkkpsp/Build/Intermediates.noindex/type.build/Debug/type.build/swift-overrides.hmap -Xcc -iquote -Xcc /Users/chaalpritam/Library/Developer/Xcode/DerivedData/type-aackdwwuwxayolgleuusgbwkkpsp/Build/Intermediates.noindex/type.build/Debug/type.build/type-generated-files.hmap -Xcc -I/Users/chaalpritam/Library/Developer/Xcode/DerivedData/type-aackdwwuwxayolgleuusgbwkkpsp/Build/Intermediates.noindex/type.build/Debug/type.build/type-own-target-headers.hmap -Xcc -I/Users/chaalpritam/Library/Developer/Xcode/DerivedData/type-aackdwwuwxayolgleuusgbwkkpsp/Build/Intermediates.noindex/type.build/Debug/type.build/type-all-target-headers.hmap -Xcc -iquote -Xcc /Users/chaalpritam/Library/Developer/Xcode/DerivedData/type-aackdwwuwxayolgleuusgbwkkpsp/Build/Intermediates.noindex/type.build/Debug/type.build/type-project-headers.hmap -Xcc -I/Users/chaalpritam/Library/Developer/Xcode/DerivedData/type-aackdwwuwxayolgleuusgbwkkpsp/Build/Products/Debug/include -Xcc -I/Users/chaalpritam/Library/Developer/Xcode/DerivedData/type-aackdwwuwxayolgleuusgbwkkpsp/Build/Intermediates.noindex/type.build/Debug/type.build/DerivedSources-normal/x86_64 -Xcc -I/Users/chaalpritam/Library/Developer/Xcode/DerivedData/type-aackdwwuwxayolgleuusgbwkkpsp/Build/Intermediates.noindex/type.build/Debug/type.build/DerivedSources/x86_64 -Xcc -I/Users/chaalpritam/Library/Developer/Xcode/DerivedData/type-aackdwwuwxayolgleuusgbwkkpsp/Build/Intermediates.noindex/type.build/Debug/type.build/DerivedSources -Xcc -DDEBUG\=1 -module-name type -frontend-parseable-output -disable-clang-spi -target-sdk-version 15.1 -target-sdk-name macosx15.1 -external-plugin-path /Applications/Xcode.app/Contents/Developer/Platforms/MacOSX.platform/Developer/usr/lib/swift/host/plugins\#/Applications/Xcode.app/Contents/Developer/Platforms/MacOSX.platform/Developer/usr/bin/swift-plugin-server -external-plugin-path /Applications/Xcode.app/Contents/Developer/Platforms/MacOSX.platform/Developer/usr/local/lib/swift/host/plugins\#/Applications/Xcode.app/Contents/Developer/Platforms/MacOSX.platform/Developer/usr/bin/swift-plugin-server -plugin-path /Applications/Xcode.app/Contents/Developer/Toolchains/XcodeDefault.xctoolchain/usr/lib/swift/host/plugins -plugin-path /Applications/Xcode.app/Contents/Developer/Toolchains/XcodeDefault.xctoolchain/usr/local/lib/swift/host/plugins -o /Users/chaalpritam/Library/Developer/Xcode/DerivedData/type-aackdwwuwxayolgleuusgbwkkpsp/Build/Intermediates.noindex/type.build/Debug/type.build/Objects-normal/x86_64/CharacterCoordinator.o -o /Users/chaalpritam/Library/Developer/Xcode/DerivedData/type-aackdwwuwxayolgleuusgbwkkpsp/Build/Intermediates.noindex/type.build/Debug/type.build/Objects-normal/x86_64/CharacterDatabase.o -o /Users/chaalpritam/Library/Developer/Xcode/DerivedData/type-aackdwwuwxayolgleuusgbwkkpsp/Build/Intermediates.noindex/type.build/Debug/type.build/Objects-normal/x86_64/CharacterDetailViews.o -o /Users/chaalpritam/Library/Developer/Xcode/DerivedData/type-aackdwwuwxayolgleuusgbwkkpsp/Build/Intermediates.noindex/type.build/Debug/type.build/Objects-normal/x86_64/CharacterDetailViews2.o -o /Users/chaalpritam/Library/Developer/Xcode/DerivedData/type-aackdwwuwxayolgleuusgbwkkpsp/Build/Intermediates.noindex/type.build/Debug/type.build/Objects-normal/x86_64/CharacterEditViews.o -o /Users/chaalpritam/Library/Developer/Xcode/DerivedData/type-aackdwwuwxayolgleuusgbwkkpsp/Build/Intermediates.noindex/type.build/Debug/type.build/Objects-normal/x86_64/CharacterViews.o -o /Users/chaalpritam/Library/Developer/Xcode/DerivedData/type-aackdwwuwxayolgleuusgbwkkpsp/Build/Intermediates.noindex/type.build/Debug/type.build/Objects-normal/x86_64/CollaborationCoordinator.o -index-unit-output-path /type.build/Debug/type.build/Objects-normal/x86_64/CharacterCoordinator.o -index-unit-output-path /type.build/Debug/type.build/Objects-normal/x86_64/CharacterDatabase.o -index-unit-output-path /type.build/Debug/type.build/Objects-normal/x86_64/CharacterDetailViews.o -index-unit-output-path /type.build/Debug/type.build/Objects-normal/x86_64/CharacterDetailViews2.o -index-unit-output-path /type.build/Debug/type.build/Objects-normal/x86_64/CharacterEditViews.o -index-unit-output-path /type.build/Debug/type.build/Objects-normal/x86_64/CharacterViews.o -index-unit-output-path /type.build/Debug/type.build/Objects-normal/x86_64/CollaborationCoordinator.o -index-store-path /Users/chaalpritam/Library/Developer/Xcode/DerivedData/type-aackdwwuwxayolgleuusgbwkkpsp/Index.noindex/DataStore -index-system-modules

SwiftCompile normal x86_64 /Users/chaalpritam/Blockbase/type/type/Features/Characters/CharacterDetailViews2.swift (in target 'type' from project 'type')
    cd /Users/chaalpritam/Blockbase/type
    /Applications/Xcode.app/Contents/Developer/Toolchains/XcodeDefault.xctoolchain/usr/bin/swift-frontend -c /Users/chaalpritam/Blockbase/type/type/Core/AppCoordinator.swift /Users/chaalpritam/Blockbase/type/type/Core/ModuleCoordinator.swift /Users/chaalpritam/Blockbase/type/type/Data/CharacterModels.swift /Users/chaalpritam/Blockbase/type/type/Data/OutlineModels.swift /Users/chaalpritam/Blockbase/type/type/Data/SceneModels.swift /Users/chaalpritam/Blockbase/type/type/Data/ScreenplayDocument.swift /Users/chaalpritam/Blockbase/type/type/Data/TimelineModels.swift -primary-file /Users/chaalpritam/Blockbase/type/type/Features/Characters/CharacterCoordinator.swift -primary-file /Users/chaalpritam/Blockbase/type/type/Features/Characters/CharacterDatabase.swift -primary-file /Users/chaalpritam/Blockbase/type/type/Features/Characters/CharacterDetailViews.swift -primary-file /Users/chaalpritam/Blockbase/type/type/Features/Characters/CharacterDetailViews2.swift -primary-file /Users/chaalpritam/Blockbase/type/type/Features/Characters/CharacterEditViews.swift -primary-file /Users/chaalpritam/Blockbase/type/type/Features/Characters/CharacterViews.swift -primary-file /Users/chaalpritam/Blockbase/type/type/Features/Collaboration/CollaborationCoordinator.swift /Users/chaalpritam/Blockbase/type/type/Features/Collaboration/CollaborationManager.swift /Users/chaalpritam/Blockbase/type/type/Features/Collaboration/CollaborationViews.swift /Users/chaalpritam/Blockbase/type/type/Features/Editor/AdvancedEditorFeatures.swift /Users/chaalpritam/Blockbase/type/type/Features/Editor/AutoCompletionManager.swift /Users/chaalpritam/Blockbase/type/type/Features/Editor/CodeFoldingManager.swift /Users/chaalpritam/Blockbase/type/type/Features/Editor/EditorCoordinator.swift /Users/chaalpritam/Blockbase/type/type/Features/Editor/EnhancedFountainTextEditor.swift /Users/chaalpritam/Blockbase/type/type/Features/Editor/FindReplaceView.swift /Users/chaalpritam/Blockbase/type/type/Features/Editor/FountainHelpView.swift /Users/chaalpritam/Blockbase/type/type/Features/Editor/FountainParser.swift /Users/chaalpritam/Blockbase/type/type/Features/Editor/FountainSyntaxHighlighter.swift /Users/chaalpritam/Blockbase/type/type/Features/Editor/FountainTemplate.swift /Users/chaalpritam/Blockbase/type/type/Features/Editor/FountainTextEditor.swift /Users/chaalpritam/Blockbase/type/type/Features/Editor/MinimapView.swift /Users/chaalpritam/Blockbase/type/type/Features/Editor/MultipleCursorsTextEditor.swift /Users/chaalpritam/Blockbase/type/type/Features/Editor/ScreenplayPreview.swift /Users/chaalpritam/Blockbase/type/type/Features/Editor/SmartFormattingManager.swift /Users/chaalpritam/Blockbase/type/type/Features/Editor/SpellCheckTextEditor.swift /Users/chaalpritam/Blockbase/type/type/Features/Editor/TextHistoryManager.swift /Users/chaalpritam/Blockbase/type/type/Features/File/FileCoordinator.swift /Users/chaalpritam/Blockbase/type/type/Features/Outline/OutlineCoordinator.swift /Users/chaalpritam/Blockbase/type/type/Features/Outline/OutlineDatabase.swift /Users/chaalpritam/Blockbase/type/type/Features/Outline/OutlineDetailViews.swift /Users/chaalpritam/Blockbase/type/type/Features/Outline/OutlineViews.swift /Users/chaalpritam/Blockbase/type/type/Features/Scenes/SceneDatabase.swift /Users/chaalpritam/Blockbase/type/type/Features/Scenes/SceneDetailViews.swift /Users/chaalpritam/Blockbase/type/type/Features/Scenes/SceneViews.swift /Users/chaalpritam/Blockbase/type/type/Features/StoryProtocol/StoryProtocolCoordinator.swift /Users/chaalpritam/Blockbase/type/type/Features/StoryProtocol/StoryProtocolViews.swift /Users/chaalpritam/Blockbase/type/type/Features/Timeline/TimelineDatabase.swift /Users/chaalpritam/Blockbase/type/type/Features/Timeline/TimelineViews.swift /Users/chaalpritam/Blockbase/type/type/Features/Welcome/WelcomeView.swift /Users/chaalpritam/Blockbase/type/type/Services/DocumentService.swift /Users/chaalpritam/Blockbase/type/type/Services/FileManagementService.swift /Users/chaalpritam/Blockbase/type/type/Services/FileManager.swift /Users/chaalpritam/Blockbase/type/type/Services/SettingsService.swift /Users/chaalpritam/Blockbase/type/type/Services/StatisticsService.swift /Users/chaalpritam/Blockbase/type/type/Services/StoryProtocolService.swift /Users/chaalpritam/Blockbase/type/type/Shared/ModalLayout.swift /Users/chaalpritam/Blockbase/type/type/UI/EnhancedAppleComponents.swift /Users/chaalpritam/Blockbase/type/type/UI/ModularAppView.swift /Users/chaalpritam/Blockbase/type/type/UI/TemplateSelectorView.swift /Users/chaalpritam/Blockbase/type/type/UI/TypeStyleAppView.swift /Users/chaalpritam/Blockbase/type/type/UI/TypeStyleComponents.swift /Users/chaalpritam/Blockbase/type/type/UI/TypeStyleTheme.swift /Users/chaalpritam/Blockbase/type/type/Utils/KeyboardShortcutsManager.swift /Users/chaalpritam/Blockbase/type/type/SceneEditViews.swift /Users/chaalpritam/Blockbase/type/type/typeApp.swift /Users/chaalpritam/Library/Developer/Xcode/DerivedData/type-aackdwwuwxayolgleuusgbwkkpsp/Build/Intermediates.noindex/type.build/Debug/type.build/DerivedSources/GeneratedAssetSymbols.swift -supplementary-output-file-map /Users/chaalpritam/Library/Developer/Xcode/DerivedData/type-aackdwwuwxayolgleuusgbwkkpsp/Build/Intermediates.noindex/type.build/Debug/type.build/Objects-normal/x86_64/supplementaryOutputs-2 -emit-localized-strings -emit-localized-strings-path /Users/chaalpritam/Library/Developer/Xcode/DerivedData/type-aackdwwuwxayolgleuusgbwkkpsp/Build/Intermediates.noindex/type.build/Debug/type.build/Objects-normal/x86_64 -target x86_64-apple-macos15.0 -enable-objc-interop -stack-check -sdk /Applications/Xcode.app/Contents/Developer/Platforms/MacOSX.platform/Developer/SDKs/MacOSX15.1.sdk -I /Users/chaalpritam/Library/Developer/Xcode/DerivedData/type-aackdwwuwxayolgleuusgbwkkpsp/Build/Products/Debug -F /Users/chaalpritam/Library/Developer/Xcode/DerivedData/type-aackdwwuwxayolgleuusgbwkkpsp/Build/Products/Debug -no-color-diagnostics -enable-testing -g -debug-info-format\=dwarf -dwarf-version\=5 -module-cache-path /Users/chaalpritam/Library/Developer/Xcode/DerivedData/ModuleCache.noindex -profile-generate -profile-coverage-mapping -swift-version 5 -enforce-exclusivity\=checked -Onone -D DEBUG -serialize-debugging-options -const-gather-protocols-file /Users/chaalpritam/Library/Developer/Xcode/DerivedData/type-aackdwwuwxayolgleuusgbwkkpsp/Build/Intermediates.noindex/type.build/Debug/type.build/Objects-normal/x86_64/type_const_extract_protocols.json -enable-experimental-feature DebugDescriptionMacro -enable-experimental-feature OpaqueTypeErasure -enable-bare-slash-regex -empty-abi-descriptor -validate-clang-modules-once -clang-build-session-file /Users/chaalpritam/Library/Developer/Xcode/DerivedData/ModuleCache.noindex/Session.modulevalidation -Xcc -working-directory -Xcc /Users/chaalpritam/Blockbase/type -resource-dir /Applications/Xcode.app/Contents/Developer/Toolchains/XcodeDefault.xctoolchain/usr/lib/swift -enable-anonymous-context-mangled-names -file-compilation-dir /Users/chaalpritam/Blockbase/type -Xcc -D_LIBCPP_HARDENING_MODE\=_LIBCPP_HARDENING_MODE_DEBUG -Xcc -ivfsstatcache -Xcc /Users/chaalpritam/Library/Developer/Xcode/DerivedData/SDKStatCaches.noindex/macosx15.1-24B75-26c8390a7c93c703a57fb2538426748e.sdkstatcache -Xcc -I/Users/chaalpritam/Library/Developer/Xcode/DerivedData/type-aackdwwuwxayolgleuusgbwkkpsp/Build/Intermediates.noindex/type.build/Debug/type.build/swift-overrides.hmap -Xcc -iquote -Xcc /Users/chaalpritam/Library/Developer/Xcode/DerivedData/type-aackdwwuwxayolgleuusgbwkkpsp/Build/Intermediates.noindex/type.build/Debug/type.build/type-generated-files.hmap -Xcc -I/Users/chaalpritam/Library/Developer/Xcode/DerivedData/type-aackdwwuwxayolgleuusgbwkkpsp/Build/Intermediates.noindex/type.build/Debug/type.build/type-own-target-headers.hmap -Xcc -I/Users/chaalpritam/Library/Developer/Xcode/DerivedData/type-aackdwwuwxayolgleuusgbwkkpsp/Build/Intermediates.noindex/type.build/Debug/type.build/type-all-target-headers.hmap -Xcc -iquote -Xcc /Users/chaalpritam/Library/Developer/Xcode/DerivedData/type-aackdwwuwxayolgleuusgbwkkpsp/Build/Intermediates.noindex/type.build/Debug/type.build/type-project-headers.hmap -Xcc -I/Users/chaalpritam/Library/Developer/Xcode/DerivedData/type-aackdwwuwxayolgleuusgbwkkpsp/Build/Products/Debug/include -Xcc -I/Users/chaalpritam/Library/Developer/Xcode/DerivedData/type-aackdwwuwxayolgleuusgbwkkpsp/Build/Intermediates.noindex/type.build/Debug/type.build/DerivedSources-normal/x86_64 -Xcc -I/Users/chaalpritam/Library/Developer/Xcode/DerivedData/type-aackdwwuwxayolgleuusgbwkkpsp/Build/Intermediates.noindex/type.build/Debug/type.build/DerivedSources/x86_64 -Xcc -I/Users/chaalpritam/Library/Developer/Xcode/DerivedData/type-aackdwwuwxayolgleuusgbwkkpsp/Build/Intermediates.noindex/type.build/Debug/type.build/DerivedSources -Xcc -DDEBUG\=1 -module-name type -frontend-parseable-output -disable-clang-spi -target-sdk-version 15.1 -target-sdk-name macosx15.1 -external-plugin-path /Applications/Xcode.app/Contents/Developer/Platforms/MacOSX.platform/Developer/usr/lib/swift/host/plugins\#/Applications/Xcode.app/Contents/Developer/Platforms/MacOSX.platform/Developer/usr/bin/swift-plugin-server -external-plugin-path /Applications/Xcode.app/Contents/Developer/Platforms/MacOSX.platform/Developer/usr/local/lib/swift/host/plugins\#/Applications/Xcode.app/Contents/Developer/Platforms/MacOSX.platform/Developer/usr/bin/swift-plugin-server -plugin-path /Applications/Xcode.app/Contents/Developer/Toolchains/XcodeDefault.xctoolchain/usr/lib/swift/host/plugins -plugin-path /Applications/Xcode.app/Contents/Developer/Toolchains/XcodeDefault.xctoolchain/usr/local/lib/swift/host/plugins -o /Users/chaalpritam/Library/Developer/Xcode/DerivedData/type-aackdwwuwxayolgleuusgbwkkpsp/Build/Intermediates.noindex/type.build/Debug/type.build/Objects-normal/x86_64/CharacterCoordinator.o -o /Users/chaalpritam/Library/Developer/Xcode/DerivedData/type-aackdwwuwxayolgleuusgbwkkpsp/Build/Intermediates.noindex/type.build/Debug/type.build/Objects-normal/x86_64/CharacterDatabase.o -o /Users/chaalpritam/Library/Developer/Xcode/DerivedData/type-aackdwwuwxayolgleuusgbwkkpsp/Build/Intermediates.noindex/type.build/Debug/type.build/Objects-normal/x86_64/CharacterDetailViews.o -o /Users/chaalpritam/Library/Developer/Xcode/DerivedData/type-aackdwwuwxayolgleuusgbwkkpsp/Build/Intermediates.noindex/type.build/Debug/type.build/Objects-normal/x86_64/CharacterDetailViews2.o -o /Users/chaalpritam/Library/Developer/Xcode/DerivedData/type-aackdwwuwxayolgleuusgbwkkpsp/Build/Intermediates.noindex/type.build/Debug/type.build/Objects-normal/x86_64/CharacterEditViews.o -o /Users/chaalpritam/Library/Developer/Xcode/DerivedData/type-aackdwwuwxayolgleuusgbwkkpsp/Build/Intermediates.noindex/type.build/Debug/type.build/Objects-normal/x86_64/CharacterViews.o -o /Users/chaalpritam/Library/Developer/Xcode/DerivedData/type-aackdwwuwxayolgleuusgbwkkpsp/Build/Intermediates.noindex/type.build/Debug/type.build/Objects-normal/x86_64/CollaborationCoordinator.o -index-unit-output-path /type.build/Debug/type.build/Objects-normal/x86_64/CharacterCoordinator.o -index-unit-output-path /type.build/Debug/type.build/Objects-normal/x86_64/CharacterDatabase.o -index-unit-output-path /type.build/Debug/type.build/Objects-normal/x86_64/CharacterDetailViews.o -index-unit-output-path /type.build/Debug/type.build/Objects-normal/x86_64/CharacterDetailViews2.o -index-unit-output-path /type.build/Debug/type.build/Objects-normal/x86_64/CharacterEditViews.o -index-unit-output-path /type.build/Debug/type.build/Objects-normal/x86_64/CharacterViews.o -index-unit-output-path /type.build/Debug/type.build/Objects-normal/x86_64/CollaborationCoordinator.o -index-store-path /Users/chaalpritam/Library/Developer/Xcode/DerivedData/type-aackdwwuwxayolgleuusgbwkkpsp/Index.noindex/DataStore -index-system-modules

SwiftCompile normal x86_64 /Users/chaalpritam/Blockbase/type/type/Features/Characters/CharacterEditViews.swift (in target 'type' from project 'type')
    cd /Users/chaalpritam/Blockbase/type
    /Applications/Xcode.app/Contents/Developer/Toolchains/XcodeDefault.xctoolchain/usr/bin/swift-frontend -c /Users/chaalpritam/Blockbase/type/type/Core/AppCoordinator.swift /Users/chaalpritam/Blockbase/type/type/Core/ModuleCoordinator.swift /Users/chaalpritam/Blockbase/type/type/Data/CharacterModels.swift /Users/chaalpritam/Blockbase/type/type/Data/OutlineModels.swift /Users/chaalpritam/Blockbase/type/type/Data/SceneModels.swift /Users/chaalpritam/Blockbase/type/type/Data/ScreenplayDocument.swift /Users/chaalpritam/Blockbase/type/type/Data/TimelineModels.swift -primary-file /Users/chaalpritam/Blockbase/type/type/Features/Characters/CharacterCoordinator.swift -primary-file /Users/chaalpritam/Blockbase/type/type/Features/Characters/CharacterDatabase.swift -primary-file /Users/chaalpritam/Blockbase/type/type/Features/Characters/CharacterDetailViews.swift -primary-file /Users/chaalpritam/Blockbase/type/type/Features/Characters/CharacterDetailViews2.swift -primary-file /Users/chaalpritam/Blockbase/type/type/Features/Characters/CharacterEditViews.swift -primary-file /Users/chaalpritam/Blockbase/type/type/Features/Characters/CharacterViews.swift -primary-file /Users/chaalpritam/Blockbase/type/type/Features/Collaboration/CollaborationCoordinator.swift /Users/chaalpritam/Blockbase/type/type/Features/Collaboration/CollaborationManager.swift /Users/chaalpritam/Blockbase/type/type/Features/Collaboration/CollaborationViews.swift /Users/chaalpritam/Blockbase/type/type/Features/Editor/AdvancedEditorFeatures.swift /Users/chaalpritam/Blockbase/type/type/Features/Editor/AutoCompletionManager.swift /Users/chaalpritam/Blockbase/type/type/Features/Editor/CodeFoldingManager.swift /Users/chaalpritam/Blockbase/type/type/Features/Editor/EditorCoordinator.swift /Users/chaalpritam/Blockbase/type/type/Features/Editor/EnhancedFountainTextEditor.swift /Users/chaalpritam/Blockbase/type/type/Features/Editor/FindReplaceView.swift /Users/chaalpritam/Blockbase/type/type/Features/Editor/FountainHelpView.swift /Users/chaalpritam/Blockbase/type/type/Features/Editor/FountainParser.swift /Users/chaalpritam/Blockbase/type/type/Features/Editor/FountainSyntaxHighlighter.swift /Users/chaalpritam/Blockbase/type/type/Features/Editor/FountainTemplate.swift /Users/chaalpritam/Blockbase/type/type/Features/Editor/FountainTextEditor.swift /Users/chaalpritam/Blockbase/type/type/Features/Editor/MinimapView.swift /Users/chaalpritam/Blockbase/type/type/Features/Editor/MultipleCursorsTextEditor.swift /Users/chaalpritam/Blockbase/type/type/Features/Editor/ScreenplayPreview.swift /Users/chaalpritam/Blockbase/type/type/Features/Editor/SmartFormattingManager.swift /Users/chaalpritam/Blockbase/type/type/Features/Editor/SpellCheckTextEditor.swift /Users/chaalpritam/Blockbase/type/type/Features/Editor/TextHistoryManager.swift /Users/chaalpritam/Blockbase/type/type/Features/File/FileCoordinator.swift /Users/chaalpritam/Blockbase/type/type/Features/Outline/OutlineCoordinator.swift /Users/chaalpritam/Blockbase/type/type/Features/Outline/OutlineDatabase.swift /Users/chaalpritam/Blockbase/type/type/Features/Outline/OutlineDetailViews.swift /Users/chaalpritam/Blockbase/type/type/Features/Outline/OutlineViews.swift /Users/chaalpritam/Blockbase/type/type/Features/Scenes/SceneDatabase.swift /Users/chaalpritam/Blockbase/type/type/Features/Scenes/SceneDetailViews.swift /Users/chaalpritam/Blockbase/type/type/Features/Scenes/SceneViews.swift /Users/chaalpritam/Blockbase/type/type/Features/StoryProtocol/StoryProtocolCoordinator.swift /Users/chaalpritam/Blockbase/type/type/Features/StoryProtocol/StoryProtocolViews.swift /Users/chaalpritam/Blockbase/type/type/Features/Timeline/TimelineDatabase.swift /Users/chaalpritam/Blockbase/type/type/Features/Timeline/TimelineViews.swift /Users/chaalpritam/Blockbase/type/type/Features/Welcome/WelcomeView.swift /Users/chaalpritam/Blockbase/type/type/Services/DocumentService.swift /Users/chaalpritam/Blockbase/type/type/Services/FileManagementService.swift /Users/chaalpritam/Blockbase/type/type/Services/FileManager.swift /Users/chaalpritam/Blockbase/type/type/Services/SettingsService.swift /Users/chaalpritam/Blockbase/type/type/Services/StatisticsService.swift /Users/chaalpritam/Blockbase/type/type/Services/StoryProtocolService.swift /Users/chaalpritam/Blockbase/type/type/Shared/ModalLayout.swift /Users/chaalpritam/Blockbase/type/type/UI/EnhancedAppleComponents.swift /Users/chaalpritam/Blockbase/type/type/UI/ModularAppView.swift /Users/chaalpritam/Blockbase/type/type/UI/TemplateSelectorView.swift /Users/chaalpritam/Blockbase/type/type/UI/TypeStyleAppView.swift /Users/chaalpritam/Blockbase/type/type/UI/TypeStyleComponents.swift /Users/chaalpritam/Blockbase/type/type/UI/TypeStyleTheme.swift /Users/chaalpritam/Blockbase/type/type/Utils/KeyboardShortcutsManager.swift /Users/chaalpritam/Blockbase/type/type/SceneEditViews.swift /Users/chaalpritam/Blockbase/type/type/typeApp.swift /Users/chaalpritam/Library/Developer/Xcode/DerivedData/type-aackdwwuwxayolgleuusgbwkkpsp/Build/Intermediates.noindex/type.build/Debug/type.build/DerivedSources/GeneratedAssetSymbols.swift -supplementary-output-file-map /Users/chaalpritam/Library/Developer/Xcode/DerivedData/type-aackdwwuwxayolgleuusgbwkkpsp/Build/Intermediates.noindex/type.build/Debug/type.build/Objects-normal/x86_64/supplementaryOutputs-2 -emit-localized-strings -emit-localized-strings-path /Users/chaalpritam/Library/Developer/Xcode/DerivedData/type-aackdwwuwxayolgleuusgbwkkpsp/Build/Intermediates.noindex/type.build/Debug/type.build/Objects-normal/x86_64 -target x86_64-apple-macos15.0 -enable-objc-interop -stack-check -sdk /Applications/Xcode.app/Contents/Developer/Platforms/MacOSX.platform/Developer/SDKs/MacOSX15.1.sdk -I /Users/chaalpritam/Library/Developer/Xcode/DerivedData/type-aackdwwuwxayolgleuusgbwkkpsp/Build/Products/Debug -F /Users/chaalpritam/Library/Developer/Xcode/DerivedData/type-aackdwwuwxayolgleuusgbwkkpsp/Build/Products/Debug -no-color-diagnostics -enable-testing -g -debug-info-format\=dwarf -dwarf-version\=5 -module-cache-path /Users/chaalpritam/Library/Developer/Xcode/DerivedData/ModuleCache.noindex -profile-generate -profile-coverage-mapping -swift-version 5 -enforce-exclusivity\=checked -Onone -D DEBUG -serialize-debugging-options -const-gather-protocols-file /Users/chaalpritam/Library/Developer/Xcode/DerivedData/type-aackdwwuwxayolgleuusgbwkkpsp/Build/Intermediates.noindex/type.build/Debug/type.build/Objects-normal/x86_64/type_const_extract_protocols.json -enable-experimental-feature DebugDescriptionMacro -enable-experimental-feature OpaqueTypeErasure -enable-bare-slash-regex -empty-abi-descriptor -validate-clang-modules-once -clang-build-session-file /Users/chaalpritam/Library/Developer/Xcode/DerivedData/ModuleCache.noindex/Session.modulevalidation -Xcc -working-directory -Xcc /Users/chaalpritam/Blockbase/type -resource-dir /Applications/Xcode.app/Contents/Developer/Toolchains/XcodeDefault.xctoolchain/usr/lib/swift -enable-anonymous-context-mangled-names -file-compilation-dir /Users/chaalpritam/Blockbase/type -Xcc -D_LIBCPP_HARDENING_MODE\=_LIBCPP_HARDENING_MODE_DEBUG -Xcc -ivfsstatcache -Xcc /Users/chaalpritam/Library/Developer/Xcode/DerivedData/SDKStatCaches.noindex/macosx15.1-24B75-26c8390a7c93c703a57fb2538426748e.sdkstatcache -Xcc -I/Users/chaalpritam/Library/Developer/Xcode/DerivedData/type-aackdwwuwxayolgleuusgbwkkpsp/Build/Intermediates.noindex/type.build/Debug/type.build/swift-overrides.hmap -Xcc -iquote -Xcc /Users/chaalpritam/Library/Developer/Xcode/DerivedData/type-aackdwwuwxayolgleuusgbwkkpsp/Build/Intermediates.noindex/type.build/Debug/type.build/type-generated-files.hmap -Xcc -I/Users/chaalpritam/Library/Developer/Xcode/DerivedData/type-aackdwwuwxayolgleuusgbwkkpsp/Build/Intermediates.noindex/type.build/Debug/type.build/type-own-target-headers.hmap -Xcc -I/Users/chaalpritam/Library/Developer/Xcode/DerivedData/type-aackdwwuwxayolgleuusgbwkkpsp/Build/Intermediates.noindex/type.build/Debug/type.build/type-all-target-headers.hmap -Xcc -iquote -Xcc /Users/chaalpritam/Library/Developer/Xcode/DerivedData/type-aackdwwuwxayolgleuusgbwkkpsp/Build/Intermediates.noindex/type.build/Debug/type.build/type-project-headers.hmap -Xcc -I/Users/chaalpritam/Library/Developer/Xcode/DerivedData/type-aackdwwuwxayolgleuusgbwkkpsp/Build/Products/Debug/include -Xcc -I/Users/chaalpritam/Library/Developer/Xcode/DerivedData/type-aackdwwuwxayolgleuusgbwkkpsp/Build/Intermediates.noindex/type.build/Debug/type.build/DerivedSources-normal/x86_64 -Xcc -I/Users/chaalpritam/Library/Developer/Xcode/DerivedData/type-aackdwwuwxayolgleuusgbwkkpsp/Build/Intermediates.noindex/type.build/Debug/type.build/DerivedSources/x86_64 -Xcc -I/Users/chaalpritam/Library/Developer/Xcode/DerivedData/type-aackdwwuwxayolgleuusgbwkkpsp/Build/Intermediates.noindex/type.build/Debug/type.build/DerivedSources -Xcc -DDEBUG\=1 -module-name type -frontend-parseable-output -disable-clang-spi -target-sdk-version 15.1 -target-sdk-name macosx15.1 -external-plugin-path /Applications/Xcode.app/Contents/Developer/Platforms/MacOSX.platform/Developer/usr/lib/swift/host/plugins\#/Applications/Xcode.app/Contents/Developer/Platforms/MacOSX.platform/Developer/usr/bin/swift-plugin-server -external-plugin-path /Applications/Xcode.app/Contents/Developer/Platforms/MacOSX.platform/Developer/usr/local/lib/swift/host/plugins\#/Applications/Xcode.app/Contents/Developer/Platforms/MacOSX.platform/Developer/usr/bin/swift-plugin-server -plugin-path /Applications/Xcode.app/Contents/Developer/Toolchains/XcodeDefault.xctoolchain/usr/lib/swift/host/plugins -plugin-path /Applications/Xcode.app/Contents/Developer/Toolchains/XcodeDefault.xctoolchain/usr/local/lib/swift/host/plugins -o /Users/chaalpritam/Library/Developer/Xcode/DerivedData/type-aackdwwuwxayolgleuusgbwkkpsp/Build/Intermediates.noindex/type.build/Debug/type.build/Objects-normal/x86_64/CharacterCoordinator.o -o /Users/chaalpritam/Library/Developer/Xcode/DerivedData/type-aackdwwuwxayolgleuusgbwkkpsp/Build/Intermediates.noindex/type.build/Debug/type.build/Objects-normal/x86_64/CharacterDatabase.o -o /Users/chaalpritam/Library/Developer/Xcode/DerivedData/type-aackdwwuwxayolgleuusgbwkkpsp/Build/Intermediates.noindex/type.build/Debug/type.build/Objects-normal/x86_64/CharacterDetailViews.o -o /Users/chaalpritam/Library/Developer/Xcode/DerivedData/type-aackdwwuwxayolgleuusgbwkkpsp/Build/Intermediates.noindex/type.build/Debug/type.build/Objects-normal/x86_64/CharacterDetailViews2.o -o /Users/chaalpritam/Library/Developer/Xcode/DerivedData/type-aackdwwuwxayolgleuusgbwkkpsp/Build/Intermediates.noindex/type.build/Debug/type.build/Objects-normal/x86_64/CharacterEditViews.o -o /Users/chaalpritam/Library/Developer/Xcode/DerivedData/type-aackdwwuwxayolgleuusgbwkkpsp/Build/Intermediates.noindex/type.build/Debug/type.build/Objects-normal/x86_64/CharacterViews.o -o /Users/chaalpritam/Library/Developer/Xcode/DerivedData/type-aackdwwuwxayolgleuusgbwkkpsp/Build/Intermediates.noindex/type.build/Debug/type.build/Objects-normal/x86_64/CollaborationCoordinator.o -index-unit-output-path /type.build/Debug/type.build/Objects-normal/x86_64/CharacterCoordinator.o -index-unit-output-path /type.build/Debug/type.build/Objects-normal/x86_64/CharacterDatabase.o -index-unit-output-path /type.build/Debug/type.build/Objects-normal/x86_64/CharacterDetailViews.o -index-unit-output-path /type.build/Debug/type.build/Objects-normal/x86_64/CharacterDetailViews2.o -index-unit-output-path /type.build/Debug/type.build/Objects-normal/x86_64/CharacterEditViews.o -index-unit-output-path /type.build/Debug/type.build/Objects-normal/x86_64/CharacterViews.o -index-unit-output-path /type.build/Debug/type.build/Objects-normal/x86_64/CollaborationCoordinator.o -index-store-path /Users/chaalpritam/Library/Developer/Xcode/DerivedData/type-aackdwwuwxayolgleuusgbwkkpsp/Index.noindex/DataStore -index-system-modules

SwiftCompile normal x86_64 /Users/chaalpritam/Blockbase/type/type/Features/Characters/CharacterViews.swift (in target 'type' from project 'type')
    cd /Users/chaalpritam/Blockbase/type
    /Applications/Xcode.app/Contents/Developer/Toolchains/XcodeDefault.xctoolchain/usr/bin/swift-frontend -c /Users/chaalpritam/Blockbase/type/type/Core/AppCoordinator.swift /Users/chaalpritam/Blockbase/type/type/Core/ModuleCoordinator.swift /Users/chaalpritam/Blockbase/type/type/Data/CharacterModels.swift /Users/chaalpritam/Blockbase/type/type/Data/OutlineModels.swift /Users/chaalpritam/Blockbase/type/type/Data/SceneModels.swift /Users/chaalpritam/Blockbase/type/type/Data/ScreenplayDocument.swift /Users/chaalpritam/Blockbase/type/type/Data/TimelineModels.swift -primary-file /Users/chaalpritam/Blockbase/type/type/Features/Characters/CharacterCoordinator.swift -primary-file /Users/chaalpritam/Blockbase/type/type/Features/Characters/CharacterDatabase.swift -primary-file /Users/chaalpritam/Blockbase/type/type/Features/Characters/CharacterDetailViews.swift -primary-file /Users/chaalpritam/Blockbase/type/type/Features/Characters/CharacterDetailViews2.swift -primary-file /Users/chaalpritam/Blockbase/type/type/Features/Characters/CharacterEditViews.swift -primary-file /Users/chaalpritam/Blockbase/type/type/Features/Characters/CharacterViews.swift -primary-file /Users/chaalpritam/Blockbase/type/type/Features/Collaboration/CollaborationCoordinator.swift /Users/chaalpritam/Blockbase/type/type/Features/Collaboration/CollaborationManager.swift /Users/chaalpritam/Blockbase/type/type/Features/Collaboration/CollaborationViews.swift /Users/chaalpritam/Blockbase/type/type/Features/Editor/AdvancedEditorFeatures.swift /Users/chaalpritam/Blockbase/type/type/Features/Editor/AutoCompletionManager.swift /Users/chaalpritam/Blockbase/type/type/Features/Editor/CodeFoldingManager.swift /Users/chaalpritam/Blockbase/type/type/Features/Editor/EditorCoordinator.swift /Users/chaalpritam/Blockbase/type/type/Features/Editor/EnhancedFountainTextEditor.swift /Users/chaalpritam/Blockbase/type/type/Features/Editor/FindReplaceView.swift /Users/chaalpritam/Blockbase/type/type/Features/Editor/FountainHelpView.swift /Users/chaalpritam/Blockbase/type/type/Features/Editor/FountainParser.swift /Users/chaalpritam/Blockbase/type/type/Features/Editor/FountainSyntaxHighlighter.swift /Users/chaalpritam/Blockbase/type/type/Features/Editor/FountainTemplate.swift /Users/chaalpritam/Blockbase/type/type/Features/Editor/FountainTextEditor.swift /Users/chaalpritam/Blockbase/type/type/Features/Editor/MinimapView.swift /Users/chaalpritam/Blockbase/type/type/Features/Editor/MultipleCursorsTextEditor.swift /Users/chaalpritam/Blockbase/type/type/Features/Editor/ScreenplayPreview.swift /Users/chaalpritam/Blockbase/type/type/Features/Editor/SmartFormattingManager.swift /Users/chaalpritam/Blockbase/type/type/Features/Editor/SpellCheckTextEditor.swift /Users/chaalpritam/Blockbase/type/type/Features/Editor/TextHistoryManager.swift /Users/chaalpritam/Blockbase/type/type/Features/File/FileCoordinator.swift /Users/chaalpritam/Blockbase/type/type/Features/Outline/OutlineCoordinator.swift /Users/chaalpritam/Blockbase/type/type/Features/Outline/OutlineDatabase.swift /Users/chaalpritam/Blockbase/type/type/Features/Outline/OutlineDetailViews.swift /Users/chaalpritam/Blockbase/type/type/Features/Outline/OutlineViews.swift /Users/chaalpritam/Blockbase/type/type/Features/Scenes/SceneDatabase.swift /Users/chaalpritam/Blockbase/type/type/Features/Scenes/SceneDetailViews.swift /Users/chaalpritam/Blockbase/type/type/Features/Scenes/SceneViews.swift /Users/chaalpritam/Blockbase/type/type/Features/StoryProtocol/StoryProtocolCoordinator.swift /Users/chaalpritam/Blockbase/type/type/Features/StoryProtocol/StoryProtocolViews.swift /Users/chaalpritam/Blockbase/type/type/Features/Timeline/TimelineDatabase.swift /Users/chaalpritam/Blockbase/type/type/Features/Timeline/TimelineViews.swift /Users/chaalpritam/Blockbase/type/type/Features/Welcome/WelcomeView.swift /Users/chaalpritam/Blockbase/type/type/Services/DocumentService.swift /Users/chaalpritam/Blockbase/type/type/Services/FileManagementService.swift /Users/chaalpritam/Blockbase/type/type/Services/FileManager.swift /Users/chaalpritam/Blockbase/type/type/Services/SettingsService.swift /Users/chaalpritam/Blockbase/type/type/Services/StatisticsService.swift /Users/chaalpritam/Blockbase/type/type/Services/StoryProtocolService.swift /Users/chaalpritam/Blockbase/type/type/Shared/ModalLayout.swift /Users/chaalpritam/Blockbase/type/type/UI/EnhancedAppleComponents.swift /Users/chaalpritam/Blockbase/type/type/UI/ModularAppView.swift /Users/chaalpritam/Blockbase/type/type/UI/TemplateSelectorView.swift /Users/chaalpritam/Blockbase/type/type/UI/TypeStyleAppView.swift /Users/chaalpritam/Blockbase/type/type/UI/TypeStyleComponents.swift /Users/chaalpritam/Blockbase/type/type/UI/TypeStyleTheme.swift /Users/chaalpritam/Blockbase/type/type/Utils/KeyboardShortcutsManager.swift /Users/chaalpritam/Blockbase/type/type/SceneEditViews.swift /Users/chaalpritam/Blockbase/type/type/typeApp.swift /Users/chaalpritam/Library/Developer/Xcode/DerivedData/type-aackdwwuwxayolgleuusgbwkkpsp/Build/Intermediates.noindex/type.build/Debug/type.build/DerivedSources/GeneratedAssetSymbols.swift -supplementary-output-file-map /Users/chaalpritam/Library/Developer/Xcode/DerivedData/type-aackdwwuwxayolgleuusgbwkkpsp/Build/Intermediates.noindex/type.build/Debug/type.build/Objects-normal/x86_64/supplementaryOutputs-2 -emit-localized-strings -emit-localized-strings-path /Users/chaalpritam/Library/Developer/Xcode/DerivedData/type-aackdwwuwxayolgleuusgbwkkpsp/Build/Intermediates.noindex/type.build/Debug/type.build/Objects-normal/x86_64 -target x86_64-apple-macos15.0 -enable-objc-interop -stack-check -sdk /Applications/Xcode.app/Contents/Developer/Platforms/MacOSX.platform/Developer/SDKs/MacOSX15.1.sdk -I /Users/chaalpritam/Library/Developer/Xcode/DerivedData/type-aackdwwuwxayolgleuusgbwkkpsp/Build/Products/Debug -F /Users/chaalpritam/Library/Developer/Xcode/DerivedData/type-aackdwwuwxayolgleuusgbwkkpsp/Build/Products/Debug -no-color-diagnostics -enable-testing -g -debug-info-format\=dwarf -dwarf-version\=5 -module-cache-path /Users/chaalpritam/Library/Developer/Xcode/DerivedData/ModuleCache.noindex -profile-generate -profile-coverage-mapping -swift-version 5 -enforce-exclusivity\=checked -Onone -D DEBUG -serialize-debugging-options -const-gather-protocols-file /Users/chaalpritam/Library/Developer/Xcode/DerivedData/type-aackdwwuwxayolgleuusgbwkkpsp/Build/Intermediates.noindex/type.build/Debug/type.build/Objects-normal/x86_64/type_const_extract_protocols.json -enable-experimental-feature DebugDescriptionMacro -enable-experimental-feature OpaqueTypeErasure -enable-bare-slash-regex -empty-abi-descriptor -validate-clang-modules-once -clang-build-session-file /Users/chaalpritam/Library/Developer/Xcode/DerivedData/ModuleCache.noindex/Session.modulevalidation -Xcc -working-directory -Xcc /Users/chaalpritam/Blockbase/type -resource-dir /Applications/Xcode.app/Contents/Developer/Toolchains/XcodeDefault.xctoolchain/usr/lib/swift -enable-anonymous-context-mangled-names -file-compilation-dir /Users/chaalpritam/Blockbase/type -Xcc -D_LIBCPP_HARDENING_MODE\=_LIBCPP_HARDENING_MODE_DEBUG -Xcc -ivfsstatcache -Xcc /Users/chaalpritam/Library/Developer/Xcode/DerivedData/SDKStatCaches.noindex/macosx15.1-24B75-26c8390a7c93c703a57fb2538426748e.sdkstatcache -Xcc -I/Users/chaalpritam/Library/Developer/Xcode/DerivedData/type-aackdwwuwxayolgleuusgbwkkpsp/Build/Intermediates.noindex/type.build/Debug/type.build/swift-overrides.hmap -Xcc -iquote -Xcc /Users/chaalpritam/Library/Developer/Xcode/DerivedData/type-aackdwwuwxayolgleuusgbwkkpsp/Build/Intermediates.noindex/type.build/Debug/type.build/type-generated-files.hmap -Xcc -I/Users/chaalpritam/Library/Developer/Xcode/DerivedData/type-aackdwwuwxayolgleuusgbwkkpsp/Build/Intermediates.noindex/type.build/Debug/type.build/type-own-target-headers.hmap -Xcc -I/Users/chaalpritam/Library/Developer/Xcode/DerivedData/type-aackdwwuwxayolgleuusgbwkkpsp/Build/Intermediates.noindex/type.build/Debug/type.build/type-all-target-headers.hmap -Xcc -iquote -Xcc /Users/chaalpritam/Library/Developer/Xcode/DerivedData/type-aackdwwuwxayolgleuusgbwkkpsp/Build/Intermediates.noindex/type.build/Debug/type.build/type-project-headers.hmap -Xcc -I/Users/chaalpritam/Library/Developer/Xcode/DerivedData/type-aackdwwuwxayolgleuusgbwkkpsp/Build/Products/Debug/include -Xcc -I/Users/chaalpritam/Library/Developer/Xcode/DerivedData/type-aackdwwuwxayolgleuusgbwkkpsp/Build/Intermediates.noindex/type.build/Debug/type.build/DerivedSources-normal/x86_64 -Xcc -I/Users/chaalpritam/Library/Developer/Xcode/DerivedData/type-aackdwwuwxayolgleuusgbwkkpsp/Build/Intermediates.noindex/type.build/Debug/type.build/DerivedSources/x86_64 -Xcc -I/Users/chaalpritam/Library/Developer/Xcode/DerivedData/type-aackdwwuwxayolgleuusgbwkkpsp/Build/Intermediates.noindex/type.build/Debug/type.build/DerivedSources -Xcc -DDEBUG\=1 -module-name type -frontend-parseable-output -disable-clang-spi -target-sdk-version 15.1 -target-sdk-name macosx15.1 -external-plugin-path /Applications/Xcode.app/Contents/Developer/Platforms/MacOSX.platform/Developer/usr/lib/swift/host/plugins\#/Applications/Xcode.app/Contents/Developer/Platforms/MacOSX.platform/Developer/usr/bin/swift-plugin-server -external-plugin-path /Applications/Xcode.app/Contents/Developer/Platforms/MacOSX.platform/Developer/usr/local/lib/swift/host/plugins\#/Applications/Xcode.app/Contents/Developer/Platforms/MacOSX.platform/Developer/usr/bin/swift-plugin-server -plugin-path /Applications/Xcode.app/Contents/Developer/Toolchains/XcodeDefault.xctoolchain/usr/lib/swift/host/plugins -plugin-path /Applications/Xcode.app/Contents/Developer/Toolchains/XcodeDefault.xctoolchain/usr/local/lib/swift/host/plugins -o /Users/chaalpritam/Library/Developer/Xcode/DerivedData/type-aackdwwuwxayolgleuusgbwkkpsp/Build/Intermediates.noindex/type.build/Debug/type.build/Objects-normal/x86_64/CharacterCoordinator.o -o /Users/chaalpritam/Library/Developer/Xcode/DerivedData/type-aackdwwuwxayolgleuusgbwkkpsp/Build/Intermediates.noindex/type.build/Debug/type.build/Objects-normal/x86_64/CharacterDatabase.o -o /Users/chaalpritam/Library/Developer/Xcode/DerivedData/type-aackdwwuwxayolgleuusgbwkkpsp/Build/Intermediates.noindex/type.build/Debug/type.build/Objects-normal/x86_64/CharacterDetailViews.o -o /Users/chaalpritam/Library/Developer/Xcode/DerivedData/type-aackdwwuwxayolgleuusgbwkkpsp/Build/Intermediates.noindex/type.build/Debug/type.build/Objects-normal/x86_64/CharacterDetailViews2.o -o /Users/chaalpritam/Library/Developer/Xcode/DerivedData/type-aackdwwuwxayolgleuusgbwkkpsp/Build/Intermediates.noindex/type.build/Debug/type.build/Objects-normal/x86_64/CharacterEditViews.o -o /Users/chaalpritam/Library/Developer/Xcode/DerivedData/type-aackdwwuwxayolgleuusgbwkkpsp/Build/Intermediates.noindex/type.build/Debug/type.build/Objects-normal/x86_64/CharacterViews.o -o /Users/chaalpritam/Library/Developer/Xcode/DerivedData/type-aackdwwuwxayolgleuusgbwkkpsp/Build/Intermediates.noindex/type.build/Debug/type.build/Objects-normal/x86_64/CollaborationCoordinator.o -index-unit-output-path /type.build/Debug/type.build/Objects-normal/x86_64/CharacterCoordinator.o -index-unit-output-path /type.build/Debug/type.build/Objects-normal/x86_64/CharacterDatabase.o -index-unit-output-path /type.build/Debug/type.build/Objects-normal/x86_64/CharacterDetailViews.o -index-unit-output-path /type.build/Debug/type.build/Objects-normal/x86_64/CharacterDetailViews2.o -index-unit-output-path /type.build/Debug/type.build/Objects-normal/x86_64/CharacterEditViews.o -index-unit-output-path /type.build/Debug/type.build/Objects-normal/x86_64/CharacterViews.o -index-unit-output-path /type.build/Debug/type.build/Objects-normal/x86_64/CollaborationCoordinator.o -index-store-path /Users/chaalpritam/Library/Developer/Xcode/DerivedData/type-aackdwwuwxayolgleuusgbwkkpsp/Index.noindex/DataStore -index-system-modules

SwiftCompile normal x86_64 /Users/chaalpritam/Blockbase/type/type/Features/Collaboration/CollaborationCoordinator.swift (in target 'type' from project 'type')
    cd /Users/chaalpritam/Blockbase/type
    /Applications/Xcode.app/Contents/Developer/Toolchains/XcodeDefault.xctoolchain/usr/bin/swift-frontend -c /Users/chaalpritam/Blockbase/type/type/Core/AppCoordinator.swift /Users/chaalpritam/Blockbase/type/type/Core/ModuleCoordinator.swift /Users/chaalpritam/Blockbase/type/type/Data/CharacterModels.swift /Users/chaalpritam/Blockbase/type/type/Data/OutlineModels.swift /Users/chaalpritam/Blockbase/type/type/Data/SceneModels.swift /Users/chaalpritam/Blockbase/type/type/Data/ScreenplayDocument.swift /Users/chaalpritam/Blockbase/type/type/Data/TimelineModels.swift -primary-file /Users/chaalpritam/Blockbase/type/type/Features/Characters/CharacterCoordinator.swift -primary-file /Users/chaalpritam/Blockbase/type/type/Features/Characters/CharacterDatabase.swift -primary-file /Users/chaalpritam/Blockbase/type/type/Features/Characters/CharacterDetailViews.swift -primary-file /Users/chaalpritam/Blockbase/type/type/Features/Characters/CharacterDetailViews2.swift -primary-file /Users/chaalpritam/Blockbase/type/type/Features/Characters/CharacterEditViews.swift -primary-file /Users/chaalpritam/Blockbase/type/type/Features/Characters/CharacterViews.swift -primary-file /Users/chaalpritam/Blockbase/type/type/Features/Collaboration/CollaborationCoordinator.swift /Users/chaalpritam/Blockbase/type/type/Features/Collaboration/CollaborationManager.swift /Users/chaalpritam/Blockbase/type/type/Features/Collaboration/CollaborationViews.swift /Users/chaalpritam/Blockbase/type/type/Features/Editor/AdvancedEditorFeatures.swift /Users/chaalpritam/Blockbase/type/type/Features/Editor/AutoCompletionManager.swift /Users/chaalpritam/Blockbase/type/type/Features/Editor/CodeFoldingManager.swift /Users/chaalpritam/Blockbase/type/type/Features/Editor/EditorCoordinator.swift /Users/chaalpritam/Blockbase/type/type/Features/Editor/EnhancedFountainTextEditor.swift /Users/chaalpritam/Blockbase/type/type/Features/Editor/FindReplaceView.swift /Users/chaalpritam/Blockbase/type/type/Features/Editor/FountainHelpView.swift /Users/chaalpritam/Blockbase/type/type/Features/Editor/FountainParser.swift /Users/chaalpritam/Blockbase/type/type/Features/Editor/FountainSyntaxHighlighter.swift /Users/chaalpritam/Blockbase/type/type/Features/Editor/FountainTemplate.swift /Users/chaalpritam/Blockbase/type/type/Features/Editor/FountainTextEditor.swift /Users/chaalpritam/Blockbase/type/type/Features/Editor/MinimapView.swift /Users/chaalpritam/Blockbase/type/type/Features/Editor/MultipleCursorsTextEditor.swift /Users/chaalpritam/Blockbase/type/type/Features/Editor/ScreenplayPreview.swift /Users/chaalpritam/Blockbase/type/type/Features/Editor/SmartFormattingManager.swift /Users/chaalpritam/Blockbase/type/type/Features/Editor/SpellCheckTextEditor.swift /Users/chaalpritam/Blockbase/type/type/Features/Editor/TextHistoryManager.swift /Users/chaalpritam/Blockbase/type/type/Features/File/FileCoordinator.swift /Users/chaalpritam/Blockbase/type/type/Features/Outline/OutlineCoordinator.swift /Users/chaalpritam/Blockbase/type/type/Features/Outline/OutlineDatabase.swift /Users/chaalpritam/Blockbase/type/type/Features/Outline/OutlineDetailViews.swift /Users/chaalpritam/Blockbase/type/type/Features/Outline/OutlineViews.swift /Users/chaalpritam/Blockbase/type/type/Features/Scenes/SceneDatabase.swift /Users/chaalpritam/Blockbase/type/type/Features/Scenes/SceneDetailViews.swift /Users/chaalpritam/Blockbase/type/type/Features/Scenes/SceneViews.swift /Users/chaalpritam/Blockbase/type/type/Features/StoryProtocol/StoryProtocolCoordinator.swift /Users/chaalpritam/Blockbase/type/type/Features/StoryProtocol/StoryProtocolViews.swift /Users/chaalpritam/Blockbase/type/type/Features/Timeline/TimelineDatabase.swift /Users/chaalpritam/Blockbase/type/type/Features/Timeline/TimelineViews.swift /Users/chaalpritam/Blockbase/type/type/Features/Welcome/WelcomeView.swift /Users/chaalpritam/Blockbase/type/type/Services/DocumentService.swift /Users/chaalpritam/Blockbase/type/type/Services/FileManagementService.swift /Users/chaalpritam/Blockbase/type/type/Services/FileManager.swift /Users/chaalpritam/Blockbase/type/type/Services/SettingsService.swift /Users/chaalpritam/Blockbase/type/type/Services/StatisticsService.swift /Users/chaalpritam/Blockbase/type/type/Services/StoryProtocolService.swift /Users/chaalpritam/Blockbase/type/type/Shared/ModalLayout.swift /Users/chaalpritam/Blockbase/type/type/UI/EnhancedAppleComponents.swift /Users/chaalpritam/Blockbase/type/type/UI/ModularAppView.swift /Users/chaalpritam/Blockbase/type/type/UI/TemplateSelectorView.swift /Users/chaalpritam/Blockbase/type/type/UI/TypeStyleAppView.swift /Users/chaalpritam/Blockbase/type/type/UI/TypeStyleComponents.swift /Users/chaalpritam/Blockbase/type/type/UI/TypeStyleTheme.swift /Users/chaalpritam/Blockbase/type/type/Utils/KeyboardShortcutsManager.swift /Users/chaalpritam/Blockbase/type/type/SceneEditViews.swift /Users/chaalpritam/Blockbase/type/type/typeApp.swift /Users/chaalpritam/Library/Developer/Xcode/DerivedData/type-aackdwwuwxayolgleuusgbwkkpsp/Build/Intermediates.noindex/type.build/Debug/type.build/DerivedSources/GeneratedAssetSymbols.swift -supplementary-output-file-map /Users/chaalpritam/Library/Developer/Xcode/DerivedData/type-aackdwwuwxayolgleuusgbwkkpsp/Build/Intermediates.noindex/type.build/Debug/type.build/Objects-normal/x86_64/supplementaryOutputs-2 -emit-localized-strings -emit-localized-strings-path /Users/chaalpritam/Library/Developer/Xcode/DerivedData/type-aackdwwuwxayolgleuusgbwkkpsp/Build/Intermediates.noindex/type.build/Debug/type.build/Objects-normal/x86_64 -target x86_64-apple-macos15.0 -enable-objc-interop -stack-check -sdk /Applications/Xcode.app/Contents/Developer/Platforms/MacOSX.platform/Developer/SDKs/MacOSX15.1.sdk -I /Users/chaalpritam/Library/Developer/Xcode/DerivedData/type-aackdwwuwxayolgleuusgbwkkpsp/Build/Products/Debug -F /Users/chaalpritam/Library/Developer/Xcode/DerivedData/type-aackdwwuwxayolgleuusgbwkkpsp/Build/Products/Debug -no-color-diagnostics -enable-testing -g -debug-info-format\=dwarf -dwarf-version\=5 -module-cache-path /Users/chaalpritam/Library/Developer/Xcode/DerivedData/ModuleCache.noindex -profile-generate -profile-coverage-mapping -swift-version 5 -enforce-exclusivity\=checked -Onone -D DEBUG -serialize-debugging-options -const-gather-protocols-file /Users/chaalpritam/Library/Developer/Xcode/DerivedData/type-aackdwwuwxayolgleuusgbwkkpsp/Build/Intermediates.noindex/type.build/Debug/type.build/Objects-normal/x86_64/type_const_extract_protocols.json -enable-experimental-feature DebugDescriptionMacro -enable-experimental-feature OpaqueTypeErasure -enable-bare-slash-regex -empty-abi-descriptor -validate-clang-modules-once -clang-build-session-file /Users/chaalpritam/Library/Developer/Xcode/DerivedData/ModuleCache.noindex/Session.modulevalidation -Xcc -working-directory -Xcc /Users/chaalpritam/Blockbase/type -resource-dir /Applications/Xcode.app/Contents/Developer/Toolchains/XcodeDefault.xctoolchain/usr/lib/swift -enable-anonymous-context-mangled-names -file-compilation-dir /Users/chaalpritam/Blockbase/type -Xcc -D_LIBCPP_HARDENING_MODE\=_LIBCPP_HARDENING_MODE_DEBUG -Xcc -ivfsstatcache -Xcc /Users/chaalpritam/Library/Developer/Xcode/DerivedData/SDKStatCaches.noindex/macosx15.1-24B75-26c8390a7c93c703a57fb2538426748e.sdkstatcache -Xcc -I/Users/chaalpritam/Library/Developer/Xcode/DerivedData/type-aackdwwuwxayolgleuusgbwkkpsp/Build/Intermediates.noindex/type.build/Debug/type.build/swift-overrides.hmap -Xcc -iquote -Xcc /Users/chaalpritam/Library/Developer/Xcode/DerivedData/type-aackdwwuwxayolgleuusgbwkkpsp/Build/Intermediates.noindex/type.build/Debug/type.build/type-generated-files.hmap -Xcc -I/Users/chaalpritam/Library/Developer/Xcode/DerivedData/type-aackdwwuwxayolgleuusgbwkkpsp/Build/Intermediates.noindex/type.build/Debug/type.build/type-own-target-headers.hmap -Xcc -I/Users/chaalpritam/Library/Developer/Xcode/DerivedData/type-aackdwwuwxayolgleuusgbwkkpsp/Build/Intermediates.noindex/type.build/Debug/type.build/type-all-target-headers.hmap -Xcc -iquote -Xcc /Users/chaalpritam/Library/Developer/Xcode/DerivedData/type-aackdwwuwxayolgleuusgbwkkpsp/Build/Intermediates.noindex/type.build/Debug/type.build/type-project-headers.hmap -Xcc -I/Users/chaalpritam/Library/Developer/Xcode/DerivedData/type-aackdwwuwxayolgleuusgbwkkpsp/Build/Products/Debug/include -Xcc -I/Users/chaalpritam/Library/Developer/Xcode/DerivedData/type-aackdwwuwxayolgleuusgbwkkpsp/Build/Intermediates.noindex/type.build/Debug/type.build/DerivedSources-normal/x86_64 -Xcc -I/Users/chaalpritam/Library/Developer/Xcode/DerivedData/type-aackdwwuwxayolgleuusgbwkkpsp/Build/Intermediates.noindex/type.build/Debug/type.build/DerivedSources/x86_64 -Xcc -I/Users/chaalpritam/Library/Developer/Xcode/DerivedData/type-aackdwwuwxayolgleuusgbwkkpsp/Build/Intermediates.noindex/type.build/Debug/type.build/DerivedSources -Xcc -DDEBUG\=1 -module-name type -frontend-parseable-output -disable-clang-spi -target-sdk-version 15.1 -target-sdk-name macosx15.1 -external-plugin-path /Applications/Xcode.app/Contents/Developer/Platforms/MacOSX.platform/Developer/usr/lib/swift/host/plugins\#/Applications/Xcode.app/Contents/Developer/Platforms/MacOSX.platform/Developer/usr/bin/swift-plugin-server -external-plugin-path /Applications/Xcode.app/Contents/Developer/Platforms/MacOSX.platform/Developer/usr/local/lib/swift/host/plugins\#/Applications/Xcode.app/Contents/Developer/Platforms/MacOSX.platform/Developer/usr/bin/swift-plugin-server -plugin-path /Applications/Xcode.app/Contents/Developer/Toolchains/XcodeDefault.xctoolchain/usr/lib/swift/host/plugins -plugin-path /Applications/Xcode.app/Contents/Developer/Toolchains/XcodeDefault.xctoolchain/usr/local/lib/swift/host/plugins -o /Users/chaalpritam/Library/Developer/Xcode/DerivedData/type-aackdwwuwxayolgleuusgbwkkpsp/Build/Intermediates.noindex/type.build/Debug/type.build/Objects-normal/x86_64/CharacterCoordinator.o -o /Users/chaalpritam/Library/Developer/Xcode/DerivedData/type-aackdwwuwxayolgleuusgbwkkpsp/Build/Intermediates.noindex/type.build/Debug/type.build/Objects-normal/x86_64/CharacterDatabase.o -o /Users/chaalpritam/Library/Developer/Xcode/DerivedData/type-aackdwwuwxayolgleuusgbwkkpsp/Build/Intermediates.noindex/type.build/Debug/type.build/Objects-normal/x86_64/CharacterDetailViews.o -o /Users/chaalpritam/Library/Developer/Xcode/DerivedData/type-aackdwwuwxayolgleuusgbwkkpsp/Build/Intermediates.noindex/type.build/Debug/type.build/Objects-normal/x86_64/CharacterDetailViews2.o -o /Users/chaalpritam/Library/Developer/Xcode/DerivedData/type-aackdwwuwxayolgleuusgbwkkpsp/Build/Intermediates.noindex/type.build/Debug/type.build/Objects-normal/x86_64/CharacterEditViews.o -o /Users/chaalpritam/Library/Developer/Xcode/DerivedData/type-aackdwwuwxayolgleuusgbwkkpsp/Build/Intermediates.noindex/type.build/Debug/type.build/Objects-normal/x86_64/CharacterViews.o -o /Users/chaalpritam/Library/Developer/Xcode/DerivedData/type-aackdwwuwxayolgleuusgbwkkpsp/Build/Intermediates.noindex/type.build/Debug/type.build/Objects-normal/x86_64/CollaborationCoordinator.o -index-unit-output-path /type.build/Debug/type.build/Objects-normal/x86_64/CharacterCoordinator.o -index-unit-output-path /type.build/Debug/type.build/Objects-normal/x86_64/CharacterDatabase.o -index-unit-output-path /type.build/Debug/type.build/Objects-normal/x86_64/CharacterDetailViews.o -index-unit-output-path /type.build/Debug/type.build/Objects-normal/x86_64/CharacterDetailViews2.o -index-unit-output-path /type.build/Debug/type.build/Objects-normal/x86_64/CharacterEditViews.o -index-unit-output-path /type.build/Debug/type.build/Objects-normal/x86_64/CharacterViews.o -index-unit-output-path /type.build/Debug/type.build/Objects-normal/x86_64/CollaborationCoordinator.o -index-store-path /Users/chaalpritam/Library/Developer/Xcode/DerivedData/type-aackdwwuwxayolgleuusgbwkkpsp/Index.noindex/DataStore -index-system-modules

SwiftCompile normal x86_64 Compiling\ FindReplaceView.swift,\ FountainHelpView.swift,\ FountainParser.swift,\ FountainSyntaxHighlighter.swift,\ FountainTemplate.swift,\ FountainTextEditor.swift /Users/chaalpritam/Blockbase/type/type/Features/Editor/FindReplaceView.swift /Users/chaalpritam/Blockbase/type/type/Features/Editor/FountainHelpView.swift /Users/chaalpritam/Blockbase/type/type/Features/Editor/FountainParser.swift /Users/chaalpritam/Blockbase/type/type/Features/Editor/FountainSyntaxHighlighter.swift /Users/chaalpritam/Blockbase/type/type/Features/Editor/FountainTemplate.swift /Users/chaalpritam/Blockbase/type/type/Features/Editor/FountainTextEditor.swift (in target 'type' from project 'type')
    cd /Users/chaalpritam/Blockbase/type
    builtin-swiftTaskExecution -- /Applications/Xcode.app/Contents/Developer/Toolchains/XcodeDefault.xctoolchain/usr/bin/swift-frontend -frontend -c /Users/chaalpritam/Blockbase/type/type/Core/AppCoordinator.swift /Users/chaalpritam/Blockbase/type/type/Core/ModuleCoordinator.swift /Users/chaalpritam/Blockbase/type/type/Data/CharacterModels.swift /Users/chaalpritam/Blockbase/type/type/Data/OutlineModels.swift /Users/chaalpritam/Blockbase/type/type/Data/SceneModels.swift /Users/chaalpritam/Blockbase/type/type/Data/ScreenplayDocument.swift /Users/chaalpritam/Blockbase/type/type/Data/TimelineModels.swift /Users/chaalpritam/Blockbase/type/type/Features/Characters/CharacterCoordinator.swift /Users/chaalpritam/Blockbase/type/type/Features/Characters/CharacterDatabase.swift /Users/chaalpritam/Blockbase/type/type/Features/Characters/CharacterDetailViews.swift /Users/chaalpritam/Blockbase/type/type/Features/Characters/CharacterDetailViews2.swift /Users/chaalpritam/Blockbase/type/type/Features/Characters/CharacterEditViews.swift /Users/chaalpritam/Blockbase/type/type/Features/Characters/CharacterViews.swift /Users/chaalpritam/Blockbase/type/type/Features/Collaboration/CollaborationCoordinator.swift /Users/chaalpritam/Blockbase/type/type/Features/Collaboration/CollaborationManager.swift /Users/chaalpritam/Blockbase/type/type/Features/Collaboration/CollaborationViews.swift /Users/chaalpritam/Blockbase/type/type/Features/Editor/AdvancedEditorFeatures.swift /Users/chaalpritam/Blockbase/type/type/Features/Editor/AutoCompletionManager.swift /Users/chaalpritam/Blockbase/type/type/Features/Editor/CodeFoldingManager.swift /Users/chaalpritam/Blockbase/type/type/Features/Editor/EditorCoordinator.swift /Users/chaalpritam/Blockbase/type/type/Features/Editor/EnhancedFountainTextEditor.swift -primary-file /Users/chaalpritam/Blockbase/type/type/Features/Editor/FindReplaceView.swift -primary-file /Users/chaalpritam/Blockbase/type/type/Features/Editor/FountainHelpView.swift -primary-file /Users/chaalpritam/Blockbase/type/type/Features/Editor/FountainParser.swift -primary-file /Users/chaalpritam/Blockbase/type/type/Features/Editor/FountainSyntaxHighlighter.swift -primary-file /Users/chaalpritam/Blockbase/type/type/Features/Editor/FountainTemplate.swift -primary-file /Users/chaalpritam/Blockbase/type/type/Features/Editor/FountainTextEditor.swift /Users/chaalpritam/Blockbase/type/type/Features/Editor/MinimapView.swift /Users/chaalpritam/Blockbase/type/type/Features/Editor/MultipleCursorsTextEditor.swift /Users/chaalpritam/Blockbase/type/type/Features/Editor/ScreenplayPreview.swift /Users/chaalpritam/Blockbase/type/type/Features/Editor/SmartFormattingManager.swift /Users/chaalpritam/Blockbase/type/type/Features/Editor/SpellCheckTextEditor.swift /Users/chaalpritam/Blockbase/type/type/Features/Editor/TextHistoryManager.swift /Users/chaalpritam/Blockbase/type/type/Features/File/FileCoordinator.swift /Users/chaalpritam/Blockbase/type/type/Features/Outline/OutlineCoordinator.swift /Users/chaalpritam/Blockbase/type/type/Features/Outline/OutlineDatabase.swift /Users/chaalpritam/Blockbase/type/type/Features/Outline/OutlineDetailViews.swift /Users/chaalpritam/Blockbase/type/type/Features/Outline/OutlineViews.swift /Users/chaalpritam/Blockbase/type/type/Features/Scenes/SceneDatabase.swift /Users/chaalpritam/Blockbase/type/type/Features/Scenes/SceneDetailViews.swift /Users/chaalpritam/Blockbase/type/type/Features/Scenes/SceneViews.swift /Users/chaalpritam/Blockbase/type/type/Features/StoryProtocol/StoryProtocolCoordinator.swift /Users/chaalpritam/Blockbase/type/type/Features/StoryProtocol/StoryProtocolViews.swift /Users/chaalpritam/Blockbase/type/type/Features/Timeline/TimelineDatabase.swift /Users/chaalpritam/Blockbase/type/type/Features/Timeline/TimelineViews.swift /Users/chaalpritam/Blockbase/type/type/Features/Welcome/WelcomeView.swift /Users/chaalpritam/Blockbase/type/type/Services/DocumentService.swift /Users/chaalpritam/Blockbase/type/type/Services/FileManagementService.swift /Users/chaalpritam/Blockbase/type/type/Services/FileManager.swift /Users/chaalpritam/Blockbase/type/type/Services/SettingsService.swift /Users/chaalpritam/Blockbase/type/type/Services/StatisticsService.swift /Users/chaalpritam/Blockbase/type/type/Services/StoryProtocolService.swift /Users/chaalpritam/Blockbase/type/type/Shared/ModalLayout.swift /Users/chaalpritam/Blockbase/type/type/UI/EnhancedAppleComponents.swift /Users/chaalpritam/Blockbase/type/type/UI/ModularAppView.swift /Users/chaalpritam/Blockbase/type/type/UI/TemplateSelectorView.swift /Users/chaalpritam/Blockbase/type/type/UI/TypeStyleAppView.swift /Users/chaalpritam/Blockbase/type/type/UI/TypeStyleComponents.swift /Users/chaalpritam/Blockbase/type/type/UI/TypeStyleTheme.swift /Users/chaalpritam/Blockbase/type/type/Utils/KeyboardShortcutsManager.swift /Users/chaalpritam/Blockbase/type/type/SceneEditViews.swift /Users/chaalpritam/Blockbase/type/type/typeApp.swift /Users/chaalpritam/Library/Developer/Xcode/DerivedData/type-aackdwwuwxayolgleuusgbwkkpsp/Build/Intermediates.noindex/type.build/Debug/type.build/DerivedSources/GeneratedAssetSymbols.swift -supplementary-output-file-map /Users/chaalpritam/Library/Developer/Xcode/DerivedData/type-aackdwwuwxayolgleuusgbwkkpsp/Build/Intermediates.noindex/type.build/Debug/type.build/Objects-normal/x86_64/supplementaryOutputs-4 -emit-localized-strings -emit-localized-strings-path /Users/chaalpritam/Library/Developer/Xcode/DerivedData/type-aackdwwuwxayolgleuusgbwkkpsp/Build/Intermediates.noindex/type.build/Debug/type.build/Objects-normal/x86_64 -target x86_64-apple-macos15.0 -enable-objc-interop -stack-check -sdk /Applications/Xcode.app/Contents/Developer/Platforms/MacOSX.platform/Developer/SDKs/MacOSX15.1.sdk -I /Users/chaalpritam/Library/Developer/Xcode/DerivedData/type-aackdwwuwxayolgleuusgbwkkpsp/Build/Products/Debug -F /Users/chaalpritam/Library/Developer/Xcode/DerivedData/type-aackdwwuwxayolgleuusgbwkkpsp/Build/Products/Debug -no-color-diagnostics -enable-testing -g -debug-info-format\=dwarf -dwarf-version\=5 -module-cache-path /Users/chaalpritam/Library/Developer/Xcode/DerivedData/ModuleCache.noindex -profile-generate -profile-coverage-mapping -swift-version 5 -enforce-exclusivity\=checked -Onone -D DEBUG -serialize-debugging-options -const-gather-protocols-file /Users/chaalpritam/Library/Developer/Xcode/DerivedData/type-aackdwwuwxayolgleuusgbwkkpsp/Build/Intermediates.noindex/type.build/Debug/type.build/Objects-normal/x86_64/type_const_extract_protocols.json -enable-experimental-feature DebugDescriptionMacro -enable-experimental-feature OpaqueTypeErasure -enable-bare-slash-regex -empty-abi-descriptor -validate-clang-modules-once -clang-build-session-file /Users/chaalpritam/Library/Developer/Xcode/DerivedData/ModuleCache.noindex/Session.modulevalidation -Xcc -working-directory -Xcc /Users/chaalpritam/Blockbase/type -resource-dir /Applications/Xcode.app/Contents/Developer/Toolchains/XcodeDefault.xctoolchain/usr/lib/swift -enable-anonymous-context-mangled-names -file-compilation-dir /Users/chaalpritam/Blockbase/type -Xcc -D_LIBCPP_HARDENING_MODE\=_LIBCPP_HARDENING_MODE_DEBUG -Xcc -ivfsstatcache -Xcc /Users/chaalpritam/Library/Developer/Xcode/DerivedData/SDKStatCaches.noindex/macosx15.1-24B75-26c8390a7c93c703a57fb2538426748e.sdkstatcache -Xcc -I/Users/chaalpritam/Library/Developer/Xcode/DerivedData/type-aackdwwuwxayolgleuusgbwkkpsp/Build/Intermediates.noindex/type.build/Debug/type.build/swift-overrides.hmap -Xcc -iquote -Xcc /Users/chaalpritam/Library/Developer/Xcode/DerivedData/type-aackdwwuwxayolgleuusgbwkkpsp/Build/Intermediates.noindex/type.build/Debug/type.build/type-generated-files.hmap -Xcc -I/Users/chaalpritam/Library/Developer/Xcode/DerivedData/type-aackdwwuwxayolgleuusgbwkkpsp/Build/Intermediates.noindex/type.build/Debug/type.build/type-own-target-headers.hmap -Xcc -I/Users/chaalpritam/Library/Developer/Xcode/DerivedData/type-aackdwwuwxayolgleuusgbwkkpsp/Build/Intermediates.noindex/type.build/Debug/type.build/type-all-target-headers.hmap -Xcc -iquote -Xcc /Users/chaalpritam/Library/Developer/Xcode/DerivedData/type-aackdwwuwxayolgleuusgbwkkpsp/Build/Intermediates.noindex/type.build/Debug/type.build/type-project-headers.hmap -Xcc -I/Users/chaalpritam/Library/Developer/Xcode/DerivedData/type-aackdwwuwxayolgleuusgbwkkpsp/Build/Products/Debug/include -Xcc -I/Users/chaalpritam/Library/Developer/Xcode/DerivedData/type-aackdwwuwxayolgleuusgbwkkpsp/Build/Intermediates.noindex/type.build/Debug/type.build/DerivedSources-normal/x86_64 -Xcc -I/Users/chaalpritam/Library/Developer/Xcode/DerivedData/type-aackdwwuwxayolgleuusgbwkkpsp/Build/Intermediates.noindex/type.build/Debug/type.build/DerivedSources/x86_64 -Xcc -I/Users/chaalpritam/Library/Developer/Xcode/DerivedData/type-aackdwwuwxayolgleuusgbwkkpsp/Build/Intermediates.noindex/type.build/Debug/type.build/DerivedSources -Xcc -DDEBUG\=1 -module-name type -frontend-parseable-output -disable-clang-spi -target-sdk-version 15.1 -target-sdk-name macosx15.1 -external-plugin-path /Applications/Xcode.app/Contents/Developer/Platforms/MacOSX.platform/Developer/usr/lib/swift/host/plugins\#/Applications/Xcode.app/Contents/Developer/Platforms/MacOSX.platform/Developer/usr/bin/swift-plugin-server -external-plugin-path /Applications/Xcode.app/Contents/Developer/Platforms/MacOSX.platform/Developer/usr/local/lib/swift/host/plugins\#/Applications/Xcode.app/Contents/Developer/Platforms/MacOSX.platform/Developer/usr/bin/swift-plugin-server -plugin-path /Applications/Xcode.app/Contents/Developer/Toolchains/XcodeDefault.xctoolchain/usr/lib/swift/host/plugins -plugin-path /Applications/Xcode.app/Contents/Developer/Toolchains/XcodeDefault.xctoolchain/usr/local/lib/swift/host/plugins -o /Users/chaalpritam/Library/Developer/Xcode/DerivedData/type-aackdwwuwxayolgleuusgbwkkpsp/Build/Intermediates.noindex/type.build/Debug/type.build/Objects-normal/x86_64/FindReplaceView.o -o /Users/chaalpritam/Library/Developer/Xcode/DerivedData/type-aackdwwuwxayolgleuusgbwkkpsp/Build/Intermediates.noindex/type.build/Debug/type.build/Objects-normal/x86_64/FountainHelpView.o -o /Users/chaalpritam/Library/Developer/Xcode/DerivedData/type-aackdwwuwxayolgleuusgbwkkpsp/Build/Intermediates.noindex/type.build/Debug/type.build/Objects-normal/x86_64/FountainParser.o -o /Users/chaalpritam/Library/Developer/Xcode/DerivedData/type-aackdwwuwxayolgleuusgbwkkpsp/Build/Intermediates.noindex/type.build/Debug/type.build/Objects-normal/x86_64/FountainSyntaxHighlighter.o -o /Users/chaalpritam/Library/Developer/Xcode/DerivedData/type-aackdwwuwxayolgleuusgbwkkpsp/Build/Intermediates.noindex/type.build/Debug/type.build/Objects-normal/x86_64/FountainTemplate.o -o /Users/chaalpritam/Library/Developer/Xcode/DerivedData/type-aackdwwuwxayolgleuusgbwkkpsp/Build/Intermediates.noindex/type.build/Debug/type.build/Objects-normal/x86_64/FountainTextEditor.o -index-unit-output-path /type.build/Debug/type.build/Objects-normal/x86_64/FindReplaceView.o -index-unit-output-path /type.build/Debug/type.build/Objects-normal/x86_64/FountainHelpView.o -index-unit-output-path /type.build/Debug/type.build/Objects-normal/x86_64/FountainParser.o -index-unit-output-path /type.build/Debug/type.build/Objects-normal/x86_64/FountainSyntaxHighlighter.o -index-unit-output-path /type.build/Debug/type.build/Objects-normal/x86_64/FountainTemplate.o -index-unit-output-path /type.build/Debug/type.build/Objects-normal/x86_64/FountainTextEditor.o -index-store-path /Users/chaalpritam/Library/Developer/Xcode/DerivedData/type-aackdwwuwxayolgleuusgbwkkpsp/Index.noindex/DataStore -index-system-modules

SwiftCompile normal x86_64 /Users/chaalpritam/Blockbase/type/type/Features/Editor/FindReplaceView.swift (in target 'type' from project 'type')
    cd /Users/chaalpritam/Blockbase/type
    /Applications/Xcode.app/Contents/Developer/Toolchains/XcodeDefault.xctoolchain/usr/bin/swift-frontend -c /Users/chaalpritam/Blockbase/type/type/Core/AppCoordinator.swift /Users/chaalpritam/Blockbase/type/type/Core/ModuleCoordinator.swift /Users/chaalpritam/Blockbase/type/type/Data/CharacterModels.swift /Users/chaalpritam/Blockbase/type/type/Data/OutlineModels.swift /Users/chaalpritam/Blockbase/type/type/Data/SceneModels.swift /Users/chaalpritam/Blockbase/type/type/Data/ScreenplayDocument.swift /Users/chaalpritam/Blockbase/type/type/Data/TimelineModels.swift /Users/chaalpritam/Blockbase/type/type/Features/Characters/CharacterCoordinator.swift /Users/chaalpritam/Blockbase/type/type/Features/Characters/CharacterDatabase.swift /Users/chaalpritam/Blockbase/type/type/Features/Characters/CharacterDetailViews.swift /Users/chaalpritam/Blockbase/type/type/Features/Characters/CharacterDetailViews2.swift /Users/chaalpritam/Blockbase/type/type/Features/Characters/CharacterEditViews.swift /Users/chaalpritam/Blockbase/type/type/Features/Characters/CharacterViews.swift /Users/chaalpritam/Blockbase/type/type/Features/Collaboration/CollaborationCoordinator.swift /Users/chaalpritam/Blockbase/type/type/Features/Collaboration/CollaborationManager.swift /Users/chaalpritam/Blockbase/type/type/Features/Collaboration/CollaborationViews.swift /Users/chaalpritam/Blockbase/type/type/Features/Editor/AdvancedEditorFeatures.swift /Users/chaalpritam/Blockbase/type/type/Features/Editor/AutoCompletionManager.swift /Users/chaalpritam/Blockbase/type/type/Features/Editor/CodeFoldingManager.swift /Users/chaalpritam/Blockbase/type/type/Features/Editor/EditorCoordinator.swift /Users/chaalpritam/Blockbase/type/type/Features/Editor/EnhancedFountainTextEditor.swift -primary-file /Users/chaalpritam/Blockbase/type/type/Features/Editor/FindReplaceView.swift -primary-file /Users/chaalpritam/Blockbase/type/type/Features/Editor/FountainHelpView.swift -primary-file /Users/chaalpritam/Blockbase/type/type/Features/Editor/FountainParser.swift -primary-file /Users/chaalpritam/Blockbase/type/type/Features/Editor/FountainSyntaxHighlighter.swift -primary-file /Users/chaalpritam/Blockbase/type/type/Features/Editor/FountainTemplate.swift -primary-file /Users/chaalpritam/Blockbase/type/type/Features/Editor/FountainTextEditor.swift /Users/chaalpritam/Blockbase/type/type/Features/Editor/MinimapView.swift /Users/chaalpritam/Blockbase/type/type/Features/Editor/MultipleCursorsTextEditor.swift /Users/chaalpritam/Blockbase/type/type/Features/Editor/ScreenplayPreview.swift /Users/chaalpritam/Blockbase/type/type/Features/Editor/SmartFormattingManager.swift /Users/chaalpritam/Blockbase/type/type/Features/Editor/SpellCheckTextEditor.swift /Users/chaalpritam/Blockbase/type/type/Features/Editor/TextHistoryManager.swift /Users/chaalpritam/Blockbase/type/type/Features/File/FileCoordinator.swift /Users/chaalpritam/Blockbase/type/type/Features/Outline/OutlineCoordinator.swift /Users/chaalpritam/Blockbase/type/type/Features/Outline/OutlineDatabase.swift /Users/chaalpritam/Blockbase/type/type/Features/Outline/OutlineDetailViews.swift /Users/chaalpritam/Blockbase/type/type/Features/Outline/OutlineViews.swift /Users/chaalpritam/Blockbase/type/type/Features/Scenes/SceneDatabase.swift /Users/chaalpritam/Blockbase/type/type/Features/Scenes/SceneDetailViews.swift /Users/chaalpritam/Blockbase/type/type/Features/Scenes/SceneViews.swift /Users/chaalpritam/Blockbase/type/type/Features/StoryProtocol/StoryProtocolCoordinator.swift /Users/chaalpritam/Blockbase/type/type/Features/StoryProtocol/StoryProtocolViews.swift /Users/chaalpritam/Blockbase/type/type/Features/Timeline/TimelineDatabase.swift /Users/chaalpritam/Blockbase/type/type/Features/Timeline/TimelineViews.swift /Users/chaalpritam/Blockbase/type/type/Features/Welcome/WelcomeView.swift /Users/chaalpritam/Blockbase/type/type/Services/DocumentService.swift /Users/chaalpritam/Blockbase/type/type/Services/FileManagementService.swift /Users/chaalpritam/Blockbase/type/type/Services/FileManager.swift /Users/chaalpritam/Blockbase/type/type/Services/SettingsService.swift /Users/chaalpritam/Blockbase/type/type/Services/StatisticsService.swift /Users/chaalpritam/Blockbase/type/type/Services/StoryProtocolService.swift /Users/chaalpritam/Blockbase/type/type/Shared/ModalLayout.swift /Users/chaalpritam/Blockbase/type/type/UI/EnhancedAppleComponents.swift /Users/chaalpritam/Blockbase/type/type/UI/ModularAppView.swift /Users/chaalpritam/Blockbase/type/type/UI/TemplateSelectorView.swift /Users/chaalpritam/Blockbase/type/type/UI/TypeStyleAppView.swift /Users/chaalpritam/Blockbase/type/type/UI/TypeStyleComponents.swift /Users/chaalpritam/Blockbase/type/type/UI/TypeStyleTheme.swift /Users/chaalpritam/Blockbase/type/type/Utils/KeyboardShortcutsManager.swift /Users/chaalpritam/Blockbase/type/type/SceneEditViews.swift /Users/chaalpritam/Blockbase/type/type/typeApp.swift /Users/chaalpritam/Library/Developer/Xcode/DerivedData/type-aackdwwuwxayolgleuusgbwkkpsp/Build/Intermediates.noindex/type.build/Debug/type.build/DerivedSources/GeneratedAssetSymbols.swift -supplementary-output-file-map /Users/chaalpritam/Library/Developer/Xcode/DerivedData/type-aackdwwuwxayolgleuusgbwkkpsp/Build/Intermediates.noindex/type.build/Debug/type.build/Objects-normal/x86_64/supplementaryOutputs-4 -emit-localized-strings -emit-localized-strings-path /Users/chaalpritam/Library/Developer/Xcode/DerivedData/type-aackdwwuwxayolgleuusgbwkkpsp/Build/Intermediates.noindex/type.build/Debug/type.build/Objects-normal/x86_64 -target x86_64-apple-macos15.0 -enable-objc-interop -stack-check -sdk /Applications/Xcode.app/Contents/Developer/Platforms/MacOSX.platform/Developer/SDKs/MacOSX15.1.sdk -I /Users/chaalpritam/Library/Developer/Xcode/DerivedData/type-aackdwwuwxayolgleuusgbwkkpsp/Build/Products/Debug -F /Users/chaalpritam/Library/Developer/Xcode/DerivedData/type-aackdwwuwxayolgleuusgbwkkpsp/Build/Products/Debug -no-color-diagnostics -enable-testing -g -debug-info-format\=dwarf -dwarf-version\=5 -module-cache-path /Users/chaalpritam/Library/Developer/Xcode/DerivedData/ModuleCache.noindex -profile-generate -profile-coverage-mapping -swift-version 5 -enforce-exclusivity\=checked -Onone -D DEBUG -serialize-debugging-options -const-gather-protocols-file /Users/chaalpritam/Library/Developer/Xcode/DerivedData/type-aackdwwuwxayolgleuusgbwkkpsp/Build/Intermediates.noindex/type.build/Debug/type.build/Objects-normal/x86_64/type_const_extract_protocols.json -enable-experimental-feature DebugDescriptionMacro -enable-experimental-feature OpaqueTypeErasure -enable-bare-slash-regex -empty-abi-descriptor -validate-clang-modules-once -clang-build-session-file /Users/chaalpritam/Library/Developer/Xcode/DerivedData/ModuleCache.noindex/Session.modulevalidation -Xcc -working-directory -Xcc /Users/chaalpritam/Blockbase/type -resource-dir /Applications/Xcode.app/Contents/Developer/Toolchains/XcodeDefault.xctoolchain/usr/lib/swift -enable-anonymous-context-mangled-names -file-compilation-dir /Users/chaalpritam/Blockbase/type -Xcc -D_LIBCPP_HARDENING_MODE\=_LIBCPP_HARDENING_MODE_DEBUG -Xcc -ivfsstatcache -Xcc /Users/chaalpritam/Library/Developer/Xcode/DerivedData/SDKStatCaches.noindex/macosx15.1-24B75-26c8390a7c93c703a57fb2538426748e.sdkstatcache -Xcc -I/Users/chaalpritam/Library/Developer/Xcode/DerivedData/type-aackdwwuwxayolgleuusgbwkkpsp/Build/Intermediates.noindex/type.build/Debug/type.build/swift-overrides.hmap -Xcc -iquote -Xcc /Users/chaalpritam/Library/Developer/Xcode/DerivedData/type-aackdwwuwxayolgleuusgbwkkpsp/Build/Intermediates.noindex/type.build/Debug/type.build/type-generated-files.hmap -Xcc -I/Users/chaalpritam/Library/Developer/Xcode/DerivedData/type-aackdwwuwxayolgleuusgbwkkpsp/Build/Intermediates.noindex/type.build/Debug/type.build/type-own-target-headers.hmap -Xcc -I/Users/chaalpritam/Library/Developer/Xcode/DerivedData/type-aackdwwuwxayolgleuusgbwkkpsp/Build/Intermediates.noindex/type.build/Debug/type.build/type-all-target-headers.hmap -Xcc -iquote -Xcc /Users/chaalpritam/Library/Developer/Xcode/DerivedData/type-aackdwwuwxayolgleuusgbwkkpsp/Build/Intermediates.noindex/type.build/Debug/type.build/type-project-headers.hmap -Xcc -I/Users/chaalpritam/Library/Developer/Xcode/DerivedData/type-aackdwwuwxayolgleuusgbwkkpsp/Build/Products/Debug/include -Xcc -I/Users/chaalpritam/Library/Developer/Xcode/DerivedData/type-aackdwwuwxayolgleuusgbwkkpsp/Build/Intermediates.noindex/type.build/Debug/type.build/DerivedSources-normal/x86_64 -Xcc -I/Users/chaalpritam/Library/Developer/Xcode/DerivedData/type-aackdwwuwxayolgleuusgbwkkpsp/Build/Intermediates.noindex/type.build/Debug/type.build/DerivedSources/x86_64 -Xcc -I/Users/chaalpritam/Library/Developer/Xcode/DerivedData/type-aackdwwuwxayolgleuusgbwkkpsp/Build/Intermediates.noindex/type.build/Debug/type.build/DerivedSources -Xcc -DDEBUG\=1 -module-name type -frontend-parseable-output -disable-clang-spi -target-sdk-version 15.1 -target-sdk-name macosx15.1 -external-plugin-path /Applications/Xcode.app/Contents/Developer/Platforms/MacOSX.platform/Developer/usr/lib/swift/host/plugins\#/Applications/Xcode.app/Contents/Developer/Platforms/MacOSX.platform/Developer/usr/bin/swift-plugin-server -external-plugin-path /Applications/Xcode.app/Contents/Developer/Platforms/MacOSX.platform/Developer/usr/local/lib/swift/host/plugins\#/Applications/Xcode.app/Contents/Developer/Platforms/MacOSX.platform/Developer/usr/bin/swift-plugin-server -plugin-path /Applications/Xcode.app/Contents/Developer/Toolchains/XcodeDefault.xctoolchain/usr/lib/swift/host/plugins -plugin-path /Applications/Xcode.app/Contents/Developer/Toolchains/XcodeDefault.xctoolchain/usr/local/lib/swift/host/plugins -o /Users/chaalpritam/Library/Developer/Xcode/DerivedData/type-aackdwwuwxayolgleuusgbwkkpsp/Build/Intermediates.noindex/type.build/Debug/type.build/Objects-normal/x86_64/FindReplaceView.o -o /Users/chaalpritam/Library/Developer/Xcode/DerivedData/type-aackdwwuwxayolgleuusgbwkkpsp/Build/Intermediates.noindex/type.build/Debug/type.build/Objects-normal/x86_64/FountainHelpView.o -o /Users/chaalpritam/Library/Developer/Xcode/DerivedData/type-aackdwwuwxayolgleuusgbwkkpsp/Build/Intermediates.noindex/type.build/Debug/type.build/Objects-normal/x86_64/FountainParser.o -o /Users/chaalpritam/Library/Developer/Xcode/DerivedData/type-aackdwwuwxayolgleuusgbwkkpsp/Build/Intermediates.noindex/type.build/Debug/type.build/Objects-normal/x86_64/FountainSyntaxHighlighter.o -o /Users/chaalpritam/Library/Developer/Xcode/DerivedData/type-aackdwwuwxayolgleuusgbwkkpsp/Build/Intermediates.noindex/type.build/Debug/type.build/Objects-normal/x86_64/FountainTemplate.o -o /Users/chaalpritam/Library/Developer/Xcode/DerivedData/type-aackdwwuwxayolgleuusgbwkkpsp/Build/Intermediates.noindex/type.build/Debug/type.build/Objects-normal/x86_64/FountainTextEditor.o -index-unit-output-path /type.build/Debug/type.build/Objects-normal/x86_64/FindReplaceView.o -index-unit-output-path /type.build/Debug/type.build/Objects-normal/x86_64/FountainHelpView.o -index-unit-output-path /type.build/Debug/type.build/Objects-normal/x86_64/FountainParser.o -index-unit-output-path /type.build/Debug/type.build/Objects-normal/x86_64/FountainSyntaxHighlighter.o -index-unit-output-path /type.build/Debug/type.build/Objects-normal/x86_64/FountainTemplate.o -index-unit-output-path /type.build/Debug/type.build/Objects-normal/x86_64/FountainTextEditor.o -index-store-path /Users/chaalpritam/Library/Developer/Xcode/DerivedData/type-aackdwwuwxayolgleuusgbwkkpsp/Index.noindex/DataStore -index-system-modules

SwiftCompile normal x86_64 /Users/chaalpritam/Blockbase/type/type/Features/Editor/FountainHelpView.swift (in target 'type' from project 'type')
    cd /Users/chaalpritam/Blockbase/type
    /Applications/Xcode.app/Contents/Developer/Toolchains/XcodeDefault.xctoolchain/usr/bin/swift-frontend -c /Users/chaalpritam/Blockbase/type/type/Core/AppCoordinator.swift /Users/chaalpritam/Blockbase/type/type/Core/ModuleCoordinator.swift /Users/chaalpritam/Blockbase/type/type/Data/CharacterModels.swift /Users/chaalpritam/Blockbase/type/type/Data/OutlineModels.swift /Users/chaalpritam/Blockbase/type/type/Data/SceneModels.swift /Users/chaalpritam/Blockbase/type/type/Data/ScreenplayDocument.swift /Users/chaalpritam/Blockbase/type/type/Data/TimelineModels.swift /Users/chaalpritam/Blockbase/type/type/Features/Characters/CharacterCoordinator.swift /Users/chaalpritam/Blockbase/type/type/Features/Characters/CharacterDatabase.swift /Users/chaalpritam/Blockbase/type/type/Features/Characters/CharacterDetailViews.swift /Users/chaalpritam/Blockbase/type/type/Features/Characters/CharacterDetailViews2.swift /Users/chaalpritam/Blockbase/type/type/Features/Characters/CharacterEditViews.swift /Users/chaalpritam/Blockbase/type/type/Features/Characters/CharacterViews.swift /Users/chaalpritam/Blockbase/type/type/Features/Collaboration/CollaborationCoordinator.swift /Users/chaalpritam/Blockbase/type/type/Features/Collaboration/CollaborationManager.swift /Users/chaalpritam/Blockbase/type/type/Features/Collaboration/CollaborationViews.swift /Users/chaalpritam/Blockbase/type/type/Features/Editor/AdvancedEditorFeatures.swift /Users/chaalpritam/Blockbase/type/type/Features/Editor/AutoCompletionManager.swift /Users/chaalpritam/Blockbase/type/type/Features/Editor/CodeFoldingManager.swift /Users/chaalpritam/Blockbase/type/type/Features/Editor/EditorCoordinator.swift /Users/chaalpritam/Blockbase/type/type/Features/Editor/EnhancedFountainTextEditor.swift -primary-file /Users/chaalpritam/Blockbase/type/type/Features/Editor/FindReplaceView.swift -primary-file /Users/chaalpritam/Blockbase/type/type/Features/Editor/FountainHelpView.swift -primary-file /Users/chaalpritam/Blockbase/type/type/Features/Editor/FountainParser.swift -primary-file /Users/chaalpritam/Blockbase/type/type/Features/Editor/FountainSyntaxHighlighter.swift -primary-file /Users/chaalpritam/Blockbase/type/type/Features/Editor/FountainTemplate.swift -primary-file /Users/chaalpritam/Blockbase/type/type/Features/Editor/FountainTextEditor.swift /Users/chaalpritam/Blockbase/type/type/Features/Editor/MinimapView.swift /Users/chaalpritam/Blockbase/type/type/Features/Editor/MultipleCursorsTextEditor.swift /Users/chaalpritam/Blockbase/type/type/Features/Editor/ScreenplayPreview.swift /Users/chaalpritam/Blockbase/type/type/Features/Editor/SmartFormattingManager.swift /Users/chaalpritam/Blockbase/type/type/Features/Editor/SpellCheckTextEditor.swift /Users/chaalpritam/Blockbase/type/type/Features/Editor/TextHistoryManager.swift /Users/chaalpritam/Blockbase/type/type/Features/File/FileCoordinator.swift /Users/chaalpritam/Blockbase/type/type/Features/Outline/OutlineCoordinator.swift /Users/chaalpritam/Blockbase/type/type/Features/Outline/OutlineDatabase.swift /Users/chaalpritam/Blockbase/type/type/Features/Outline/OutlineDetailViews.swift /Users/chaalpritam/Blockbase/type/type/Features/Outline/OutlineViews.swift /Users/chaalpritam/Blockbase/type/type/Features/Scenes/SceneDatabase.swift /Users/chaalpritam/Blockbase/type/type/Features/Scenes/SceneDetailViews.swift /Users/chaalpritam/Blockbase/type/type/Features/Scenes/SceneViews.swift /Users/chaalpritam/Blockbase/type/type/Features/StoryProtocol/StoryProtocolCoordinator.swift /Users/chaalpritam/Blockbase/type/type/Features/StoryProtocol/StoryProtocolViews.swift /Users/chaalpritam/Blockbase/type/type/Features/Timeline/TimelineDatabase.swift /Users/chaalpritam/Blockbase/type/type/Features/Timeline/TimelineViews.swift /Users/chaalpritam/Blockbase/type/type/Features/Welcome/WelcomeView.swift /Users/chaalpritam/Blockbase/type/type/Services/DocumentService.swift /Users/chaalpritam/Blockbase/type/type/Services/FileManagementService.swift /Users/chaalpritam/Blockbase/type/type/Services/FileManager.swift /Users/chaalpritam/Blockbase/type/type/Services/SettingsService.swift /Users/chaalpritam/Blockbase/type/type/Services/StatisticsService.swift /Users/chaalpritam/Blockbase/type/type/Services/StoryProtocolService.swift /Users/chaalpritam/Blockbase/type/type/Shared/ModalLayout.swift /Users/chaalpritam/Blockbase/type/type/UI/EnhancedAppleComponents.swift /Users/chaalpritam/Blockbase/type/type/UI/ModularAppView.swift /Users/chaalpritam/Blockbase/type/type/UI/TemplateSelectorView.swift /Users/chaalpritam/Blockbase/type/type/UI/TypeStyleAppView.swift /Users/chaalpritam/Blockbase/type/type/UI/TypeStyleComponents.swift /Users/chaalpritam/Blockbase/type/type/UI/TypeStyleTheme.swift /Users/chaalpritam/Blockbase/type/type/Utils/KeyboardShortcutsManager.swift /Users/chaalpritam/Blockbase/type/type/SceneEditViews.swift /Users/chaalpritam/Blockbase/type/type/typeApp.swift /Users/chaalpritam/Library/Developer/Xcode/DerivedData/type-aackdwwuwxayolgleuusgbwkkpsp/Build/Intermediates.noindex/type.build/Debug/type.build/DerivedSources/GeneratedAssetSymbols.swift -supplementary-output-file-map /Users/chaalpritam/Library/Developer/Xcode/DerivedData/type-aackdwwuwxayolgleuusgbwkkpsp/Build/Intermediates.noindex/type.build/Debug/type.build/Objects-normal/x86_64/supplementaryOutputs-4 -emit-localized-strings -emit-localized-strings-path /Users/chaalpritam/Library/Developer/Xcode/DerivedData/type-aackdwwuwxayolgleuusgbwkkpsp/Build/Intermediates.noindex/type.build/Debug/type.build/Objects-normal/x86_64 -target x86_64-apple-macos15.0 -enable-objc-interop -stack-check -sdk /Applications/Xcode.app/Contents/Developer/Platforms/MacOSX.platform/Developer/SDKs/MacOSX15.1.sdk -I /Users/chaalpritam/Library/Developer/Xcode/DerivedData/type-aackdwwuwxayolgleuusgbwkkpsp/Build/Products/Debug -F /Users/chaalpritam/Library/Developer/Xcode/DerivedData/type-aackdwwuwxayolgleuusgbwkkpsp/Build/Products/Debug -no-color-diagnostics -enable-testing -g -debug-info-format\=dwarf -dwarf-version\=5 -module-cache-path /Users/chaalpritam/Library/Developer/Xcode/DerivedData/ModuleCache.noindex -profile-generate -profile-coverage-mapping -swift-version 5 -enforce-exclusivity\=checked -Onone -D DEBUG -serialize-debugging-options -const-gather-protocols-file /Users/chaalpritam/Library/Developer/Xcode/DerivedData/type-aackdwwuwxayolgleuusgbwkkpsp/Build/Intermediates.noindex/type.build/Debug/type.build/Objects-normal/x86_64/type_const_extract_protocols.json -enable-experimental-feature DebugDescriptionMacro -enable-experimental-feature OpaqueTypeErasure -enable-bare-slash-regex -empty-abi-descriptor -validate-clang-modules-once -clang-build-session-file /Users/chaalpritam/Library/Developer/Xcode/DerivedData/ModuleCache.noindex/Session.modulevalidation -Xcc -working-directory -Xcc /Users/chaalpritam/Blockbase/type -resource-dir /Applications/Xcode.app/Contents/Developer/Toolchains/XcodeDefault.xctoolchain/usr/lib/swift -enable-anonymous-context-mangled-names -file-compilation-dir /Users/chaalpritam/Blockbase/type -Xcc -D_LIBCPP_HARDENING_MODE\=_LIBCPP_HARDENING_MODE_DEBUG -Xcc -ivfsstatcache -Xcc /Users/chaalpritam/Library/Developer/Xcode/DerivedData/SDKStatCaches.noindex/macosx15.1-24B75-26c8390a7c93c703a57fb2538426748e.sdkstatcache -Xcc -I/Users/chaalpritam/Library/Developer/Xcode/DerivedData/type-aackdwwuwxayolgleuusgbwkkpsp/Build/Intermediates.noindex/type.build/Debug/type.build/swift-overrides.hmap -Xcc -iquote -Xcc /Users/chaalpritam/Library/Developer/Xcode/DerivedData/type-aackdwwuwxayolgleuusgbwkkpsp/Build/Intermediates.noindex/type.build/Debug/type.build/type-generated-files.hmap -Xcc -I/Users/chaalpritam/Library/Developer/Xcode/DerivedData/type-aackdwwuwxayolgleuusgbwkkpsp/Build/Intermediates.noindex/type.build/Debug/type.build/type-own-target-headers.hmap -Xcc -I/Users/chaalpritam/Library/Developer/Xcode/DerivedData/type-aackdwwuwxayolgleuusgbwkkpsp/Build/Intermediates.noindex/type.build/Debug/type.build/type-all-target-headers.hmap -Xcc -iquote -Xcc /Users/chaalpritam/Library/Developer/Xcode/DerivedData/type-aackdwwuwxayolgleuusgbwkkpsp/Build/Intermediates.noindex/type.build/Debug/type.build/type-project-headers.hmap -Xcc -I/Users/chaalpritam/Library/Developer/Xcode/DerivedData/type-aackdwwuwxayolgleuusgbwkkpsp/Build/Products/Debug/include -Xcc -I/Users/chaalpritam/Library/Developer/Xcode/DerivedData/type-aackdwwuwxayolgleuusgbwkkpsp/Build/Intermediates.noindex/type.build/Debug/type.build/DerivedSources-normal/x86_64 -Xcc -I/Users/chaalpritam/Library/Developer/Xcode/DerivedData/type-aackdwwuwxayolgleuusgbwkkpsp/Build/Intermediates.noindex/type.build/Debug/type.build/DerivedSources/x86_64 -Xcc -I/Users/chaalpritam/Library/Developer/Xcode/DerivedData/type-aackdwwuwxayolgleuusgbwkkpsp/Build/Intermediates.noindex/type.build/Debug/type.build/DerivedSources -Xcc -DDEBUG\=1 -module-name type -frontend-parseable-output -disable-clang-spi -target-sdk-version 15.1 -target-sdk-name macosx15.1 -external-plugin-path /Applications/Xcode.app/Contents/Developer/Platforms/MacOSX.platform/Developer/usr/lib/swift/host/plugins\#/Applications/Xcode.app/Contents/Developer/Platforms/MacOSX.platform/Developer/usr/bin/swift-plugin-server -external-plugin-path /Applications/Xcode.app/Contents/Developer/Platforms/MacOSX.platform/Developer/usr/local/lib/swift/host/plugins\#/Applications/Xcode.app/Contents/Developer/Platforms/MacOSX.platform/Developer/usr/bin/swift-plugin-server -plugin-path /Applications/Xcode.app/Contents/Developer/Toolchains/XcodeDefault.xctoolchain/usr/lib/swift/host/plugins -plugin-path /Applications/Xcode.app/Contents/Developer/Toolchains/XcodeDefault.xctoolchain/usr/local/lib/swift/host/plugins -o /Users/chaalpritam/Library/Developer/Xcode/DerivedData/type-aackdwwuwxayolgleuusgbwkkpsp/Build/Intermediates.noindex/type.build/Debug/type.build/Objects-normal/x86_64/FindReplaceView.o -o /Users/chaalpritam/Library/Developer/Xcode/DerivedData/type-aackdwwuwxayolgleuusgbwkkpsp/Build/Intermediates.noindex/type.build/Debug/type.build/Objects-normal/x86_64/FountainHelpView.o -o /Users/chaalpritam/Library/Developer/Xcode/DerivedData/type-aackdwwuwxayolgleuusgbwkkpsp/Build/Intermediates.noindex/type.build/Debug/type.build/Objects-normal/x86_64/FountainParser.o -o /Users/chaalpritam/Library/Developer/Xcode/DerivedData/type-aackdwwuwxayolgleuusgbwkkpsp/Build/Intermediates.noindex/type.build/Debug/type.build/Objects-normal/x86_64/FountainSyntaxHighlighter.o -o /Users/chaalpritam/Library/Developer/Xcode/DerivedData/type-aackdwwuwxayolgleuusgbwkkpsp/Build/Intermediates.noindex/type.build/Debug/type.build/Objects-normal/x86_64/FountainTemplate.o -o /Users/chaalpritam/Library/Developer/Xcode/DerivedData/type-aackdwwuwxayolgleuusgbwkkpsp/Build/Intermediates.noindex/type.build/Debug/type.build/Objects-normal/x86_64/FountainTextEditor.o -index-unit-output-path /type.build/Debug/type.build/Objects-normal/x86_64/FindReplaceView.o -index-unit-output-path /type.build/Debug/type.build/Objects-normal/x86_64/FountainHelpView.o -index-unit-output-path /type.build/Debug/type.build/Objects-normal/x86_64/FountainParser.o -index-unit-output-path /type.build/Debug/type.build/Objects-normal/x86_64/FountainSyntaxHighlighter.o -index-unit-output-path /type.build/Debug/type.build/Objects-normal/x86_64/FountainTemplate.o -index-unit-output-path /type.build/Debug/type.build/Objects-normal/x86_64/FountainTextEditor.o -index-store-path /Users/chaalpritam/Library/Developer/Xcode/DerivedData/type-aackdwwuwxayolgleuusgbwkkpsp/Index.noindex/DataStore -index-system-modules

SwiftCompile normal x86_64 /Users/chaalpritam/Blockbase/type/type/Features/Editor/FountainParser.swift (in target 'type' from project 'type')
    cd /Users/chaalpritam/Blockbase/type
    /Applications/Xcode.app/Contents/Developer/Toolchains/XcodeDefault.xctoolchain/usr/bin/swift-frontend -c /Users/chaalpritam/Blockbase/type/type/Core/AppCoordinator.swift /Users/chaalpritam/Blockbase/type/type/Core/ModuleCoordinator.swift /Users/chaalpritam/Blockbase/type/type/Data/CharacterModels.swift /Users/chaalpritam/Blockbase/type/type/Data/OutlineModels.swift /Users/chaalpritam/Blockbase/type/type/Data/SceneModels.swift /Users/chaalpritam/Blockbase/type/type/Data/ScreenplayDocument.swift /Users/chaalpritam/Blockbase/type/type/Data/TimelineModels.swift /Users/chaalpritam/Blockbase/type/type/Features/Characters/CharacterCoordinator.swift /Users/chaalpritam/Blockbase/type/type/Features/Characters/CharacterDatabase.swift /Users/chaalpritam/Blockbase/type/type/Features/Characters/CharacterDetailViews.swift /Users/chaalpritam/Blockbase/type/type/Features/Characters/CharacterDetailViews2.swift /Users/chaalpritam/Blockbase/type/type/Features/Characters/CharacterEditViews.swift /Users/chaalpritam/Blockbase/type/type/Features/Characters/CharacterViews.swift /Users/chaalpritam/Blockbase/type/type/Features/Collaboration/CollaborationCoordinator.swift /Users/chaalpritam/Blockbase/type/type/Features/Collaboration/CollaborationManager.swift /Users/chaalpritam/Blockbase/type/type/Features/Collaboration/CollaborationViews.swift /Users/chaalpritam/Blockbase/type/type/Features/Editor/AdvancedEditorFeatures.swift /Users/chaalpritam/Blockbase/type/type/Features/Editor/AutoCompletionManager.swift /Users/chaalpritam/Blockbase/type/type/Features/Editor/CodeFoldingManager.swift /Users/chaalpritam/Blockbase/type/type/Features/Editor/EditorCoordinator.swift /Users/chaalpritam/Blockbase/type/type/Features/Editor/EnhancedFountainTextEditor.swift -primary-file /Users/chaalpritam/Blockbase/type/type/Features/Editor/FindReplaceView.swift -primary-file /Users/chaalpritam/Blockbase/type/type/Features/Editor/FountainHelpView.swift -primary-file /Users/chaalpritam/Blockbase/type/type/Features/Editor/FountainParser.swift -primary-file /Users/chaalpritam/Blockbase/type/type/Features/Editor/FountainSyntaxHighlighter.swift -primary-file /Users/chaalpritam/Blockbase/type/type/Features/Editor/FountainTemplate.swift -primary-file /Users/chaalpritam/Blockbase/type/type/Features/Editor/FountainTextEditor.swift /Users/chaalpritam/Blockbase/type/type/Features/Editor/MinimapView.swift /Users/chaalpritam/Blockbase/type/type/Features/Editor/MultipleCursorsTextEditor.swift /Users/chaalpritam/Blockbase/type/type/Features/Editor/ScreenplayPreview.swift /Users/chaalpritam/Blockbase/type/type/Features/Editor/SmartFormattingManager.swift /Users/chaalpritam/Blockbase/type/type/Features/Editor/SpellCheckTextEditor.swift /Users/chaalpritam/Blockbase/type/type/Features/Editor/TextHistoryManager.swift /Users/chaalpritam/Blockbase/type/type/Features/File/FileCoordinator.swift /Users/chaalpritam/Blockbase/type/type/Features/Outline/OutlineCoordinator.swift /Users/chaalpritam/Blockbase/type/type/Features/Outline/OutlineDatabase.swift /Users/chaalpritam/Blockbase/type/type/Features/Outline/OutlineDetailViews.swift /Users/chaalpritam/Blockbase/type/type/Features/Outline/OutlineViews.swift /Users/chaalpritam/Blockbase/type/type/Features/Scenes/SceneDatabase.swift /Users/chaalpritam/Blockbase/type/type/Features/Scenes/SceneDetailViews.swift /Users/chaalpritam/Blockbase/type/type/Features/Scenes/SceneViews.swift /Users/chaalpritam/Blockbase/type/type/Features/StoryProtocol/StoryProtocolCoordinator.swift /Users/chaalpritam/Blockbase/type/type/Features/StoryProtocol/StoryProtocolViews.swift /Users/chaalpritam/Blockbase/type/type/Features/Timeline/TimelineDatabase.swift /Users/chaalpritam/Blockbase/type/type/Features/Timeline/TimelineViews.swift /Users/chaalpritam/Blockbase/type/type/Features/Welcome/WelcomeView.swift /Users/chaalpritam/Blockbase/type/type/Services/DocumentService.swift /Users/chaalpritam/Blockbase/type/type/Services/FileManagementService.swift /Users/chaalpritam/Blockbase/type/type/Services/FileManager.swift /Users/chaalpritam/Blockbase/type/type/Services/SettingsService.swift /Users/chaalpritam/Blockbase/type/type/Services/StatisticsService.swift /Users/chaalpritam/Blockbase/type/type/Services/StoryProtocolService.swift /Users/chaalpritam/Blockbase/type/type/Shared/ModalLayout.swift /Users/chaalpritam/Blockbase/type/type/UI/EnhancedAppleComponents.swift /Users/chaalpritam/Blockbase/type/type/UI/ModularAppView.swift /Users/chaalpritam/Blockbase/type/type/UI/TemplateSelectorView.swift /Users/chaalpritam/Blockbase/type/type/UI/TypeStyleAppView.swift /Users/chaalpritam/Blockbase/type/type/UI/TypeStyleComponents.swift /Users/chaalpritam/Blockbase/type/type/UI/TypeStyleTheme.swift /Users/chaalpritam/Blockbase/type/type/Utils/KeyboardShortcutsManager.swift /Users/chaalpritam/Blockbase/type/type/SceneEditViews.swift /Users/chaalpritam/Blockbase/type/type/typeApp.swift /Users/chaalpritam/Library/Developer/Xcode/DerivedData/type-aackdwwuwxayolgleuusgbwkkpsp/Build/Intermediates.noindex/type.build/Debug/type.build/DerivedSources/GeneratedAssetSymbols.swift -supplementary-output-file-map /Users/chaalpritam/Library/Developer/Xcode/DerivedData/type-aackdwwuwxayolgleuusgbwkkpsp/Build/Intermediates.noindex/type.build/Debug/type.build/Objects-normal/x86_64/supplementaryOutputs-4 -emit-localized-strings -emit-localized-strings-path /Users/chaalpritam/Library/Developer/Xcode/DerivedData/type-aackdwwuwxayolgleuusgbwkkpsp/Build/Intermediates.noindex/type.build/Debug/type.build/Objects-normal/x86_64 -target x86_64-apple-macos15.0 -enable-objc-interop -stack-check -sdk /Applications/Xcode.app/Contents/Developer/Platforms/MacOSX.platform/Developer/SDKs/MacOSX15.1.sdk -I /Users/chaalpritam/Library/Developer/Xcode/DerivedData/type-aackdwwuwxayolgleuusgbwkkpsp/Build/Products/Debug -F /Users/chaalpritam/Library/Developer/Xcode/DerivedData/type-aackdwwuwxayolgleuusgbwkkpsp/Build/Products/Debug -no-color-diagnostics -enable-testing -g -debug-info-format\=dwarf -dwarf-version\=5 -module-cache-path /Users/chaalpritam/Library/Developer/Xcode/DerivedData/ModuleCache.noindex -profile-generate -profile-coverage-mapping -swift-version 5 -enforce-exclusivity\=checked -Onone -D DEBUG -serialize-debugging-options -const-gather-protocols-file /Users/chaalpritam/Library/Developer/Xcode/DerivedData/type-aackdwwuwxayolgleuusgbwkkpsp/Build/Intermediates.noindex/type.build/Debug/type.build/Objects-normal/x86_64/type_const_extract_protocols.json -enable-experimental-feature DebugDescriptionMacro -enable-experimental-feature OpaqueTypeErasure -enable-bare-slash-regex -empty-abi-descriptor -validate-clang-modules-once -clang-build-session-file /Users/chaalpritam/Library/Developer/Xcode/DerivedData/ModuleCache.noindex/Session.modulevalidation -Xcc -working-directory -Xcc /Users/chaalpritam/Blockbase/type -resource-dir /Applications/Xcode.app/Contents/Developer/Toolchains/XcodeDefault.xctoolchain/usr/lib/swift -enable-anonymous-context-mangled-names -file-compilation-dir /Users/chaalpritam/Blockbase/type -Xcc -D_LIBCPP_HARDENING_MODE\=_LIBCPP_HARDENING_MODE_DEBUG -Xcc -ivfsstatcache -Xcc /Users/chaalpritam/Library/Developer/Xcode/DerivedData/SDKStatCaches.noindex/macosx15.1-24B75-26c8390a7c93c703a57fb2538426748e.sdkstatcache -Xcc -I/Users/chaalpritam/Library/Developer/Xcode/DerivedData/type-aackdwwuwxayolgleuusgbwkkpsp/Build/Intermediates.noindex/type.build/Debug/type.build/swift-overrides.hmap -Xcc -iquote -Xcc /Users/chaalpritam/Library/Developer/Xcode/DerivedData/type-aackdwwuwxayolgleuusgbwkkpsp/Build/Intermediates.noindex/type.build/Debug/type.build/type-generated-files.hmap -Xcc -I/Users/chaalpritam/Library/Developer/Xcode/DerivedData/type-aackdwwuwxayolgleuusgbwkkpsp/Build/Intermediates.noindex/type.build/Debug/type.build/type-own-target-headers.hmap -Xcc -I/Users/chaalpritam/Library/Developer/Xcode/DerivedData/type-aackdwwuwxayolgleuusgbwkkpsp/Build/Intermediates.noindex/type.build/Debug/type.build/type-all-target-headers.hmap -Xcc -iquote -Xcc /Users/chaalpritam/Library/Developer/Xcode/DerivedData/type-aackdwwuwxayolgleuusgbwkkpsp/Build/Intermediates.noindex/type.build/Debug/type.build/type-project-headers.hmap -Xcc -I/Users/chaalpritam/Library/Developer/Xcode/DerivedData/type-aackdwwuwxayolgleuusgbwkkpsp/Build/Products/Debug/include -Xcc -I/Users/chaalpritam/Library/Developer/Xcode/DerivedData/type-aackdwwuwxayolgleuusgbwkkpsp/Build/Intermediates.noindex/type.build/Debug/type.build/DerivedSources-normal/x86_64 -Xcc -I/Users/chaalpritam/Library/Developer/Xcode/DerivedData/type-aackdwwuwxayolgleuusgbwkkpsp/Build/Intermediates.noindex/type.build/Debug/type.build/DerivedSources/x86_64 -Xcc -I/Users/chaalpritam/Library/Developer/Xcode/DerivedData/type-aackdwwuwxayolgleuusgbwkkpsp/Build/Intermediates.noindex/type.build/Debug/type.build/DerivedSources -Xcc -DDEBUG\=1 -module-name type -frontend-parseable-output -disable-clang-spi -target-sdk-version 15.1 -target-sdk-name macosx15.1 -external-plugin-path /Applications/Xcode.app/Contents/Developer/Platforms/MacOSX.platform/Developer/usr/lib/swift/host/plugins\#/Applications/Xcode.app/Contents/Developer/Platforms/MacOSX.platform/Developer/usr/bin/swift-plugin-server -external-plugin-path /Applications/Xcode.app/Contents/Developer/Platforms/MacOSX.platform/Developer/usr/local/lib/swift/host/plugins\#/Applications/Xcode.app/Contents/Developer/Platforms/MacOSX.platform/Developer/usr/bin/swift-plugin-server -plugin-path /Applications/Xcode.app/Contents/Developer/Toolchains/XcodeDefault.xctoolchain/usr/lib/swift/host/plugins -plugin-path /Applications/Xcode.app/Contents/Developer/Toolchains/XcodeDefault.xctoolchain/usr/local/lib/swift/host/plugins -o /Users/chaalpritam/Library/Developer/Xcode/DerivedData/type-aackdwwuwxayolgleuusgbwkkpsp/Build/Intermediates.noindex/type.build/Debug/type.build/Objects-normal/x86_64/FindReplaceView.o -o /Users/chaalpritam/Library/Developer/Xcode/DerivedData/type-aackdwwuwxayolgleuusgbwkkpsp/Build/Intermediates.noindex/type.build/Debug/type.build/Objects-normal/x86_64/FountainHelpView.o -o /Users/chaalpritam/Library/Developer/Xcode/DerivedData/type-aackdwwuwxayolgleuusgbwkkpsp/Build/Intermediates.noindex/type.build/Debug/type.build/Objects-normal/x86_64/FountainParser.o -o /Users/chaalpritam/Library/Developer/Xcode/DerivedData/type-aackdwwuwxayolgleuusgbwkkpsp/Build/Intermediates.noindex/type.build/Debug/type.build/Objects-normal/x86_64/FountainSyntaxHighlighter.o -o /Users/chaalpritam/Library/Developer/Xcode/DerivedData/type-aackdwwuwxayolgleuusgbwkkpsp/Build/Intermediates.noindex/type.build/Debug/type.build/Objects-normal/x86_64/FountainTemplate.o -o /Users/chaalpritam/Library/Developer/Xcode/DerivedData/type-aackdwwuwxayolgleuusgbwkkpsp/Build/Intermediates.noindex/type.build/Debug/type.build/Objects-normal/x86_64/FountainTextEditor.o -index-unit-output-path /type.build/Debug/type.build/Objects-normal/x86_64/FindReplaceView.o -index-unit-output-path /type.build/Debug/type.build/Objects-normal/x86_64/FountainHelpView.o -index-unit-output-path /type.build/Debug/type.build/Objects-normal/x86_64/FountainParser.o -index-unit-output-path /type.build/Debug/type.build/Objects-normal/x86_64/FountainSyntaxHighlighter.o -index-unit-output-path /type.build/Debug/type.build/Objects-normal/x86_64/FountainTemplate.o -index-unit-output-path /type.build/Debug/type.build/Objects-normal/x86_64/FountainTextEditor.o -index-store-path /Users/chaalpritam/Library/Developer/Xcode/DerivedData/type-aackdwwuwxayolgleuusgbwkkpsp/Index.noindex/DataStore -index-system-modules

SwiftCompile normal x86_64 /Users/chaalpritam/Blockbase/type/type/Features/Editor/FountainSyntaxHighlighter.swift (in target 'type' from project 'type')
    cd /Users/chaalpritam/Blockbase/type
    /Applications/Xcode.app/Contents/Developer/Toolchains/XcodeDefault.xctoolchain/usr/bin/swift-frontend -c /Users/chaalpritam/Blockbase/type/type/Core/AppCoordinator.swift /Users/chaalpritam/Blockbase/type/type/Core/ModuleCoordinator.swift /Users/chaalpritam/Blockbase/type/type/Data/CharacterModels.swift /Users/chaalpritam/Blockbase/type/type/Data/OutlineModels.swift /Users/chaalpritam/Blockbase/type/type/Data/SceneModels.swift /Users/chaalpritam/Blockbase/type/type/Data/ScreenplayDocument.swift /Users/chaalpritam/Blockbase/type/type/Data/TimelineModels.swift /Users/chaalpritam/Blockbase/type/type/Features/Characters/CharacterCoordinator.swift /Users/chaalpritam/Blockbase/type/type/Features/Characters/CharacterDatabase.swift /Users/chaalpritam/Blockbase/type/type/Features/Characters/CharacterDetailViews.swift /Users/chaalpritam/Blockbase/type/type/Features/Characters/CharacterDetailViews2.swift /Users/chaalpritam/Blockbase/type/type/Features/Characters/CharacterEditViews.swift /Users/chaalpritam/Blockbase/type/type/Features/Characters/CharacterViews.swift /Users/chaalpritam/Blockbase/type/type/Features/Collaboration/CollaborationCoordinator.swift /Users/chaalpritam/Blockbase/type/type/Features/Collaboration/CollaborationManager.swift /Users/chaalpritam/Blockbase/type/type/Features/Collaboration/CollaborationViews.swift /Users/chaalpritam/Blockbase/type/type/Features/Editor/AdvancedEditorFeatures.swift /Users/chaalpritam/Blockbase/type/type/Features/Editor/AutoCompletionManager.swift /Users/chaalpritam/Blockbase/type/type/Features/Editor/CodeFoldingManager.swift /Users/chaalpritam/Blockbase/type/type/Features/Editor/EditorCoordinator.swift /Users/chaalpritam/Blockbase/type/type/Features/Editor/EnhancedFountainTextEditor.swift -primary-file /Users/chaalpritam/Blockbase/type/type/Features/Editor/FindReplaceView.swift -primary-file /Users/chaalpritam/Blockbase/type/type/Features/Editor/FountainHelpView.swift -primary-file /Users/chaalpritam/Blockbase/type/type/Features/Editor/FountainParser.swift -primary-file /Users/chaalpritam/Blockbase/type/type/Features/Editor/FountainSyntaxHighlighter.swift -primary-file /Users/chaalpritam/Blockbase/type/type/Features/Editor/FountainTemplate.swift -primary-file /Users/chaalpritam/Blockbase/type/type/Features/Editor/FountainTextEditor.swift /Users/chaalpritam/Blockbase/type/type/Features/Editor/MinimapView.swift /Users/chaalpritam/Blockbase/type/type/Features/Editor/MultipleCursorsTextEditor.swift /Users/chaalpritam/Blockbase/type/type/Features/Editor/ScreenplayPreview.swift /Users/chaalpritam/Blockbase/type/type/Features/Editor/SmartFormattingManager.swift /Users/chaalpritam/Blockbase/type/type/Features/Editor/SpellCheckTextEditor.swift /Users/chaalpritam/Blockbase/type/type/Features/Editor/TextHistoryManager.swift /Users/chaalpritam/Blockbase/type/type/Features/File/FileCoordinator.swift /Users/chaalpritam/Blockbase/type/type/Features/Outline/OutlineCoordinator.swift /Users/chaalpritam/Blockbase/type/type/Features/Outline/OutlineDatabase.swift /Users/chaalpritam/Blockbase/type/type/Features/Outline/OutlineDetailViews.swift /Users/chaalpritam/Blockbase/type/type/Features/Outline/OutlineViews.swift /Users/chaalpritam/Blockbase/type/type/Features/Scenes/SceneDatabase.swift /Users/chaalpritam/Blockbase/type/type/Features/Scenes/SceneDetailViews.swift /Users/chaalpritam/Blockbase/type/type/Features/Scenes/SceneViews.swift /Users/chaalpritam/Blockbase/type/type/Features/StoryProtocol/StoryProtocolCoordinator.swift /Users/chaalpritam/Blockbase/type/type/Features/StoryProtocol/StoryProtocolViews.swift /Users/chaalpritam/Blockbase/type/type/Features/Timeline/TimelineDatabase.swift /Users/chaalpritam/Blockbase/type/type/Features/Timeline/TimelineViews.swift /Users/chaalpritam/Blockbase/type/type/Features/Welcome/WelcomeView.swift /Users/chaalpritam/Blockbase/type/type/Services/DocumentService.swift /Users/chaalpritam/Blockbase/type/type/Services/FileManagementService.swift /Users/chaalpritam/Blockbase/type/type/Services/FileManager.swift /Users/chaalpritam/Blockbase/type/type/Services/SettingsService.swift /Users/chaalpritam/Blockbase/type/type/Services/StatisticsService.swift /Users/chaalpritam/Blockbase/type/type/Services/StoryProtocolService.swift /Users/chaalpritam/Blockbase/type/type/Shared/ModalLayout.swift /Users/chaalpritam/Blockbase/type/type/UI/EnhancedAppleComponents.swift /Users/chaalpritam/Blockbase/type/type/UI/ModularAppView.swift /Users/chaalpritam/Blockbase/type/type/UI/TemplateSelectorView.swift /Users/chaalpritam/Blockbase/type/type/UI/TypeStyleAppView.swift /Users/chaalpritam/Blockbase/type/type/UI/TypeStyleComponents.swift /Users/chaalpritam/Blockbase/type/type/UI/TypeStyleTheme.swift /Users/chaalpritam/Blockbase/type/type/Utils/KeyboardShortcutsManager.swift /Users/chaalpritam/Blockbase/type/type/SceneEditViews.swift /Users/chaalpritam/Blockbase/type/type/typeApp.swift /Users/chaalpritam/Library/Developer/Xcode/DerivedData/type-aackdwwuwxayolgleuusgbwkkpsp/Build/Intermediates.noindex/type.build/Debug/type.build/DerivedSources/GeneratedAssetSymbols.swift -supplementary-output-file-map /Users/chaalpritam/Library/Developer/Xcode/DerivedData/type-aackdwwuwxayolgleuusgbwkkpsp/Build/Intermediates.noindex/type.build/Debug/type.build/Objects-normal/x86_64/supplementaryOutputs-4 -emit-localized-strings -emit-localized-strings-path /Users/chaalpritam/Library/Developer/Xcode/DerivedData/type-aackdwwuwxayolgleuusgbwkkpsp/Build/Intermediates.noindex/type.build/Debug/type.build/Objects-normal/x86_64 -target x86_64-apple-macos15.0 -enable-objc-interop -stack-check -sdk /Applications/Xcode.app/Contents/Developer/Platforms/MacOSX.platform/Developer/SDKs/MacOSX15.1.sdk -I /Users/chaalpritam/Library/Developer/Xcode/DerivedData/type-aackdwwuwxayolgleuusgbwkkpsp/Build/Products/Debug -F /Users/chaalpritam/Library/Developer/Xcode/DerivedData/type-aackdwwuwxayolgleuusgbwkkpsp/Build/Products/Debug -no-color-diagnostics -enable-testing -g -debug-info-format\=dwarf -dwarf-version\=5 -module-cache-path /Users/chaalpritam/Library/Developer/Xcode/DerivedData/ModuleCache.noindex -profile-generate -profile-coverage-mapping -swift-version 5 -enforce-exclusivity\=checked -Onone -D DEBUG -serialize-debugging-options -const-gather-protocols-file /Users/chaalpritam/Library/Developer/Xcode/DerivedData/type-aackdwwuwxayolgleuusgbwkkpsp/Build/Intermediates.noindex/type.build/Debug/type.build/Objects-normal/x86_64/type_const_extract_protocols.json -enable-experimental-feature DebugDescriptionMacro -enable-experimental-feature OpaqueTypeErasure -enable-bare-slash-regex -empty-abi-descriptor -validate-clang-modules-once -clang-build-session-file /Users/chaalpritam/Library/Developer/Xcode/DerivedData/ModuleCache.noindex/Session.modulevalidation -Xcc -working-directory -Xcc /Users/chaalpritam/Blockbase/type -resource-dir /Applications/Xcode.app/Contents/Developer/Toolchains/XcodeDefault.xctoolchain/usr/lib/swift -enable-anonymous-context-mangled-names -file-compilation-dir /Users/chaalpritam/Blockbase/type -Xcc -D_LIBCPP_HARDENING_MODE\=_LIBCPP_HARDENING_MODE_DEBUG -Xcc -ivfsstatcache -Xcc /Users/chaalpritam/Library/Developer/Xcode/DerivedData/SDKStatCaches.noindex/macosx15.1-24B75-26c8390a7c93c703a57fb2538426748e.sdkstatcache -Xcc -I/Users/chaalpritam/Library/Developer/Xcode/DerivedData/type-aackdwwuwxayolgleuusgbwkkpsp/Build/Intermediates.noindex/type.build/Debug/type.build/swift-overrides.hmap -Xcc -iquote -Xcc /Users/chaalpritam/Library/Developer/Xcode/DerivedData/type-aackdwwuwxayolgleuusgbwkkpsp/Build/Intermediates.noindex/type.build/Debug/type.build/type-generated-files.hmap -Xcc -I/Users/chaalpritam/Library/Developer/Xcode/DerivedData/type-aackdwwuwxayolgleuusgbwkkpsp/Build/Intermediates.noindex/type.build/Debug/type.build/type-own-target-headers.hmap -Xcc -I/Users/chaalpritam/Library/Developer/Xcode/DerivedData/type-aackdwwuwxayolgleuusgbwkkpsp/Build/Intermediates.noindex/type.build/Debug/type.build/type-all-target-headers.hmap -Xcc -iquote -Xcc /Users/chaalpritam/Library/Developer/Xcode/DerivedData/type-aackdwwuwxayolgleuusgbwkkpsp/Build/Intermediates.noindex/type.build/Debug/type.build/type-project-headers.hmap -Xcc -I/Users/chaalpritam/Library/Developer/Xcode/DerivedData/type-aackdwwuwxayolgleuusgbwkkpsp/Build/Products/Debug/include -Xcc -I/Users/chaalpritam/Library/Developer/Xcode/DerivedData/type-aackdwwuwxayolgleuusgbwkkpsp/Build/Intermediates.noindex/type.build/Debug/type.build/DerivedSources-normal/x86_64 -Xcc -I/Users/chaalpritam/Library/Developer/Xcode/DerivedData/type-aackdwwuwxayolgleuusgbwkkpsp/Build/Intermediates.noindex/type.build/Debug/type.build/DerivedSources/x86_64 -Xcc -I/Users/chaalpritam/Library/Developer/Xcode/DerivedData/type-aackdwwuwxayolgleuusgbwkkpsp/Build/Intermediates.noindex/type.build/Debug/type.build/DerivedSources -Xcc -DDEBUG\=1 -module-name type -frontend-parseable-output -disable-clang-spi -target-sdk-version 15.1 -target-sdk-name macosx15.1 -external-plugin-path /Applications/Xcode.app/Contents/Developer/Platforms/MacOSX.platform/Developer/usr/lib/swift/host/plugins\#/Applications/Xcode.app/Contents/Developer/Platforms/MacOSX.platform/Developer/usr/bin/swift-plugin-server -external-plugin-path /Applications/Xcode.app/Contents/Developer/Platforms/MacOSX.platform/Developer/usr/local/lib/swift/host/plugins\#/Applications/Xcode.app/Contents/Developer/Platforms/MacOSX.platform/Developer/usr/bin/swift-plugin-server -plugin-path /Applications/Xcode.app/Contents/Developer/Toolchains/XcodeDefault.xctoolchain/usr/lib/swift/host/plugins -plugin-path /Applications/Xcode.app/Contents/Developer/Toolchains/XcodeDefault.xctoolchain/usr/local/lib/swift/host/plugins -o /Users/chaalpritam/Library/Developer/Xcode/DerivedData/type-aackdwwuwxayolgleuusgbwkkpsp/Build/Intermediates.noindex/type.build/Debug/type.build/Objects-normal/x86_64/FindReplaceView.o -o /Users/chaalpritam/Library/Developer/Xcode/DerivedData/type-aackdwwuwxayolgleuusgbwkkpsp/Build/Intermediates.noindex/type.build/Debug/type.build/Objects-normal/x86_64/FountainHelpView.o -o /Users/chaalpritam/Library/Developer/Xcode/DerivedData/type-aackdwwuwxayolgleuusgbwkkpsp/Build/Intermediates.noindex/type.build/Debug/type.build/Objects-normal/x86_64/FountainParser.o -o /Users/chaalpritam/Library/Developer/Xcode/DerivedData/type-aackdwwuwxayolgleuusgbwkkpsp/Build/Intermediates.noindex/type.build/Debug/type.build/Objects-normal/x86_64/FountainSyntaxHighlighter.o -o /Users/chaalpritam/Library/Developer/Xcode/DerivedData/type-aackdwwuwxayolgleuusgbwkkpsp/Build/Intermediates.noindex/type.build/Debug/type.build/Objects-normal/x86_64/FountainTemplate.o -o /Users/chaalpritam/Library/Developer/Xcode/DerivedData/type-aackdwwuwxayolgleuusgbwkkpsp/Build/Intermediates.noindex/type.build/Debug/type.build/Objects-normal/x86_64/FountainTextEditor.o -index-unit-output-path /type.build/Debug/type.build/Objects-normal/x86_64/FindReplaceView.o -index-unit-output-path /type.build/Debug/type.build/Objects-normal/x86_64/FountainHelpView.o -index-unit-output-path /type.build/Debug/type.build/Objects-normal/x86_64/FountainParser.o -index-unit-output-path /type.build/Debug/type.build/Objects-normal/x86_64/FountainSyntaxHighlighter.o -index-unit-output-path /type.build/Debug/type.build/Objects-normal/x86_64/FountainTemplate.o -index-unit-output-path /type.build/Debug/type.build/Objects-normal/x86_64/FountainTextEditor.o -index-store-path /Users/chaalpritam/Library/Developer/Xcode/DerivedData/type-aackdwwuwxayolgleuusgbwkkpsp/Index.noindex/DataStore -index-system-modules

SwiftCompile normal x86_64 /Users/chaalpritam/Blockbase/type/type/Features/Editor/FountainTemplate.swift (in target 'type' from project 'type')
    cd /Users/chaalpritam/Blockbase/type
    /Applications/Xcode.app/Contents/Developer/Toolchains/XcodeDefault.xctoolchain/usr/bin/swift-frontend -c /Users/chaalpritam/Blockbase/type/type/Core/AppCoordinator.swift /Users/chaalpritam/Blockbase/type/type/Core/ModuleCoordinator.swift /Users/chaalpritam/Blockbase/type/type/Data/CharacterModels.swift /Users/chaalpritam/Blockbase/type/type/Data/OutlineModels.swift /Users/chaalpritam/Blockbase/type/type/Data/SceneModels.swift /Users/chaalpritam/Blockbase/type/type/Data/ScreenplayDocument.swift /Users/chaalpritam/Blockbase/type/type/Data/TimelineModels.swift /Users/chaalpritam/Blockbase/type/type/Features/Characters/CharacterCoordinator.swift /Users/chaalpritam/Blockbase/type/type/Features/Characters/CharacterDatabase.swift /Users/chaalpritam/Blockbase/type/type/Features/Characters/CharacterDetailViews.swift /Users/chaalpritam/Blockbase/type/type/Features/Characters/CharacterDetailViews2.swift /Users/chaalpritam/Blockbase/type/type/Features/Characters/CharacterEditViews.swift /Users/chaalpritam/Blockbase/type/type/Features/Characters/CharacterViews.swift /Users/chaalpritam/Blockbase/type/type/Features/Collaboration/CollaborationCoordinator.swift /Users/chaalpritam/Blockbase/type/type/Features/Collaboration/CollaborationManager.swift /Users/chaalpritam/Blockbase/type/type/Features/Collaboration/CollaborationViews.swift /Users/chaalpritam/Blockbase/type/type/Features/Editor/AdvancedEditorFeatures.swift /Users/chaalpritam/Blockbase/type/type/Features/Editor/AutoCompletionManager.swift /Users/chaalpritam/Blockbase/type/type/Features/Editor/CodeFoldingManager.swift /Users/chaalpritam/Blockbase/type/type/Features/Editor/EditorCoordinator.swift /Users/chaalpritam/Blockbase/type/type/Features/Editor/EnhancedFountainTextEditor.swift -primary-file /Users/chaalpritam/Blockbase/type/type/Features/Editor/FindReplaceView.swift -primary-file /Users/chaalpritam/Blockbase/type/type/Features/Editor/FountainHelpView.swift -primary-file /Users/chaalpritam/Blockbase/type/type/Features/Editor/FountainParser.swift -primary-file /Users/chaalpritam/Blockbase/type/type/Features/Editor/FountainSyntaxHighlighter.swift -primary-file /Users/chaalpritam/Blockbase/type/type/Features/Editor/FountainTemplate.swift -primary-file /Users/chaalpritam/Blockbase/type/type/Features/Editor/FountainTextEditor.swift /Users/chaalpritam/Blockbase/type/type/Features/Editor/MinimapView.swift /Users/chaalpritam/Blockbase/type/type/Features/Editor/MultipleCursorsTextEditor.swift /Users/chaalpritam/Blockbase/type/type/Features/Editor/ScreenplayPreview.swift /Users/chaalpritam/Blockbase/type/type/Features/Editor/SmartFormattingManager.swift /Users/chaalpritam/Blockbase/type/type/Features/Editor/SpellCheckTextEditor.swift /Users/chaalpritam/Blockbase/type/type/Features/Editor/TextHistoryManager.swift /Users/chaalpritam/Blockbase/type/type/Features/File/FileCoordinator.swift /Users/chaalpritam/Blockbase/type/type/Features/Outline/OutlineCoordinator.swift /Users/chaalpritam/Blockbase/type/type/Features/Outline/OutlineDatabase.swift /Users/chaalpritam/Blockbase/type/type/Features/Outline/OutlineDetailViews.swift /Users/chaalpritam/Blockbase/type/type/Features/Outline/OutlineViews.swift /Users/chaalpritam/Blockbase/type/type/Features/Scenes/SceneDatabase.swift /Users/chaalpritam/Blockbase/type/type/Features/Scenes/SceneDetailViews.swift /Users/chaalpritam/Blockbase/type/type/Features/Scenes/SceneViews.swift /Users/chaalpritam/Blockbase/type/type/Features/StoryProtocol/StoryProtocolCoordinator.swift /Users/chaalpritam/Blockbase/type/type/Features/StoryProtocol/StoryProtocolViews.swift /Users/chaalpritam/Blockbase/type/type/Features/Timeline/TimelineDatabase.swift /Users/chaalpritam/Blockbase/type/type/Features/Timeline/TimelineViews.swift /Users/chaalpritam/Blockbase/type/type/Features/Welcome/WelcomeView.swift /Users/chaalpritam/Blockbase/type/type/Services/DocumentService.swift /Users/chaalpritam/Blockbase/type/type/Services/FileManagementService.swift /Users/chaalpritam/Blockbase/type/type/Services/FileManager.swift /Users/chaalpritam/Blockbase/type/type/Services/SettingsService.swift /Users/chaalpritam/Blockbase/type/type/Services/StatisticsService.swift /Users/chaalpritam/Blockbase/type/type/Services/StoryProtocolService.swift /Users/chaalpritam/Blockbase/type/type/Shared/ModalLayout.swift /Users/chaalpritam/Blockbase/type/type/UI/EnhancedAppleComponents.swift /Users/chaalpritam/Blockbase/type/type/UI/ModularAppView.swift /Users/chaalpritam/Blockbase/type/type/UI/TemplateSelectorView.swift /Users/chaalpritam/Blockbase/type/type/UI/TypeStyleAppView.swift /Users/chaalpritam/Blockbase/type/type/UI/TypeStyleComponents.swift /Users/chaalpritam/Blockbase/type/type/UI/TypeStyleTheme.swift /Users/chaalpritam/Blockbase/type/type/Utils/KeyboardShortcutsManager.swift /Users/chaalpritam/Blockbase/type/type/SceneEditViews.swift /Users/chaalpritam/Blockbase/type/type/typeApp.swift /Users/chaalpritam/Library/Developer/Xcode/DerivedData/type-aackdwwuwxayolgleuusgbwkkpsp/Build/Intermediates.noindex/type.build/Debug/type.build/DerivedSources/GeneratedAssetSymbols.swift -supplementary-output-file-map /Users/chaalpritam/Library/Developer/Xcode/DerivedData/type-aackdwwuwxayolgleuusgbwkkpsp/Build/Intermediates.noindex/type.build/Debug/type.build/Objects-normal/x86_64/supplementaryOutputs-4 -emit-localized-strings -emit-localized-strings-path /Users/chaalpritam/Library/Developer/Xcode/DerivedData/type-aackdwwuwxayolgleuusgbwkkpsp/Build/Intermediates.noindex/type.build/Debug/type.build/Objects-normal/x86_64 -target x86_64-apple-macos15.0 -enable-objc-interop -stack-check -sdk /Applications/Xcode.app/Contents/Developer/Platforms/MacOSX.platform/Developer/SDKs/MacOSX15.1.sdk -I /Users/chaalpritam/Library/Developer/Xcode/DerivedData/type-aackdwwuwxayolgleuusgbwkkpsp/Build/Products/Debug -F /Users/chaalpritam/Library/Developer/Xcode/DerivedData/type-aackdwwuwxayolgleuusgbwkkpsp/Build/Products/Debug -no-color-diagnostics -enable-testing -g -debug-info-format\=dwarf -dwarf-version\=5 -module-cache-path /Users/chaalpritam/Library/Developer/Xcode/DerivedData/ModuleCache.noindex -profile-generate -profile-coverage-mapping -swift-version 5 -enforce-exclusivity\=checked -Onone -D DEBUG -serialize-debugging-options -const-gather-protocols-file /Users/chaalpritam/Library/Developer/Xcode/DerivedData/type-aackdwwuwxayolgleuusgbwkkpsp/Build/Intermediates.noindex/type.build/Debug/type.build/Objects-normal/x86_64/type_const_extract_protocols.json -enable-experimental-feature DebugDescriptionMacro -enable-experimental-feature OpaqueTypeErasure -enable-bare-slash-regex -empty-abi-descriptor -validate-clang-modules-once -clang-build-session-file /Users/chaalpritam/Library/Developer/Xcode/DerivedData/ModuleCache.noindex/Session.modulevalidation -Xcc -working-directory -Xcc /Users/chaalpritam/Blockbase/type -resource-dir /Applications/Xcode.app/Contents/Developer/Toolchains/XcodeDefault.xctoolchain/usr/lib/swift -enable-anonymous-context-mangled-names -file-compilation-dir /Users/chaalpritam/Blockbase/type -Xcc -D_LIBCPP_HARDENING_MODE\=_LIBCPP_HARDENING_MODE_DEBUG -Xcc -ivfsstatcache -Xcc /Users/chaalpritam/Library/Developer/Xcode/DerivedData/SDKStatCaches.noindex/macosx15.1-24B75-26c8390a7c93c703a57fb2538426748e.sdkstatcache -Xcc -I/Users/chaalpritam/Library/Developer/Xcode/DerivedData/type-aackdwwuwxayolgleuusgbwkkpsp/Build/Intermediates.noindex/type.build/Debug/type.build/swift-overrides.hmap -Xcc -iquote -Xcc /Users/chaalpritam/Library/Developer/Xcode/DerivedData/type-aackdwwuwxayolgleuusgbwkkpsp/Build/Intermediates.noindex/type.build/Debug/type.build/type-generated-files.hmap -Xcc -I/Users/chaalpritam/Library/Developer/Xcode/DerivedData/type-aackdwwuwxayolgleuusgbwkkpsp/Build/Intermediates.noindex/type.build/Debug/type.build/type-own-target-headers.hmap -Xcc -I/Users/chaalpritam/Library/Developer/Xcode/DerivedData/type-aackdwwuwxayolgleuusgbwkkpsp/Build/Intermediates.noindex/type.build/Debug/type.build/type-all-target-headers.hmap -Xcc -iquote -Xcc /Users/chaalpritam/Library/Developer/Xcode/DerivedData/type-aackdwwuwxayolgleuusgbwkkpsp/Build/Intermediates.noindex/type.build/Debug/type.build/type-project-headers.hmap -Xcc -I/Users/chaalpritam/Library/Developer/Xcode/DerivedData/type-aackdwwuwxayolgleuusgbwkkpsp/Build/Products/Debug/include -Xcc -I/Users/chaalpritam/Library/Developer/Xcode/DerivedData/type-aackdwwuwxayolgleuusgbwkkpsp/Build/Intermediates.noindex/type.build/Debug/type.build/DerivedSources-normal/x86_64 -Xcc -I/Users/chaalpritam/Library/Developer/Xcode/DerivedData/type-aackdwwuwxayolgleuusgbwkkpsp/Build/Intermediates.noindex/type.build/Debug/type.build/DerivedSources/x86_64 -Xcc -I/Users/chaalpritam/Library/Developer/Xcode/DerivedData/type-aackdwwuwxayolgleuusgbwkkpsp/Build/Intermediates.noindex/type.build/Debug/type.build/DerivedSources -Xcc -DDEBUG\=1 -module-name type -frontend-parseable-output -disable-clang-spi -target-sdk-version 15.1 -target-sdk-name macosx15.1 -external-plugin-path /Applications/Xcode.app/Contents/Developer/Platforms/MacOSX.platform/Developer/usr/lib/swift/host/plugins\#/Applications/Xcode.app/Contents/Developer/Platforms/MacOSX.platform/Developer/usr/bin/swift-plugin-server -external-plugin-path /Applications/Xcode.app/Contents/Developer/Platforms/MacOSX.platform/Developer/usr/local/lib/swift/host/plugins\#/Applications/Xcode.app/Contents/Developer/Platforms/MacOSX.platform/Developer/usr/bin/swift-plugin-server -plugin-path /Applications/Xcode.app/Contents/Developer/Toolchains/XcodeDefault.xctoolchain/usr/lib/swift/host/plugins -plugin-path /Applications/Xcode.app/Contents/Developer/Toolchains/XcodeDefault.xctoolchain/usr/local/lib/swift/host/plugins -o /Users/chaalpritam/Library/Developer/Xcode/DerivedData/type-aackdwwuwxayolgleuusgbwkkpsp/Build/Intermediates.noindex/type.build/Debug/type.build/Objects-normal/x86_64/FindReplaceView.o -o /Users/chaalpritam/Library/Developer/Xcode/DerivedData/type-aackdwwuwxayolgleuusgbwkkpsp/Build/Intermediates.noindex/type.build/Debug/type.build/Objects-normal/x86_64/FountainHelpView.o -o /Users/chaalpritam/Library/Developer/Xcode/DerivedData/type-aackdwwuwxayolgleuusgbwkkpsp/Build/Intermediates.noindex/type.build/Debug/type.build/Objects-normal/x86_64/FountainParser.o -o /Users/chaalpritam/Library/Developer/Xcode/DerivedData/type-aackdwwuwxayolgleuusgbwkkpsp/Build/Intermediates.noindex/type.build/Debug/type.build/Objects-normal/x86_64/FountainSyntaxHighlighter.o -o /Users/chaalpritam/Library/Developer/Xcode/DerivedData/type-aackdwwuwxayolgleuusgbwkkpsp/Build/Intermediates.noindex/type.build/Debug/type.build/Objects-normal/x86_64/FountainTemplate.o -o /Users/chaalpritam/Library/Developer/Xcode/DerivedData/type-aackdwwuwxayolgleuusgbwkkpsp/Build/Intermediates.noindex/type.build/Debug/type.build/Objects-normal/x86_64/FountainTextEditor.o -index-unit-output-path /type.build/Debug/type.build/Objects-normal/x86_64/FindReplaceView.o -index-unit-output-path /type.build/Debug/type.build/Objects-normal/x86_64/FountainHelpView.o -index-unit-output-path /type.build/Debug/type.build/Objects-normal/x86_64/FountainParser.o -index-unit-output-path /type.build/Debug/type.build/Objects-normal/x86_64/FountainSyntaxHighlighter.o -index-unit-output-path /type.build/Debug/type.build/Objects-normal/x86_64/FountainTemplate.o -index-unit-output-path /type.build/Debug/type.build/Objects-normal/x86_64/FountainTextEditor.o -index-store-path /Users/chaalpritam/Library/Developer/Xcode/DerivedData/type-aackdwwuwxayolgleuusgbwkkpsp/Index.noindex/DataStore -index-system-modules

SwiftCompile normal x86_64 /Users/chaalpritam/Blockbase/type/type/Features/Editor/FountainTextEditor.swift (in target 'type' from project 'type')
    cd /Users/chaalpritam/Blockbase/type
    /Applications/Xcode.app/Contents/Developer/Toolchains/XcodeDefault.xctoolchain/usr/bin/swift-frontend -c /Users/chaalpritam/Blockbase/type/type/Core/AppCoordinator.swift /Users/chaalpritam/Blockbase/type/type/Core/ModuleCoordinator.swift /Users/chaalpritam/Blockbase/type/type/Data/CharacterModels.swift /Users/chaalpritam/Blockbase/type/type/Data/OutlineModels.swift /Users/chaalpritam/Blockbase/type/type/Data/SceneModels.swift /Users/chaalpritam/Blockbase/type/type/Data/ScreenplayDocument.swift /Users/chaalpritam/Blockbase/type/type/Data/TimelineModels.swift /Users/chaalpritam/Blockbase/type/type/Features/Characters/CharacterCoordinator.swift /Users/chaalpritam/Blockbase/type/type/Features/Characters/CharacterDatabase.swift /Users/chaalpritam/Blockbase/type/type/Features/Characters/CharacterDetailViews.swift /Users/chaalpritam/Blockbase/type/type/Features/Characters/CharacterDetailViews2.swift /Users/chaalpritam/Blockbase/type/type/Features/Characters/CharacterEditViews.swift /Users/chaalpritam/Blockbase/type/type/Features/Characters/CharacterViews.swift /Users/chaalpritam/Blockbase/type/type/Features/Collaboration/CollaborationCoordinator.swift /Users/chaalpritam/Blockbase/type/type/Features/Collaboration/CollaborationManager.swift /Users/chaalpritam/Blockbase/type/type/Features/Collaboration/CollaborationViews.swift /Users/chaalpritam/Blockbase/type/type/Features/Editor/AdvancedEditorFeatures.swift /Users/chaalpritam/Blockbase/type/type/Features/Editor/AutoCompletionManager.swift /Users/chaalpritam/Blockbase/type/type/Features/Editor/CodeFoldingManager.swift /Users/chaalpritam/Blockbase/type/type/Features/Editor/EditorCoordinator.swift /Users/chaalpritam/Blockbase/type/type/Features/Editor/EnhancedFountainTextEditor.swift -primary-file /Users/chaalpritam/Blockbase/type/type/Features/Editor/FindReplaceView.swift -primary-file /Users/chaalpritam/Blockbase/type/type/Features/Editor/FountainHelpView.swift -primary-file /Users/chaalpritam/Blockbase/type/type/Features/Editor/FountainParser.swift -primary-file /Users/chaalpritam/Blockbase/type/type/Features/Editor/FountainSyntaxHighlighter.swift -primary-file /Users/chaalpritam/Blockbase/type/type/Features/Editor/FountainTemplate.swift -primary-file /Users/chaalpritam/Blockbase/type/type/Features/Editor/FountainTextEditor.swift /Users/chaalpritam/Blockbase/type/type/Features/Editor/MinimapView.swift /Users/chaalpritam/Blockbase/type/type/Features/Editor/MultipleCursorsTextEditor.swift /Users/chaalpritam/Blockbase/type/type/Features/Editor/ScreenplayPreview.swift /Users/chaalpritam/Blockbase/type/type/Features/Editor/SmartFormattingManager.swift /Users/chaalpritam/Blockbase/type/type/Features/Editor/SpellCheckTextEditor.swift /Users/chaalpritam/Blockbase/type/type/Features/Editor/TextHistoryManager.swift /Users/chaalpritam/Blockbase/type/type/Features/File/FileCoordinator.swift /Users/chaalpritam/Blockbase/type/type/Features/Outline/OutlineCoordinator.swift /Users/chaalpritam/Blockbase/type/type/Features/Outline/OutlineDatabase.swift /Users/chaalpritam/Blockbase/type/type/Features/Outline/OutlineDetailViews.swift /Users/chaalpritam/Blockbase/type/type/Features/Outline/OutlineViews.swift /Users/chaalpritam/Blockbase/type/type/Features/Scenes/SceneDatabase.swift /Users/chaalpritam/Blockbase/type/type/Features/Scenes/SceneDetailViews.swift /Users/chaalpritam/Blockbase/type/type/Features/Scenes/SceneViews.swift /Users/chaalpritam/Blockbase/type/type/Features/StoryProtocol/StoryProtocolCoordinator.swift /Users/chaalpritam/Blockbase/type/type/Features/StoryProtocol/StoryProtocolViews.swift /Users/chaalpritam/Blockbase/type/type/Features/Timeline/TimelineDatabase.swift /Users/chaalpritam/Blockbase/type/type/Features/Timeline/TimelineViews.swift /Users/chaalpritam/Blockbase/type/type/Features/Welcome/WelcomeView.swift /Users/chaalpritam/Blockbase/type/type/Services/DocumentService.swift /Users/chaalpritam/Blockbase/type/type/Services/FileManagementService.swift /Users/chaalpritam/Blockbase/type/type/Services/FileManager.swift /Users/chaalpritam/Blockbase/type/type/Services/SettingsService.swift /Users/chaalpritam/Blockbase/type/type/Services/StatisticsService.swift /Users/chaalpritam/Blockbase/type/type/Services/StoryProtocolService.swift /Users/chaalpritam/Blockbase/type/type/Shared/ModalLayout.swift /Users/chaalpritam/Blockbase/type/type/UI/EnhancedAppleComponents.swift /Users/chaalpritam/Blockbase/type/type/UI/ModularAppView.swift /Users/chaalpritam/Blockbase/type/type/UI/TemplateSelectorView.swift /Users/chaalpritam/Blockbase/type/type/UI/TypeStyleAppView.swift /Users/chaalpritam/Blockbase/type/type/UI/TypeStyleComponents.swift /Users/chaalpritam/Blockbase/type/type/UI/TypeStyleTheme.swift /Users/chaalpritam/Blockbase/type/type/Utils/KeyboardShortcutsManager.swift /Users/chaalpritam/Blockbase/type/type/SceneEditViews.swift /Users/chaalpritam/Blockbase/type/type/typeApp.swift /Users/chaalpritam/Library/Developer/Xcode/DerivedData/type-aackdwwuwxayolgleuusgbwkkpsp/Build/Intermediates.noindex/type.build/Debug/type.build/DerivedSources/GeneratedAssetSymbols.swift -supplementary-output-file-map /Users/chaalpritam/Library/Developer/Xcode/DerivedData/type-aackdwwuwxayolgleuusgbwkkpsp/Build/Intermediates.noindex/type.build/Debug/type.build/Objects-normal/x86_64/supplementaryOutputs-4 -emit-localized-strings -emit-localized-strings-path /Users/chaalpritam/Library/Developer/Xcode/DerivedData/type-aackdwwuwxayolgleuusgbwkkpsp/Build/Intermediates.noindex/type.build/Debug/type.build/Objects-normal/x86_64 -target x86_64-apple-macos15.0 -enable-objc-interop -stack-check -sdk /Applications/Xcode.app/Contents/Developer/Platforms/MacOSX.platform/Developer/SDKs/MacOSX15.1.sdk -I /Users/chaalpritam/Library/Developer/Xcode/DerivedData/type-aackdwwuwxayolgleuusgbwkkpsp/Build/Products/Debug -F /Users/chaalpritam/Library/Developer/Xcode/DerivedData/type-aackdwwuwxayolgleuusgbwkkpsp/Build/Products/Debug -no-color-diagnostics -enable-testing -g -debug-info-format\=dwarf -dwarf-version\=5 -module-cache-path /Users/chaalpritam/Library/Developer/Xcode/DerivedData/ModuleCache.noindex -profile-generate -profile-coverage-mapping -swift-version 5 -enforce-exclusivity\=checked -Onone -D DEBUG -serialize-debugging-options -const-gather-protocols-file /Users/chaalpritam/Library/Developer/Xcode/DerivedData/type-aackdwwuwxayolgleuusgbwkkpsp/Build/Intermediates.noindex/type.build/Debug/type.build/Objects-normal/x86_64/type_const_extract_protocols.json -enable-experimental-feature DebugDescriptionMacro -enable-experimental-feature OpaqueTypeErasure -enable-bare-slash-regex -empty-abi-descriptor -validate-clang-modules-once -clang-build-session-file /Users/chaalpritam/Library/Developer/Xcode/DerivedData/ModuleCache.noindex/Session.modulevalidation -Xcc -working-directory -Xcc /Users/chaalpritam/Blockbase/type -resource-dir /Applications/Xcode.app/Contents/Developer/Toolchains/XcodeDefault.xctoolchain/usr/lib/swift -enable-anonymous-context-mangled-names -file-compilation-dir /Users/chaalpritam/Blockbase/type -Xcc -D_LIBCPP_HARDENING_MODE\=_LIBCPP_HARDENING_MODE_DEBUG -Xcc -ivfsstatcache -Xcc /Users/chaalpritam/Library/Developer/Xcode/DerivedData/SDKStatCaches.noindex/macosx15.1-24B75-26c8390a7c93c703a57fb2538426748e.sdkstatcache -Xcc -I/Users/chaalpritam/Library/Developer/Xcode/DerivedData/type-aackdwwuwxayolgleuusgbwkkpsp/Build/Intermediates.noindex/type.build/Debug/type.build/swift-overrides.hmap -Xcc -iquote -Xcc /Users/chaalpritam/Library/Developer/Xcode/DerivedData/type-aackdwwuwxayolgleuusgbwkkpsp/Build/Intermediates.noindex/type.build/Debug/type.build/type-generated-files.hmap -Xcc -I/Users/chaalpritam/Library/Developer/Xcode/DerivedData/type-aackdwwuwxayolgleuusgbwkkpsp/Build/Intermediates.noindex/type.build/Debug/type.build/type-own-target-headers.hmap -Xcc -I/Users/chaalpritam/Library/Developer/Xcode/DerivedData/type-aackdwwuwxayolgleuusgbwkkpsp/Build/Intermediates.noindex/type.build/Debug/type.build/type-all-target-headers.hmap -Xcc -iquote -Xcc /Users/chaalpritam/Library/Developer/Xcode/DerivedData/type-aackdwwuwxayolgleuusgbwkkpsp/Build/Intermediates.noindex/type.build/Debug/type.build/type-project-headers.hmap -Xcc -I/Users/chaalpritam/Library/Developer/Xcode/DerivedData/type-aackdwwuwxayolgleuusgbwkkpsp/Build/Products/Debug/include -Xcc -I/Users/chaalpritam/Library/Developer/Xcode/DerivedData/type-aackdwwuwxayolgleuusgbwkkpsp/Build/Intermediates.noindex/type.build/Debug/type.build/DerivedSources-normal/x86_64 -Xcc -I/Users/chaalpritam/Library/Developer/Xcode/DerivedData/type-aackdwwuwxayolgleuusgbwkkpsp/Build/Intermediates.noindex/type.build/Debug/type.build/DerivedSources/x86_64 -Xcc -I/Users/chaalpritam/Library/Developer/Xcode/DerivedData/type-aackdwwuwxayolgleuusgbwkkpsp/Build/Intermediates.noindex/type.build/Debug/type.build/DerivedSources -Xcc -DDEBUG\=1 -module-name type -frontend-parseable-output -disable-clang-spi -target-sdk-version 15.1 -target-sdk-name macosx15.1 -external-plugin-path /Applications/Xcode.app/Contents/Developer/Platforms/MacOSX.platform/Developer/usr/lib/swift/host/plugins\#/Applications/Xcode.app/Contents/Developer/Platforms/MacOSX.platform/Developer/usr/bin/swift-plugin-server -external-plugin-path /Applications/Xcode.app/Contents/Developer/Platforms/MacOSX.platform/Developer/usr/local/lib/swift/host/plugins\#/Applications/Xcode.app/Contents/Developer/Platforms/MacOSX.platform/Developer/usr/bin/swift-plugin-server -plugin-path /Applications/Xcode.app/Contents/Developer/Toolchains/XcodeDefault.xctoolchain/usr/lib/swift/host/plugins -plugin-path /Applications/Xcode.app/Contents/Developer/Toolchains/XcodeDefault.xctoolchain/usr/local/lib/swift/host/plugins -o /Users/chaalpritam/Library/Developer/Xcode/DerivedData/type-aackdwwuwxayolgleuusgbwkkpsp/Build/Intermediates.noindex/type.build/Debug/type.build/Objects-normal/x86_64/FindReplaceView.o -o /Users/chaalpritam/Library/Developer/Xcode/DerivedData/type-aackdwwuwxayolgleuusgbwkkpsp/Build/Intermediates.noindex/type.build/Debug/type.build/Objects-normal/x86_64/FountainHelpView.o -o /Users/chaalpritam/Library/Developer/Xcode/DerivedData/type-aackdwwuwxayolgleuusgbwkkpsp/Build/Intermediates.noindex/type.build/Debug/type.build/Objects-normal/x86_64/FountainParser.o -o /Users/chaalpritam/Library/Developer/Xcode/DerivedData/type-aackdwwuwxayolgleuusgbwkkpsp/Build/Intermediates.noindex/type.build/Debug/type.build/Objects-normal/x86_64/FountainSyntaxHighlighter.o -o /Users/chaalpritam/Library/Developer/Xcode/DerivedData/type-aackdwwuwxayolgleuusgbwkkpsp/Build/Intermediates.noindex/type.build/Debug/type.build/Objects-normal/x86_64/FountainTemplate.o -o /Users/chaalpritam/Library/Developer/Xcode/DerivedData/type-aackdwwuwxayolgleuusgbwkkpsp/Build/Intermediates.noindex/type.build/Debug/type.build/Objects-normal/x86_64/FountainTextEditor.o -index-unit-output-path /type.build/Debug/type.build/Objects-normal/x86_64/FindReplaceView.o -index-unit-output-path /type.build/Debug/type.build/Objects-normal/x86_64/FountainHelpView.o -index-unit-output-path /type.build/Debug/type.build/Objects-normal/x86_64/FountainParser.o -index-unit-output-path /type.build/Debug/type.build/Objects-normal/x86_64/FountainSyntaxHighlighter.o -index-unit-output-path /type.build/Debug/type.build/Objects-normal/x86_64/FountainTemplate.o -index-unit-output-path /type.build/Debug/type.build/Objects-normal/x86_64/FountainTextEditor.o -index-store-path /Users/chaalpritam/Library/Developer/Xcode/DerivedData/type-aackdwwuwxayolgleuusgbwkkpsp/Index.noindex/DataStore -index-system-modules

** BUILD FAILED **


The following build commands failed:
	SwiftCompile normal x86_64 Compiling\ WelcomeView.swift,\ DocumentService.swift,\ FileManagementService.swift,\ FileManager.swift,\ SettingsService.swift,\ StatisticsService.swift /Users/chaalpritam/Blockbase/type/type/Features/Welcome/WelcomeView.swift /Users/chaalpritam/Blockbase/type/type/Services/DocumentService.swift /Users/chaalpritam/Blockbase/type/type/Services/FileManagementService.swift /Users/chaalpritam/Blockbase/type/type/Services/FileManager.swift /Users/chaalpritam/Blockbase/type/type/Services/SettingsService.swift /Users/chaalpritam/Blockbase/type/type/Services/StatisticsService.swift (in target 'type' from project 'type')
	SwiftCompile normal x86_64 /Users/chaalpritam/Blockbase/type/type/Features/Welcome/WelcomeView.swift (in target 'type' from project 'type')
	Building project type with scheme type
(3 failures)
